#Build: Fabric Compiler 2022.2-SP6.4, Build 146967, Jan 31 01:39 2024
#Install: F:\PDS_2022.2-SP6.4\bin
#Application name: pds_shell.exe
#OS: Windows 10 10.0.19045
#Hostname: DESKTOP-P0E5I2S
Generated by Fabric Compiler (version 2022.2-SP6.4 build 146967) at Wed Apr 29 18:00:13 2026
Compiling verification operator library.
Compiling common defs.
Compiling prim grid devices.
Compiling gate devices.
Compiling gate operators.
Building architecture model.
Loading device packaging model.
Reading design from DB.
Start Generating Programming File...
Reading design from DB takes 3.843750 sec.
Generating architecture configuration.
The bitstream file is "C:/Users/DELL/Desktop/4.28_ROI_V2.1/04_camera_pcie_capture_40pin_fmc/project/generate_bitstream/image_pcie_capture.sbit"
Generate programming file takes 25.546875 sec.
Generating Programming File done.
Action gen_bit_stream: Real time elapsed is 0h:0m:40s
Action gen_bit_stream: CPU time elapsed is 0h:0m:37s
Action gen_bit_stream: Process CPU time elapsed is 0h:0m:37s
Current time: Wed Apr 29 18:00:51 2026
Action gen_bit_stream: Peak memory pool usage is 1,376 MB
