#Build: Fabric Compiler 2022.2-SP6.4, Build 146967, Jan 31 01:39 2024
#Install: F:\PDS_2022.2-SP6.4\bin
#Application name: pds_shell.exe
#OS: Windows 10 10.0.26200
#Hostname: xufei
Generated by Fabric Compiler (version 2022.2-SP6.4 build 146967) at Mon Jul 13 01:40:32 2026
Compiling verification operator library.
Compiling common defs.
Compiling prim grid devices.
Compiling gate devices.
Compiling gate operators.
Building architecture model.
Loading device packaging model.
pnr strategy configuration : 
strategy name : 0
Building architecture floorplan logic view.
Constraint check start.
Executing : def_port {hd_sda} LOC=AA20 VCCIO=3.3 IOSTANDARD=LVCMOS33 DRIVE=4 SLEW=FAST
C: ConstraintEditor-2002: [C:/Users/23694/Desktop/ziguang_project/02_pcie_image_test_1080p_v1/08_HDMI_pcie_capture_40pin_100k/project/device_map/image_pcie_capture.pcf(line number: 3)] | Port hd_sda has been placed at location AA20, whose type is share pin.
Executing : def_port {hd_sda} LOC=AA20 VCCIO=3.3 IOSTANDARD=LVCMOS33 DRIVE=4 SLEW=FAST successfully
Executing : def_port {mem_dq[0]} LOC=P6 VCCIO=1.5 IOSTANDARD=SSTL15_I DRIVE=8.9 SLEW=FAST VREF_MODE=INT VREF_MODE_VALUE=0.5 DDR_TERM_MODE=ON UNUSED=TRUE
Executing : def_port {mem_dq[0]} LOC=P6 VCCIO=1.5 IOSTANDARD=SSTL15_I DRIVE=8.9 SLEW=FAST VREF_MODE=INT VREF_MODE_VALUE=0.5 DDR_TERM_MODE=ON UNUSED=TRUE successfully
Executing : def_port {mem_dq[1]} LOC=M5 VCCIO=1.5 IOSTANDARD=SSTL15_I DRIVE=8.9 SLEW=FAST VREF_MODE=INT VREF_MODE_VALUE=0.5 DDR_TERM_MODE=ON UNUSED=TRUE
Executing : def_port {mem_dq[1]} LOC=M5 VCCIO=1.5 IOSTANDARD=SSTL15_I DRIVE=8.9 SLEW=FAST VREF_MODE=INT VREF_MODE_VALUE=0.5 DDR_TERM_MODE=ON UNUSED=TRUE successfully
Executing : def_port {mem_dq[2]} LOC=M6 VCCIO=1.5 IOSTANDARD=SSTL15_I DRIVE=8.9 SLEW=FAST VREF_MODE=INT VREF_MODE_VALUE=0.5 DDR_TERM_MODE=ON UNUSED=TRUE
Executing : def_port {mem_dq[2]} LOC=M6 VCCIO=1.5 IOSTANDARD=SSTL15_I DRIVE=8.9 SLEW=FAST VREF_MODE=INT VREF_MODE_VALUE=0.5 DDR_TERM_MODE=ON UNUSED=TRUE successfully
Executing : def_port {mem_dq[3]} LOC=N2 VCCIO=1.5 IOSTANDARD=SSTL15_I DRIVE=8.9 SLEW=FAST VREF_MODE=INT VREF_MODE_VALUE=0.5 DDR_TERM_MODE=ON UNUSED=TRUE
Executing : def_port {mem_dq[3]} LOC=N2 VCCIO=1.5 IOSTANDARD=SSTL15_I DRIVE=8.9 SLEW=FAST VREF_MODE=INT VREF_MODE_VALUE=0.5 DDR_TERM_MODE=ON UNUSED=TRUE successfully
Executing : def_port {mem_dq[4]} LOC=P2 VCCIO=1.5 IOSTANDARD=SSTL15_I DRIVE=8.9 SLEW=FAST VREF_MODE=INT VREF_MODE_VALUE=0.5 DDR_TERM_MODE=ON UNUSED=TRUE
Executing : def_port {mem_dq[4]} LOC=P2 VCCIO=1.5 IOSTANDARD=SSTL15_I DRIVE=8.9 SLEW=FAST VREF_MODE=INT VREF_MODE_VALUE=0.5 DDR_TERM_MODE=ON UNUSED=TRUE successfully
Executing : def_port {mem_dq[5]} LOC=P1 VCCIO=1.5 IOSTANDARD=SSTL15_I DRIVE=8.9 SLEW=FAST VREF_MODE=INT VREF_MODE_VALUE=0.5 DDR_TERM_MODE=ON UNUSED=TRUE
Executing : def_port {mem_dq[5]} LOC=P1 VCCIO=1.5 IOSTANDARD=SSTL15_I DRIVE=8.9 SLEW=FAST VREF_MODE=INT VREF_MODE_VALUE=0.5 DDR_TERM_MODE=ON UNUSED=TRUE successfully
Executing : def_port {mem_dq[6]} LOC=R1 VCCIO=1.5 IOSTANDARD=SSTL15_I DRIVE=8.9 SLEW=FAST VREF_MODE=INT VREF_MODE_VALUE=0.5 DDR_TERM_MODE=ON UNUSED=TRUE
Executing : def_port {mem_dq[6]} LOC=R1 VCCIO=1.5 IOSTANDARD=SSTL15_I DRIVE=8.9 SLEW=FAST VREF_MODE=INT VREF_MODE_VALUE=0.5 DDR_TERM_MODE=ON UNUSED=TRUE successfully
Executing : def_port {mem_dq[7]} LOC=N4 VCCIO=1.5 IOSTANDARD=SSTL15_I DRIVE=8.9 SLEW=FAST VREF_MODE=INT VREF_MODE_VALUE=0.5 DDR_TERM_MODE=ON UNUSED=TRUE
Executing : def_port {mem_dq[7]} LOC=N4 VCCIO=1.5 IOSTANDARD=SSTL15_I DRIVE=8.9 SLEW=FAST VREF_MODE=INT VREF_MODE_VALUE=0.5 DDR_TERM_MODE=ON UNUSED=TRUE successfully
Executing : def_port {mem_dq[8]} LOC=J6 VCCIO=1.5 IOSTANDARD=SSTL15_I DRIVE=8.9 SLEW=FAST VREF_MODE=INT VREF_MODE_VALUE=0.5 DDR_TERM_MODE=ON UNUSED=TRUE
Executing : def_port {mem_dq[8]} LOC=J6 VCCIO=1.5 IOSTANDARD=SSTL15_I DRIVE=8.9 SLEW=FAST VREF_MODE=INT VREF_MODE_VALUE=0.5 DDR_TERM_MODE=ON UNUSED=TRUE successfully
Executing : def_port {mem_dq[9]} LOC=K6 VCCIO=1.5 IOSTANDARD=SSTL15_I DRIVE=8.9 SLEW=FAST VREF_MODE=INT VREF_MODE_VALUE=0.5 DDR_TERM_MODE=ON UNUSED=TRUE
Executing : def_port {mem_dq[9]} LOC=K6 VCCIO=1.5 IOSTANDARD=SSTL15_I DRIVE=8.9 SLEW=FAST VREF_MODE=INT VREF_MODE_VALUE=0.5 DDR_TERM_MODE=ON UNUSED=TRUE successfully
Executing : def_port {mem_dq[10]} LOC=M2 VCCIO=1.5 IOSTANDARD=SSTL15_I DRIVE=8.9 SLEW=FAST VREF_MODE=INT VREF_MODE_VALUE=0.5 DDR_TERM_MODE=ON UNUSED=TRUE
Executing : def_port {mem_dq[10]} LOC=M2 VCCIO=1.5 IOSTANDARD=SSTL15_I DRIVE=8.9 SLEW=FAST VREF_MODE=INT VREF_MODE_VALUE=0.5 DDR_TERM_MODE=ON UNUSED=TRUE successfully
Executing : def_port {mem_dq[11]} LOC=M3 VCCIO=1.5 IOSTANDARD=SSTL15_I DRIVE=8.9 SLEW=FAST VREF_MODE=INT VREF_MODE_VALUE=0.5 DDR_TERM_MODE=ON UNUSED=TRUE
Executing : def_port {mem_dq[11]} LOC=M3 VCCIO=1.5 IOSTANDARD=SSTL15_I DRIVE=8.9 SLEW=FAST VREF_MODE=INT VREF_MODE_VALUE=0.5 DDR_TERM_MODE=ON UNUSED=TRUE successfully
Executing : def_port {mem_dq[12]} LOC=K3 VCCIO=1.5 IOSTANDARD=SSTL15_I DRIVE=8.9 SLEW=FAST VREF_MODE=INT VREF_MODE_VALUE=0.5 DDR_TERM_MODE=ON UNUSED=TRUE
Executing : def_port {mem_dq[12]} LOC=K3 VCCIO=1.5 IOSTANDARD=SSTL15_I DRIVE=8.9 SLEW=FAST VREF_MODE=INT VREF_MODE_VALUE=0.5 DDR_TERM_MODE=ON UNUSED=TRUE successfully
Executing : def_port {mem_dq[13]} LOC=L3 VCCIO=1.5 IOSTANDARD=SSTL15_I DRIVE=8.9 SLEW=FAST VREF_MODE=INT VREF_MODE_VALUE=0.5 DDR_TERM_MODE=ON UNUSED=TRUE
Executing : def_port {mem_dq[13]} LOC=L3 VCCIO=1.5 IOSTANDARD=SSTL15_I DRIVE=8.9 SLEW=FAST VREF_MODE=INT VREF_MODE_VALUE=0.5 DDR_TERM_MODE=ON UNUSED=TRUE successfully
Executing : def_port {mem_dq[14]} LOC=J4 VCCIO=1.5 IOSTANDARD=SSTL15_I DRIVE=8.9 SLEW=FAST VREF_MODE=INT VREF_MODE_VALUE=0.5 DDR_TERM_MODE=ON UNUSED=TRUE
Executing : def_port {mem_dq[14]} LOC=J4 VCCIO=1.5 IOSTANDARD=SSTL15_I DRIVE=8.9 SLEW=FAST VREF_MODE=INT VREF_MODE_VALUE=0.5 DDR_TERM_MODE=ON UNUSED=TRUE successfully
Executing : def_port {mem_dq[15]} LOC=K4 VCCIO=1.5 IOSTANDARD=SSTL15_I DRIVE=8.9 SLEW=FAST VREF_MODE=INT VREF_MODE_VALUE=0.5 DDR_TERM_MODE=ON UNUSED=TRUE
Executing : def_port {mem_dq[15]} LOC=K4 VCCIO=1.5 IOSTANDARD=SSTL15_I DRIVE=8.9 SLEW=FAST VREF_MODE=INT VREF_MODE_VALUE=0.5 DDR_TERM_MODE=ON UNUSED=TRUE successfully
Executing : def_port {mem_dqs[0]} LOC=P5 VCCIO=1.5 IOSTANDARD=SSTL15D_I DRIVE=8.9 SLEW=FAST VREF_MODE=INT VREF_MODE_VALUE=0.5 DDR_TERM_MODE=ON DDR_RES=60 CP_DYN_TERM=ON UNUSED=TRUE
Executing : def_port {mem_dqs[0]} LOC=P5 VCCIO=1.5 IOSTANDARD=SSTL15D_I DRIVE=8.9 SLEW=FAST VREF_MODE=INT VREF_MODE_VALUE=0.5 DDR_TERM_MODE=ON DDR_RES=60 CP_DYN_TERM=ON UNUSED=TRUE successfully
Executing : def_port {mem_dqs[1]} LOC=M1 VCCIO=1.5 IOSTANDARD=SSTL15D_I DRIVE=8.9 SLEW=FAST VREF_MODE=INT VREF_MODE_VALUE=0.5 DDR_TERM_MODE=ON DDR_RES=60 CP_DYN_TERM=ON UNUSED=TRUE
Executing : def_port {mem_dqs[1]} LOC=M1 VCCIO=1.5 IOSTANDARD=SSTL15D_I DRIVE=8.9 SLEW=FAST VREF_MODE=INT VREF_MODE_VALUE=0.5 DDR_TERM_MODE=ON DDR_RES=60 CP_DYN_TERM=ON UNUSED=TRUE successfully
Executing : def_port {mem_dqs_n[0]} LOC=P4 VCCIO=1.5 IOSTANDARD=SSTL15D_I DRIVE=8.9 SLEW=FAST VREF_MODE=INT VREF_MODE_VALUE=0.5 DDR_TERM_MODE=ON DDR_RES=60 CP_DYN_TERM=ON UNUSED=TRUE
Executing : def_port {mem_dqs_n[0]} LOC=P4 VCCIO=1.5 IOSTANDARD=SSTL15D_I DRIVE=8.9 SLEW=FAST VREF_MODE=INT VREF_MODE_VALUE=0.5 DDR_TERM_MODE=ON DDR_RES=60 CP_DYN_TERM=ON UNUSED=TRUE successfully
Executing : def_port {mem_dqs_n[1]} LOC=L1 VCCIO=1.5 IOSTANDARD=SSTL15D_I DRIVE=8.9 SLEW=FAST VREF_MODE=INT VREF_MODE_VALUE=0.5 DDR_TERM_MODE=ON DDR_RES=60 CP_DYN_TERM=ON UNUSED=TRUE
Executing : def_port {mem_dqs_n[1]} LOC=L1 VCCIO=1.5 IOSTANDARD=SSTL15D_I DRIVE=8.9 SLEW=FAST VREF_MODE=INT VREF_MODE_VALUE=0.5 DDR_TERM_MODE=ON DDR_RES=60 CP_DYN_TERM=ON UNUSED=TRUE successfully
Executing : def_port {hd_scl} LOC=AA21 VCCIO=3.3 IOSTANDARD=LVCMOS33 DRIVE=4 SLEW=FAST
C: ConstraintEditor-2002: [C:/Users/23694/Desktop/ziguang_project/02_pcie_image_test_1080p_v1/08_HDMI_pcie_capture_40pin_100k/project/device_map/image_pcie_capture.pcf(line number: 24)] | Port hd_scl has been placed at location AA21, whose type is share pin.
Executing : def_port {hd_scl} LOC=AA21 VCCIO=3.3 IOSTANDARD=LVCMOS33 DRIVE=4 SLEW=FAST successfully
Executing : def_port {mem_a[0]} LOC=T1 VCCIO=1.5 IOSTANDARD=SSTL15_I DRIVE=8.9 SLEW=FAST UNUSED=TRUE
Executing : def_port {mem_a[0]} LOC=T1 VCCIO=1.5 IOSTANDARD=SSTL15_I DRIVE=8.9 SLEW=FAST UNUSED=TRUE successfully
Executing : def_port {mem_a[1]} LOC=U1 VCCIO=1.5 IOSTANDARD=SSTL15_I DRIVE=8.9 SLEW=FAST UNUSED=TRUE
Executing : def_port {mem_a[1]} LOC=U1 VCCIO=1.5 IOSTANDARD=SSTL15_I DRIVE=8.9 SLEW=FAST UNUSED=TRUE successfully
Executing : def_port {mem_a[2]} LOC=U2 VCCIO=1.5 IOSTANDARD=SSTL15_I DRIVE=8.9 SLEW=FAST UNUSED=TRUE
Executing : def_port {mem_a[2]} LOC=U2 VCCIO=1.5 IOSTANDARD=SSTL15_I DRIVE=8.9 SLEW=FAST UNUSED=TRUE successfully
Executing : def_port {mem_a[3]} LOC=V2 VCCIO=1.5 IOSTANDARD=SSTL15_I DRIVE=8.9 SLEW=FAST UNUSED=TRUE
Executing : def_port {mem_a[3]} LOC=V2 VCCIO=1.5 IOSTANDARD=SSTL15_I DRIVE=8.9 SLEW=FAST UNUSED=TRUE successfully
Executing : def_port {mem_a[4]} LOC=R3 VCCIO=1.5 IOSTANDARD=SSTL15_I DRIVE=8.9 SLEW=FAST UNUSED=TRUE
Executing : def_port {mem_a[4]} LOC=R3 VCCIO=1.5 IOSTANDARD=SSTL15_I DRIVE=8.9 SLEW=FAST UNUSED=TRUE successfully
Executing : def_port {mem_a[5]} LOC=R2 VCCIO=1.5 IOSTANDARD=SSTL15_I DRIVE=8.9 SLEW=FAST UNUSED=TRUE
Executing : def_port {mem_a[5]} LOC=R2 VCCIO=1.5 IOSTANDARD=SSTL15_I DRIVE=8.9 SLEW=FAST UNUSED=TRUE successfully
Executing : def_port {mem_a[6]} LOC=W2 VCCIO=1.5 IOSTANDARD=SSTL15_I DRIVE=8.9 SLEW=FAST UNUSED=TRUE
Executing : def_port {mem_a[6]} LOC=W2 VCCIO=1.5 IOSTANDARD=SSTL15_I DRIVE=8.9 SLEW=FAST UNUSED=TRUE successfully
Executing : def_port {mem_a[7]} LOC=Y2 VCCIO=1.5 IOSTANDARD=SSTL15_I DRIVE=8.9 SLEW=FAST UNUSED=TRUE
Executing : def_port {mem_a[7]} LOC=Y2 VCCIO=1.5 IOSTANDARD=SSTL15_I DRIVE=8.9 SLEW=FAST UNUSED=TRUE successfully
Executing : def_port {mem_a[8]} LOC=W1 VCCIO=1.5 IOSTANDARD=SSTL15_I DRIVE=8.9 SLEW=FAST UNUSED=TRUE
Executing : def_port {mem_a[8]} LOC=W1 VCCIO=1.5 IOSTANDARD=SSTL15_I DRIVE=8.9 SLEW=FAST UNUSED=TRUE successfully
Executing : def_port {mem_a[9]} LOC=Y1 VCCIO=1.5 IOSTANDARD=SSTL15_I DRIVE=8.9 SLEW=FAST UNUSED=TRUE
Executing : def_port {mem_a[9]} LOC=Y1 VCCIO=1.5 IOSTANDARD=SSTL15_I DRIVE=8.9 SLEW=FAST UNUSED=TRUE successfully
Executing : def_port {mem_a[10]} LOC=U3 VCCIO=1.5 IOSTANDARD=SSTL15_I DRIVE=8.9 SLEW=FAST UNUSED=TRUE
Executing : def_port {mem_a[10]} LOC=U3 VCCIO=1.5 IOSTANDARD=SSTL15_I DRIVE=8.9 SLEW=FAST UNUSED=TRUE successfully
Executing : def_port {mem_a[11]} LOC=AA1 VCCIO=1.5 IOSTANDARD=SSTL15_I DRIVE=8.9 SLEW=FAST UNUSED=TRUE
Executing : def_port {mem_a[11]} LOC=AA1 VCCIO=1.5 IOSTANDARD=SSTL15_I DRIVE=8.9 SLEW=FAST UNUSED=TRUE successfully
Executing : def_port {mem_a[12]} LOC=AB1 VCCIO=1.5 IOSTANDARD=SSTL15_I DRIVE=8.9 SLEW=FAST UNUSED=TRUE
Executing : def_port {mem_a[12]} LOC=AB1 VCCIO=1.5 IOSTANDARD=SSTL15_I DRIVE=8.9 SLEW=FAST UNUSED=TRUE successfully
Executing : def_port {mem_a[13]} LOC=AB3 VCCIO=1.5 IOSTANDARD=SSTL15_I DRIVE=8.9 SLEW=FAST UNUSED=TRUE
Executing : def_port {mem_a[13]} LOC=AB3 VCCIO=1.5 IOSTANDARD=SSTL15_I DRIVE=8.9 SLEW=FAST UNUSED=TRUE successfully
Executing : def_port {mem_a[14]} LOC=AB2 VCCIO=1.5 IOSTANDARD=SSTL15_I DRIVE=8.9 SLEW=FAST UNUSED=TRUE
Executing : def_port {mem_a[14]} LOC=AB2 VCCIO=1.5 IOSTANDARD=SSTL15_I DRIVE=8.9 SLEW=FAST UNUSED=TRUE successfully
Executing : def_port {mem_ba[0]} LOC=AA3 VCCIO=1.5 IOSTANDARD=SSTL15_I DRIVE=8.9 SLEW=FAST UNUSED=TRUE
Executing : def_port {mem_ba[0]} LOC=AA3 VCCIO=1.5 IOSTANDARD=SSTL15_I DRIVE=8.9 SLEW=FAST UNUSED=TRUE successfully
Executing : def_port {mem_ba[1]} LOC=AA5 VCCIO=1.5 IOSTANDARD=SSTL15_I DRIVE=8.9 SLEW=FAST UNUSED=TRUE
Executing : def_port {mem_ba[1]} LOC=AA5 VCCIO=1.5 IOSTANDARD=SSTL15_I DRIVE=8.9 SLEW=FAST UNUSED=TRUE successfully
Executing : def_port {mem_ba[2]} LOC=AB5 VCCIO=1.5 IOSTANDARD=SSTL15_I DRIVE=8.9 SLEW=FAST UNUSED=TRUE
Executing : def_port {mem_ba[2]} LOC=AB5 VCCIO=1.5 IOSTANDARD=SSTL15_I DRIVE=8.9 SLEW=FAST UNUSED=TRUE successfully
Executing : def_port {mem_cas_n} LOC=U6 VCCIO=1.5 IOSTANDARD=SSTL15_I DRIVE=8.9 SLEW=FAST UNUSED=TRUE
Executing : def_port {mem_cas_n} LOC=U6 VCCIO=1.5 IOSTANDARD=SSTL15_I DRIVE=8.9 SLEW=FAST UNUSED=TRUE successfully
Executing : def_port {mem_ck} LOC=Y4 VCCIO=1.5 IOSTANDARD=SSTL15D_I DRIVE=8.9 SLEW=FAST UNUSED=TRUE
Executing : def_port {mem_ck} LOC=Y4 VCCIO=1.5 IOSTANDARD=SSTL15D_I DRIVE=8.9 SLEW=FAST UNUSED=TRUE successfully
Executing : def_port {mem_ck_n} LOC=AA4 VCCIO=1.5 IOSTANDARD=SSTL15D_I DRIVE=8.9 SLEW=FAST UNUSED=TRUE
Executing : def_port {mem_ck_n} LOC=AA4 VCCIO=1.5 IOSTANDARD=SSTL15D_I DRIVE=8.9 SLEW=FAST UNUSED=TRUE successfully
Executing : def_port {mem_cke} LOC=W4 VCCIO=1.5 IOSTANDARD=SSTL15_I DRIVE=8.9 SLEW=FAST UNUSED=TRUE
Executing : def_port {mem_cke} LOC=W4 VCCIO=1.5 IOSTANDARD=SSTL15_I DRIVE=8.9 SLEW=FAST UNUSED=TRUE successfully
Executing : def_port {mem_cs_n} LOC=V5 VCCIO=1.5 IOSTANDARD=SSTL15_I DRIVE=8.9 SLEW=FAST UNUSED=TRUE
Executing : def_port {mem_cs_n} LOC=V5 VCCIO=1.5 IOSTANDARD=SSTL15_I DRIVE=8.9 SLEW=FAST UNUSED=TRUE successfully
Executing : def_port {mem_dm[0]} LOC=N5 VCCIO=1.5 IOSTANDARD=SSTL15_I DRIVE=8.9 SLEW=FAST UNUSED=TRUE
Executing : def_port {mem_dm[0]} LOC=N5 VCCIO=1.5 IOSTANDARD=SSTL15_I DRIVE=8.9 SLEW=FAST UNUSED=TRUE successfully
Executing : def_port {mem_dm[1]} LOC=L5 VCCIO=1.5 IOSTANDARD=SSTL15_I DRIVE=8.9 SLEW=FAST UNUSED=TRUE
Executing : def_port {mem_dm[1]} LOC=L5 VCCIO=1.5 IOSTANDARD=SSTL15_I DRIVE=8.9 SLEW=FAST UNUSED=TRUE successfully
Executing : def_port {mem_odt} LOC=R6 VCCIO=1.5 IOSTANDARD=SSTL15_I DRIVE=8.9 SLEW=FAST UNUSED=TRUE
Executing : def_port {mem_odt} LOC=R6 VCCIO=1.5 IOSTANDARD=SSTL15_I DRIVE=8.9 SLEW=FAST UNUSED=TRUE successfully
Executing : def_port {mem_ras_n} LOC=W5 VCCIO=1.5 IOSTANDARD=SSTL15_I DRIVE=8.9 SLEW=FAST UNUSED=TRUE
Executing : def_port {mem_ras_n} LOC=W5 VCCIO=1.5 IOSTANDARD=SSTL15_I DRIVE=8.9 SLEW=FAST UNUSED=TRUE successfully
Executing : def_port {mem_rst_n} LOC=T3 VCCIO=1.5 IOSTANDARD=SSTL15_I DRIVE=8.9 SLEW=FAST UNUSED=TRUE
Executing : def_port {mem_rst_n} LOC=T3 VCCIO=1.5 IOSTANDARD=SSTL15_I DRIVE=8.9 SLEW=FAST UNUSED=TRUE successfully
Executing : def_port {mem_we_n} LOC=W6 VCCIO=1.5 IOSTANDARD=SSTL15_I DRIVE=8.9 SLEW=FAST UNUSED=TRUE
Executing : def_port {mem_we_n} LOC=W6 VCCIO=1.5 IOSTANDARD=SSTL15_I DRIVE=8.9 SLEW=FAST UNUSED=TRUE successfully
Executing : def_port {b_in[0]} LOC=N14 VCCIO=3.3 IOSTANDARD=LVCMOS33 NONE=TRUE
C: ConstraintEditor-2002: [C:/Users/23694/Desktop/ziguang_project/02_pcie_image_test_1080p_v1/08_HDMI_pcie_capture_40pin_100k/project/device_map/image_pcie_capture.pcf(line number: 54)] | Port b_in[0] has been placed at location N14, whose type is share pin.
Executing : def_port {b_in[0]} LOC=N14 VCCIO=3.3 IOSTANDARD=LVCMOS33 NONE=TRUE successfully
Executing : def_port {b_in[1]} LOC=W20 VCCIO=3.3 IOSTANDARD=LVCMOS33 NONE=TRUE
Executing : def_port {b_in[1]} LOC=W20 VCCIO=3.3 IOSTANDARD=LVCMOS33 NONE=TRUE successfully
Executing : def_port {b_in[2]} LOC=N13 VCCIO=3.3 IOSTANDARD=LVCMOS33 NONE=TRUE
C: ConstraintEditor-2002: [C:/Users/23694/Desktop/ziguang_project/02_pcie_image_test_1080p_v1/08_HDMI_pcie_capture_40pin_100k/project/device_map/image_pcie_capture.pcf(line number: 56)] | Port b_in[2] has been placed at location N13, whose type is share pin.
Executing : def_port {b_in[2]} LOC=N13 VCCIO=3.3 IOSTANDARD=LVCMOS33 NONE=TRUE successfully
Executing : def_port {b_in[3]} LOC=V20 VCCIO=3.3 IOSTANDARD=LVCMOS33 NONE=TRUE
Executing : def_port {b_in[3]} LOC=V20 VCCIO=3.3 IOSTANDARD=LVCMOS33 NONE=TRUE successfully
Executing : def_port {b_in[4]} LOC=R16 VCCIO=3.3 IOSTANDARD=LVCMOS33 NONE=TRUE
C: ConstraintEditor-2002: [C:/Users/23694/Desktop/ziguang_project/02_pcie_image_test_1080p_v1/08_HDMI_pcie_capture_40pin_100k/project/device_map/image_pcie_capture.pcf(line number: 58)] | Port b_in[4] has been placed at location R16, whose type is share pin.
Executing : def_port {b_in[4]} LOC=R16 VCCIO=3.3 IOSTANDARD=LVCMOS33 NONE=TRUE successfully
Executing : def_port {b_in[5]} LOC=U20 VCCIO=3.3 IOSTANDARD=LVCMOS33 NONE=TRUE
Executing : def_port {b_in[5]} LOC=U20 VCCIO=3.3 IOSTANDARD=LVCMOS33 NONE=TRUE successfully
Executing : def_port {b_in[6]} LOC=P15 VCCIO=3.3 IOSTANDARD=LVCMOS33 NONE=TRUE
C: ConstraintEditor-2002: [C:/Users/23694/Desktop/ziguang_project/02_pcie_image_test_1080p_v1/08_HDMI_pcie_capture_40pin_100k/project/device_map/image_pcie_capture.pcf(line number: 60)] | Port b_in[6] has been placed at location P15, whose type is share pin.
Executing : def_port {b_in[6]} LOC=P15 VCCIO=3.3 IOSTANDARD=LVCMOS33 NONE=TRUE successfully
Executing : def_port {b_in[7]} LOC=AB18 VCCIO=3.3 IOSTANDARD=LVCMOS33 UNUSED=TRUE
C: ConstraintEditor-2002: [C:/Users/23694/Desktop/ziguang_project/02_pcie_image_test_1080p_v1/08_HDMI_pcie_capture_40pin_100k/project/device_map/image_pcie_capture.pcf(line number: 61)] | Port b_in[7] has been placed at location AB18, whose type is share pin.
Executing : def_port {b_in[7]} LOC=AB18 VCCIO=3.3 IOSTANDARD=LVCMOS33 UNUSED=TRUE successfully
Executing : def_port {board_rst_n} LOC=M15 VCCIO=1.8 IOSTANDARD=LVCMOS18 UNUSED=TRUE
C: ConstraintEditor-2002: [C:/Users/23694/Desktop/ziguang_project/02_pcie_image_test_1080p_v1/08_HDMI_pcie_capture_40pin_100k/project/device_map/image_pcie_capture.pcf(line number: 62)] | Port board_rst_n has been placed at location M15, whose type is share pin.
Executing : def_port {board_rst_n} LOC=M15 VCCIO=1.8 IOSTANDARD=LVCMOS18 UNUSED=TRUE successfully
Executing : def_port {de_in} LOC=P16 VCCIO=3.3 IOSTANDARD=LVCMOS33 NONE=TRUE
C: ConstraintEditor-2002: [C:/Users/23694/Desktop/ziguang_project/02_pcie_image_test_1080p_v1/08_HDMI_pcie_capture_40pin_100k/project/device_map/image_pcie_capture.pcf(line number: 63)] | Port de_in has been placed at location P16, whose type is share pin.
Executing : def_port {de_in} LOC=P16 VCCIO=3.3 IOSTANDARD=LVCMOS33 NONE=TRUE successfully
Executing : def_port {free_clk} LOC=V4 VCCIO=1.5 IOSTANDARD=LVCMOS15 UNUSED=TRUE
Executing : def_port {free_clk} LOC=V4 VCCIO=1.5 IOSTANDARD=LVCMOS15 UNUSED=TRUE successfully
Executing : def_port {g_in[0]} LOC=P17 VCCIO=3.3 IOSTANDARD=LVCMOS33 NONE=TRUE
C: ConstraintEditor-2002: [C:/Users/23694/Desktop/ziguang_project/02_pcie_image_test_1080p_v1/08_HDMI_pcie_capture_40pin_100k/project/device_map/image_pcie_capture.pcf(line number: 65)] | Port g_in[0] has been placed at location P17, whose type is share pin.
Executing : def_port {g_in[0]} LOC=P17 VCCIO=3.3 IOSTANDARD=LVCMOS33 NONE=TRUE successfully
Executing : def_port {g_in[1]} LOC=AA18 VCCIO=3.3 IOSTANDARD=LVCMOS33 NONE=TRUE
C: ConstraintEditor-2002: [C:/Users/23694/Desktop/ziguang_project/02_pcie_image_test_1080p_v1/08_HDMI_pcie_capture_40pin_100k/project/device_map/image_pcie_capture.pcf(line number: 66)] | Port g_in[1] has been placed at location AA18, whose type is share pin.
Executing : def_port {g_in[1]} LOC=AA18 VCCIO=3.3 IOSTANDARD=LVCMOS33 NONE=TRUE successfully
Executing : def_port {g_in[2]} LOC=N17 VCCIO=3.3 IOSTANDARD=LVCMOS33 NONE=TRUE
Executing : def_port {g_in[2]} LOC=N17 VCCIO=3.3 IOSTANDARD=LVCMOS33 NONE=TRUE successfully
Executing : def_port {g_in[3]} LOC=W17 VCCIO=3.3 IOSTANDARD=LVCMOS33 NONE=TRUE
C: ConstraintEditor-2002: [C:/Users/23694/Desktop/ziguang_project/02_pcie_image_test_1080p_v1/08_HDMI_pcie_capture_40pin_100k/project/device_map/image_pcie_capture.pcf(line number: 68)] | Port g_in[3] has been placed at location W17, whose type is share pin.
Executing : def_port {g_in[3]} LOC=W17 VCCIO=3.3 IOSTANDARD=LVCMOS33 NONE=TRUE successfully
Executing : def_port {g_in[4]} LOC=T18 VCCIO=3.3 IOSTANDARD=LVCMOS33 NONE=TRUE
C: ConstraintEditor-2002: [C:/Users/23694/Desktop/ziguang_project/02_pcie_image_test_1080p_v1/08_HDMI_pcie_capture_40pin_100k/project/device_map/image_pcie_capture.pcf(line number: 69)] | Port g_in[4] has been placed at location T18, whose type is share pin.
Executing : def_port {g_in[4]} LOC=T18 VCCIO=3.3 IOSTANDARD=LVCMOS33 NONE=TRUE successfully
Executing : def_port {g_in[5]} LOC=V17 VCCIO=3.3 IOSTANDARD=LVCMOS33 NONE=TRUE
C: ConstraintEditor-2002: [C:/Users/23694/Desktop/ziguang_project/02_pcie_image_test_1080p_v1/08_HDMI_pcie_capture_40pin_100k/project/device_map/image_pcie_capture.pcf(line number: 70)] | Port g_in[5] has been placed at location V17, whose type is share pin.
Executing : def_port {g_in[5]} LOC=V17 VCCIO=3.3 IOSTANDARD=LVCMOS33 NONE=TRUE successfully
Executing : def_port {g_in[6]} LOC=R18 VCCIO=3.3 IOSTANDARD=LVCMOS33 NONE=TRUE
C: ConstraintEditor-2002: [C:/Users/23694/Desktop/ziguang_project/02_pcie_image_test_1080p_v1/08_HDMI_pcie_capture_40pin_100k/project/device_map/image_pcie_capture.pcf(line number: 71)] | Port g_in[6] has been placed at location R18, whose type is share pin.
Executing : def_port {g_in[6]} LOC=R18 VCCIO=3.3 IOSTANDARD=LVCMOS33 NONE=TRUE successfully
Executing : def_port {g_in[7]} LOC=AB20 VCCIO=3.3 IOSTANDARD=LVCMOS33 NONE=TRUE
C: ConstraintEditor-2002: [C:/Users/23694/Desktop/ziguang_project/02_pcie_image_test_1080p_v1/08_HDMI_pcie_capture_40pin_100k/project/device_map/image_pcie_capture.pcf(line number: 72)] | Port g_in[7] has been placed at location AB20, whose type is share pin.
Executing : def_port {g_in[7]} LOC=AB20 VCCIO=3.3 IOSTANDARD=LVCMOS33 NONE=TRUE successfully
Executing : def_port {hs_in} LOC=U17 VCCIO=3.3 IOSTANDARD=LVCMOS33 NONE=TRUE
C: ConstraintEditor-2002: [C:/Users/23694/Desktop/ziguang_project/02_pcie_image_test_1080p_v1/08_HDMI_pcie_capture_40pin_100k/project/device_map/image_pcie_capture.pcf(line number: 73)] | Port hs_in has been placed at location U17, whose type is share pin.
Executing : def_port {hs_in} LOC=U17 VCCIO=3.3 IOSTANDARD=LVCMOS33 NONE=TRUE successfully
Executing : def_port {perst_n} LOC=M16 VCCIO=1.8 IOSTANDARD=LVCMOS18 NONE=TRUE
C: ConstraintEditor-2002: [C:/Users/23694/Desktop/ziguang_project/02_pcie_image_test_1080p_v1/08_HDMI_pcie_capture_40pin_100k/project/device_map/image_pcie_capture.pcf(line number: 74)] | Port perst_n has been placed at location M16, whose type is share pin.
Executing : def_port {perst_n} LOC=M16 VCCIO=1.8 IOSTANDARD=LVCMOS18 NONE=TRUE successfully
Executing : def_port {pixclk_in} LOC=W19 VCCIO=3.3 IOSTANDARD=LVCMOS33 NONE=TRUE
Executing : def_port {pixclk_in} LOC=W19 VCCIO=3.3 IOSTANDARD=LVCMOS33 NONE=TRUE successfully
Executing : def_port {r_in[0]} LOC=V19 VCCIO=3.3 IOSTANDARD=LVCMOS33 NONE=TRUE
Executing : def_port {r_in[0]} LOC=V19 VCCIO=3.3 IOSTANDARD=LVCMOS33 NONE=TRUE successfully
Executing : def_port {r_in[1]} LOC=AA19 VCCIO=3.3 IOSTANDARD=LVCMOS33 NONE=TRUE
C: ConstraintEditor-2002: [C:/Users/23694/Desktop/ziguang_project/02_pcie_image_test_1080p_v1/08_HDMI_pcie_capture_40pin_100k/project/device_map/image_pcie_capture.pcf(line number: 77)] | Port r_in[1] has been placed at location AA19, whose type is share pin.
Executing : def_port {r_in[1]} LOC=AA19 VCCIO=3.3 IOSTANDARD=LVCMOS33 NONE=TRUE successfully
Executing : def_port {r_in[2]} LOC=V18 VCCIO=3.3 IOSTANDARD=LVCMOS33 NONE=TRUE
Executing : def_port {r_in[2]} LOC=V18 VCCIO=3.3 IOSTANDARD=LVCMOS33 NONE=TRUE successfully
Executing : def_port {r_in[3]} LOC=N15 VCCIO=3.3 IOSTANDARD=LVCMOS33 NONE=TRUE
Executing : def_port {r_in[3]} LOC=N15 VCCIO=3.3 IOSTANDARD=LVCMOS33 NONE=TRUE successfully
Executing : def_port {r_in[4]} LOC=Y19 VCCIO=3.3 IOSTANDARD=LVCMOS33 NONE=TRUE
Executing : def_port {r_in[4]} LOC=Y19 VCCIO=3.3 IOSTANDARD=LVCMOS33 NONE=TRUE successfully
Executing : def_port {r_in[5]} LOC=AB22 VCCIO=3.3 IOSTANDARD=LVCMOS33 NONE=TRUE
C: ConstraintEditor-2002: [C:/Users/23694/Desktop/ziguang_project/02_pcie_image_test_1080p_v1/08_HDMI_pcie_capture_40pin_100k/project/device_map/image_pcie_capture.pcf(line number: 81)] | Port r_in[5] has been placed at location AB22, whose type is share pin.
Executing : def_port {r_in[5]} LOC=AB22 VCCIO=3.3 IOSTANDARD=LVCMOS33 NONE=TRUE successfully
Executing : def_port {r_in[6]} LOC=Y18 VCCIO=3.3 IOSTANDARD=LVCMOS33 NONE=TRUE
Executing : def_port {r_in[6]} LOC=Y18 VCCIO=3.3 IOSTANDARD=LVCMOS33 NONE=TRUE successfully
Executing : def_port {r_in[7]} LOC=AB21 VCCIO=3.3 IOSTANDARD=LVCMOS33 NONE=TRUE
C: ConstraintEditor-2002: [C:/Users/23694/Desktop/ziguang_project/02_pcie_image_test_1080p_v1/08_HDMI_pcie_capture_40pin_100k/project/device_map/image_pcie_capture.pcf(line number: 83)] | Port r_in[7] has been placed at location AB21, whose type is share pin.
Executing : def_port {r_in[7]} LOC=AB21 VCCIO=3.3 IOSTANDARD=LVCMOS33 NONE=TRUE successfully
Executing : def_port {ref_clk_n} LOC=E6
Executing : def_port {ref_clk_n} LOC=E6 successfully
Executing : def_port {ref_clk_p} LOC=F6
Executing : def_port {ref_clk_p} LOC=F6 successfully
Executing : def_port {vs_in} LOC=R17 VCCIO=3.3 IOSTANDARD=LVCMOS33 NONE=TRUE
C: ConstraintEditor-2002: [C:/Users/23694/Desktop/ziguang_project/02_pcie_image_test_1080p_v1/08_HDMI_pcie_capture_40pin_100k/project/device_map/image_pcie_capture.pcf(line number: 86)] | Port vs_in has been placed at location R17, whose type is share pin.
Executing : def_port {vs_in} LOC=R17 VCCIO=3.3 IOSTANDARD=LVCMOS33 NONE=TRUE successfully
Executing : def_inst_site {I_ips_ddr_top/u_ddrphy_top/ddrphy_reset_ctrl/ddrphy_ioclk_gate[0]/opit_0_inv} CLMA_357_354 FF3
Executing : def_inst_site {I_ips_ddr_top/u_ddrphy_top/ddrphy_reset_ctrl/ddrphy_ioclk_gate[0]/opit_0_inv} CLMA_357_354 FF3 successfully
Executing : def_inst_site {I_ips_ddr_top/u_ddrphy_top/ddrphy_reset_ctrl/ddrphy_ioclk_gate[1]/opit_0_inv} CLMA_357_660 FF3
Executing : def_inst_site {I_ips_ddr_top/u_ddrphy_top/ddrphy_reset_ctrl/ddrphy_ioclk_gate[1]/opit_0_inv} CLMA_357_660 FF3 successfully
Executing : def_inst_site {I_ips_ddr_top/u_ddrphy_top/u_ddrphy_cpd/cpd_inst} DDRPHY_CPD_369_466
Executing : def_inst_site {I_ips_ddr_top/u_ddrphy_top/u_ddrphy_cpd/cpd_inst} DDRPHY_CPD_369_466 successfully
Executing : def_inst_site {u_ips2l_pcie_wrap/U_IPS2L_PCIE_TOP/U_IPS2L_HSSTLP_PCIE_SOFT_PHY/x2.GTP_HSST_2LANE_TOP/U_GTP_HSSTLP_WRAPPER/CHANNEL0_ENABLE.U_GTP_HSSTLP_LANE0/gophsst} HSSTLP_364_918 U0_HSSTLP_LANE
Executing : def_inst_site {u_ips2l_pcie_wrap/U_IPS2L_PCIE_TOP/U_IPS2L_HSSTLP_PCIE_SOFT_PHY/x2.GTP_HSST_2LANE_TOP/U_GTP_HSSTLP_WRAPPER/CHANNEL0_ENABLE.U_GTP_HSSTLP_LANE0/gophsst} HSSTLP_364_918 U0_HSSTLP_LANE successfully
Executing : def_inst_site {u_ips2l_pcie_wrap/U_IPS2L_PCIE_TOP/U_IPS2L_HSSTLP_PCIE_SOFT_PHY/x2.GTP_HSST_2LANE_TOP/U_GTP_HSSTLP_WRAPPER/CHANNEL1_ENABLE.U_GTP_HSSTLP_LANE1/gophsst} HSSTLP_364_918 U1_HSSTLP_LANE
Executing : def_inst_site {u_ips2l_pcie_wrap/U_IPS2L_PCIE_TOP/U_IPS2L_HSSTLP_PCIE_SOFT_PHY/x2.GTP_HSST_2LANE_TOP/U_GTP_HSSTLP_WRAPPER/CHANNEL1_ENABLE.U_GTP_HSSTLP_LANE1/gophsst} HSSTLP_364_918 U1_HSSTLP_LANE successfully
Executing : def_inst_site {u_ips2l_pcie_wrap/U_IPS2L_PCIE_TOP/U_IPS2L_HSSTLP_PCIE_SOFT_PHY/x2.GTP_HSST_2LANE_TOP/U_GTP_HSSTLP_WRAPPER/PLL0_ENABLE.U_GTP_HSSTLP_PLL0/gophsst} HSSTLP_364_918 U0_HSSTLP_PLL
Executing : def_inst_site {u_ips2l_pcie_wrap/U_IPS2L_PCIE_TOP/U_IPS2L_HSSTLP_PCIE_SOFT_PHY/x2.GTP_HSST_2LANE_TOP/U_GTP_HSSTLP_WRAPPER/PLL0_ENABLE.U_GTP_HSSTLP_PLL0/gophsst} HSSTLP_364_918 U0_HSSTLP_PLL successfully
W: ConstraintEditor-4019: Port Bus 'cmos1_data' unspecified I/O constraint.
W: ConstraintEditor-4019: Port Bus 'cmos2_data' unspecified I/O constraint.
W: ConstraintEditor-4019: Port Bus 'cmos_init_done' unspecified I/O constraint.
W: ConstraintEditor-4019: Port Bus 'rxn' unspecified I/O constraint.
W: ConstraintEditor-4019: Port Bus 'rxp' unspecified I/O constraint.
W: ConstraintEditor-4019: Port Bus 'txn' unspecified I/O constraint.
W: ConstraintEditor-4019: Port Bus 'txp' unspecified I/O constraint.
W: ConstraintEditor-4019: Port 'cmos1_href' unspecified I/O constraint.
W: ConstraintEditor-4019: Port 'cmos1_pclk' unspecified I/O constraint.
W: ConstraintEditor-4019: Port 'cmos1_reset' unspecified I/O constraint.
W: ConstraintEditor-4019: Port 'cmos1_scl' unspecified I/O constraint.
W: ConstraintEditor-4019: Port 'cmos1_sda' unspecified I/O constraint.
W: ConstraintEditor-4019: Port 'cmos1_vsync' unspecified I/O constraint.
W: ConstraintEditor-4019: Port 'cmos2_href' unspecified I/O constraint.
W: ConstraintEditor-4019: Port 'cmos2_pclk' unspecified I/O constraint.
W: ConstraintEditor-4019: Port 'cmos2_reset' unspecified I/O constraint.
W: ConstraintEditor-4019: Port 'cmos2_scl' unspecified I/O constraint.
W: ConstraintEditor-4019: Port 'cmos2_sda' unspecified I/O constraint.
W: ConstraintEditor-4019: Port 'cmos2_vsync' unspecified I/O constraint.
W: ConstraintEditor-4019: Port 'heart_beat_led' unspecified I/O constraint.
W: ConstraintEditor-4019: Port 'pclk_led' unspecified I/O constraint.
W: ConstraintEditor-4019: Port 'ref_led' unspecified I/O constraint.
W: ConstraintEditor-4019: Port 'rx_rst_n' unspecified I/O constraint.
Constraint check end.
I: Column Clock Check open.
Read Column Clock Map.

Placement started.
Phase 1 Pre global placement started.
Mapping instance GRS_INST/grs_ccs to CCS_87_316.
Mapping instance u_CORES/u_GTP_SCANCHAIN_PG/scanchain to SCANCHAIN_88_312.
Mapping instance u_ips2l_pcie_wrap/U_IPS2L_PCIE_TOP/U_IPS2L_PCIE_HARD_CTRL/u_gtp_pcie/gateop to PCIE_315_918.
Mapping instance I_ips_ddr_top/u_ddrphy_top/ddrphy_gpll/u_gpll/gpll_inst to GPLL_367_463.
Mapping instance I_ips_ddr_top/u_ddrphy_top/ddrphy_slice_top/i_dqs_bank[0].u_ddrphy_ioclkdiv/ddrphy_ioclk_div_inst to DDRPHY_IOCLK_DIV_368_310.
Mapping instance I_ips_ddr_top/u_ddrphy_top/ddrphy_slice_top/i_dqs_bank[0].ddrphy_ppll/u_ppll/ppll_inst to PPLL_367_307.
Mapping instance I_ips_ddr_top/u_ddrphy_top/ddrphy_slice_top/i_ca_group[0].u_ddc_ca/ddc_inst to DDR_PHY_369_465.
Mapping instance I_ips_ddr_top/u_ddrphy_top/ddrphy_slice_top/i_ca_group[1].u_ddc_ca/ddc_inst to DDR_PHY_369_463.
Mapping instance I_ips_ddr_top/u_ddrphy_top/ddrphy_slice_top/i_ca_group[2].u_ddc_ca/ddc_inst to DDR_PHY_369_309.
Mapping instance I_ips_ddr_top/u_ddrphy_top/ddrphy_slice_top/i_dqs_bank[1].u_ddrphy_ioclkdiv/ddrphy_ioclk_div_inst to DDRPHY_IOCLK_DIV_368_616.
Mapping instance I_ips_ddr_top/u_ddrphy_top/ddrphy_slice_top/i_dqs_bank[1].ddrphy_ppll/u_ppll/ppll_inst to PPLL_367_613.
Mapping instance I_ips_ddr_top/u_ddrphy_top/ddrphy_slice_top/i_dqs_group[0].ddrphy_data_slice/u_ddc_dq/ddc_inst_PHY to DDR_PHY_369_613.
Mapping instance I_ips_ddr_top/u_ddrphy_top/ddrphy_slice_top/i_dqs_group[1].ddrphy_data_slice/u_ddc_dq/ddc_inst_PHY to DDR_PHY_369_615.
Phase 1.1 1st GP placement started.
Design Utilization : 12%.
First map gop timing takes 1.62 sec
Worst slack after clock region global placement is -2834
Wirelength after clock region global placement is 259277 and checksum is CE1019B2BB37FB3F.
1st GP placement takes 6.81 sec.

Phase 1.2 Clock placement started.
Mapping instance I_ips_ddr_top/u_ddrphy_top/ddrphy_slice_top/i_dqs_bank[0].u_clkbufr/goprclk to RCKB_363_456.
Mapping instance I_ips_ddr_top/u_ddrphy_top/ddrphy_slice_top/i_dqs_bank[1].u_clkbufr/goprclk to RCKB_363_762.
Mapping instance I_ips_ddr_top/u_ddrphy_top/u_clkbufm/clkbufm_inst to MRCKB_361_456.
Mapping instance clkbufg_3/gopclkbufg to USCM_215_624.
Mapping instance I_ips_ddr_top/u_ddrphy_top/u_sysclk_bufg/gopclkbufg to USCM_215_576.
Mapping instance clkbufg_4/gopclkbufg to USCM_215_579.
Mapping instance u_ips2l_pcie_wrap/U_IPS2L_PCIE_TOP/U_IPS2L_HSSTLP_PCIE_SOFT_PHY/u_clkbufg/gopclkbufg to USCM_215_627.
Mapping instance clkbufg_6/gopclkbufg to USCM_215_630.
Mapping instance pll_inst/u_gpll/gpll_inst to GPLL_7_463.
Mapping instance clkbufg_7/gopclkbufg to USCM_215_582.
Mapping instance clkbufg_8/gopclkbufg to USCM_215_585.
Mapping instance I_ips_ddr_top/u_ddrphy_top/rst_clk_gpll/u_gpll/gpll_inst to GPLL_7_157.
Mapping instance I_ips_ddr_top/u_ddrphy_top/u_rst_clk_bufg/gopclkbufg to USCM_215_588.
C: Place-2028: GLOBAL_CLOCK: the driver u_CORES/u_GTP_SCANCHAIN_PG/scanchain fixed at SCANCHAIN_88_312 is unreasonable. Sub-optimal placement for a clock source and a clock buffer.
Mapping instance clkbufg_5/gopclkbufg to USCM_215_591.
Clock placement takes 0.22 sec.

Wirelength after Pre Global Placement is 259277 and checksum is CE1019B2BB37FB3F.
Pre global placement takes 7.59 sec.

Phase 2 Global placement started.
Phase 2.1 Fixed placement started.
Placed fixed group with base inst I_ips_ddr_top/u_ddrphy_top/ddrphy_slice_top/i_dqs_group[0].ddrphy_data_slice/dq_loop[0].u_iobuf_dq/opit_1 on IOLHR_364_624.
Placed fixed group with base inst I_ips_ddr_top/u_ddrphy_top/ddrphy_slice_top/i_dqs_group[0].ddrphy_data_slice/dq_loop[1].u_iobuf_dq/opit_1 on IOLHR_364_630.
Placed fixed group with base inst I_ips_ddr_top/u_ddrphy_top/ddrphy_slice_top/i_dqs_group[0].ddrphy_data_slice/dq_loop[2].u_iobuf_dq/opit_1 on IOLHR_364_636.
Placed fixed group with base inst I_ips_ddr_top/u_ddrphy_top/ddrphy_slice_top/i_dqs_group[0].ddrphy_data_slice/dq_loop[3].u_iobuf_dq/opit_1 on IOLHR_364_642.
Placed fixed group with base inst I_ips_ddr_top/u_ddrphy_top/ddrphy_slice_top/i_dqs_group[0].ddrphy_data_slice/dq_loop[4].u_iobuf_dq/opit_1 on IOLHR_364_648.
Placed fixed group with base inst I_ips_ddr_top/u_ddrphy_top/ddrphy_slice_top/i_dqs_group[0].ddrphy_data_slice/dq_loop[5].u_iobuf_dq/opit_1 on IOLHR_364_666.
Placed fixed group with base inst I_ips_ddr_top/u_ddrphy_top/ddrphy_slice_top/i_dqs_group[0].ddrphy_data_slice/dq_loop[6].u_iobuf_dq/opit_1 on IOLHR_364_672.
Placed fixed group with base inst I_ips_ddr_top/u_ddrphy_top/ddrphy_slice_top/i_dqs_group[0].ddrphy_data_slice/dq_loop[7].u_iobuf_dq/opit_1 on IOLHR_364_684.
Placed fixed group with base inst I_ips_ddr_top/u_ddrphy_top/ddrphy_slice_top/i_dqs_group[0].ddrphy_data_slice/genblk1.u_iobufco_dqs/opit_2 on IOLHR_364_660.
Placed fixed group with base inst I_ips_ddr_top/u_ddrphy_top/ddrphy_slice_top/i_dqs_group[0].ddrphy_data_slice/u_outbuft_dm/opit_1 on IOLHR_364_618.
Placed fixed group with base inst I_ips_ddr_top/u_ddrphy_top/ddrphy_slice_top/i_dqs_group[1].ddrphy_data_slice/dq_loop[0].u_iobuf_dq/opit_1 on IOLHR_364_702.
Placed fixed group with base inst I_ips_ddr_top/u_ddrphy_top/ddrphy_slice_top/i_dqs_group[1].ddrphy_data_slice/dq_loop[1].u_iobuf_dq/opit_1 on IOLHR_364_708.
Placed fixed group with base inst I_ips_ddr_top/u_ddrphy_top/ddrphy_slice_top/i_dqs_group[1].ddrphy_data_slice/dq_loop[2].u_iobuf_dq/opit_1 on IOLHR_364_714.
Placed fixed group with base inst I_ips_ddr_top/u_ddrphy_top/ddrphy_slice_top/i_dqs_group[1].ddrphy_data_slice/dq_loop[3].u_iobuf_dq/opit_1 on IOLHR_364_720.
Placed fixed group with base inst I_ips_ddr_top/u_ddrphy_top/ddrphy_slice_top/i_dqs_group[1].ddrphy_data_slice/dq_loop[4].u_iobuf_dq/opit_1 on IOLHR_364_738.
Placed fixed group with base inst I_ips_ddr_top/u_ddrphy_top/ddrphy_slice_top/i_dqs_group[1].ddrphy_data_slice/dq_loop[5].u_iobuf_dq/opit_1 on IOLHR_364_744.
Placed fixed group with base inst I_ips_ddr_top/u_ddrphy_top/ddrphy_slice_top/i_dqs_group[1].ddrphy_data_slice/dq_loop[6].u_iobuf_dq/opit_1 on IOLHR_364_750.
Placed fixed group with base inst I_ips_ddr_top/u_ddrphy_top/ddrphy_slice_top/i_dqs_group[1].ddrphy_data_slice/dq_loop[7].u_iobuf_dq/opit_1 on IOLHR_364_756.
Placed fixed group with base inst I_ips_ddr_top/u_ddrphy_top/ddrphy_slice_top/i_dqs_group[1].ddrphy_data_slice/genblk1.u_iobufco_dqs/opit_2 on IOLHR_364_732.
Placed fixed group with base inst I_ips_ddr_top/u_ddrphy_top/ddrphy_slice_top/i_dqs_group[1].ddrphy_data_slice/u_outbuft_dm/opit_1 on IOLHR_364_696.
Placed fixed group with base inst I_ips_ddr_top/u_ddrphy_top/ddrphy_slice_top/i_mem_addr_0[0].u_outbuft_addr0/opit_1 on IOLHR_364_600.
Placed fixed group with base inst I_ips_ddr_top/u_ddrphy_top/ddrphy_slice_top/i_mem_addr_0[1].u_outbuft_addr0/opit_1 on IOLHR_364_594.
Placed fixed group with base inst I_ips_ddr_top/u_ddrphy_top/ddrphy_slice_top/i_mem_addr_0[2].u_outbuft_addr0/opit_1 on IOLHR_364_588.
Placed fixed group with base inst I_ips_ddr_top/u_ddrphy_top/ddrphy_slice_top/i_mem_addr_0[3].u_outbuft_addr0/opit_1 on IOLHR_364_582.
Placed fixed group with base inst I_ips_ddr_top/u_ddrphy_top/ddrphy_slice_top/i_mem_addr_0[4].u_outbuft_addr0/opit_1 on IOLHR_364_576.
Placed fixed group with base inst I_ips_ddr_top/u_ddrphy_top/ddrphy_slice_top/i_mem_addr_0[5].u_outbuft_addr0/opit_1 on IOLHR_364_570.
Placed fixed group with base inst I_ips_ddr_top/u_ddrphy_top/ddrphy_slice_top/i_mem_addr_0[6].u_outbuft_addr0/opit_1 on IOLHR_364_564.
Placed fixed group with base inst I_ips_ddr_top/u_ddrphy_top/ddrphy_slice_top/i_mem_addr_0[7].u_outbuft_addr0/opit_1 on IOLHR_364_558.
Placed fixed group with base inst I_ips_ddr_top/u_ddrphy_top/ddrphy_slice_top/i_mem_addr_0[8].u_outbuft_addr0/opit_1 on IOLHR_364_552.
Placed fixed group with base inst I_ips_ddr_top/u_ddrphy_top/ddrphy_slice_top/i_mem_addr_0[9].u_outbuft_addr0/opit_1 on IOLHR_364_546.
Placed fixed group with base inst I_ips_ddr_top/u_ddrphy_top/ddrphy_slice_top/i_mem_addr_0[10].u_outbuft_addr0/opit_1 on IOLHR_364_540.
Placed fixed group with base inst I_ips_ddr_top/u_ddrphy_top/ddrphy_slice_top/i_mem_addr_0[11].u_outbuft_addr0/opit_1 on IOLHR_364_528.
Placed fixed group with base inst I_ips_ddr_top/u_ddrphy_top/ddrphy_slice_top/i_mem_addr_0[12].u_outbuft_addr0/opit_1 on IOLHR_364_522.
Placed fixed group with base inst I_ips_ddr_top/u_ddrphy_top/ddrphy_slice_top/i_mem_addr_0[13].u_outbuft_addr0/opit_1 on IOLHR_364_516.
Placed fixed group with base inst I_ips_ddr_top/u_ddrphy_top/ddrphy_slice_top/i_mem_addr_0[14].u_outbuft_addr0/opit_1 on IOLHR_364_510.
Placed fixed group with base inst I_ips_ddr_top/u_ddrphy_top/ddrphy_slice_top/k_mem_ba[0].u_outbuft_ba/opit_1 on IOLHR_364_498.
Placed fixed group with base inst I_ips_ddr_top/u_ddrphy_top/ddrphy_slice_top/k_mem_ba[1].u_outbuft_ba/opit_1 on IOLHR_364_492.
Placed fixed group with base inst I_ips_ddr_top/u_ddrphy_top/ddrphy_slice_top/k_mem_ba[2].u_outbuft_ba/opit_1 on IOLHR_364_486.
Placed fixed group with base inst I_ips_ddr_top/u_ddrphy_top/ddrphy_slice_top/u_outbuft_casn/opit_1 on IOLHR_364_414.
Placed fixed group with base inst I_ips_ddr_top/u_ddrphy_top/ddrphy_slice_top/u_outbuft_cke/opit_1 on IOLHR_364_462.
Placed fixed group with base inst I_ips_ddr_top/u_ddrphy_top/ddrphy_slice_top/u_outbuft_csn/opit_1 on IOLHR_364_408.
Placed fixed group with base inst I_ips_ddr_top/u_ddrphy_top/ddrphy_slice_top/u_outbuft_odt/opit_1 on IOLHR_364_402.
Placed fixed group with base inst I_ips_ddr_top/u_ddrphy_top/ddrphy_slice_top/u_outbuft_rasn/opit_1 on IOLHR_364_420.
Placed fixed group with base inst I_ips_ddr_top/u_ddrphy_top/ddrphy_slice_top/u_outbuft_wen/opit_1 on IOLHR_364_426.
Placed fixed group with base inst I_ips_ddr_top/u_ddrphy_top/ddrphy_slice_top/u_outbuftco_ck/opit_3 on IOLHR_364_480.
Placed fixed group with base inst b_in_ibuf[0]/opit_1 on IOLHR_16_324.
Placed fixed group with base inst b_in_ibuf[1]/opit_1 on IOLHR_16_462.
Placed fixed group with base inst b_in_ibuf[2]/opit_1 on IOLHR_16_330.
Placed fixed group with base inst b_in_ibuf[3]/opit_1 on IOLHR_16_474.
Placed fixed group with base inst b_in_ibuf[4]/opit_1 on IOLHR_16_336.
Placed fixed group with base inst b_in_ibuf[5]/opit_1 on IOLHR_16_480.
Placed fixed group with base inst b_in_ibuf[6]/opit_1 on IOLHR_16_342.
Placed fixed group with base inst b_in_ibuf[7]/opit_1 on IOLHR_16_396.
Placed fixed group with base inst board_rst_n_ibuf/opit_1 on IOLHR_16_624.
Placed fixed group with base inst de_in_ibuf/opit_1 on IOLHR_16_318.
Placed fixed group with base inst free_clk_ibuf/opit_1 on IOLHR_364_468.
Placed fixed group with base inst g_in_ibuf[0]/opit_1 on IOLHR_16_348.
Placed fixed group with base inst g_in_ibuf[1]/opit_1 on IOLHR_16_402.
Placed fixed group with base inst g_in_ibuf[2]/opit_1 on IOLHR_16_354.
Placed fixed group with base inst g_in_ibuf[3]/opit_1 on IOLHR_16_408.
Placed fixed group with base inst g_in_ibuf[4]/opit_1 on IOLHR_16_360.
Placed fixed group with base inst g_in_ibuf[5]/opit_1 on IOLHR_16_414.
Placed fixed group with base inst g_in_ibuf[6]/opit_1 on IOLHR_16_366.
Placed fixed group with base inst g_in_ibuf[7]/opit_1 on IOLHR_16_420.
Placed fixed group with base inst hd_scl_obuf/opit_1 on IOLHR_16_510.
Placed fixed group with base inst hs_in_ibuf/opit_1 on IOLHR_16_390.
Placed fixed group with base inst mem_rst_n_obuf/opit_1 on IOLHR_364_606.
Placed fixed group with base inst ms72xx_ctl.iic_sda_tri/opit_1 on IOLHR_16_516.
Placed fixed group with base inst perst_n_ibuf/opit_1 on IOLHR_16_618.
Placed fixed group with base inst pixclk_in_ibuf/opit_1 on IOLHR_16_468.
Placed fixed group with base inst r_in_ibuf[0]/opit_1 on IOLHR_16_432.
Placed fixed group with base inst r_in_ibuf[1]/opit_1 on IOLHR_16_426.
Placed fixed group with base inst r_in_ibuf[2]/opit_1 on IOLHR_16_438.
Placed fixed group with base inst r_in_ibuf[3]/opit_1 on IOLHR_16_306.
Placed fixed group with base inst r_in_ibuf[4]/opit_1 on IOLHR_16_444.
Placed fixed group with base inst r_in_ibuf[5]/opit_1 on IOLHR_16_486.
Placed fixed group with base inst r_in_ibuf[6]/opit_1 on IOLHR_16_450.
Placed fixed group with base inst r_in_ibuf[7]/opit_1 on IOLHR_16_492.
Placed fixed group with base inst u_ips2l_pcie_wrap/U_IPS2L_PCIE_TOP/U_IPS2L_HSSTLP_PCIE_SOFT_PHY/x2.GTP_HSST_2LANE_TOP/U_GTP_HSSTLP_WRAPPER/CHANNEL0_ENABLE.U_GTP_HSSTLP_LANE0/gophsst on HSSTLP_364_918.
Placed fixed group with base inst vs_in_ibuf/opit_1 on IOLHR_16_312.
Placed fixed instance I_ips_ddr_top/u_ddrphy_top/ddrphy_reset_ctrl/ddrphy_ioclk_gate[0]/opit_0_inv on CLMA_357_354.
Placed fixed instance I_ips_ddr_top/u_ddrphy_top/ddrphy_reset_ctrl/ddrphy_ioclk_gate[1]/opit_0_inv on CLMA_357_660.
Placed fixed instance u_ips2l_pcie_wrap/U_IPS2L_PCIE_TOP/U_IPS2L_HSSTLP_PCIE_SOFT_PHY/x2.GTP_HSST_2LANE_TOP/U_GTP_HSSTLP_WRAPPER/PLL0_ENABLE.U_GTP_HSSTLP_PLL0/gophsst on HSSTLP_364_918.
Placed fixed instance GRS_INST/grs_ccs on CCS_87_316.
Placed fixed instance I_ips_ddr_top/u_ddrphy_top/ddrphy_gpll/u_gpll/gpll_inst on GPLL_367_463.
Placed fixed instance I_ips_ddr_top/u_ddrphy_top/ddrphy_slice_top/i_ca_group[0].u_ddc_ca/ddc_inst on DDR_PHY_369_465.
Placed fixed instance I_ips_ddr_top/u_ddrphy_top/ddrphy_slice_top/i_ca_group[1].u_ddc_ca/ddc_inst on DDR_PHY_369_463.
Placed fixed instance I_ips_ddr_top/u_ddrphy_top/ddrphy_slice_top/i_ca_group[2].u_ddc_ca/ddc_inst on DDR_PHY_369_309.
Placed fixed instance I_ips_ddr_top/u_ddrphy_top/ddrphy_slice_top/i_dqs_bank[0].ddrphy_ppll/u_ppll/ppll_inst on PPLL_367_307.
Placed fixed instance I_ips_ddr_top/u_ddrphy_top/ddrphy_slice_top/i_dqs_bank[0].u_clkbufr/goprclk on RCKB_363_456.
Placed fixed instance I_ips_ddr_top/u_ddrphy_top/ddrphy_slice_top/i_dqs_bank[0].u_ddrphy_ioclkdiv/ddrphy_ioclk_div_inst on DDRPHY_IOCLK_DIV_368_310.
Placed fixed instance I_ips_ddr_top/u_ddrphy_top/ddrphy_slice_top/i_dqs_bank[1].ddrphy_ppll/u_ppll/ppll_inst on PPLL_367_613.
Placed fixed instance I_ips_ddr_top/u_ddrphy_top/ddrphy_slice_top/i_dqs_bank[1].u_clkbufr/goprclk on RCKB_363_762.
Placed fixed instance I_ips_ddr_top/u_ddrphy_top/ddrphy_slice_top/i_dqs_bank[1].u_ddrphy_ioclkdiv/ddrphy_ioclk_div_inst on DDRPHY_IOCLK_DIV_368_616.
Placed fixed instance I_ips_ddr_top/u_ddrphy_top/ddrphy_slice_top/i_dqs_group[0].ddrphy_data_slice/u_ddc_dq/ddc_inst_PHY on DDR_PHY_369_613.
Placed fixed instance I_ips_ddr_top/u_ddrphy_top/ddrphy_slice_top/i_dqs_group[1].ddrphy_data_slice/u_ddc_dq/ddc_inst_PHY on DDR_PHY_369_615.
Placed fixed instance I_ips_ddr_top/u_ddrphy_top/rst_clk_gpll/u_gpll/gpll_inst on GPLL_7_157.
Placed fixed instance I_ips_ddr_top/u_ddrphy_top/u_clkbufm/clkbufm_inst on MRCKB_361_456.
Placed fixed instance I_ips_ddr_top/u_ddrphy_top/u_ddrphy_cpd/cpd_inst on DDRPHY_CPD_369_466.
Placed fixed instance I_ips_ddr_top/u_ddrphy_top/u_rst_clk_bufg/gopclkbufg on USCM_215_588.
Placed fixed instance I_ips_ddr_top/u_ddrphy_top/u_sysclk_bufg/gopclkbufg on USCM_215_576.
Placed fixed instance clkbufg_3/gopclkbufg on USCM_215_624.
Placed fixed instance clkbufg_4/gopclkbufg on USCM_215_579.
Placed fixed instance clkbufg_5/gopclkbufg on USCM_215_591.
Placed fixed instance clkbufg_6/gopclkbufg on USCM_215_630.
Placed fixed instance clkbufg_7/gopclkbufg on USCM_215_582.
Placed fixed instance clkbufg_8/gopclkbufg on USCM_215_585.
Placed fixed instance pll_inst/u_gpll/gpll_inst on GPLL_7_463.
Placed fixed instance ref_clk_n_ibuf_hsst on SPAD_363_922.
Placed fixed instance ref_clk_p_ibuf_hsst on SPAD_363_921.
Placed fixed instance u_CORES/u_GTP_SCANCHAIN_PG/scanchain on SCANCHAIN_88_312.
Placed fixed instance u_ips2l_pcie_wrap/U_IPS2L_PCIE_TOP/U_IPS2L_HSSTLP_PCIE_SOFT_PHY/u_clkbufg/gopclkbufg on USCM_215_627.
Placed fixed instance u_ips2l_pcie_wrap/U_IPS2L_PCIE_TOP/U_IPS2L_PCIE_HARD_CTRL/u_gtp_pcie/gateop on PCIE_315_918.
Placed fixed instance BKCL_auto_0 on BKCL_1_646.
Placed fixed instance BKCL_auto_1 on BKCL_1_340.
Placed fixed instance BKCL_auto_2 on BKCL_373_646.
Placed fixed instance BKCL_auto_3 on BKCL_373_340.
Fixed placement takes 0.23 sec.

Phase 2.2 Process placement started.
I: The IO driver of I_ips_ddr_top/u_ddrphy_top/rst_clk_gpll/u_gpll/gpll_inst(CLKIN1) is not constraint at pllpad, its clock path will pass through SRB.
I: The IO driver of pll_inst/u_gpll/gpll_inst(CLKIN1) is not constraint at pllpad, its clock path will pass through SRB.
Process placement takes 0.02 sec.

Phase 2.3 IO placement started.
IO placement takes 0.06 sec.

Phase 2.4 2nd GP placement started.
Run super clustering :
	Initial slack -3126.
	2 iterations finished.
	Final slack -2474.
Super clustering done.
Design Utilization : 12%.
Worst slack after global placement is 1010
2nd GP placement takes 3.39 sec.

Wirelength after global placement is 99307 and checksum is 3F55F33F52D14DD6.
Global placement takes 3.72 sec.

Phase 3 Post global placement started.
Packing LUT6D started.
I: LUT6D pack result: There are 3594 LUT6 in collection, pack success:165
Packing LUT6D takes 1.44 sec.
Phase 3.1 Macro cell placement started.
I: Process macros using "Greedy".
Wirelength after macro cell placement is 117790 and checksum is DFCBCC158977CC87.
Macro cell placement takes 0.05 sec.

Phase 3.2 3rd GP placement started.
Run super clustering :
	Initial slack -3126.
	2 iterations finished.
	Final slack -2620.
Super clustering done.
Design Utilization : 12%.
Worst slack after post global placement is 540
3rd GP placement takes 3.08 sec.

Wirelength after post global placement is 102282 and checksum is CB4688B5CD102BC9.
Packing LUT6D started.
I: LUT6D pack result: There are 3264 LUT6 in collection, pack success:4
Packing LUT6D takes 1.50 sec.
Post global placement takes 6.09 sec.

Phase 4 Legalization started.
The average distance in LP is 0.781838.
Wirelength after legalization is 123832 and checksum is 235ED7BE3280BFEE.
Legalization takes 0.69 sec.

Phase 5 Timing-driven detailed placement started.
Phase 5.1 Replication placement started.
Worst slack before Replication Place is 1374.
Replication placement takes 0.39 sec.

Wirelength after replication placement is 123832 and checksum is 235ED7BE3280BFEE.
Phase 5.2 Swapping placement started.
Worst slack before detailed placement is 1374, TNS before detailed placement is 0. 
Worst slack after detailed placement is 1374, TNS after detailed placement is 0. 
Swapping placement takes 0.25 sec.

Wirelength after detailed placement is 123832 and checksum is 235ED7BE3280BFEE.
Timing-driven detailed placement takes 0.66 sec.

Worst slack is 1374, TNS after placement is 0.
Placement done.
Total placement takes 23.42 sec.
Finished placement.

Routing started.
Building routing graph takes 3.30 sec.
Worst slack is 1374, TNS before global route is 0.
Processing design graph takes 1.47 sec.
Total memory for routing:
	227.095595 M.
Total nets for routing : 17424.
Global Routing step 1 processed 0 nets, it takes 1.20 sec.
Rcf routing step 1 processed 0 nets, it takes 0.00 sec.
Rcf routing step 2 processed 0 nets, it takes 0.00 sec.
Rcf routing step 3 processed 0 nets, it takes 0.00 sec.
Global Routing step 1 processed 0 nets, it takes 0.00 sec.
Global Routing step 2 processed 0 nets, it takes 0.00 sec.
Global routing takes 0.06 sec.
Total 17424 subnets.
    forward max bucket size 17277 , backward 877.
        Unrouted nets 11902 at the end of iteration 0.
    route iteration 0, CPU time elapsed 2.875000 sec.
    forward max bucket size 1078 , backward 356.
        Unrouted nets 10576 at the end of iteration 1.
    route iteration 1, CPU time elapsed 2.375000 sec.
    forward max bucket size 1056 , backward 435.
        Unrouted nets 9522 at the end of iteration 2.
    route iteration 2, CPU time elapsed 2.187500 sec.
    forward max bucket size 877 , backward 276.
        Unrouted nets 8483 at the end of iteration 3.
    route iteration 3, CPU time elapsed 1.984375 sec.
    forward max bucket size 1137 , backward 331.
        Unrouted nets 7638 at the end of iteration 4.
    route iteration 4, CPU time elapsed 1.812500 sec.
    forward max bucket size 519 , backward 299.
        Unrouted nets 6454 at the end of iteration 5.
    route iteration 5, CPU time elapsed 1.578125 sec.
    forward max bucket size 641 , backward 280.
        Unrouted nets 5454 at the end of iteration 6.
    route iteration 6, CPU time elapsed 1.359375 sec.
    forward max bucket size 568 , backward 393.
        Unrouted nets 4723 at the end of iteration 7.
    route iteration 7, CPU time elapsed 1.281250 sec.
    forward max bucket size 561 , backward 319.
        Unrouted nets 3994 at the end of iteration 8.
    route iteration 8, CPU time elapsed 1.078125 sec.
    forward max bucket size 574 , backward 311.
        Unrouted nets 3440 at the end of iteration 9.
    route iteration 9, CPU time elapsed 0.968750 sec.
    forward max bucket size 487 , backward 292.
        Unrouted nets 3022 at the end of iteration 10.
    route iteration 10, CPU time elapsed 0.796875 sec.
    forward max bucket size 458 , backward 263.
        Unrouted nets 2682 at the end of iteration 11.
    route iteration 11, CPU time elapsed 0.734375 sec.
    forward max bucket size 491 , backward 507.
        Unrouted nets 2369 at the end of iteration 12.
    route iteration 12, CPU time elapsed 0.687500 sec.
    forward max bucket size 479 , backward 234.
        Unrouted nets 2103 at the end of iteration 13.
    route iteration 13, CPU time elapsed 0.625000 sec.
    forward max bucket size 447 , backward 253.
        Unrouted nets 1893 at the end of iteration 14.
    route iteration 14, CPU time elapsed 0.562500 sec.
    forward max bucket size 478 , backward 221.
        Unrouted nets 1741 at the end of iteration 15.
    route iteration 15, CPU time elapsed 0.515625 sec.
    forward max bucket size 479 , backward 292.
        Unrouted nets 1588 at the end of iteration 16.
    route iteration 16, CPU time elapsed 0.437500 sec.
    forward max bucket size 475 , backward 260.
        Unrouted nets 1511 at the end of iteration 17.
    route iteration 17, CPU time elapsed 0.421875 sec.
    forward max bucket size 474 , backward 305.
        Unrouted nets 1413 at the end of iteration 18.
    route iteration 18, CPU time elapsed 0.343750 sec.
    forward max bucket size 424 , backward 393.
        Unrouted nets 1240 at the end of iteration 19.
    route iteration 19, CPU time elapsed 0.343750 sec.
    forward max bucket size 405 , backward 374.
        Unrouted nets 1150 at the end of iteration 20.
    route iteration 20, CPU time elapsed 0.343750 sec.
    forward max bucket size 408 , backward 239.
        Unrouted nets 1050 at the end of iteration 21.
    route iteration 21, CPU time elapsed 0.328125 sec.
    forward max bucket size 430 , backward 202.
        Unrouted nets 983 at the end of iteration 22.
    route iteration 22, CPU time elapsed 0.312500 sec.
    forward max bucket size 418 , backward 147.
        Unrouted nets 936 at the end of iteration 23.
    route iteration 23, CPU time elapsed 0.265625 sec.
    forward max bucket size 464 , backward 259.
        Unrouted nets 852 at the end of iteration 24.
    route iteration 24, CPU time elapsed 0.265625 sec.
    forward max bucket size 445 , backward 358.
        Unrouted nets 792 at the end of iteration 25.
    route iteration 25, CPU time elapsed 0.250000 sec.
    forward max bucket size 466 , backward 408.
        Unrouted nets 726 at the end of iteration 26.
    route iteration 26, CPU time elapsed 0.234375 sec.
    forward max bucket size 455 , backward 416.
        Unrouted nets 662 at the end of iteration 27.
    route iteration 27, CPU time elapsed 0.203125 sec.
    forward max bucket size 440 , backward 182.
        Unrouted nets 635 at the end of iteration 28.
    route iteration 28, CPU time elapsed 0.218750 sec.
    forward max bucket size 437 , backward 228.
        Unrouted nets 552 at the end of iteration 29.
    route iteration 29, CPU time elapsed 0.171875 sec.
    forward max bucket size 402 , backward 219.
        Unrouted nets 501 at the end of iteration 30.
    route iteration 30, CPU time elapsed 0.171875 sec.
    forward max bucket size 469 , backward 278.
        Unrouted nets 531 at the end of iteration 31.
    route iteration 31, CPU time elapsed 0.187500 sec.
    forward max bucket size 418 , backward 291.
        Unrouted nets 531 at the end of iteration 32.
    route iteration 32, CPU time elapsed 0.203125 sec.
    forward max bucket size 499 , backward 297.
        Unrouted nets 517 at the end of iteration 33.
    route iteration 33, CPU time elapsed 0.171875 sec.
    forward max bucket size 397 , backward 200.
        Unrouted nets 522 at the end of iteration 34.
    route iteration 34, CPU time elapsed 0.171875 sec.
    forward max bucket size 374 , backward 225.
        Unrouted nets 485 at the end of iteration 35.
    route iteration 35, CPU time elapsed 0.156250 sec.
    forward max bucket size 446 , backward 229.
        Unrouted nets 418 at the end of iteration 36.
    route iteration 36, CPU time elapsed 0.156250 sec.
    forward max bucket size 350 , backward 222.
        Unrouted nets 386 at the end of iteration 37.
    route iteration 37, CPU time elapsed 0.125000 sec.
    forward max bucket size 362 , backward 334.
        Unrouted nets 390 at the end of iteration 38.
    route iteration 38, CPU time elapsed 0.140625 sec.
    forward max bucket size 392 , backward 273.
        Unrouted nets 337 at the end of iteration 39.
    route iteration 39, CPU time elapsed 0.140625 sec.
    forward max bucket size 364 , backward 343.
        Unrouted nets 326 at the end of iteration 40.
    route iteration 40, CPU time elapsed 0.125000 sec.
    forward max bucket size 363 , backward 351.
        Unrouted nets 315 at the end of iteration 41.
    route iteration 41, CPU time elapsed 0.125000 sec.
    forward max bucket size 474 , backward 351.
        Unrouted nets 322 at the end of iteration 42.
    route iteration 42, CPU time elapsed 0.140625 sec.
    forward max bucket size 485 , backward 357.
        Unrouted nets 314 at the end of iteration 43.
    route iteration 43, CPU time elapsed 0.140625 sec.
    forward max bucket size 485 , backward 337.
        Unrouted nets 331 at the end of iteration 44.
    route iteration 44, CPU time elapsed 0.156250 sec.
    forward max bucket size 464 , backward 344.
        Unrouted nets 334 at the end of iteration 45.
    route iteration 45, CPU time elapsed 0.125000 sec.
    forward max bucket size 498 , backward 295.
        Unrouted nets 312 at the end of iteration 46.
    route iteration 46, CPU time elapsed 0.140625 sec.
    forward max bucket size 353 , backward 199.
        Unrouted nets 278 at the end of iteration 47.
    route iteration 47, CPU time elapsed 0.109375 sec.
    forward max bucket size 404 , backward 149.
        Unrouted nets 276 at the end of iteration 48.
    route iteration 48, CPU time elapsed 0.109375 sec.
    forward max bucket size 471 , backward 243.
        Unrouted nets 294 at the end of iteration 49.
    route iteration 49, CPU time elapsed 0.109375 sec.
    forward max bucket size 463 , backward 403.
        Unrouted nets 262 at the end of iteration 50.
    route iteration 50, CPU time elapsed 0.109375 sec.
    forward max bucket size 354 , backward 146.
        Unrouted nets 217 at the end of iteration 51.
    route iteration 51, CPU time elapsed 0.109375 sec.
    forward max bucket size 359 , backward 119.
        Unrouted nets 181 at the end of iteration 52.
    route iteration 52, CPU time elapsed 0.093750 sec.
    forward max bucket size 348 , backward 159.
        Unrouted nets 181 at the end of iteration 53.
    route iteration 53, CPU time elapsed 0.078125 sec.
    forward max bucket size 294 , backward 130.
        Unrouted nets 194 at the end of iteration 54.
    route iteration 54, CPU time elapsed 0.093750 sec.
    forward max bucket size 359 , backward 126.
        Unrouted nets 205 at the end of iteration 55.
    route iteration 55, CPU time elapsed 0.093750 sec.
    forward max bucket size 349 , backward 168.
        Unrouted nets 207 at the end of iteration 56.
    route iteration 56, CPU time elapsed 0.093750 sec.
    forward max bucket size 285 , backward 144.
        Unrouted nets 234 at the end of iteration 57.
    route iteration 57, CPU time elapsed 0.093750 sec.
    forward max bucket size 263 , backward 126.
        Unrouted nets 213 at the end of iteration 58.
    route iteration 58, CPU time elapsed 0.093750 sec.
    forward max bucket size 394 , backward 153.
        Unrouted nets 179 at the end of iteration 59.
    route iteration 59, CPU time elapsed 0.093750 sec.
    forward max bucket size 279 , backward 183.
        Unrouted nets 180 at the end of iteration 60.
    route iteration 60, CPU time elapsed 0.093750 sec.
    forward max bucket size 238 , backward 150.
        Unrouted nets 178 at the end of iteration 61.
    route iteration 61, CPU time elapsed 0.093750 sec.
    forward max bucket size 326 , backward 133.
        Unrouted nets 152 at the end of iteration 62.
    route iteration 62, CPU time elapsed 0.078125 sec.
    forward max bucket size 341 , backward 113.
        Unrouted nets 148 at the end of iteration 63.
    route iteration 63, CPU time elapsed 0.062500 sec.
    forward max bucket size 347 , backward 169.
        Unrouted nets 162 at the end of iteration 64.
    route iteration 64, CPU time elapsed 0.078125 sec.
    forward max bucket size 227 , backward 124.
        Unrouted nets 146 at the end of iteration 65.
    route iteration 65, CPU time elapsed 0.078125 sec.
    forward max bucket size 195 , backward 111.
        Unrouted nets 134 at the end of iteration 66.
    route iteration 66, CPU time elapsed 0.078125 sec.
    forward max bucket size 468 , backward 123.
        Unrouted nets 152 at the end of iteration 67.
    route iteration 67, CPU time elapsed 0.078125 sec.
    forward max bucket size 216 , backward 136.
        Unrouted nets 149 at the end of iteration 68.
    route iteration 68, CPU time elapsed 0.078125 sec.
    forward max bucket size 386 , backward 111.
        Unrouted nets 117 at the end of iteration 69.
    route iteration 69, CPU time elapsed 0.078125 sec.
    forward max bucket size 289 , backward 133.
        Unrouted nets 97 at the end of iteration 70.
    route iteration 70, CPU time elapsed 0.062500 sec.
    forward max bucket size 389 , backward 131.
        Unrouted nets 104 at the end of iteration 71.
    route iteration 71, CPU time elapsed 0.062500 sec.
    forward max bucket size 489 , backward 114.
        Unrouted nets 115 at the end of iteration 72.
    route iteration 72, CPU time elapsed 0.078125 sec.
    forward max bucket size 421 , backward 107.
        Unrouted nets 95 at the end of iteration 73.
    route iteration 73, CPU time elapsed 0.062500 sec.
    forward max bucket size 238 , backward 112.
        Unrouted nets 77 at the end of iteration 74.
    route iteration 74, CPU time elapsed 0.062500 sec.
    forward max bucket size 309 , backward 94.
        Unrouted nets 66 at the end of iteration 75.
    route iteration 75, CPU time elapsed 0.046875 sec.
    forward max bucket size 212 , backward 42.
        Unrouted nets 61 at the end of iteration 76.
    route iteration 76, CPU time elapsed 0.046875 sec.
    forward max bucket size 254 , backward 92.
        Unrouted nets 71 at the end of iteration 77.
    route iteration 77, CPU time elapsed 0.046875 sec.
    forward max bucket size 212 , backward 106.
        Unrouted nets 71 at the end of iteration 78.
    route iteration 78, CPU time elapsed 0.046875 sec.
    forward max bucket size 176 , backward 110.
        Unrouted nets 80 at the end of iteration 79.
    route iteration 79, CPU time elapsed 0.062500 sec.
    forward max bucket size 256 , backward 123.
        Unrouted nets 85 at the end of iteration 80.
    route iteration 80, CPU time elapsed 0.062500 sec.
    forward max bucket size 369 , backward 232.
        Unrouted nets 92 at the end of iteration 81.
    route iteration 81, CPU time elapsed 0.062500 sec.
    forward max bucket size 419 , backward 192.
        Unrouted nets 89 at the end of iteration 82.
    route iteration 82, CPU time elapsed 0.062500 sec.
    forward max bucket size 232 , backward 176.
        Unrouted nets 78 at the end of iteration 83.
    route iteration 83, CPU time elapsed 0.062500 sec.
    forward max bucket size 206 , backward 85.
        Unrouted nets 66 at the end of iteration 84.
    route iteration 84, CPU time elapsed 0.062500 sec.
    forward max bucket size 173 , backward 94.
        Unrouted nets 69 at the end of iteration 85.
    route iteration 85, CPU time elapsed 0.046875 sec.
    forward max bucket size 224 , backward 91.
        Unrouted nets 51 at the end of iteration 86.
    route iteration 86, CPU time elapsed 0.046875 sec.
    forward max bucket size 195 , backward 46.
        Unrouted nets 34 at the end of iteration 87.
    route iteration 87, CPU time elapsed 0.046875 sec.
    forward max bucket size 85 , backward 72.
        Unrouted nets 24 at the end of iteration 88.
    route iteration 88, CPU time elapsed 0.046875 sec.
    forward max bucket size 108 , backward 71.
        Unrouted nets 46 at the end of iteration 89.
    route iteration 89, CPU time elapsed 0.046875 sec.
    forward max bucket size 258 , backward 92.
        Unrouted nets 53 at the end of iteration 90.
    route iteration 90, CPU time elapsed 0.062500 sec.
    forward max bucket size 304 , backward 83.
        Unrouted nets 55 at the end of iteration 91.
    route iteration 91, CPU time elapsed 0.046875 sec.
    forward max bucket size 195 , backward 35.
        Unrouted nets 62 at the end of iteration 92.
    route iteration 92, CPU time elapsed 0.046875 sec.
    forward max bucket size 258 , backward 117.
        Unrouted nets 53 at the end of iteration 93.
    route iteration 93, CPU time elapsed 0.046875 sec.
    forward max bucket size 253 , backward 128.
        Unrouted nets 47 at the end of iteration 94.
    route iteration 94, CPU time elapsed 0.031250 sec.
    forward max bucket size 162 , backward 139.
        Unrouted nets 34 at the end of iteration 95.
    route iteration 95, CPU time elapsed 0.046875 sec.
    forward max bucket size 153 , backward 86.
        Unrouted nets 34 at the end of iteration 96.
    route iteration 96, CPU time elapsed 0.046875 sec.
    forward max bucket size 159 , backward 105.
        Unrouted nets 26 at the end of iteration 97.
    route iteration 97, CPU time elapsed 0.046875 sec.
    forward max bucket size 131 , backward 21.
        Unrouted nets 24 at the end of iteration 98.
    route iteration 98, CPU time elapsed 0.046875 sec.
    forward max bucket size 188 , backward 32.
        Unrouted nets 19 at the end of iteration 99.
    route iteration 99, CPU time elapsed 0.046875 sec.
    forward max bucket size 182 , backward 86.
        Unrouted nets 24 at the end of iteration 100.
    route iteration 100, CPU time elapsed 0.046875 sec.
    forward max bucket size 343 , backward 110.
        Unrouted nets 48 at the end of iteration 101.
    route iteration 101, CPU time elapsed 0.046875 sec.
    forward max bucket size 331 , backward 73.
        Unrouted nets 48 at the end of iteration 102.
    route iteration 102, CPU time elapsed 0.062500 sec.
    forward max bucket size 298 , backward 104.
        Unrouted nets 52 at the end of iteration 103.
    route iteration 103, CPU time elapsed 0.046875 sec.
    forward max bucket size 296 , backward 70.
        Unrouted nets 56 at the end of iteration 104.
    route iteration 104, CPU time elapsed 0.062500 sec.
    forward max bucket size 300 , backward 142.
        Unrouted nets 73 at the end of iteration 105.
    route iteration 105, CPU time elapsed 0.062500 sec.
    forward max bucket size 358 , backward 111.
        Unrouted nets 120 at the end of iteration 106.
    route iteration 106, CPU time elapsed 0.062500 sec.
    forward max bucket size 274 , backward 109.
        Unrouted nets 121 at the end of iteration 107.
    route iteration 107, CPU time elapsed 0.078125 sec.
    forward max bucket size 274 , backward 77.
        Unrouted nets 120 at the end of iteration 108.
    route iteration 108, CPU time elapsed 0.062500 sec.
    forward max bucket size 377 , backward 215.
        Unrouted nets 101 at the end of iteration 109.
    route iteration 109, CPU time elapsed 0.062500 sec.
    forward max bucket size 604 , backward 96.
        Unrouted nets 93 at the end of iteration 110.
    route iteration 110, CPU time elapsed 0.062500 sec.
    forward max bucket size 604 , backward 112.
        Unrouted nets 84 at the end of iteration 111.
    route iteration 111, CPU time elapsed 0.046875 sec.
    forward max bucket size 206 , backward 79.
        Unrouted nets 76 at the end of iteration 112.
    route iteration 112, CPU time elapsed 0.062500 sec.
    forward max bucket size 177 , backward 131.
        Unrouted nets 86 at the end of iteration 113.
    route iteration 113, CPU time elapsed 0.062500 sec.
    forward max bucket size 300 , backward 80.
        Unrouted nets 61 at the end of iteration 114.
    route iteration 114, CPU time elapsed 0.046875 sec.
    forward max bucket size 265 , backward 84.
        Unrouted nets 52 at the end of iteration 115.
    route iteration 115, CPU time elapsed 0.062500 sec.
    forward max bucket size 359 , backward 90.
        Unrouted nets 62 at the end of iteration 116.
    route iteration 116, CPU time elapsed 0.046875 sec.
    forward max bucket size 359 , backward 107.
        Unrouted nets 63 at the end of iteration 117.
    route iteration 117, CPU time elapsed 0.062500 sec.
    forward max bucket size 265 , backward 76.
        Unrouted nets 55 at the end of iteration 118.
    route iteration 118, CPU time elapsed 0.062500 sec.
    forward max bucket size 267 , backward 164.
        Unrouted nets 54 at the end of iteration 119.
    route iteration 119, CPU time elapsed 0.062500 sec.
    forward max bucket size 273 , backward 97.
        Unrouted nets 28 at the end of iteration 120.
    route iteration 120, CPU time elapsed 0.062500 sec.
    forward max bucket size 182 , backward 63.
        Unrouted nets 17 at the end of iteration 121.
    route iteration 121, CPU time elapsed 0.046875 sec.
    forward max bucket size 62 , backward 58.
        Unrouted nets 19 at the end of iteration 122.
    route iteration 122, CPU time elapsed 0.031250 sec.
    forward max bucket size 350 , backward 60.
        Unrouted nets 18 at the end of iteration 123.
    route iteration 123, CPU time elapsed 0.046875 sec.
    forward max bucket size 340 , backward 74.
        Unrouted nets 23 at the end of iteration 124.
    route iteration 124, CPU time elapsed 0.046875 sec.
    forward max bucket size 316 , backward 36.
        Unrouted nets 15 at the end of iteration 125.
    route iteration 125, CPU time elapsed 0.046875 sec.
    forward max bucket size 93 , backward 33.
        Unrouted nets 13 at the end of iteration 126.
    route iteration 126, CPU time elapsed 0.031250 sec.
    forward max bucket size 90 , backward 83.
        Unrouted nets 12 at the end of iteration 127.
    route iteration 127, CPU time elapsed 0.031250 sec.
    forward max bucket size 228 , backward 82.
        Unrouted nets 16 at the end of iteration 128.
    route iteration 128, CPU time elapsed 0.046875 sec.
    forward max bucket size 154 , backward 30.
        Unrouted nets 16 at the end of iteration 129.
    route iteration 129, CPU time elapsed 0.046875 sec.
    forward max bucket size 180 , backward 44.
        Unrouted nets 16 at the end of iteration 130.
    route iteration 130, CPU time elapsed 0.031250 sec.
    forward max bucket size 47 , backward 13.
        Unrouted nets 7 at the end of iteration 131.
    route iteration 131, CPU time elapsed 0.046875 sec.
    forward max bucket size 40 , backward 15.
        Unrouted nets 6 at the end of iteration 132.
    route iteration 132, CPU time elapsed 0.015625 sec.
    forward max bucket size 26 , backward 16.
        Unrouted nets 5 at the end of iteration 133.
    route iteration 133, CPU time elapsed 0.046875 sec.
    forward max bucket size 208 , backward 39.
        Unrouted nets 6 at the end of iteration 134.
    route iteration 134, CPU time elapsed 0.031250 sec.
    forward max bucket size 24 , backward 11.
        Unrouted nets 5 at the end of iteration 135.
    route iteration 135, CPU time elapsed 0.031250 sec.
    forward max bucket size 19 , backward 13.
        Unrouted nets 3 at the end of iteration 136.
    route iteration 136, CPU time elapsed 0.031250 sec.
    forward max bucket size 61 , backward 12.
        Unrouted nets 4 at the end of iteration 137.
    route iteration 137, CPU time elapsed 0.046875 sec.
    forward max bucket size 81 , backward 15.
        Unrouted nets 3 at the end of iteration 138.
    route iteration 138, CPU time elapsed 0.031250 sec.
    forward max bucket size 97 , backward 24.
        Unrouted nets 3 at the end of iteration 139.
    route iteration 139, CPU time elapsed 0.046875 sec.
    forward max bucket size 32 , backward 16.
        Unrouted nets 2 at the end of iteration 140.
    route iteration 140, CPU time elapsed 0.031250 sec.
    forward max bucket size 13 , backward 12.
        Unrouted nets 2 at the end of iteration 141.
    route iteration 141, CPU time elapsed 0.031250 sec.
    forward max bucket size 80 , backward 14.
        Unrouted nets 8 at the end of iteration 142.
    route iteration 142, CPU time elapsed 0.031250 sec.
    forward max bucket size 84 , backward 24.
        Unrouted nets 6 at the end of iteration 143.
    route iteration 143, CPU time elapsed 0.046875 sec.
    forward max bucket size 42 , backward 12.
        Unrouted nets 10 at the end of iteration 144.
    route iteration 144, CPU time elapsed 0.046875 sec.
    forward max bucket size 80 , backward 13.
        Unrouted nets 6 at the end of iteration 145.
    route iteration 145, CPU time elapsed 0.046875 sec.
    forward max bucket size 85 , backward 21.
        Unrouted nets 3 at the end of iteration 146.
    route iteration 146, CPU time elapsed 0.046875 sec.
    forward max bucket size 25 , backward 7.
        Unrouted nets 0 at the end of iteration 147.
    route iteration 147, CPU time elapsed 0.046875 sec.
Detailed routing takes 147 iterations
I: Design net coms1_reg_config/clock_20k is routed by general path.
C: Route-2036: The clock path from coms1_reg_config/clock_20k_cnt[0]/opit_0_inv_L6QL5Q1:L5Q to coms1_reg_config/config_step_reg[1]/opit_0_inv_srl:CLK is routed by SRB.
I: Design net ntclkbufg_2 is routed by general path.
C: Route-2036: The clock path from clkbufg_5/gopclkbufg:CLKOUT to u_CORES/u_debug_core_0/u_Storage_Condition/conf_reg[16]/opit_0_inv_L6QL5Q:CLK is routed by SRB.
I: Design net u_CORES/capt_o is routed by general path.
C: Route-2036: The clock path from u_CORES/u_GTP_SCANCHAIN_PG/scanchain:CAPTUREDR to u_CORES/u_debug_core_0/u_hub_data_decode/id_sample.conf_id[3]/opit_0_inv:CLK is routed by SRB.
I: Design net u_CORES/drck_o is routed by general path.
C: Route-2036: The clock path from u_CORES/u_GTP_SCANCHAIN_PG/scanchain:TCK1 to clkbufg_5/gopclkbufg:CLK is routed by SRB.
Detailed routing takes 36.42 sec.
Start fix hold violation.
Build tmp routing results takes 0.11 sec.
Timing analysis takes 0.16 sec.
Hold violation fix iter 0 takes 2.05 sec, total_step_forward 250826.
Incremental timing analysis takes 0.12 sec.
Hold violation fix iter 1 takes 0.02 sec, total_step_forward 312.
Incremental timing analysis takes 0.14 sec.
Hold violation fix iter 2 takes 0.00 sec, total_step_forward 0.
Hold Violation Fix in router takes 3 iterations.
Fix hold violation Finished.
Hold Violation Fix in router takes 4.06 sec.

Dispose routing result:
    Collect routing result.
    Delete unused device instances.
    Annotate routing result.
    Change LUT configuration.
    Dispose misc instances.
    Annotate routing result again.
Finish routing takes 0.78 sec.
Used SRB routing arc is 150753.
Cleanup routing takes 0.02 sec.
Routing done.
Total routing takes 48.38 sec.

C: Place-2025: The VCCIO 1.8 in BANK BANKL4 is incompatible.

Device Utilization Summary :
+------------------------------------------------------------------------------+
| Logic Utilization           | Used     | Available     | Utilization(%)     
+------------------------------------------------------------------------------+
| Use of ADC                  | 0        | 1             | 0                  
| Use of ANALOG               | 0        | 1             | 0                  
| Use of APM                  | 0        | 240           | 0                  
| Use of BKCL                 | 4        | 6             | 67                 
| Use of CCS                  | 1        | 1             | 100                
| Use of CLMA                 | 1704     | 11675         | 15                 
|   FF                        | 6247     | 93400         | 7                  
|   LUT                       | 5090     | 46700         | 11                 
|   LUT-FF pairs              | 2949     | 46700         | 7                  
| Use of CLMS                 | 784      | 4975          | 16                 
|   FF                        | 2248     | 39800         | 6                  
|   LUT                       | 2248     | 19900         | 12                 
|   LUT-FF pairs              | 1136     | 19900         | 6                  
|   Distributed RAM           | 604      | 19900         | 4                  
| Use of DDRPHY_CPD           | 1        | 12            | 9                  
| Use of DDRPHY_IOCLK_DIV     | 2        | 6             | 34                 
| Use of DDR_PHY              | 5        | 24            | 21                 
| Use of DRM                  | 55       | 155           | 36                 
| Use of GPLL                 | 3        | 6             | 50                 
| Use of GSEB                 | 0        | 218           | 0                  
| Use of HARD0                | 1221     | 10550         | 12                 
| Use of HCKB                 | 32       | 96            | 34                 
|  HCKB dataused              | 4        | 96            | 5                  
| Use of HCKMUX_TEST          | 0        | 8             | 0                  
| Use of HSSTLP               | 0.5      | 1             | 50                 
| Use of IO                   | 94       | 285           | 33                 
|   IOBD                      | 49       | 137           | 36                 
|   IOBS                      | 45       | 148           | 31                 
| Use of IOCKB                | 0        | 24            | 0                  
| Use of IOCKMUX_TEST         | 0        | 6             | 0                  
| Use of IOLHR                | 94       | 300           | 32                 
| Use of KEYRAM               | 0        | 1             | 0                  
| Use of MFG_TEST             | 0        | 1             | 0                  
| Use of MRCKB                | 1        | 12            | 9                  
| Use of MRCKMUX_TEST         | 0        | 6             | 0                  
| Use of MRPOSTMUX_TEST       | 0        | 6             | 0                  
| Use of PCIE                 | 1        | 1             | 100                
| Use of PCKMUX_TEST          | 0        | 12            | 0                  
| Use of PLLMRMUX_TEST        | 0        | 6             | 0                  
| Use of PLLREFMUX_TEST       | 0        | 6             | 0                  
| Use of PPLL                 | 2        | 6             | 34                 
| Use of PREGMUXC_TEST        | 0        | 4             | 0                  
| Use of PREGMUXLR_TEST       | 0        | 6             | 0                  
| Use of RCKB                 | 2        | 24            | 9                  
|  RCKB dataused              | 0        | 24            | 0                  
| Use of RCKMUX_TEST          | 0        | 6             | 0                  
| Use of SCANCHAIN            | 1        | 1             | 100                
| Use of SCKMUX_TEST          | 0        | 12            | 0                  
| Use of SFB                  | 0        | 2225          | 0                  
| Use of SPAD                 | 2        | 4             | 50                 
| Use of TSERDES              | 10       | 48            | 21                 
| Use of USCM                 | 10       | 32            | 32                 
|  USCM dataused              | 0        | 32            | 0                  
| Use of USCMMUX_TEST         | 0        | 32            | 0                  
+------------------------------------------------------------------------------+

Finished routing.
Design 'image_pcie_capture' has been placed and routed successfully.
Saving design to DB.
Finished placement and routing.
Action pnr: Real time elapsed is 0h:1m:55s
Action pnr: CPU time elapsed is 0h:1m:48s
Action pnr: Process CPU time elapsed is 0h:2m:8s
Current time: Mon Jul 13 01:42:26 2026
Action pnr: Peak memory pool usage is 2,102 MB
