#Build: Fabric Compiler 2022.2-SP6.4, Build 146967, Jan 31 01:39 2024
#Install: C:\pango\PDS_2022.2-SP6.4\bin
#Application name: pds_shell.exe
#OS: Windows 10 10.0.26100
#Hostname: LAPTOP-EA3TT0M1
Generated by Fabric Compiler (version 2022.2-SP6.4 build 146967) at Sat Oct 18 18:04:08 2025
Compiling verification operator library.
Compiling common defs.
Compiling prim grid devices.
Compiling gate devices.
Compiling gate operators.
Building architecture model.
Loading device packaging model.
Reading design from DB.
Start Generating Programming File...
Reading design from DB takes 5.500000 sec.
Generating architecture configuration.
The bitstream file is "D:/Desktop/video_class/camera_demo/FPGA_project/04_camera_pcie_capture_40pin_100k/project/generate_bitstream/image_pcie_capture.sbit"
Generate programming file takes 40.359375 sec.
Generating Programming File done.
Action gen_bit_stream: Real time elapsed is 0h:1m:12s
Action gen_bit_stream: CPU time elapsed is 0h:1m:2s
Action gen_bit_stream: Process CPU time elapsed is 0h:1m:2s
Current time: Sat Oct 18 18:05:17 2025
Action gen_bit_stream: Peak memory pool usage is 1,320 MB
