#Build: Fabric Compiler 2022.2-SP6.4, Build 146967, Jan 31 01:39 2024
#Install: F:\PDS_2022.2-SP6.4\bin
#Application name: pds_shell.exe
#OS: Windows 10 10.0.26200
#Hostname: xufei
Generated by Fabric Compiler (version 2022.2-SP6.4 build 146967) at Tue Jun 16 20:38:35 2026
Compiling verification operator library.
Compiling common defs.
Compiling prim grid devices.
Compiling gate devices.
Compiling gate operators.
Building architecture model.
Loading device packaging model.
Reading design from DB.
Start Generating Programming File...
Reading design from DB takes 2.359375 sec.
Generating architecture configuration.
The bitstream file is "C:/Users/23694/Desktop/ziguang_project/02_pcie_image_test_1080p/08_HDMI_pcie_capture_40pin_100k/project/generate_bitstream/image_pcie_capture.sbit"
Generate programming file takes 13.562500 sec.
Generating Programming File done.
Action gen_bit_stream: Real time elapsed is 0h:0m:27s
Action gen_bit_stream: CPU time elapsed is 0h:0m:22s
Action gen_bit_stream: Process CPU time elapsed is 0h:0m:22s
Current time: Tue Jun 16 20:39:00 2026
Action gen_bit_stream: Peak memory pool usage is 1,341 MB
