#Build: Fabric Compiler 2022.2-SP6.4, Build 146967, Jan 31 01:39 2024
#Install: C:\pango\PDS_2022.2-SP6.4\bin
#Application name: pds_shell.exe
#OS: Windows 10 10.0.26200
#Hostname: LAPTOP-EA3TT0M1
Generated by Fabric Compiler (version 2022.2-SP6.4 build 146967) at Sun May  3 17:55:41 2026
Compiling verification operator library.
Compiling common defs.
Compiling prim grid devices.
Compiling gate devices.
Compiling gate operators.
Building architecture model.
Loading device packaging model.
Reading design from DB.
Start Generating Programming File...
Reading design from DB takes 2.609375 sec.
Generating architecture configuration.
The bitstream file is "D:/Desktop/work_material/FPGA_help_others/FPGA_RK_board/08_HDMI_pcie_capture_40pin_100k/project/generate_bitstream/image_pcie_capture.sbit"
Generate programming file takes 13.625000 sec.
Generating Programming File done.
Action gen_bit_stream: Real time elapsed is 0h:0m:26s
Action gen_bit_stream: CPU time elapsed is 0h:0m:23s
Action gen_bit_stream: Process CPU time elapsed is 0h:0m:23s
Current time: Sun May  3 17:56:05 2026
Action gen_bit_stream: Peak memory pool usage is 1,316 MB
