#Build: Fabric Compiler 2022.2-SP6.4, Build 146967, Jan 31 01:39 2024
#Install: F:\PDS_2022.2-SP6.4\bin
#Application name: pds_shell.exe
#OS: Windows 10 10.0.19045
#Hostname: DESKTOP-P0E5I2S
Generated by Fabric Compiler (version 2022.2-SP6.4 build 146967) at Tue May  5 21:52:57 2026
Compiling verification operator library.
Compiling common defs.
Compiling prim grid devices.
Compiling gate devices.
Compiling gate operators.
Building architecture model.
Loading device packaging model.
Reading design from DB.
Start Generating Programming File...
Reading design from DB takes 4.125000 sec.
Generating architecture configuration.
The bitstream file is "C:/Users/DELL/Desktop/FPGA5.7/FPGA1.0/project/generate_bitstream/image_pcie_capture.sbit"
Generate programming file takes 25.859375 sec.
Generating Programming File done.
Action gen_bit_stream: Real time elapsed is 0h:0m:41s
Action gen_bit_stream: CPU time elapsed is 0h:0m:38s
Action gen_bit_stream: Process CPU time elapsed is 0h:0m:38s
Current time: Tue May  5 21:53:35 2026
Action gen_bit_stream: Peak memory pool usage is 1,383 MB
