#Build: Fabric Compiler 2022.2-SP6.4, Build 146967, Jan 31 01:39 2024
#Install: F:\PDS_2022.2-SP6.4\bin
#Application name: pds_shell.exe
#OS: Windows 10 10.0.26200
#Hostname: xufei
Generated by Fabric Compiler (version 2022.2-SP6.4 build 146967) at Mon Apr 20 20:59:02 2026
Compiling verification operator library.
Compiling common defs.
Compiling prim grid devices.
Compiling gate devices.
Compiling gate operators.
Building architecture model.
Loading device packaging model.
pnr strategy configuration : 
strategy name : 0
Building architecture floorplan logic view.
Constraint check start.
Executing : def_port {cmos1_scl} LOC=R14 VCCIO=3.3 IOSTANDARD=LVCMOS33 DRIVE=8 SLEW=SLOW NONE=TRUE
C: ConstraintEditor-2002: [C:/Users/23694/Desktop/ziguang_project/333/04_camera_pcie_capture_40pin_fmc/project/device_map/image_pcie_capture.pcf(line number: 3)] | Port cmos1_scl has been placed at location R14, whose type is share pin.
Executing : def_port {cmos1_scl} LOC=R14 VCCIO=3.3 IOSTANDARD=LVCMOS33 DRIVE=8 SLEW=SLOW NONE=TRUE successfully
Executing : def_port {cmos1_sda} LOC=P14 VCCIO=3.3 IOSTANDARD=LVCMOS33 DRIVE=8 SLEW=SLOW NONE=TRUE
C: ConstraintEditor-2002: [C:/Users/23694/Desktop/ziguang_project/333/04_camera_pcie_capture_40pin_fmc/project/device_map/image_pcie_capture.pcf(line number: 4)] | Port cmos1_sda has been placed at location P14, whose type is share pin.
Executing : def_port {cmos1_sda} LOC=P14 VCCIO=3.3 IOSTANDARD=LVCMOS33 DRIVE=8 SLEW=SLOW NONE=TRUE successfully
Executing : def_port {cmos2_scl} LOC=U20 VCCIO=3.3 IOSTANDARD=LVCMOS33 DRIVE=8 SLEW=SLOW NONE=TRUE
Executing : def_port {cmos2_scl} LOC=U20 VCCIO=3.3 IOSTANDARD=LVCMOS33 DRIVE=8 SLEW=SLOW NONE=TRUE successfully
Executing : def_port {cmos2_sda} LOC=N17 VCCIO=3.3 IOSTANDARD=LVCMOS33 DRIVE=8 SLEW=SLOW NONE=TRUE
Executing : def_port {cmos2_sda} LOC=N17 VCCIO=3.3 IOSTANDARD=LVCMOS33 DRIVE=8 SLEW=SLOW NONE=TRUE successfully
Executing : def_port {cmos3_scl} LOC=E14 VCCIO=3.3 IOSTANDARD=LVCMOS33 DRIVE=8 SLEW=SLOW NONE=TRUE
Executing : def_port {cmos3_scl} LOC=E14 VCCIO=3.3 IOSTANDARD=LVCMOS33 DRIVE=8 SLEW=SLOW NONE=TRUE successfully
Executing : def_port {cmos3_sda} LOC=F16 VCCIO=3.3 IOSTANDARD=LVCMOS33 DRIVE=8 SLEW=SLOW NONE=TRUE
Executing : def_port {cmos3_sda} LOC=F16 VCCIO=3.3 IOSTANDARD=LVCMOS33 DRIVE=8 SLEW=SLOW NONE=TRUE successfully
Executing : def_port {mem_dq[0]} LOC=P6 VCCIO=1.5 IOSTANDARD=SSTL15_I DRIVE=8.9 SLEW=FAST VREF_MODE=INT VREF_MODE_VALUE=0.5 DDR_TERM_MODE=ON UNUSED=TRUE
Executing : def_port {mem_dq[0]} LOC=P6 VCCIO=1.5 IOSTANDARD=SSTL15_I DRIVE=8.9 SLEW=FAST VREF_MODE=INT VREF_MODE_VALUE=0.5 DDR_TERM_MODE=ON UNUSED=TRUE successfully
Executing : def_port {mem_dq[1]} LOC=M5 VCCIO=1.5 IOSTANDARD=SSTL15_I DRIVE=8.9 SLEW=FAST VREF_MODE=INT VREF_MODE_VALUE=0.5 DDR_TERM_MODE=ON UNUSED=TRUE
Executing : def_port {mem_dq[1]} LOC=M5 VCCIO=1.5 IOSTANDARD=SSTL15_I DRIVE=8.9 SLEW=FAST VREF_MODE=INT VREF_MODE_VALUE=0.5 DDR_TERM_MODE=ON UNUSED=TRUE successfully
Executing : def_port {mem_dq[2]} LOC=M6 VCCIO=1.5 IOSTANDARD=SSTL15_I DRIVE=8.9 SLEW=FAST VREF_MODE=INT VREF_MODE_VALUE=0.5 DDR_TERM_MODE=ON UNUSED=TRUE
Executing : def_port {mem_dq[2]} LOC=M6 VCCIO=1.5 IOSTANDARD=SSTL15_I DRIVE=8.9 SLEW=FAST VREF_MODE=INT VREF_MODE_VALUE=0.5 DDR_TERM_MODE=ON UNUSED=TRUE successfully
Executing : def_port {mem_dq[3]} LOC=N2 VCCIO=1.5 IOSTANDARD=SSTL15_I DRIVE=8.9 SLEW=FAST VREF_MODE=INT VREF_MODE_VALUE=0.5 DDR_TERM_MODE=ON UNUSED=TRUE
Executing : def_port {mem_dq[3]} LOC=N2 VCCIO=1.5 IOSTANDARD=SSTL15_I DRIVE=8.9 SLEW=FAST VREF_MODE=INT VREF_MODE_VALUE=0.5 DDR_TERM_MODE=ON UNUSED=TRUE successfully
Executing : def_port {mem_dq[4]} LOC=P2 VCCIO=1.5 IOSTANDARD=SSTL15_I DRIVE=8.9 SLEW=FAST VREF_MODE=INT VREF_MODE_VALUE=0.5 DDR_TERM_MODE=ON UNUSED=TRUE
Executing : def_port {mem_dq[4]} LOC=P2 VCCIO=1.5 IOSTANDARD=SSTL15_I DRIVE=8.9 SLEW=FAST VREF_MODE=INT VREF_MODE_VALUE=0.5 DDR_TERM_MODE=ON UNUSED=TRUE successfully
Executing : def_port {mem_dq[5]} LOC=P1 VCCIO=1.5 IOSTANDARD=SSTL15_I DRIVE=8.9 SLEW=FAST VREF_MODE=INT VREF_MODE_VALUE=0.5 DDR_TERM_MODE=ON UNUSED=TRUE
Executing : def_port {mem_dq[5]} LOC=P1 VCCIO=1.5 IOSTANDARD=SSTL15_I DRIVE=8.9 SLEW=FAST VREF_MODE=INT VREF_MODE_VALUE=0.5 DDR_TERM_MODE=ON UNUSED=TRUE successfully
Executing : def_port {mem_dq[6]} LOC=R1 VCCIO=1.5 IOSTANDARD=SSTL15_I DRIVE=8.9 SLEW=FAST VREF_MODE=INT VREF_MODE_VALUE=0.5 DDR_TERM_MODE=ON UNUSED=TRUE
Executing : def_port {mem_dq[6]} LOC=R1 VCCIO=1.5 IOSTANDARD=SSTL15_I DRIVE=8.9 SLEW=FAST VREF_MODE=INT VREF_MODE_VALUE=0.5 DDR_TERM_MODE=ON UNUSED=TRUE successfully
Executing : def_port {mem_dq[7]} LOC=N4 VCCIO=1.5 IOSTANDARD=SSTL15_I DRIVE=8.9 SLEW=FAST VREF_MODE=INT VREF_MODE_VALUE=0.5 DDR_TERM_MODE=ON UNUSED=TRUE
Executing : def_port {mem_dq[7]} LOC=N4 VCCIO=1.5 IOSTANDARD=SSTL15_I DRIVE=8.9 SLEW=FAST VREF_MODE=INT VREF_MODE_VALUE=0.5 DDR_TERM_MODE=ON UNUSED=TRUE successfully
Executing : def_port {mem_dq[8]} LOC=J6 VCCIO=1.5 IOSTANDARD=SSTL15_I DRIVE=8.9 SLEW=FAST VREF_MODE=INT VREF_MODE_VALUE=0.5 DDR_TERM_MODE=ON UNUSED=TRUE
Executing : def_port {mem_dq[8]} LOC=J6 VCCIO=1.5 IOSTANDARD=SSTL15_I DRIVE=8.9 SLEW=FAST VREF_MODE=INT VREF_MODE_VALUE=0.5 DDR_TERM_MODE=ON UNUSED=TRUE successfully
Executing : def_port {mem_dq[9]} LOC=K6 VCCIO=1.5 IOSTANDARD=SSTL15_I DRIVE=8.9 SLEW=FAST VREF_MODE=INT VREF_MODE_VALUE=0.5 DDR_TERM_MODE=ON UNUSED=TRUE
Executing : def_port {mem_dq[9]} LOC=K6 VCCIO=1.5 IOSTANDARD=SSTL15_I DRIVE=8.9 SLEW=FAST VREF_MODE=INT VREF_MODE_VALUE=0.5 DDR_TERM_MODE=ON UNUSED=TRUE successfully
Executing : def_port {mem_dq[10]} LOC=M2 VCCIO=1.5 IOSTANDARD=SSTL15_I DRIVE=8.9 SLEW=FAST VREF_MODE=INT VREF_MODE_VALUE=0.5 DDR_TERM_MODE=ON UNUSED=TRUE
Executing : def_port {mem_dq[10]} LOC=M2 VCCIO=1.5 IOSTANDARD=SSTL15_I DRIVE=8.9 SLEW=FAST VREF_MODE=INT VREF_MODE_VALUE=0.5 DDR_TERM_MODE=ON UNUSED=TRUE successfully
Executing : def_port {mem_dq[11]} LOC=M3 VCCIO=1.5 IOSTANDARD=SSTL15_I DRIVE=8.9 SLEW=FAST VREF_MODE=INT VREF_MODE_VALUE=0.5 DDR_TERM_MODE=ON UNUSED=TRUE
Executing : def_port {mem_dq[11]} LOC=M3 VCCIO=1.5 IOSTANDARD=SSTL15_I DRIVE=8.9 SLEW=FAST VREF_MODE=INT VREF_MODE_VALUE=0.5 DDR_TERM_MODE=ON UNUSED=TRUE successfully
Executing : def_port {mem_dq[12]} LOC=K3 VCCIO=1.5 IOSTANDARD=SSTL15_I DRIVE=8.9 SLEW=FAST VREF_MODE=INT VREF_MODE_VALUE=0.5 DDR_TERM_MODE=ON UNUSED=TRUE
Executing : def_port {mem_dq[12]} LOC=K3 VCCIO=1.5 IOSTANDARD=SSTL15_I DRIVE=8.9 SLEW=FAST VREF_MODE=INT VREF_MODE_VALUE=0.5 DDR_TERM_MODE=ON UNUSED=TRUE successfully
Executing : def_port {mem_dq[13]} LOC=L3 VCCIO=1.5 IOSTANDARD=SSTL15_I DRIVE=8.9 SLEW=FAST VREF_MODE=INT VREF_MODE_VALUE=0.5 DDR_TERM_MODE=ON UNUSED=TRUE
Executing : def_port {mem_dq[13]} LOC=L3 VCCIO=1.5 IOSTANDARD=SSTL15_I DRIVE=8.9 SLEW=FAST VREF_MODE=INT VREF_MODE_VALUE=0.5 DDR_TERM_MODE=ON UNUSED=TRUE successfully
Executing : def_port {mem_dq[14]} LOC=J4 VCCIO=1.5 IOSTANDARD=SSTL15_I DRIVE=8.9 SLEW=FAST VREF_MODE=INT VREF_MODE_VALUE=0.5 DDR_TERM_MODE=ON UNUSED=TRUE
Executing : def_port {mem_dq[14]} LOC=J4 VCCIO=1.5 IOSTANDARD=SSTL15_I DRIVE=8.9 SLEW=FAST VREF_MODE=INT VREF_MODE_VALUE=0.5 DDR_TERM_MODE=ON UNUSED=TRUE successfully
Executing : def_port {mem_dq[15]} LOC=K4 VCCIO=1.5 IOSTANDARD=SSTL15_I DRIVE=8.9 SLEW=FAST VREF_MODE=INT VREF_MODE_VALUE=0.5 DDR_TERM_MODE=ON UNUSED=TRUE
Executing : def_port {mem_dq[15]} LOC=K4 VCCIO=1.5 IOSTANDARD=SSTL15_I DRIVE=8.9 SLEW=FAST VREF_MODE=INT VREF_MODE_VALUE=0.5 DDR_TERM_MODE=ON UNUSED=TRUE successfully
Executing : def_port {mem_dqs[0]} LOC=P5 VCCIO=1.5 IOSTANDARD=SSTL15D_I DRIVE=8.9 SLEW=FAST VREF_MODE=INT VREF_MODE_VALUE=0.5 DDR_TERM_MODE=ON DDR_RES=60 CP_DYN_TERM=ON UNUSED=TRUE
Executing : def_port {mem_dqs[0]} LOC=P5 VCCIO=1.5 IOSTANDARD=SSTL15D_I DRIVE=8.9 SLEW=FAST VREF_MODE=INT VREF_MODE_VALUE=0.5 DDR_TERM_MODE=ON DDR_RES=60 CP_DYN_TERM=ON UNUSED=TRUE successfully
Executing : def_port {mem_dqs[1]} LOC=M1 VCCIO=1.5 IOSTANDARD=SSTL15D_I DRIVE=8.9 SLEW=FAST VREF_MODE=INT VREF_MODE_VALUE=0.5 DDR_TERM_MODE=ON DDR_RES=60 CP_DYN_TERM=ON UNUSED=TRUE
Executing : def_port {mem_dqs[1]} LOC=M1 VCCIO=1.5 IOSTANDARD=SSTL15D_I DRIVE=8.9 SLEW=FAST VREF_MODE=INT VREF_MODE_VALUE=0.5 DDR_TERM_MODE=ON DDR_RES=60 CP_DYN_TERM=ON UNUSED=TRUE successfully
Executing : def_port {mem_dqs_n[0]} LOC=P4 VCCIO=1.5 IOSTANDARD=SSTL15D_I DRIVE=8.9 SLEW=FAST VREF_MODE=INT VREF_MODE_VALUE=0.5 DDR_TERM_MODE=ON DDR_RES=60 CP_DYN_TERM=ON UNUSED=TRUE
Executing : def_port {mem_dqs_n[0]} LOC=P4 VCCIO=1.5 IOSTANDARD=SSTL15D_I DRIVE=8.9 SLEW=FAST VREF_MODE=INT VREF_MODE_VALUE=0.5 DDR_TERM_MODE=ON DDR_RES=60 CP_DYN_TERM=ON UNUSED=TRUE successfully
Executing : def_port {mem_dqs_n[1]} LOC=L1 VCCIO=1.5 IOSTANDARD=SSTL15D_I DRIVE=8.9 SLEW=FAST VREF_MODE=INT VREF_MODE_VALUE=0.5 DDR_TERM_MODE=ON DDR_RES=60 CP_DYN_TERM=ON UNUSED=TRUE
Executing : def_port {mem_dqs_n[1]} LOC=L1 VCCIO=1.5 IOSTANDARD=SSTL15D_I DRIVE=8.9 SLEW=FAST VREF_MODE=INT VREF_MODE_VALUE=0.5 DDR_TERM_MODE=ON DDR_RES=60 CP_DYN_TERM=ON UNUSED=TRUE successfully
Executing : def_port {cmos1_reset} LOC=V18 VCCIO=3.3 IOSTANDARD=LVCMOS33 DRIVE=8 SLEW=SLOW NONE=TRUE
Executing : def_port {cmos1_reset} LOC=V18 VCCIO=3.3 IOSTANDARD=LVCMOS33 DRIVE=8 SLEW=SLOW NONE=TRUE successfully
Executing : def_port {cmos2_reset} LOC=AA21 VCCIO=3.3 IOSTANDARD=LVCMOS33 DRIVE=8 SLEW=SLOW NONE=TRUE
C: ConstraintEditor-2002: [C:/Users/23694/Desktop/ziguang_project/333/04_camera_pcie_capture_40pin_fmc/project/device_map/image_pcie_capture.pcf(line number: 30)] | Port cmos2_reset has been placed at location AA21, whose type is share pin.
Executing : def_port {cmos2_reset} LOC=AA21 VCCIO=3.3 IOSTANDARD=LVCMOS33 DRIVE=8 SLEW=SLOW NONE=TRUE successfully
Executing : def_port {cmos3_reset} LOC=B13 VCCIO=3.3 IOSTANDARD=LVCMOS33 DRIVE=8 SLEW=SLOW NONE=TRUE
Executing : def_port {cmos3_reset} LOC=B13 VCCIO=3.3 IOSTANDARD=LVCMOS33 DRIVE=8 SLEW=SLOW NONE=TRUE successfully
Executing : def_port {cmos_init_done[0]} LOC=M17 VCCIO=1.8 IOSTANDARD=LVCMOS18 DRIVE=4 SLEW=FAST NONE=TRUE
Executing : def_port {cmos_init_done[0]} LOC=M17 VCCIO=1.8 IOSTANDARD=LVCMOS18 DRIVE=4 SLEW=FAST NONE=TRUE successfully
Executing : def_port {cmos_init_done[1]} LOC=J16 VCCIO=1.8 IOSTANDARD=LVCMOS18 DRIVE=4 SLEW=FAST NONE=TRUE
Executing : def_port {cmos_init_done[1]} LOC=J16 VCCIO=1.8 IOSTANDARD=LVCMOS18 DRIVE=4 SLEW=FAST NONE=TRUE successfully
Executing : def_port {mem_a[0]} LOC=T1 VCCIO=1.5 IOSTANDARD=SSTL15_I DRIVE=8.9 SLEW=FAST UNUSED=TRUE
Executing : def_port {mem_a[0]} LOC=T1 VCCIO=1.5 IOSTANDARD=SSTL15_I DRIVE=8.9 SLEW=FAST UNUSED=TRUE successfully
Executing : def_port {mem_a[1]} LOC=U1 VCCIO=1.5 IOSTANDARD=SSTL15_I DRIVE=8.9 SLEW=FAST UNUSED=TRUE
Executing : def_port {mem_a[1]} LOC=U1 VCCIO=1.5 IOSTANDARD=SSTL15_I DRIVE=8.9 SLEW=FAST UNUSED=TRUE successfully
Executing : def_port {mem_a[2]} LOC=U2 VCCIO=1.5 IOSTANDARD=SSTL15_I DRIVE=8.9 SLEW=FAST UNUSED=TRUE
Executing : def_port {mem_a[2]} LOC=U2 VCCIO=1.5 IOSTANDARD=SSTL15_I DRIVE=8.9 SLEW=FAST UNUSED=TRUE successfully
Executing : def_port {mem_a[3]} LOC=V2 VCCIO=1.5 IOSTANDARD=SSTL15_I DRIVE=8.9 SLEW=FAST UNUSED=TRUE
Executing : def_port {mem_a[3]} LOC=V2 VCCIO=1.5 IOSTANDARD=SSTL15_I DRIVE=8.9 SLEW=FAST UNUSED=TRUE successfully
Executing : def_port {mem_a[4]} LOC=R3 VCCIO=1.5 IOSTANDARD=SSTL15_I DRIVE=8.9 SLEW=FAST UNUSED=TRUE
Executing : def_port {mem_a[4]} LOC=R3 VCCIO=1.5 IOSTANDARD=SSTL15_I DRIVE=8.9 SLEW=FAST UNUSED=TRUE successfully
Executing : def_port {mem_a[5]} LOC=R2 VCCIO=1.5 IOSTANDARD=SSTL15_I DRIVE=8.9 SLEW=FAST UNUSED=TRUE
Executing : def_port {mem_a[5]} LOC=R2 VCCIO=1.5 IOSTANDARD=SSTL15_I DRIVE=8.9 SLEW=FAST UNUSED=TRUE successfully
Executing : def_port {mem_a[6]} LOC=W2 VCCIO=1.5 IOSTANDARD=SSTL15_I DRIVE=8.9 SLEW=FAST UNUSED=TRUE
Executing : def_port {mem_a[6]} LOC=W2 VCCIO=1.5 IOSTANDARD=SSTL15_I DRIVE=8.9 SLEW=FAST UNUSED=TRUE successfully
Executing : def_port {mem_a[7]} LOC=Y2 VCCIO=1.5 IOSTANDARD=SSTL15_I DRIVE=8.9 SLEW=FAST UNUSED=TRUE
Executing : def_port {mem_a[7]} LOC=Y2 VCCIO=1.5 IOSTANDARD=SSTL15_I DRIVE=8.9 SLEW=FAST UNUSED=TRUE successfully
Executing : def_port {mem_a[8]} LOC=W1 VCCIO=1.5 IOSTANDARD=SSTL15_I DRIVE=8.9 SLEW=FAST UNUSED=TRUE
Executing : def_port {mem_a[8]} LOC=W1 VCCIO=1.5 IOSTANDARD=SSTL15_I DRIVE=8.9 SLEW=FAST UNUSED=TRUE successfully
Executing : def_port {mem_a[9]} LOC=Y1 VCCIO=1.5 IOSTANDARD=SSTL15_I DRIVE=8.9 SLEW=FAST UNUSED=TRUE
Executing : def_port {mem_a[9]} LOC=Y1 VCCIO=1.5 IOSTANDARD=SSTL15_I DRIVE=8.9 SLEW=FAST UNUSED=TRUE successfully
Executing : def_port {mem_a[10]} LOC=U3 VCCIO=1.5 IOSTANDARD=SSTL15_I DRIVE=8.9 SLEW=FAST UNUSED=TRUE
Executing : def_port {mem_a[10]} LOC=U3 VCCIO=1.5 IOSTANDARD=SSTL15_I DRIVE=8.9 SLEW=FAST UNUSED=TRUE successfully
Executing : def_port {mem_a[11]} LOC=AA1 VCCIO=1.5 IOSTANDARD=SSTL15_I DRIVE=8.9 SLEW=FAST UNUSED=TRUE
Executing : def_port {mem_a[11]} LOC=AA1 VCCIO=1.5 IOSTANDARD=SSTL15_I DRIVE=8.9 SLEW=FAST UNUSED=TRUE successfully
Executing : def_port {mem_a[12]} LOC=AB1 VCCIO=1.5 IOSTANDARD=SSTL15_I DRIVE=8.9 SLEW=FAST UNUSED=TRUE
Executing : def_port {mem_a[12]} LOC=AB1 VCCIO=1.5 IOSTANDARD=SSTL15_I DRIVE=8.9 SLEW=FAST UNUSED=TRUE successfully
Executing : def_port {mem_a[13]} LOC=AB3 VCCIO=1.5 IOSTANDARD=SSTL15_I DRIVE=8.9 SLEW=FAST UNUSED=TRUE
Executing : def_port {mem_a[13]} LOC=AB3 VCCIO=1.5 IOSTANDARD=SSTL15_I DRIVE=8.9 SLEW=FAST UNUSED=TRUE successfully
Executing : def_port {mem_a[14]} LOC=AB2 VCCIO=1.5 IOSTANDARD=SSTL15_I DRIVE=8.9 SLEW=FAST UNUSED=TRUE
Executing : def_port {mem_a[14]} LOC=AB2 VCCIO=1.5 IOSTANDARD=SSTL15_I DRIVE=8.9 SLEW=FAST UNUSED=TRUE successfully
Executing : def_port {mem_ba[0]} LOC=AA3 VCCIO=1.5 IOSTANDARD=SSTL15_I DRIVE=8.9 SLEW=FAST UNUSED=TRUE
Executing : def_port {mem_ba[0]} LOC=AA3 VCCIO=1.5 IOSTANDARD=SSTL15_I DRIVE=8.9 SLEW=FAST UNUSED=TRUE successfully
Executing : def_port {mem_ba[1]} LOC=AA5 VCCIO=1.5 IOSTANDARD=SSTL15_I DRIVE=8.9 SLEW=FAST UNUSED=TRUE
Executing : def_port {mem_ba[1]} LOC=AA5 VCCIO=1.5 IOSTANDARD=SSTL15_I DRIVE=8.9 SLEW=FAST UNUSED=TRUE successfully
Executing : def_port {mem_ba[2]} LOC=AB5 VCCIO=1.5 IOSTANDARD=SSTL15_I DRIVE=8.9 SLEW=FAST UNUSED=TRUE
Executing : def_port {mem_ba[2]} LOC=AB5 VCCIO=1.5 IOSTANDARD=SSTL15_I DRIVE=8.9 SLEW=FAST UNUSED=TRUE successfully
Executing : def_port {mem_cas_n} LOC=U6 VCCIO=1.5 IOSTANDARD=SSTL15_I DRIVE=8.9 SLEW=FAST UNUSED=TRUE
Executing : def_port {mem_cas_n} LOC=U6 VCCIO=1.5 IOSTANDARD=SSTL15_I DRIVE=8.9 SLEW=FAST UNUSED=TRUE successfully
Executing : def_port {mem_ck} LOC=Y4 VCCIO=1.5 IOSTANDARD=SSTL15D_I DRIVE=8.9 SLEW=FAST UNUSED=TRUE
Executing : def_port {mem_ck} LOC=Y4 VCCIO=1.5 IOSTANDARD=SSTL15D_I DRIVE=8.9 SLEW=FAST UNUSED=TRUE successfully
Executing : def_port {mem_ck_n} LOC=AA4 VCCIO=1.5 IOSTANDARD=SSTL15D_I DRIVE=8.9 SLEW=FAST UNUSED=TRUE
Executing : def_port {mem_ck_n} LOC=AA4 VCCIO=1.5 IOSTANDARD=SSTL15D_I DRIVE=8.9 SLEW=FAST UNUSED=TRUE successfully
Executing : def_port {mem_cke} LOC=W4 VCCIO=1.5 IOSTANDARD=SSTL15_I DRIVE=8.9 SLEW=FAST UNUSED=TRUE
Executing : def_port {mem_cke} LOC=W4 VCCIO=1.5 IOSTANDARD=SSTL15_I DRIVE=8.9 SLEW=FAST UNUSED=TRUE successfully
Executing : def_port {mem_cs_n} LOC=V5 VCCIO=1.5 IOSTANDARD=SSTL15_I DRIVE=8.9 SLEW=FAST UNUSED=TRUE
Executing : def_port {mem_cs_n} LOC=V5 VCCIO=1.5 IOSTANDARD=SSTL15_I DRIVE=8.9 SLEW=FAST UNUSED=TRUE successfully
Executing : def_port {mem_dm[0]} LOC=N5 VCCIO=1.5 IOSTANDARD=SSTL15_I DRIVE=8.9 SLEW=FAST UNUSED=TRUE
Executing : def_port {mem_dm[0]} LOC=N5 VCCIO=1.5 IOSTANDARD=SSTL15_I DRIVE=8.9 SLEW=FAST UNUSED=TRUE successfully
Executing : def_port {mem_dm[1]} LOC=L5 VCCIO=1.5 IOSTANDARD=SSTL15_I DRIVE=8.9 SLEW=FAST UNUSED=TRUE
Executing : def_port {mem_dm[1]} LOC=L5 VCCIO=1.5 IOSTANDARD=SSTL15_I DRIVE=8.9 SLEW=FAST UNUSED=TRUE successfully
Executing : def_port {mem_odt} LOC=R6 VCCIO=1.5 IOSTANDARD=SSTL15_I DRIVE=8.9 SLEW=FAST UNUSED=TRUE
Executing : def_port {mem_odt} LOC=R6 VCCIO=1.5 IOSTANDARD=SSTL15_I DRIVE=8.9 SLEW=FAST UNUSED=TRUE successfully
Executing : def_port {mem_ras_n} LOC=W5 VCCIO=1.5 IOSTANDARD=SSTL15_I DRIVE=8.9 SLEW=FAST UNUSED=TRUE
Executing : def_port {mem_ras_n} LOC=W5 VCCIO=1.5 IOSTANDARD=SSTL15_I DRIVE=8.9 SLEW=FAST UNUSED=TRUE successfully
Executing : def_port {mem_rst_n} LOC=T3 VCCIO=1.5 IOSTANDARD=SSTL15_I DRIVE=8.9 SLEW=FAST UNUSED=TRUE
Executing : def_port {mem_rst_n} LOC=T3 VCCIO=1.5 IOSTANDARD=SSTL15_I DRIVE=8.9 SLEW=FAST UNUSED=TRUE successfully
Executing : def_port {mem_we_n} LOC=W6 VCCIO=1.5 IOSTANDARD=SSTL15_I DRIVE=8.9 SLEW=FAST UNUSED=TRUE
Executing : def_port {mem_we_n} LOC=W6 VCCIO=1.5 IOSTANDARD=SSTL15_I DRIVE=8.9 SLEW=FAST UNUSED=TRUE successfully
Executing : def_port {board_rst_n} LOC=M15 VCCIO=1.8 IOSTANDARD=LVCMOS18 UNUSED=TRUE
C: ConstraintEditor-2002: [C:/Users/23694/Desktop/ziguang_project/333/04_camera_pcie_capture_40pin_fmc/project/device_map/image_pcie_capture.pcf(line number: 63)] | Port board_rst_n has been placed at location M15, whose type is share pin.
Executing : def_port {board_rst_n} LOC=M15 VCCIO=1.8 IOSTANDARD=LVCMOS18 UNUSED=TRUE successfully
Executing : def_port {cmos1_data[0]} LOC=Y18 VCCIO=3.3 IOSTANDARD=LVCMOS33 NONE=TRUE
Executing : def_port {cmos1_data[0]} LOC=Y18 VCCIO=3.3 IOSTANDARD=LVCMOS33 NONE=TRUE successfully
Executing : def_port {cmos1_data[1]} LOC=AA19 VCCIO=3.3 IOSTANDARD=LVCMOS18 NONE=TRUE
C: ConstraintEditor-2002: [C:/Users/23694/Desktop/ziguang_project/333/04_camera_pcie_capture_40pin_fmc/project/device_map/image_pcie_capture.pcf(line number: 65)] | Port cmos1_data[1] has been placed at location AA19, whose type is share pin.
Executing : def_port {cmos1_data[1]} LOC=AA19 VCCIO=3.3 IOSTANDARD=LVCMOS18 NONE=TRUE successfully
Executing : def_port {cmos1_data[2]} LOC=AB20 VCCIO=3.3 IOSTANDARD=LVCMOS33 NONE=TRUE
C: ConstraintEditor-2002: [C:/Users/23694/Desktop/ziguang_project/333/04_camera_pcie_capture_40pin_fmc/project/device_map/image_pcie_capture.pcf(line number: 66)] | Port cmos1_data[2] has been placed at location AB20, whose type is share pin.
Executing : def_port {cmos1_data[2]} LOC=AB20 VCCIO=3.3 IOSTANDARD=LVCMOS33 NONE=TRUE successfully
Executing : def_port {cmos1_data[3]} LOC=V19 VCCIO=3.3 IOSTANDARD=LVCMOS33 NONE=TRUE
Executing : def_port {cmos1_data[3]} LOC=V19 VCCIO=3.3 IOSTANDARD=LVCMOS33 NONE=TRUE successfully
Executing : def_port {cmos1_data[4]} LOC=L13 VCCIO=1.8 IOSTANDARD=LVCMOS18 NONE=TRUE
C: ConstraintEditor-2002: [C:/Users/23694/Desktop/ziguang_project/333/04_camera_pcie_capture_40pin_fmc/project/device_map/image_pcie_capture.pcf(line number: 68)] | Port cmos1_data[4] has been placed at location L13, whose type is share pin.
Executing : def_port {cmos1_data[4]} LOC=L13 VCCIO=1.8 IOSTANDARD=LVCMOS18 NONE=TRUE successfully
Executing : def_port {cmos1_data[5]} LOC=AB22 VCCIO=3.3 IOSTANDARD=LVCMOS33 NONE=TRUE
C: ConstraintEditor-2002: [C:/Users/23694/Desktop/ziguang_project/333/04_camera_pcie_capture_40pin_fmc/project/device_map/image_pcie_capture.pcf(line number: 69)] | Port cmos1_data[5] has been placed at location AB22, whose type is share pin.
Executing : def_port {cmos1_data[5]} LOC=AB22 VCCIO=3.3 IOSTANDARD=LVCMOS33 NONE=TRUE successfully
Executing : def_port {cmos1_data[6]} LOC=Y19 VCCIO=3.3 IOSTANDARD=LVCMOS33 NONE=TRUE
Executing : def_port {cmos1_data[6]} LOC=Y19 VCCIO=3.3 IOSTANDARD=LVCMOS33 NONE=TRUE successfully
Executing : def_port {cmos1_data[7]} LOC=AB21 VCCIO=3.3 IOSTANDARD=LVCMOS33 NONE=TRUE
C: ConstraintEditor-2002: [C:/Users/23694/Desktop/ziguang_project/333/04_camera_pcie_capture_40pin_fmc/project/device_map/image_pcie_capture.pcf(line number: 71)] | Port cmos1_data[7] has been placed at location AB21, whose type is share pin.
Executing : def_port {cmos1_data[7]} LOC=AB21 VCCIO=3.3 IOSTANDARD=LVCMOS33 NONE=TRUE successfully
Executing : def_port {cmos1_href} LOC=N15 VCCIO=3.3 IOSTANDARD=LVCMOS33 NONE=TRUE
Executing : def_port {cmos1_href} LOC=N15 VCCIO=3.3 IOSTANDARD=LVCMOS33 NONE=TRUE successfully
Executing : def_port {cmos1_pclk} LOC=T18 VCCIO=3.3 IOSTANDARD=LVCMOS33 NONE=TRUE
C: ConstraintEditor-2002: [C:/Users/23694/Desktop/ziguang_project/333/04_camera_pcie_capture_40pin_fmc/project/device_map/image_pcie_capture.pcf(line number: 73)] | Port cmos1_pclk has been placed at location T18, whose type is share pin.
Executing : def_port {cmos1_pclk} LOC=T18 VCCIO=3.3 IOSTANDARD=LVCMOS33 NONE=TRUE successfully
Executing : def_port {cmos1_vsync} LOC=W17 VCCIO=3.3 IOSTANDARD=LVCMOS33 NONE=TRUE
C: ConstraintEditor-2002: [C:/Users/23694/Desktop/ziguang_project/333/04_camera_pcie_capture_40pin_fmc/project/device_map/image_pcie_capture.pcf(line number: 74)] | Port cmos1_vsync has been placed at location W17, whose type is share pin.
Executing : def_port {cmos1_vsync} LOC=W17 VCCIO=3.3 IOSTANDARD=LVCMOS33 NONE=TRUE successfully
Executing : def_port {cmos2_data[0]} LOC=U17 VCCIO=3.3 IOSTANDARD=LVCMOS33 NONE=TRUE
C: ConstraintEditor-2002: [C:/Users/23694/Desktop/ziguang_project/333/04_camera_pcie_capture_40pin_fmc/project/device_map/image_pcie_capture.pcf(line number: 75)] | Port cmos2_data[0] has been placed at location U17, whose type is share pin.
Executing : def_port {cmos2_data[0]} LOC=U17 VCCIO=3.3 IOSTANDARD=LVCMOS33 NONE=TRUE successfully
Executing : def_port {cmos2_data[1]} LOC=V20 VCCIO=3.3 IOSTANDARD=LVCMOS33 NONE=TRUE
Executing : def_port {cmos2_data[1]} LOC=V20 VCCIO=3.3 IOSTANDARD=LVCMOS33 NONE=TRUE successfully
Executing : def_port {cmos2_data[2]} LOC=R16 VCCIO=3.3 IOSTANDARD=LVCMOS33 NONE=TRUE
C: ConstraintEditor-2002: [C:/Users/23694/Desktop/ziguang_project/333/04_camera_pcie_capture_40pin_fmc/project/device_map/image_pcie_capture.pcf(line number: 77)] | Port cmos2_data[2] has been placed at location R16, whose type is share pin.
Executing : def_port {cmos2_data[2]} LOC=R16 VCCIO=3.3 IOSTANDARD=LVCMOS33 NONE=TRUE successfully
Executing : def_port {cmos2_data[3]} LOC=P15 VCCIO=3.3 IOSTANDARD=LVCMOS33 NONE=TRUE
C: ConstraintEditor-2002: [C:/Users/23694/Desktop/ziguang_project/333/04_camera_pcie_capture_40pin_fmc/project/device_map/image_pcie_capture.pcf(line number: 78)] | Port cmos2_data[3] has been placed at location P15, whose type is share pin.
Executing : def_port {cmos2_data[3]} LOC=P15 VCCIO=3.3 IOSTANDARD=LVCMOS33 NONE=TRUE successfully
Executing : def_port {cmos2_data[4]} LOC=W19 VCCIO=3.3 IOSTANDARD=LVCMOS33 NONE=TRUE
Executing : def_port {cmos2_data[4]} LOC=W19 VCCIO=3.3 IOSTANDARD=LVCMOS33 NONE=TRUE successfully
Executing : def_port {cmos2_data[5]} LOC=W20 VCCIO=3.3 IOSTANDARD=LVCMOS33 NONE=TRUE
Executing : def_port {cmos2_data[5]} LOC=W20 VCCIO=3.3 IOSTANDARD=LVCMOS33 NONE=TRUE successfully
Executing : def_port {cmos2_data[6]} LOC=P17 VCCIO=3.3 IOSTANDARD=LVCMOS18 NONE=TRUE
C: ConstraintEditor-2002: [C:/Users/23694/Desktop/ziguang_project/333/04_camera_pcie_capture_40pin_fmc/project/device_map/image_pcie_capture.pcf(line number: 81)] | Port cmos2_data[6] has been placed at location P17, whose type is share pin.
Executing : def_port {cmos2_data[6]} LOC=P17 VCCIO=3.3 IOSTANDARD=LVCMOS18 NONE=TRUE successfully
Executing : def_port {cmos2_data[7]} LOC=AB18 VCCIO=3.3 IOSTANDARD=LVCMOS33 NONE=TRUE
C: ConstraintEditor-2002: [C:/Users/23694/Desktop/ziguang_project/333/04_camera_pcie_capture_40pin_fmc/project/device_map/image_pcie_capture.pcf(line number: 82)] | Port cmos2_data[7] has been placed at location AB18, whose type is share pin.
Executing : def_port {cmos2_data[7]} LOC=AB18 VCCIO=3.3 IOSTANDARD=LVCMOS33 NONE=TRUE successfully
Executing : def_port {cmos2_href} LOC=U18 VCCIO=3.3 IOSTANDARD=LVCMOS33 NONE=TRUE
C: ConstraintEditor-2002: [C:/Users/23694/Desktop/ziguang_project/333/04_camera_pcie_capture_40pin_fmc/project/device_map/image_pcie_capture.pcf(line number: 83)] | Port cmos2_href has been placed at location U18, whose type is share pin.
Executing : def_port {cmos2_href} LOC=U18 VCCIO=3.3 IOSTANDARD=LVCMOS33 NONE=TRUE successfully
Executing : def_port {cmos2_pclk} LOC=P16 VCCIO=3.3 IOSTANDARD=LVCMOS33 NONE=TRUE
C: ConstraintEditor-2002: [C:/Users/23694/Desktop/ziguang_project/333/04_camera_pcie_capture_40pin_fmc/project/device_map/image_pcie_capture.pcf(line number: 84)] | Port cmos2_pclk has been placed at location P16, whose type is share pin.
Executing : def_port {cmos2_pclk} LOC=P16 VCCIO=3.3 IOSTANDARD=LVCMOS33 NONE=TRUE successfully
Executing : def_port {cmos2_vsync} LOC=R17 VCCIO=3.3 IOSTANDARD=LVCMOS33 NONE=TRUE
C: ConstraintEditor-2002: [C:/Users/23694/Desktop/ziguang_project/333/04_camera_pcie_capture_40pin_fmc/project/device_map/image_pcie_capture.pcf(line number: 85)] | Port cmos2_vsync has been placed at location R17, whose type is share pin.
Executing : def_port {cmos2_vsync} LOC=R17 VCCIO=3.3 IOSTANDARD=LVCMOS33 NONE=TRUE successfully
Executing : def_port {cmos3_data[0]} LOC=C19 VCCIO=3.3 IOSTANDARD=LVCMOS33 NONE=TRUE
Executing : def_port {cmos3_data[0]} LOC=C19 VCCIO=3.3 IOSTANDARD=LVCMOS33 NONE=TRUE successfully
Executing : def_port {cmos3_data[1]} LOC=B16 VCCIO=3.3 IOSTANDARD=LVCMOS33 NONE=TRUE
Executing : def_port {cmos3_data[1]} LOC=B16 VCCIO=3.3 IOSTANDARD=LVCMOS33 NONE=TRUE successfully
Executing : def_port {cmos3_data[2]} LOC=B15 VCCIO=3.3 IOSTANDARD=LVCMOS33 NONE=TRUE
Executing : def_port {cmos3_data[2]} LOC=B15 VCCIO=3.3 IOSTANDARD=LVCMOS33 NONE=TRUE successfully
Executing : def_port {cmos3_data[3]} LOC=E13 VCCIO=3.3 IOSTANDARD=LVCMOS33 NONE=TRUE
Executing : def_port {cmos3_data[3]} LOC=E13 VCCIO=3.3 IOSTANDARD=LVCMOS33 NONE=TRUE successfully
Executing : def_port {cmos3_data[4]} LOC=C20 VCCIO=3.3 IOSTANDARD=LVCMOS33 NONE=TRUE
Executing : def_port {cmos3_data[4]} LOC=C20 VCCIO=3.3 IOSTANDARD=LVCMOS33 NONE=TRUE successfully
Executing : def_port {cmos3_data[5]} LOC=E18 VCCIO=3.3 IOSTANDARD=LVCMOS33 NONE=TRUE
Executing : def_port {cmos3_data[5]} LOC=E18 VCCIO=3.3 IOSTANDARD=LVCMOS33 NONE=TRUE successfully
Executing : def_port {cmos3_data[6]} LOC=E16 VCCIO=3.3 IOSTANDARD=LVCMOS33 NONE=TRUE
Executing : def_port {cmos3_data[6]} LOC=E16 VCCIO=3.3 IOSTANDARD=LVCMOS33 NONE=TRUE successfully
Executing : def_port {cmos3_data[7]} LOC=D16 VCCIO=3.3 IOSTANDARD=LVCMOS33 NONE=TRUE
Executing : def_port {cmos3_data[7]} LOC=D16 VCCIO=3.3 IOSTANDARD=LVCMOS33 NONE=TRUE successfully
Executing : def_port {cmos3_href} LOC=A16 VCCIO=3.3 IOSTANDARD=LVCMOS33 NONE=TRUE
Executing : def_port {cmos3_href} LOC=A16 VCCIO=3.3 IOSTANDARD=LVCMOS33 NONE=TRUE successfully
Executing : def_port {cmos3_pclk} LOC=C18 VCCIO=3.3 IOSTANDARD=LVCMOS33 NONE=TRUE
Executing : def_port {cmos3_pclk} LOC=C18 VCCIO=3.3 IOSTANDARD=LVCMOS33 NONE=TRUE successfully
Executing : def_port {cmos3_vsync} LOC=A15 VCCIO=3.3 IOSTANDARD=LVCMOS33 NONE=TRUE
Executing : def_port {cmos3_vsync} LOC=A15 VCCIO=3.3 IOSTANDARD=LVCMOS33 NONE=TRUE successfully
Executing : def_port {free_clk} LOC=V4 VCCIO=1.5 IOSTANDARD=LVCMOS15 UNUSED=TRUE
Executing : def_port {free_clk} LOC=V4 VCCIO=1.5 IOSTANDARD=LVCMOS15 UNUSED=TRUE successfully
Executing : def_port {perst_n} LOC=M16 VCCIO=1.8 IOSTANDARD=LVCMOS18 NONE=TRUE
C: ConstraintEditor-2001: [C:/Users/23694/Desktop/ziguang_project/333/04_camera_pcie_capture_40pin_fmc/project/device_map/image_pcie_capture.pcf(line number: 98)] Object 'perst_n' is dangling, which has no connection. it will be ignored.
Executing : def_port {perst_n} LOC=M16 VCCIO=1.8 IOSTANDARD=LVCMOS18 NONE=TRUE failed
Executing : def_port {ref_clk_n} LOC=E6
Executing : def_port {ref_clk_n} LOC=E6 successfully
Executing : def_port {ref_clk_p} LOC=F6
Executing : def_port {ref_clk_p} LOC=F6 successfully
Executing : def_inst_site {I_ips_ddr_top/u_ddrphy_top/ddrphy_reset_ctrl/ddrphy_ioclk_gate[0]/opit_0_inv} CLMA_285_54 FF3
Executing : def_inst_site {I_ips_ddr_top/u_ddrphy_top/ddrphy_reset_ctrl/ddrphy_ioclk_gate[0]/opit_0_inv} CLMA_285_54 FF3 successfully
Executing : def_inst_site {I_ips_ddr_top/u_ddrphy_top/ddrphy_reset_ctrl/ddrphy_ioclk_gate[1]/opit_0_inv} CLMA_285_360 FF3
Executing : def_inst_site {I_ips_ddr_top/u_ddrphy_top/ddrphy_reset_ctrl/ddrphy_ioclk_gate[1]/opit_0_inv} CLMA_285_360 FF3 successfully
Executing : def_inst_site {u_ips2l_pcie_wrap/U_IPS2L_PCIE_TOP/U_IPS2L_HSSTLP_PCIE_SOFT_PHY/x2.GTP_HSST_2LANE_TOP/U_GTP_HSSTLP_WRAPPER/CHANNEL0_ENABLE.U_GTP_HSSTLP_LANE0/gophsst} HSSTLP_364_918 U0_HSSTLP_LANE
Executing : def_inst_site {u_ips2l_pcie_wrap/U_IPS2L_PCIE_TOP/U_IPS2L_HSSTLP_PCIE_SOFT_PHY/x2.GTP_HSST_2LANE_TOP/U_GTP_HSSTLP_WRAPPER/CHANNEL0_ENABLE.U_GTP_HSSTLP_LANE0/gophsst} HSSTLP_364_918 U0_HSSTLP_LANE successfully
Executing : def_inst_site {u_ips2l_pcie_wrap/U_IPS2L_PCIE_TOP/U_IPS2L_HSSTLP_PCIE_SOFT_PHY/x2.GTP_HSST_2LANE_TOP/U_GTP_HSSTLP_WRAPPER/CHANNEL1_ENABLE.U_GTP_HSSTLP_LANE1/gophsst} HSSTLP_364_918 U1_HSSTLP_LANE
Executing : def_inst_site {u_ips2l_pcie_wrap/U_IPS2L_PCIE_TOP/U_IPS2L_HSSTLP_PCIE_SOFT_PHY/x2.GTP_HSST_2LANE_TOP/U_GTP_HSSTLP_WRAPPER/CHANNEL1_ENABLE.U_GTP_HSSTLP_LANE1/gophsst} HSSTLP_364_918 U1_HSSTLP_LANE successfully
Executing : def_inst_site {u_ips2l_pcie_wrap/U_IPS2L_PCIE_TOP/U_IPS2L_HSSTLP_PCIE_SOFT_PHY/x2.GTP_HSST_2LANE_TOP/U_GTP_HSSTLP_WRAPPER/PLL0_ENABLE.U_GTP_HSSTLP_PLL0/gophsst} HSSTLP_364_918 U0_HSSTLP_PLL
Executing : def_inst_site {u_ips2l_pcie_wrap/U_IPS2L_PCIE_TOP/U_IPS2L_HSSTLP_PCIE_SOFT_PHY/x2.GTP_HSST_2LANE_TOP/U_GTP_HSSTLP_WRAPPER/PLL0_ENABLE.U_GTP_HSSTLP_PLL0/gophsst} HSSTLP_364_918 U0_HSSTLP_PLL successfully
W: ConstraintEditor-4019: Port Bus 'rxn' unspecified I/O constraint.
W: ConstraintEditor-4019: Port Bus 'rxp' unspecified I/O constraint.
W: ConstraintEditor-4019: Port Bus 'txn' unspecified I/O constraint.
W: ConstraintEditor-4019: Port Bus 'txp' unspecified I/O constraint.
W: ConstraintEditor-4019: Port 'cmos_init_done[2]' unspecified I/O constraint.
Constraint check end.
I: Column Clock Check open.
Read Column Clock Map.

Placement started.
Phase 1 Pre global placement started.
Mapping instance GRS_INST/grs_ccs to CCS_87_316.
Mapping instance u_ips2l_pcie_wrap/U_IPS2L_PCIE_TOP/U_IPS2L_PCIE_HARD_CTRL/u_gtp_pcie/gateop to PCIE_315_918.
Mapping instance I_ips_ddr_top/u_ddrphy_top/ddrphy_gpll/u_gpll/gpll_inst to GPLL_367_463.
Mapping instance I_ips_ddr_top/u_ddrphy_top/ddrphy_slice_top/i_dqs_bank[0].u_ddrphy_ioclkdiv/ddrphy_ioclk_div_inst to DDRPHY_IOCLK_DIV_368_310.
Mapping instance I_ips_ddr_top/u_ddrphy_top/ddrphy_slice_top/i_dqs_bank[0].ddrphy_ppll/u_ppll/ppll_inst to PPLL_367_307.
Mapping instance I_ips_ddr_top/u_ddrphy_top/ddrphy_slice_top/i_ca_group[0].u_ddc_ca/ddc_inst to DDR_PHY_369_465.
Mapping instance I_ips_ddr_top/u_ddrphy_top/ddrphy_slice_top/i_ca_group[1].u_ddc_ca/ddc_inst to DDR_PHY_369_463.
Mapping instance I_ips_ddr_top/u_ddrphy_top/ddrphy_slice_top/i_ca_group[2].u_ddc_ca/ddc_inst to DDR_PHY_369_309.
Mapping instance I_ips_ddr_top/u_ddrphy_top/ddrphy_slice_top/i_dqs_bank[1].u_ddrphy_ioclkdiv/ddrphy_ioclk_div_inst to DDRPHY_IOCLK_DIV_368_616.
Mapping instance I_ips_ddr_top/u_ddrphy_top/ddrphy_slice_top/i_dqs_bank[1].ddrphy_ppll/u_ppll/ppll_inst to PPLL_367_613.
Mapping instance I_ips_ddr_top/u_ddrphy_top/ddrphy_slice_top/i_dqs_group[0].ddrphy_data_slice/u_ddc_dq/ddc_inst_PHY to DDR_PHY_369_613.
Mapping instance I_ips_ddr_top/u_ddrphy_top/ddrphy_slice_top/i_dqs_group[1].ddrphy_data_slice/u_ddc_dq/ddc_inst_PHY to DDR_PHY_369_615.
Phase 1.1 1st GP placement started.
Design Utilization : 14%.
First map gop timing takes 5.19 sec
Worst slack after clock region global placement is -4715
Wirelength after clock region global placement is 313929 and checksum is 7AEE031193E13C21.
1st GP placement takes 19.00 sec.

Phase 1.2 Clock placement started.
Mapping instance I_ips_ddr_top/u_ddrphy_top/ddrphy_slice_top/i_dqs_bank[0].u_clkbufr/goprclk to RCKB_363_456.
Mapping instance I_ips_ddr_top/u_ddrphy_top/ddrphy_slice_top/i_dqs_bank[1].u_clkbufr/goprclk to RCKB_363_762.
Mapping instance I_ips_ddr_top/u_ddrphy_top/u_clkbufm/clkbufm_inst to MRCKB_361_456.
C: Place-2028: REGION_CLOCK: the driver cmos1_pclk_ibuf/opit_1 fixed at IOLHR_16_360 is unreasonable. Sub-optimal placement for a clock source and a clock buffer.
Mapping instance cmos1_8_16bit/u_GTP_IOCLKDIV/iockdiv_inst to RCKB_9_150.
C: Place-2028: REGION_CLOCK: the driver cmos2_pclk_ibuf/opit_1 fixed at IOLHR_16_318 is unreasonable. Sub-optimal placement for a clock source and a clock buffer.
Mapping instance cmos2_8_16bit/u_GTP_IOCLKDIV/iockdiv_inst to RCKB_9_151.
Mapping instance cmos2_8_16bit_fmc/U_CLKBUFG/gopclkbufg to USCM_215_669.
Mapping instance cmos2_8_16bit_fmc/u_GTP_IOCLKDIV/iockdiv_inst to RCKB_9_1068.
Mapping instance clkbufg_0/gopclkbufg to USCM_215_624.
Mapping instance I_ips_ddr_top/u_ddrphy_top/u_sysclk_bufg/gopclkbufg to USCM_215_576.
Mapping instance u_ips2l_pcie_wrap/U_IPS2L_PCIE_TOP/U_IPS2L_HSSTLP_PCIE_SOFT_PHY/u_clkbufg/gopclkbufg to USCM_215_627.
Mapping instance clkbufg_1/gopclkbufg to USCM_215_630.
Mapping instance I_ips_ddr_top/u_ddrphy_top/rst_clk_gpll/u_gpll/gpll_inst to GPLL_7_463.
Mapping instance I_ips_ddr_top/u_ddrphy_top/u_rst_clk_bufg/gopclkbufg to USCM_215_579.
Mapping instance pll_inst/u_gpll/gpll_inst to GPLL_7_157.
Mapping instance clkbufg_5/gopclkbufg to USCM_215_582.
C: Place-2028: GLOBAL_CLOCK: the driver cmos2_pclk_ibuf/opit_1 fixed at IOLHR_16_318 is unreasonable. Sub-optimal placement for a clock source and a clock buffer.
Mapping instance clkbufg_2/gopclkbufg to USCM_215_585.
C: Place-2028: GLOBAL_CLOCK: the driver cmos1_pclk_ibuf/opit_1 fixed at IOLHR_16_360 is unreasonable. Sub-optimal placement for a clock source and a clock buffer.
Mapping instance clkbufg_3/gopclkbufg to USCM_215_588.
Mapping instance clkbufg_4/gopclkbufg to USCM_215_633.
Clock placement takes 0.64 sec.

Wirelength after Pre Global Placement is 313929 and checksum is 7AEE031193E13C21.
Pre global placement takes 21.06 sec.

Phase 2 Global placement started.
Phase 2.1 Fixed placement started.
Placed fixed group with base inst I_ips_ddr_top/u_ddrphy_top/ddrphy_slice_top/i_dqs_group[0].ddrphy_data_slice/dq_loop[0].u_iobuf_dq/opit_1 on IOLHR_364_624.
Placed fixed group with base inst I_ips_ddr_top/u_ddrphy_top/ddrphy_slice_top/i_dqs_group[0].ddrphy_data_slice/dq_loop[1].u_iobuf_dq/opit_1 on IOLHR_364_630.
Placed fixed group with base inst I_ips_ddr_top/u_ddrphy_top/ddrphy_slice_top/i_dqs_group[0].ddrphy_data_slice/dq_loop[2].u_iobuf_dq/opit_1 on IOLHR_364_636.
Placed fixed group with base inst I_ips_ddr_top/u_ddrphy_top/ddrphy_slice_top/i_dqs_group[0].ddrphy_data_slice/dq_loop[3].u_iobuf_dq/opit_1 on IOLHR_364_642.
Placed fixed group with base inst I_ips_ddr_top/u_ddrphy_top/ddrphy_slice_top/i_dqs_group[0].ddrphy_data_slice/dq_loop[4].u_iobuf_dq/opit_1 on IOLHR_364_648.
Placed fixed group with base inst I_ips_ddr_top/u_ddrphy_top/ddrphy_slice_top/i_dqs_group[0].ddrphy_data_slice/dq_loop[5].u_iobuf_dq/opit_1 on IOLHR_364_666.
Placed fixed group with base inst I_ips_ddr_top/u_ddrphy_top/ddrphy_slice_top/i_dqs_group[0].ddrphy_data_slice/dq_loop[6].u_iobuf_dq/opit_1 on IOLHR_364_672.
Placed fixed group with base inst I_ips_ddr_top/u_ddrphy_top/ddrphy_slice_top/i_dqs_group[0].ddrphy_data_slice/dq_loop[7].u_iobuf_dq/opit_1 on IOLHR_364_684.
Placed fixed group with base inst I_ips_ddr_top/u_ddrphy_top/ddrphy_slice_top/i_dqs_group[0].ddrphy_data_slice/genblk1.u_iobufco_dqs/opit_2 on IOLHR_364_660.
Placed fixed group with base inst I_ips_ddr_top/u_ddrphy_top/ddrphy_slice_top/i_dqs_group[0].ddrphy_data_slice/u_outbuft_dm/opit_1 on IOLHR_364_618.
Placed fixed group with base inst I_ips_ddr_top/u_ddrphy_top/ddrphy_slice_top/i_dqs_group[1].ddrphy_data_slice/dq_loop[0].u_iobuf_dq/opit_1 on IOLHR_364_702.
Placed fixed group with base inst I_ips_ddr_top/u_ddrphy_top/ddrphy_slice_top/i_dqs_group[1].ddrphy_data_slice/dq_loop[1].u_iobuf_dq/opit_1 on IOLHR_364_708.
Placed fixed group with base inst I_ips_ddr_top/u_ddrphy_top/ddrphy_slice_top/i_dqs_group[1].ddrphy_data_slice/dq_loop[2].u_iobuf_dq/opit_1 on IOLHR_364_714.
Placed fixed group with base inst I_ips_ddr_top/u_ddrphy_top/ddrphy_slice_top/i_dqs_group[1].ddrphy_data_slice/dq_loop[3].u_iobuf_dq/opit_1 on IOLHR_364_720.
Placed fixed group with base inst I_ips_ddr_top/u_ddrphy_top/ddrphy_slice_top/i_dqs_group[1].ddrphy_data_slice/dq_loop[4].u_iobuf_dq/opit_1 on IOLHR_364_738.
Placed fixed group with base inst I_ips_ddr_top/u_ddrphy_top/ddrphy_slice_top/i_dqs_group[1].ddrphy_data_slice/dq_loop[5].u_iobuf_dq/opit_1 on IOLHR_364_744.
Placed fixed group with base inst I_ips_ddr_top/u_ddrphy_top/ddrphy_slice_top/i_dqs_group[1].ddrphy_data_slice/dq_loop[6].u_iobuf_dq/opit_1 on IOLHR_364_750.
Placed fixed group with base inst I_ips_ddr_top/u_ddrphy_top/ddrphy_slice_top/i_dqs_group[1].ddrphy_data_slice/dq_loop[7].u_iobuf_dq/opit_1 on IOLHR_364_756.
Placed fixed group with base inst I_ips_ddr_top/u_ddrphy_top/ddrphy_slice_top/i_dqs_group[1].ddrphy_data_slice/genblk1.u_iobufco_dqs/opit_2 on IOLHR_364_732.
Placed fixed group with base inst I_ips_ddr_top/u_ddrphy_top/ddrphy_slice_top/i_dqs_group[1].ddrphy_data_slice/u_outbuft_dm/opit_1 on IOLHR_364_696.
Placed fixed group with base inst I_ips_ddr_top/u_ddrphy_top/ddrphy_slice_top/i_mem_addr_0[0].u_outbuft_addr0/opit_1 on IOLHR_364_600.
Placed fixed group with base inst I_ips_ddr_top/u_ddrphy_top/ddrphy_slice_top/i_mem_addr_0[1].u_outbuft_addr0/opit_1 on IOLHR_364_594.
Placed fixed group with base inst I_ips_ddr_top/u_ddrphy_top/ddrphy_slice_top/i_mem_addr_0[2].u_outbuft_addr0/opit_1 on IOLHR_364_588.
Placed fixed group with base inst I_ips_ddr_top/u_ddrphy_top/ddrphy_slice_top/i_mem_addr_0[3].u_outbuft_addr0/opit_1 on IOLHR_364_582.
Placed fixed group with base inst I_ips_ddr_top/u_ddrphy_top/ddrphy_slice_top/i_mem_addr_0[4].u_outbuft_addr0/opit_1 on IOLHR_364_576.
Placed fixed group with base inst I_ips_ddr_top/u_ddrphy_top/ddrphy_slice_top/i_mem_addr_0[5].u_outbuft_addr0/opit_1 on IOLHR_364_570.
Placed fixed group with base inst I_ips_ddr_top/u_ddrphy_top/ddrphy_slice_top/i_mem_addr_0[6].u_outbuft_addr0/opit_1 on IOLHR_364_564.
Placed fixed group with base inst I_ips_ddr_top/u_ddrphy_top/ddrphy_slice_top/i_mem_addr_0[7].u_outbuft_addr0/opit_1 on IOLHR_364_558.
Placed fixed group with base inst I_ips_ddr_top/u_ddrphy_top/ddrphy_slice_top/i_mem_addr_0[8].u_outbuft_addr0/opit_1 on IOLHR_364_552.
Placed fixed group with base inst I_ips_ddr_top/u_ddrphy_top/ddrphy_slice_top/i_mem_addr_0[9].u_outbuft_addr0/opit_1 on IOLHR_364_546.
Placed fixed group with base inst I_ips_ddr_top/u_ddrphy_top/ddrphy_slice_top/i_mem_addr_0[10].u_outbuft_addr0/opit_1 on IOLHR_364_540.
Placed fixed group with base inst I_ips_ddr_top/u_ddrphy_top/ddrphy_slice_top/i_mem_addr_0[11].u_outbuft_addr0/opit_1 on IOLHR_364_528.
Placed fixed group with base inst I_ips_ddr_top/u_ddrphy_top/ddrphy_slice_top/i_mem_addr_0[12].u_outbuft_addr0/opit_1 on IOLHR_364_522.
Placed fixed group with base inst I_ips_ddr_top/u_ddrphy_top/ddrphy_slice_top/i_mem_addr_0[13].u_outbuft_addr0/opit_1 on IOLHR_364_516.
Placed fixed group with base inst I_ips_ddr_top/u_ddrphy_top/ddrphy_slice_top/i_mem_addr_0[14].u_outbuft_addr0/opit_1 on IOLHR_364_510.
Placed fixed group with base inst I_ips_ddr_top/u_ddrphy_top/ddrphy_slice_top/k_mem_ba[0].u_outbuft_ba/opit_1 on IOLHR_364_498.
Placed fixed group with base inst I_ips_ddr_top/u_ddrphy_top/ddrphy_slice_top/k_mem_ba[1].u_outbuft_ba/opit_1 on IOLHR_364_492.
Placed fixed group with base inst I_ips_ddr_top/u_ddrphy_top/ddrphy_slice_top/k_mem_ba[2].u_outbuft_ba/opit_1 on IOLHR_364_486.
Placed fixed group with base inst I_ips_ddr_top/u_ddrphy_top/ddrphy_slice_top/u_outbuft_casn/opit_1 on IOLHR_364_414.
Placed fixed group with base inst I_ips_ddr_top/u_ddrphy_top/ddrphy_slice_top/u_outbuft_cke/opit_1 on IOLHR_364_462.
Placed fixed group with base inst I_ips_ddr_top/u_ddrphy_top/ddrphy_slice_top/u_outbuft_csn/opit_1 on IOLHR_364_408.
Placed fixed group with base inst I_ips_ddr_top/u_ddrphy_top/ddrphy_slice_top/u_outbuft_odt/opit_1 on IOLHR_364_402.
Placed fixed group with base inst I_ips_ddr_top/u_ddrphy_top/ddrphy_slice_top/u_outbuft_rasn/opit_1 on IOLHR_364_420.
Placed fixed group with base inst I_ips_ddr_top/u_ddrphy_top/ddrphy_slice_top/u_outbuft_wen/opit_1 on IOLHR_364_426.
Placed fixed group with base inst I_ips_ddr_top/u_ddrphy_top/ddrphy_slice_top/u_outbuftco_ck/opit_3 on IOLHR_364_480.
Placed fixed group with base inst board_rst_n_ibuf/opit_1 on IOLHR_16_624.
Placed fixed group with base inst cmos1_data_ibuf[0]/opit_1 on IOLHR_16_450.
Placed fixed group with base inst cmos1_data_ibuf[1]/opit_1 on IOLHR_16_426.
Placed fixed group with base inst cmos1_data_ibuf[2]/opit_1 on IOLHR_16_420.
Placed fixed group with base inst cmos1_data_ibuf[3]/opit_1 on IOLHR_16_432.
Placed fixed group with base inst cmos1_data_ibuf[4]/opit_1 on IOLHR_16_666.
Placed fixed group with base inst cmos1_data_ibuf[5]/opit_1 on IOLHR_16_486.
Placed fixed group with base inst cmos1_data_ibuf[6]/opit_1 on IOLHR_16_444.
Placed fixed group with base inst cmos1_data_ibuf[7]/opit_1 on IOLHR_16_492.
Placed fixed group with base inst cmos1_href_ibuf/opit_1 on IOLHR_16_306.
Placed fixed group with base inst cmos1_pclk_ibuf/opit_1 on IOLHR_16_360.
Placed fixed group with base inst cmos1_reset_obuf/opit_1 on IOLHR_16_438.
Placed fixed group with base inst cmos1_scl_iobuf/opit_1 on IOLHR_16_372.
Placed fixed group with base inst cmos1_vsync_ibuf/opit_1 on IOLHR_16_408.
Placed fixed group with base inst cmos2_data_ibuf[0]/opit_1 on IOLHR_16_390.
Placed fixed group with base inst cmos2_data_ibuf[1]/opit_1 on IOLHR_16_474.
Placed fixed group with base inst cmos2_data_ibuf[2]/opit_1 on IOLHR_16_336.
Placed fixed group with base inst cmos2_data_ibuf[3]/opit_1 on IOLHR_16_342.
Placed fixed group with base inst cmos2_data_ibuf[4]/opit_1 on IOLHR_16_468.
Placed fixed group with base inst cmos2_data_ibuf[5]/opit_1 on IOLHR_16_462.
Placed fixed group with base inst cmos2_data_ibuf[6]/opit_1 on IOLHR_16_348.
Placed fixed group with base inst cmos2_data_ibuf[7]/opit_1 on IOLHR_16_396.
Placed fixed group with base inst cmos2_href_ibuf/opit_1 on IOLHR_16_384.
Placed fixed group with base inst cmos2_pclk_ibuf/opit_1 on IOLHR_16_318.
Placed fixed group with base inst cmos2_reset_obuf/opit_1 on IOLHR_16_510.
Placed fixed group with base inst cmos2_scl_iobuf/opit_1 on IOLHR_16_480.
Placed fixed group with base inst cmos2_vsync_ibuf/opit_1 on IOLHR_16_312.
Placed fixed group with base inst cmos3_data_ibuf[0]/opit_1 on IOLHR_16_1056.
Placed fixed group with base inst cmos3_data_ibuf[1]/opit_1 on IOLHR_16_1134.
Placed fixed group with base inst cmos3_data_ibuf[2]/opit_1 on IOLHR_16_1140.
Placed fixed group with base inst cmos3_data_ibuf[3]/opit_1 on IOLHR_16_1176.
Placed fixed group with base inst cmos3_data_ibuf[4]/opit_1 on IOLHR_16_984.
Placed fixed group with base inst cmos3_data_ibuf[5]/opit_1 on IOLHR_16_1032.
Placed fixed group with base inst cmos3_data_ibuf[6]/opit_1 on IOLHR_16_1164.
Placed fixed group with base inst cmos3_data_ibuf[7]/opit_1 on IOLHR_16_1158.
Placed fixed group with base inst cmos3_href_ibuf/opit_1 on IOLHR_16_1110.
Placed fixed group with base inst cmos3_pclk_ibuf/opit_1 on IOLHR_16_1062.
Placed fixed group with base inst cmos3_reset_obuf/opit_1 on IOLHR_16_1122.
Placed fixed group with base inst cmos3_scl_iobuf/opit_1 on IOLHR_16_1170.
Placed fixed group with base inst cmos3_vsync_ibuf/opit_1 on IOLHR_16_1116.
Placed fixed group with base inst cmos_init_done_obuf[0]/opit_1 on IOLHR_16_612.
Placed fixed group with base inst cmos_init_done_obuf[1]/opit_1 on IOLHR_16_912.
Placed fixed group with base inst coms1_reg_config.u1.i2c_sdat_tri/opit_1 on IOLHR_16_378.
Placed fixed group with base inst coms2_reg_config.u1.i2c_sdat_tri/opit_1 on IOLHR_16_354.
Placed fixed group with base inst coms3_reg_config.u1.i2c_sdat_tri/opit_1 on IOLHR_16_1200.
Placed fixed group with base inst free_clk_ibuf/opit_1 on IOLHR_364_468.
Placed fixed group with base inst mem_rst_n_obuf/opit_1 on IOLHR_364_606.
Placed fixed group with base inst u_ips2l_pcie_wrap/U_IPS2L_PCIE_TOP/U_IPS2L_HSSTLP_PCIE_SOFT_PHY/x2.GTP_HSST_2LANE_TOP/U_GTP_HSSTLP_WRAPPER/CHANNEL0_ENABLE.U_GTP_HSSTLP_LANE0/gophsst on HSSTLP_364_918.
Placed fixed instance I_ips_ddr_top/u_ddrphy_top/ddrphy_reset_ctrl/ddrphy_ioclk_gate[0]/opit_0_inv on CLMA_285_54.
Placed fixed instance I_ips_ddr_top/u_ddrphy_top/ddrphy_reset_ctrl/ddrphy_ioclk_gate[1]/opit_0_inv on CLMA_285_360.
Placed fixed instance u_ips2l_pcie_wrap/U_IPS2L_PCIE_TOP/U_IPS2L_HSSTLP_PCIE_SOFT_PHY/x2.GTP_HSST_2LANE_TOP/U_GTP_HSSTLP_WRAPPER/PLL0_ENABLE.U_GTP_HSSTLP_PLL0/gophsst on HSSTLP_364_918.
Placed fixed instance GRS_INST/grs_ccs on CCS_87_316.
Placed fixed instance I_ips_ddr_top/u_ddrphy_top/ddrphy_gpll/u_gpll/gpll_inst on GPLL_367_463.
Placed fixed instance I_ips_ddr_top/u_ddrphy_top/ddrphy_slice_top/i_ca_group[0].u_ddc_ca/ddc_inst on DDR_PHY_369_465.
Placed fixed instance I_ips_ddr_top/u_ddrphy_top/ddrphy_slice_top/i_ca_group[1].u_ddc_ca/ddc_inst on DDR_PHY_369_463.
Placed fixed instance I_ips_ddr_top/u_ddrphy_top/ddrphy_slice_top/i_ca_group[2].u_ddc_ca/ddc_inst on DDR_PHY_369_309.
Placed fixed instance I_ips_ddr_top/u_ddrphy_top/ddrphy_slice_top/i_dqs_bank[0].ddrphy_ppll/u_ppll/ppll_inst on PPLL_367_307.
Placed fixed instance I_ips_ddr_top/u_ddrphy_top/ddrphy_slice_top/i_dqs_bank[0].u_clkbufr/goprclk on RCKB_363_456.
Placed fixed instance I_ips_ddr_top/u_ddrphy_top/ddrphy_slice_top/i_dqs_bank[0].u_ddrphy_ioclkdiv/ddrphy_ioclk_div_inst on DDRPHY_IOCLK_DIV_368_310.
Placed fixed instance I_ips_ddr_top/u_ddrphy_top/ddrphy_slice_top/i_dqs_bank[1].ddrphy_ppll/u_ppll/ppll_inst on PPLL_367_613.
Placed fixed instance I_ips_ddr_top/u_ddrphy_top/ddrphy_slice_top/i_dqs_bank[1].u_clkbufr/goprclk on RCKB_363_762.
Placed fixed instance I_ips_ddr_top/u_ddrphy_top/ddrphy_slice_top/i_dqs_bank[1].u_ddrphy_ioclkdiv/ddrphy_ioclk_div_inst on DDRPHY_IOCLK_DIV_368_616.
Placed fixed instance I_ips_ddr_top/u_ddrphy_top/ddrphy_slice_top/i_dqs_group[0].ddrphy_data_slice/u_ddc_dq/ddc_inst_PHY on DDR_PHY_369_613.
Placed fixed instance I_ips_ddr_top/u_ddrphy_top/ddrphy_slice_top/i_dqs_group[1].ddrphy_data_slice/u_ddc_dq/ddc_inst_PHY on DDR_PHY_369_615.
Placed fixed instance I_ips_ddr_top/u_ddrphy_top/rst_clk_gpll/u_gpll/gpll_inst on GPLL_7_463.
Placed fixed instance I_ips_ddr_top/u_ddrphy_top/u_clkbufm/clkbufm_inst on MRCKB_361_456.
Placed fixed instance I_ips_ddr_top/u_ddrphy_top/u_rst_clk_bufg/gopclkbufg on USCM_215_579.
Placed fixed instance I_ips_ddr_top/u_ddrphy_top/u_sysclk_bufg/gopclkbufg on USCM_215_576.
Placed fixed instance clkbufg_0/gopclkbufg on USCM_215_624.
Placed fixed instance clkbufg_1/gopclkbufg on USCM_215_630.
Placed fixed instance clkbufg_2/gopclkbufg on USCM_215_585.
Placed fixed instance clkbufg_3/gopclkbufg on USCM_215_588.
Placed fixed instance clkbufg_4/gopclkbufg on USCM_215_633.
Placed fixed instance clkbufg_5/gopclkbufg on USCM_215_582.
Placed fixed instance cmos1_8_16bit/u_GTP_IOCLKDIV/iockdiv_inst on RCKB_9_150.
Placed fixed instance cmos2_8_16bit/u_GTP_IOCLKDIV/iockdiv_inst on RCKB_9_151.
Placed fixed instance cmos2_8_16bit_fmc/U_CLKBUFG/gopclkbufg on USCM_215_669.
Placed fixed instance cmos2_8_16bit_fmc/u_GTP_IOCLKDIV/iockdiv_inst on RCKB_9_1068.
Placed fixed instance pll_inst/u_gpll/gpll_inst on GPLL_7_157.
Placed fixed instance ref_clk_n_ibuf_hsst on SPAD_363_922.
Placed fixed instance ref_clk_p_ibuf_hsst on SPAD_363_921.
Placed fixed instance u_ips2l_pcie_wrap/U_IPS2L_PCIE_TOP/U_IPS2L_HSSTLP_PCIE_SOFT_PHY/u_clkbufg/gopclkbufg on USCM_215_627.
Placed fixed instance u_ips2l_pcie_wrap/U_IPS2L_PCIE_TOP/U_IPS2L_PCIE_HARD_CTRL/u_gtp_pcie/gateop on PCIE_315_918.
Placed fixed instance BKCL_auto_0 on BKCL_1_952.
Placed fixed instance BKCL_auto_1 on BKCL_1_646.
Placed fixed instance BKCL_auto_2 on BKCL_1_340.
Placed fixed instance BKCL_auto_3 on BKCL_373_646.
Placed fixed instance BKCL_auto_4 on BKCL_373_340.
Fixed placement takes 0.69 sec.

Phase 2.2 Process placement started.
I: The IO driver of I_ips_ddr_top/u_ddrphy_top/rst_clk_gpll/u_gpll/gpll_inst(CLKIN1) is not constraint at pllpad, its clock path will pass through SRB.
I: The IO driver of pll_inst/u_gpll/gpll_inst(CLKIN1) is not constraint at pllpad, its clock path will pass through SRB.
Process placement takes 0.00 sec.

Phase 2.3 IO placement started.
IO placement takes 0.19 sec.

Phase 2.4 2nd GP placement started.
Run super clustering :
	Initial slack -6056.
	2 iterations finished.
	Final slack -5799.
Super clustering done.
Design Utilization : 14%.
Worst slack after global placement is -4256
2nd GP placement takes 14.19 sec.

Wirelength after global placement is 167159 and checksum is 65E2A4E56D172D0C.
Global placement takes 15.08 sec.

Phase 3 Post global placement started.
Packing LUT6D started.
I: LUT6D pack result: There are 3239 LUT6 in collection, pack success:106
Packing LUT6D takes 3.47 sec.
Phase 3.1 Macro cell placement started.
I: Process macros using "Greedy".
Wirelength after macro cell placement is 183912 and checksum is A4664786311B516F.
Macro cell placement takes 0.17 sec.

Phase 3.2 3rd GP placement started.
Run super clustering :
	Initial slack -6056.
	2 iterations finished.
	Final slack -5799.
Super clustering done.
Design Utilization : 14%.
Worst slack after post global placement is -4347
3rd GP placement takes 8.36 sec.

Wirelength after post global placement is 154020 and checksum is 144B6E843A217147.
Packing LUT6D started.
I: LUT6D pack result: There are 3049 LUT6 in collection, pack success:9
Packing LUT6D takes 3.31 sec.
Post global placement takes 15.39 sec.

Phase 4 Legalization started.
The average distance in LP is 0.769512.
Wirelength after legalization is 178892 and checksum is 7E3FC2AF1DD5E998.
Legalization takes 1.91 sec.

Phase 5 Timing-driven detailed placement started.
Phase 5.1 Replication placement started.
Worst slack before Replication Place is -4653.
Replication placement takes 1.73 sec.

Wirelength after replication placement is 179005 and checksum is C42B4100746A4733.
Phase 5.2 Swapping placement started.
Worst slack before detailed placement is -4392, TNS before detailed placement is -508360. 
Cost at Swap iteration 0 : -4392, wslk -4389, tns -499998, takes 0.23 sec.
Cost at DP iteration 0 : -4389, wslk -4167, tns -479091, takes 0.34 sec.
Cost at Swap iteration 1 : -4167, wslk -4129, tns -477164, takes 0.30 sec.
Cost at Swap iteration 2 : -4129, wslk -4068, tns -475044, takes 0.25 sec.
Cost at DP iteration 2 : -4068, wslk -4060, tns -474041, takes 0.25 sec.
Cost at Swap iteration 3 : -4060, wslk -4060, tns -472354, takes 0.30 sec.
Cost at Swap iteration 4 : -4060, wslk -4060, tns -472083, takes 0.92 sec.
Cost at DP iteration 4 : -4060, wslk -4060, tns -470864, takes 1.58 sec.
Cost at Swap iteration 5 : -4060, wslk -4060, tns -470800, takes 0.28 sec.
Worst slack after detailed placement is -4060, TNS after detailed placement is -470800. 
Swapping placement takes 5.44 sec.

I: Place-6001: Add the new FF instances CLMA_81_307(/FFAPP1/FF) CLMA_165_372(/FFAPP2/FF) CLMA_171_438(/FFAPP0/FF) replicated by the FF instance CLMS_105_301(/FFAPP2/FF) .
Origin I_ips_ddr_top/u_ddrphy_top/ddrphy_dfi/dfi_init_complete/opit_0_inv_L5Q replicates:
    CLMA_81_307(/FFAPP1/FF)  : I_ips_ddr_top/u_ddrphy_top/ddrphy_dfi/dfi_init_complete/opit_0_inv_L5Q_1(gopLUT6L5Q)
    CLMA_165_372(/FFAPP2/FF)  : I_ips_ddr_top/u_ddrphy_top/ddrphy_dfi/dfi_init_complete/opit_0_inv_L5Q_2(gopLUT6L5Q)
    CLMA_171_438(/FFAPP0/FF)  : I_ips_ddr_top/u_ddrphy_top/ddrphy_dfi/dfi_init_complete/opit_0_inv_L5Q_3(gopLUT6L5Q)
Wirelength after detailed placement is 181640 and checksum is 66483E3840EF5381.
Timing-driven detailed placement takes 7.23 sec.

Worst slack is -4800, TNS after placement is -958339.
Placement done.
Total placement takes 70.28 sec.
Finished placement.

Routing started.
Building routing graph takes 7.69 sec.
Worst slack is -4800, TNS before global route is -958339.
Processing design graph takes 3.89 sec.
Total memory for routing:
	229.209800 M.
Total nets for routing : 20916.
Global Routing step 1 processed 0 nets, it takes 4.48 sec.
Rcf routing step 1 processed 0 nets, it takes 0.00 sec.
Rcf routing step 2 processed 0 nets, it takes 0.00 sec.
Rcf routing step 3 processed 0 nets, it takes 0.00 sec.
Unrouted nets 0 at the end of iteration 0.
Global Routing step 1 processed 78 nets, it takes 0.08 sec.
Unrouted nets 157 at the end of iteration 0.
Unrouted nets 86 at the end of iteration 1.
Unrouted nets 41 at the end of iteration 2.
Unrouted nets 28 at the end of iteration 3.
Unrouted nets 19 at the end of iteration 4.
Unrouted nets 9 at the end of iteration 5.
Unrouted nets 8 at the end of iteration 6.
Unrouted nets 2 at the end of iteration 7.
Unrouted nets 2 at the end of iteration 8.
Unrouted nets 1 at the end of iteration 9.
Unrouted nets 1 at the end of iteration 10.
Unrouted nets 1 at the end of iteration 11.
Unrouted nets 1 at the end of iteration 12.
Unrouted nets 1 at the end of iteration 13.
Unrouted nets 1 at the end of iteration 14.
Unrouted nets 1 at the end of iteration 15.
Unrouted nets 1 at the end of iteration 16.
Unrouted nets 1 at the end of iteration 17.
Unrouted nets 1 at the end of iteration 18.
Unrouted nets 1 at the end of iteration 19.
Unrouted nets 1 at the end of iteration 20.
Unrouted nets 1 at the end of iteration 21.
Unrouted nets 1 at the end of iteration 22.
Unrouted nets 1 at the end of iteration 23.
Unrouted nets 1 at the end of iteration 24.
Unrouted nets 1 at the end of iteration 25.
Unrouted nets 1 at the end of iteration 26.
Unrouted nets 1 at the end of iteration 27.
Unrouted nets 1 at the end of iteration 28.
Unrouted nets 0 at the end of iteration 29.
Global Routing step 2 processed 440 nets, it takes 3.80 sec.
Unrouted nets 1 at the end of iteration 0.
Unrouted nets 1 at the end of iteration 1.
Unrouted nets 0 at the end of iteration 2.
Global Routing step 3 processed 7 nets, it takes 0.09 sec.
Unrouted nets 461 at the end of iteration 0.
Unrouted nets 269 at the end of iteration 1.
Unrouted nets 151 at the end of iteration 2.
Unrouted nets 86 at the end of iteration 3.
Unrouted nets 55 at the end of iteration 4.
Unrouted nets 21 at the end of iteration 5.
Unrouted nets 5 at the end of iteration 6.
Unrouted nets 5 at the end of iteration 7.
Unrouted nets 2 at the end of iteration 8.
Unrouted nets 0 at the end of iteration 9.
Global Routing step 4 processed 778 nets, it takes 3.09 sec.
Global routing takes 7.23 sec.
Total 22855 subnets.
    forward max bucket size 47078 , backward 626.
        Unrouted nets 15237 at the end of iteration 0.
    route iteration 0, CPU time elapsed 8.984375 sec.
    forward max bucket size 8117 , backward 793.
        Unrouted nets 12665 at the end of iteration 1.
    route iteration 1, CPU time elapsed 6.906250 sec.
    forward max bucket size 1868 , backward 710.
        Unrouted nets 10576 at the end of iteration 2.
    route iteration 2, CPU time elapsed 6.234375 sec.
    forward max bucket size 8928 , backward 769.
        Unrouted nets 8974 at the end of iteration 3.
    route iteration 3, CPU time elapsed 5.687500 sec.
    forward max bucket size 13856 , backward 559.
        Unrouted nets 8603 at the end of iteration 4.
    route iteration 4, CPU time elapsed 4.140625 sec.
    forward max bucket size 969 , backward 798.
        Unrouted nets 7491 at the end of iteration 5.
    route iteration 5, CPU time elapsed 3.671875 sec.
    forward max bucket size 894 , backward 958.
        Unrouted nets 6214 at the end of iteration 6.
    route iteration 6, CPU time elapsed 3.375000 sec.
    forward max bucket size 838 , backward 487.
        Unrouted nets 5270 at the end of iteration 7.
    route iteration 7, CPU time elapsed 2.859375 sec.
    forward max bucket size 941 , backward 937.
        Unrouted nets 4394 at the end of iteration 8.
    route iteration 8, CPU time elapsed 2.562500 sec.
    forward max bucket size 941 , backward 543.
        Unrouted nets 3670 at the end of iteration 9.
    route iteration 9, CPU time elapsed 2.156250 sec.
    forward max bucket size 620 , backward 830.
        Unrouted nets 3096 at the end of iteration 10.
    route iteration 10, CPU time elapsed 1.843750 sec.
    forward max bucket size 870 , backward 853.
        Unrouted nets 2705 at the end of iteration 11.
    route iteration 11, CPU time elapsed 1.437500 sec.
    forward max bucket size 733 , backward 590.
        Unrouted nets 2292 at the end of iteration 12.
    route iteration 12, CPU time elapsed 1.437500 sec.
    forward max bucket size 958 , backward 368.
        Unrouted nets 1940 at the end of iteration 13.
    route iteration 13, CPU time elapsed 1.187500 sec.
    forward max bucket size 497 , backward 363.
        Unrouted nets 1720 at the end of iteration 14.
    route iteration 14, CPU time elapsed 0.968750 sec.
    forward max bucket size 547 , backward 236.
        Unrouted nets 1454 at the end of iteration 15.
    route iteration 15, CPU time elapsed 0.953125 sec.
    forward max bucket size 448 , backward 367.
        Unrouted nets 1304 at the end of iteration 16.
    route iteration 16, CPU time elapsed 0.937500 sec.
    forward max bucket size 514 , backward 403.
        Unrouted nets 1124 at the end of iteration 17.
    route iteration 17, CPU time elapsed 0.687500 sec.
    forward max bucket size 481 , backward 221.
        Unrouted nets 978 at the end of iteration 18.
    route iteration 18, CPU time elapsed 0.687500 sec.
    forward max bucket size 522 , backward 205.
        Unrouted nets 874 at the end of iteration 19.
    route iteration 19, CPU time elapsed 0.578125 sec.
    forward max bucket size 488 , backward 277.
        Unrouted nets 773 at the end of iteration 20.
    route iteration 20, CPU time elapsed 0.578125 sec.
    forward max bucket size 511 , backward 222.
        Unrouted nets 702 at the end of iteration 21.
    route iteration 21, CPU time elapsed 0.531250 sec.
    forward max bucket size 506 , backward 251.
        Unrouted nets 642 at the end of iteration 22.
    route iteration 22, CPU time elapsed 0.468750 sec.
    forward max bucket size 544 , backward 272.
        Unrouted nets 582 at the end of iteration 23.
    route iteration 23, CPU time elapsed 0.421875 sec.
    forward max bucket size 361 , backward 306.
        Unrouted nets 494 at the end of iteration 24.
    route iteration 24, CPU time elapsed 0.359375 sec.
    forward max bucket size 272 , backward 132.
        Unrouted nets 435 at the end of iteration 25.
    route iteration 25, CPU time elapsed 0.343750 sec.
    forward max bucket size 220 , backward 155.
        Unrouted nets 393 at the end of iteration 26.
    route iteration 26, CPU time elapsed 0.359375 sec.
    forward max bucket size 310 , backward 262.
        Unrouted nets 348 at the end of iteration 27.
    route iteration 27, CPU time elapsed 0.343750 sec.
    forward max bucket size 441 , backward 270.
        Unrouted nets 295 at the end of iteration 28.
    route iteration 28, CPU time elapsed 0.296875 sec.
    forward max bucket size 503 , backward 254.
        Unrouted nets 268 at the end of iteration 29.
    route iteration 29, CPU time elapsed 0.250000 sec.
    forward max bucket size 319 , backward 236.
        Unrouted nets 253 at the end of iteration 30.
    route iteration 30, CPU time elapsed 0.250000 sec.
    forward max bucket size 522 , backward 287.
        Unrouted nets 270 at the end of iteration 31.
    route iteration 31, CPU time elapsed 0.359375 sec.
    forward max bucket size 580 , backward 195.
        Unrouted nets 195 at the end of iteration 32.
    route iteration 32, CPU time elapsed 0.250000 sec.
    forward max bucket size 518 , backward 289.
        Unrouted nets 152 at the end of iteration 33.
    route iteration 33, CPU time elapsed 0.234375 sec.
    forward max bucket size 478 , backward 204.
        Unrouted nets 134 at the end of iteration 34.
    route iteration 34, CPU time elapsed 0.203125 sec.
    forward max bucket size 170 , backward 187.
        Unrouted nets 131 at the end of iteration 35.
    route iteration 35, CPU time elapsed 0.187500 sec.
    forward max bucket size 179 , backward 233.
        Unrouted nets 115 at the end of iteration 36.
    route iteration 36, CPU time elapsed 0.156250 sec.
    forward max bucket size 160 , backward 343.
        Unrouted nets 117 at the end of iteration 37.
    route iteration 37, CPU time elapsed 0.203125 sec.
    forward max bucket size 454 , backward 162.
        Unrouted nets 108 at the end of iteration 38.
    route iteration 38, CPU time elapsed 0.187500 sec.
    forward max bucket size 346 , backward 120.
        Unrouted nets 108 at the end of iteration 39.
    route iteration 39, CPU time elapsed 0.140625 sec.
    forward max bucket size 339 , backward 145.
        Unrouted nets 108 at the end of iteration 40.
    route iteration 40, CPU time elapsed 0.187500 sec.
    forward max bucket size 337 , backward 139.
        Unrouted nets 101 at the end of iteration 41.
    route iteration 41, CPU time elapsed 0.203125 sec.
    forward max bucket size 343 , backward 93.
        Unrouted nets 73 at the end of iteration 42.
    route iteration 42, CPU time elapsed 0.156250 sec.
    forward max bucket size 264 , backward 139.
        Unrouted nets 76 at the end of iteration 43.
    route iteration 43, CPU time elapsed 0.156250 sec.
    forward max bucket size 254 , backward 153.
        Unrouted nets 68 at the end of iteration 44.
    route iteration 44, CPU time elapsed 0.171875 sec.
    forward max bucket size 150 , backward 127.
        Unrouted nets 84 at the end of iteration 45.
    route iteration 45, CPU time elapsed 0.125000 sec.
    forward max bucket size 261 , backward 136.
        Unrouted nets 65 at the end of iteration 46.
    route iteration 46, CPU time elapsed 0.156250 sec.
    forward max bucket size 271 , backward 82.
        Unrouted nets 37 at the end of iteration 47.
    route iteration 47, CPU time elapsed 0.156250 sec.
    forward max bucket size 129 , backward 64.
        Unrouted nets 23 at the end of iteration 48.
    route iteration 48, CPU time elapsed 0.156250 sec.
    forward max bucket size 162 , backward 147.
        Unrouted nets 15 at the end of iteration 49.
    route iteration 49, CPU time elapsed 0.109375 sec.
    forward max bucket size 45 , backward 11.
        Unrouted nets 4 at the end of iteration 50.
    route iteration 50, CPU time elapsed 0.140625 sec.
    forward max bucket size 9 , backward 15.
        Unrouted nets 4 at the end of iteration 51.
    route iteration 51, CPU time elapsed 0.125000 sec.
    forward max bucket size 12 , backward 81.
        Unrouted nets 0 at the end of iteration 52.
    route iteration 52, CPU time elapsed 0.156250 sec.
Detailed routing takes 52 iterations
I: Design net nt_cmos2_pclk is routed by general path.
C: Route-2036: The clock path from cmos2_pclk_ibuf/opit_1:DI_TO_CLK to clkbufg_2/gopclkbufg:CLK is routed by SRB.
I: Design net nt_cmos3_pclk is routed by general path.
C: Route-2036: The clock path from cmos3_pclk_ibuf/opit_1:DI_TO_CLK to clkbufg_4/gopclkbufg:CLK is routed by SRB.
I: Design net nt_cmos1_pclk is routed by general path.
C: Route-2036: The clock path from cmos1_pclk_ibuf/opit_1:DI_TO_CLK to clkbufg_3/gopclkbufg:CLK is routed by SRB.
I: Design net coms1_reg_config/clock_20k is routed by general path.
C: Route-2036: The clock path from coms1_reg_config/clock_20k_cnt[0]/opit_0_inv_L6QL5Q1:L5Q to coms1_reg_config/config_step_reg[1]/opit_0_inv_srl:CLK is routed by SRB.
I: Design net ntclkbufg_2 is routed by general path.
C: Route-2036: The clock path from clkbufg_2/gopclkbufg:CLKOUT to cmos2_8_16bit/cnt[1]/opit_0_L6QL5Q1:CLK is routed by SRB.
I: Design net ntclkbufg_3 is routed by general path.
C: Route-2036: The clock path from clkbufg_3/gopclkbufg:CLKOUT to cmos1_8_16bit/cnt[1]/opit_0_L6QL5Q1:CLK is routed by SRB.
Detailed routing takes 68.88 sec.
Start fix hold violation.
Build tmp routing results takes 0.44 sec.
Timing analysis takes 0.44 sec.
Hold violation fix iter 0 takes 4.19 sec, total_step_forward 203466.
Incremental timing analysis takes 0.25 sec.
Hold violation fix iter 1 takes 0.02 sec, total_step_forward 16.
Incremental timing analysis takes 0.34 sec.
Hold violation fix iter 2 takes 0.53 sec, total_step_forward 21600.
Incremental timing analysis takes 0.33 sec.
Hold violation fix iter 3 takes 0.00 sec, total_step_forward 0.
Hold Violation Fix in router takes 4 iterations.
Fix hold violation Finished.
Hold Violation Fix in router takes 10.89 sec.

Dispose routing result:
    Collect routing result.
    Delete unused device instances.
    Annotate routing result.
    Change LUT configuration.
    Dispose misc instances.
    Annotate routing result again.
Finish routing takes 2.48 sec.
Used SRB routing arc is 186612.
Cleanup routing takes 0.05 sec.
Routing done.
Total routing takes 108.41 sec.


Device Utilization Summary :
+------------------------------------------------------------------------------+
| Logic Utilization           | Used     | Available     | Utilization(%)     
+------------------------------------------------------------------------------+
| Use of ADC                  | 0        | 1             | 0                  
| Use of ANALOG               | 0        | 1             | 0                  
| Use of APM                  | 0        | 240           | 0                  
| Use of BKCL                 | 5        | 6             | 84                 
| Use of CCS                  | 1        | 1             | 100                
| Use of CLMA                 | 2134     | 11675         | 19                 
|   FF                        | 6758     | 93400         | 8                  
|   LUT                       | 6013     | 46700         | 13                 
|   LUT-FF pairs              | 3585     | 46700         | 8                  
| Use of CLMS                 | 996      | 4975          | 21                 
|   FF                        | 2645     | 39800         | 7                  
|   LUT                       | 2658     | 19900         | 14                 
|   LUT-FF pairs              | 1243     | 19900         | 7                  
|   Distributed RAM           | 605      | 19900         | 4                  
| Use of DDRPHY_CPD           | 1        | 12            | 9                  
| Use of DDRPHY_IOCLK_DIV     | 2        | 6             | 34                 
| Use of DDR_PHY              | 5        | 24            | 21                 
| Use of DRM                  | 50       | 155           | 33                 
| Use of GPLL                 | 3        | 6             | 50                 
| Use of GSEB                 | 0        | 218           | 0                  
| Use of HARD0                | 1421     | 10550         | 14                 
| Use of HCKB                 | 26       | 96            | 28                 
|  HCKB dataused              | 4        | 96            | 5                  
| Use of HCKMUX_TEST          | 0        | 8             | 0                  
| Use of HSSTLP               | 0.5      | 1             | 50                 
| Use of IO                   | 96       | 285           | 34                 
|   IOBD                      | 45       | 137           | 33                 
|   IOBS                      | 51       | 148           | 35                 
| Use of IOCKB                | 0        | 24            | 0                  
| Use of IOCKMUX_TEST         | 0        | 6             | 0                  
| Use of IOLHR                | 96       | 300           | 32                 
| Use of KEYRAM               | 0        | 1             | 0                  
| Use of MFG_TEST             | 0        | 1             | 0                  
| Use of MRCKB                | 1        | 12            | 9                  
| Use of MRCKMUX_TEST         | 0        | 6             | 0                  
| Use of MRPOSTMUX_TEST       | 0        | 6             | 0                  
| Use of PCIE                 | 1        | 1             | 100                
| Use of PCKMUX_TEST          | 0        | 12            | 0                  
| Use of PLLMRMUX_TEST        | 0        | 6             | 0                  
| Use of PLLREFMUX_TEST       | 0        | 6             | 0                  
| Use of PPLL                 | 2        | 6             | 34                 
| Use of PREGMUXC_TEST        | 0        | 4             | 0                  
| Use of PREGMUXLR_TEST       | 0        | 6             | 0                  
| Use of RCKB                 | 5        | 24            | 21                 
|  RCKB dataused              | 0        | 24            | 0                  
| Use of RCKMUX_TEST          | 0        | 6             | 0                  
| Use of SCANCHAIN            | 0        | 1             | 0                  
| Use of SCKMUX_TEST          | 0        | 12            | 0                  
| Use of SFB                  | 0        | 2225          | 0                  
| Use of SPAD                 | 2        | 4             | 50                 
| Use of TSERDES              | 10       | 48            | 21                 
| Use of USCM                 | 11       | 32            | 35                 
|  USCM dataused              | 0        | 32            | 0                  
| Use of USCMMUX_TEST         | 0        | 32            | 0                  
+------------------------------------------------------------------------------+

Finished routing.
Design 'image_pcie_capture' has been placed and routed successfully.
Saving design to DB.
Finished placement and routing.
Action pnr: Real time elapsed is 0h:5m:22s
Action pnr: CPU time elapsed is 0h:4m:31s
Action pnr: Process CPU time elapsed is 0h:5m:52s
Current time: Mon Apr 20 21:04:23 2026
Action pnr: Peak memory pool usage is 2,214 MB
