#Build: Fabric Compiler 2022.2-SP6.4, Build 146967, Jan 31 01:39 2024
#Install: E:\PDS_FPGA\PDS_2022.2-SP6.4\bin
#Application name: pds_shell.exe
#OS: Windows 10 10.0.26100
#Hostname: 傻额宁儿
Generated by Fabric Compiler (version 2022.2-SP6.4 build 146967) at Mon Dec  1 13:56:59 2025
Compiling verification operator library.
Compiling common defs.
Compiling prim grid devices.
Compiling gate devices.
Compiling gate operators.
Building architecture model.
Loading device packaging model.
pnr strategy configuration : 
strategy name : 0
Building architecture floorplan logic view.
Constraint check start.
Executing : def_port {cmos1_scl} LOC=R14 VCCIO=3.3 IOSTANDARD=LVCMOS33 DRIVE=8 SLEW=SLOW NONE=TRUE
C: ConstraintEditor-2002: [F:/final_camer/05_camera_pcie_capture_40pin_fmc/05_camera_pcie_capture_40pin_fmc/project/device_map/image_pcie_capture.pcf(line number: 3)] | Port cmos1_scl has been placed at location R14, whose type is share pin.
Executing : def_port {cmos1_scl} LOC=R14 VCCIO=3.3 IOSTANDARD=LVCMOS33 DRIVE=8 SLEW=SLOW NONE=TRUE successfully
Executing : def_port {cmos1_sda} LOC=P14 VCCIO=3.3 IOSTANDARD=LVCMOS33 DRIVE=8 SLEW=SLOW NONE=TRUE
C: ConstraintEditor-2002: [F:/final_camer/05_camera_pcie_capture_40pin_fmc/05_camera_pcie_capture_40pin_fmc/project/device_map/image_pcie_capture.pcf(line number: 4)] | Port cmos1_sda has been placed at location P14, whose type is share pin.
Executing : def_port {cmos1_sda} LOC=P14 VCCIO=3.3 IOSTANDARD=LVCMOS33 DRIVE=8 SLEW=SLOW NONE=TRUE successfully
Executing : def_port {cmos2_scl} LOC=U20 VCCIO=3.3 IOSTANDARD=LVCMOS33 DRIVE=8 SLEW=SLOW NONE=TRUE
Executing : def_port {cmos2_scl} LOC=U20 VCCIO=3.3 IOSTANDARD=LVCMOS33 DRIVE=8 SLEW=SLOW NONE=TRUE successfully
Executing : def_port {cmos2_sda} LOC=N17 VCCIO=3.3 IOSTANDARD=LVCMOS33 DRIVE=8 SLEW=SLOW NONE=TRUE
Executing : def_port {cmos2_sda} LOC=N17 VCCIO=3.3 IOSTANDARD=LVCMOS33 DRIVE=8 SLEW=SLOW NONE=TRUE successfully
Executing : def_port {cmos3_scl} LOC=E14 VCCIO=3.3 IOSTANDARD=LVCMOS33 DRIVE=8 SLEW=SLOW NONE=TRUE
Executing : def_port {cmos3_scl} LOC=E14 VCCIO=3.3 IOSTANDARD=LVCMOS33 DRIVE=8 SLEW=SLOW NONE=TRUE successfully
Executing : def_port {cmos3_sda} LOC=F16 VCCIO=3.3 IOSTANDARD=LVCMOS33 DRIVE=8 SLEW=SLOW NONE=TRUE
Executing : def_port {cmos3_sda} LOC=F16 VCCIO=3.3 IOSTANDARD=LVCMOS33 DRIVE=8 SLEW=SLOW NONE=TRUE successfully
Executing : def_port {mem_dq[0]} LOC=P6 VCCIO=1.5 IOSTANDARD=SSTL15_I DRIVE=8.9 SLEW=FAST VREF_MODE=INT VREF_MODE_VALUE=0.5 DDR_TERM_MODE=ON UNUSED=TRUE
Executing : def_port {mem_dq[0]} LOC=P6 VCCIO=1.5 IOSTANDARD=SSTL15_I DRIVE=8.9 SLEW=FAST VREF_MODE=INT VREF_MODE_VALUE=0.5 DDR_TERM_MODE=ON UNUSED=TRUE successfully
Executing : def_port {mem_dq[1]} LOC=M5 VCCIO=1.5 IOSTANDARD=SSTL15_I DRIVE=8.9 SLEW=FAST VREF_MODE=INT VREF_MODE_VALUE=0.5 DDR_TERM_MODE=ON UNUSED=TRUE
Executing : def_port {mem_dq[1]} LOC=M5 VCCIO=1.5 IOSTANDARD=SSTL15_I DRIVE=8.9 SLEW=FAST VREF_MODE=INT VREF_MODE_VALUE=0.5 DDR_TERM_MODE=ON UNUSED=TRUE successfully
Executing : def_port {mem_dq[2]} LOC=M6 VCCIO=1.5 IOSTANDARD=SSTL15_I DRIVE=8.9 SLEW=FAST VREF_MODE=INT VREF_MODE_VALUE=0.5 DDR_TERM_MODE=ON UNUSED=TRUE
Executing : def_port {mem_dq[2]} LOC=M6 VCCIO=1.5 IOSTANDARD=SSTL15_I DRIVE=8.9 SLEW=FAST VREF_MODE=INT VREF_MODE_VALUE=0.5 DDR_TERM_MODE=ON UNUSED=TRUE successfully
Executing : def_port {mem_dq[3]} LOC=N2 VCCIO=1.5 IOSTANDARD=SSTL15_I DRIVE=8.9 SLEW=FAST VREF_MODE=INT VREF_MODE_VALUE=0.5 DDR_TERM_MODE=ON UNUSED=TRUE
Executing : def_port {mem_dq[3]} LOC=N2 VCCIO=1.5 IOSTANDARD=SSTL15_I DRIVE=8.9 SLEW=FAST VREF_MODE=INT VREF_MODE_VALUE=0.5 DDR_TERM_MODE=ON UNUSED=TRUE successfully
Executing : def_port {mem_dq[4]} LOC=P2 VCCIO=1.5 IOSTANDARD=SSTL15_I DRIVE=8.9 SLEW=FAST VREF_MODE=INT VREF_MODE_VALUE=0.5 DDR_TERM_MODE=ON UNUSED=TRUE
Executing : def_port {mem_dq[4]} LOC=P2 VCCIO=1.5 IOSTANDARD=SSTL15_I DRIVE=8.9 SLEW=FAST VREF_MODE=INT VREF_MODE_VALUE=0.5 DDR_TERM_MODE=ON UNUSED=TRUE successfully
Executing : def_port {mem_dq[5]} LOC=P1 VCCIO=1.5 IOSTANDARD=SSTL15_I DRIVE=8.9 SLEW=FAST VREF_MODE=INT VREF_MODE_VALUE=0.5 DDR_TERM_MODE=ON UNUSED=TRUE
Executing : def_port {mem_dq[5]} LOC=P1 VCCIO=1.5 IOSTANDARD=SSTL15_I DRIVE=8.9 SLEW=FAST VREF_MODE=INT VREF_MODE_VALUE=0.5 DDR_TERM_MODE=ON UNUSED=TRUE successfully
Executing : def_port {mem_dq[6]} LOC=R1 VCCIO=1.5 IOSTANDARD=SSTL15_I DRIVE=8.9 SLEW=FAST VREF_MODE=INT VREF_MODE_VALUE=0.5 DDR_TERM_MODE=ON UNUSED=TRUE
Executing : def_port {mem_dq[6]} LOC=R1 VCCIO=1.5 IOSTANDARD=SSTL15_I DRIVE=8.9 SLEW=FAST VREF_MODE=INT VREF_MODE_VALUE=0.5 DDR_TERM_MODE=ON UNUSED=TRUE successfully
Executing : def_port {mem_dq[7]} LOC=N4 VCCIO=1.5 IOSTANDARD=SSTL15_I DRIVE=8.9 SLEW=FAST VREF_MODE=INT VREF_MODE_VALUE=0.5 DDR_TERM_MODE=ON UNUSED=TRUE
Executing : def_port {mem_dq[7]} LOC=N4 VCCIO=1.5 IOSTANDARD=SSTL15_I DRIVE=8.9 SLEW=FAST VREF_MODE=INT VREF_MODE_VALUE=0.5 DDR_TERM_MODE=ON UNUSED=TRUE successfully
Executing : def_port {mem_dq[8]} LOC=J6 VCCIO=1.5 IOSTANDARD=SSTL15_I DRIVE=8.9 SLEW=FAST VREF_MODE=INT VREF_MODE_VALUE=0.5 DDR_TERM_MODE=ON UNUSED=TRUE
Executing : def_port {mem_dq[8]} LOC=J6 VCCIO=1.5 IOSTANDARD=SSTL15_I DRIVE=8.9 SLEW=FAST VREF_MODE=INT VREF_MODE_VALUE=0.5 DDR_TERM_MODE=ON UNUSED=TRUE successfully
Executing : def_port {mem_dq[9]} LOC=K6 VCCIO=1.5 IOSTANDARD=SSTL15_I DRIVE=8.9 SLEW=FAST VREF_MODE=INT VREF_MODE_VALUE=0.5 DDR_TERM_MODE=ON UNUSED=TRUE
Executing : def_port {mem_dq[9]} LOC=K6 VCCIO=1.5 IOSTANDARD=SSTL15_I DRIVE=8.9 SLEW=FAST VREF_MODE=INT VREF_MODE_VALUE=0.5 DDR_TERM_MODE=ON UNUSED=TRUE successfully
Executing : def_port {mem_dq[10]} LOC=M2 VCCIO=1.5 IOSTANDARD=SSTL15_I DRIVE=8.9 SLEW=FAST VREF_MODE=INT VREF_MODE_VALUE=0.5 DDR_TERM_MODE=ON UNUSED=TRUE
Executing : def_port {mem_dq[10]} LOC=M2 VCCIO=1.5 IOSTANDARD=SSTL15_I DRIVE=8.9 SLEW=FAST VREF_MODE=INT VREF_MODE_VALUE=0.5 DDR_TERM_MODE=ON UNUSED=TRUE successfully
Executing : def_port {mem_dq[11]} LOC=M3 VCCIO=1.5 IOSTANDARD=SSTL15_I DRIVE=8.9 SLEW=FAST VREF_MODE=INT VREF_MODE_VALUE=0.5 DDR_TERM_MODE=ON UNUSED=TRUE
Executing : def_port {mem_dq[11]} LOC=M3 VCCIO=1.5 IOSTANDARD=SSTL15_I DRIVE=8.9 SLEW=FAST VREF_MODE=INT VREF_MODE_VALUE=0.5 DDR_TERM_MODE=ON UNUSED=TRUE successfully
Executing : def_port {mem_dq[12]} LOC=K3 VCCIO=1.5 IOSTANDARD=SSTL15_I DRIVE=8.9 SLEW=FAST VREF_MODE=INT VREF_MODE_VALUE=0.5 DDR_TERM_MODE=ON UNUSED=TRUE
Executing : def_port {mem_dq[12]} LOC=K3 VCCIO=1.5 IOSTANDARD=SSTL15_I DRIVE=8.9 SLEW=FAST VREF_MODE=INT VREF_MODE_VALUE=0.5 DDR_TERM_MODE=ON UNUSED=TRUE successfully
Executing : def_port {mem_dq[13]} LOC=L3 VCCIO=1.5 IOSTANDARD=SSTL15_I DRIVE=8.9 SLEW=FAST VREF_MODE=INT VREF_MODE_VALUE=0.5 DDR_TERM_MODE=ON UNUSED=TRUE
Executing : def_port {mem_dq[13]} LOC=L3 VCCIO=1.5 IOSTANDARD=SSTL15_I DRIVE=8.9 SLEW=FAST VREF_MODE=INT VREF_MODE_VALUE=0.5 DDR_TERM_MODE=ON UNUSED=TRUE successfully
Executing : def_port {mem_dq[14]} LOC=J4 VCCIO=1.5 IOSTANDARD=SSTL15_I DRIVE=8.9 SLEW=FAST VREF_MODE=INT VREF_MODE_VALUE=0.5 DDR_TERM_MODE=ON UNUSED=TRUE
Executing : def_port {mem_dq[14]} LOC=J4 VCCIO=1.5 IOSTANDARD=SSTL15_I DRIVE=8.9 SLEW=FAST VREF_MODE=INT VREF_MODE_VALUE=0.5 DDR_TERM_MODE=ON UNUSED=TRUE successfully
Executing : def_port {mem_dq[15]} LOC=K4 VCCIO=1.5 IOSTANDARD=SSTL15_I DRIVE=8.9 SLEW=FAST VREF_MODE=INT VREF_MODE_VALUE=0.5 DDR_TERM_MODE=ON UNUSED=TRUE
Executing : def_port {mem_dq[15]} LOC=K4 VCCIO=1.5 IOSTANDARD=SSTL15_I DRIVE=8.9 SLEW=FAST VREF_MODE=INT VREF_MODE_VALUE=0.5 DDR_TERM_MODE=ON UNUSED=TRUE successfully
Executing : def_port {mem_dqs[0]} LOC=P5 VCCIO=1.5 IOSTANDARD=SSTL15D_I DRIVE=8.9 SLEW=FAST VREF_MODE=INT VREF_MODE_VALUE=0.5 DDR_TERM_MODE=ON DDR_RES=60 CP_DYN_TERM=ON UNUSED=TRUE
Executing : def_port {mem_dqs[0]} LOC=P5 VCCIO=1.5 IOSTANDARD=SSTL15D_I DRIVE=8.9 SLEW=FAST VREF_MODE=INT VREF_MODE_VALUE=0.5 DDR_TERM_MODE=ON DDR_RES=60 CP_DYN_TERM=ON UNUSED=TRUE successfully
Executing : def_port {mem_dqs[1]} LOC=M1 VCCIO=1.5 IOSTANDARD=SSTL15D_I DRIVE=8.9 SLEW=FAST VREF_MODE=INT VREF_MODE_VALUE=0.5 DDR_TERM_MODE=ON DDR_RES=60 CP_DYN_TERM=ON UNUSED=TRUE
Executing : def_port {mem_dqs[1]} LOC=M1 VCCIO=1.5 IOSTANDARD=SSTL15D_I DRIVE=8.9 SLEW=FAST VREF_MODE=INT VREF_MODE_VALUE=0.5 DDR_TERM_MODE=ON DDR_RES=60 CP_DYN_TERM=ON UNUSED=TRUE successfully
Executing : def_port {mem_dqs_n[0]} LOC=P4 VCCIO=1.5 IOSTANDARD=SSTL15D_I DRIVE=8.9 SLEW=FAST VREF_MODE=INT VREF_MODE_VALUE=0.5 DDR_TERM_MODE=ON DDR_RES=60 CP_DYN_TERM=ON UNUSED=TRUE
Executing : def_port {mem_dqs_n[0]} LOC=P4 VCCIO=1.5 IOSTANDARD=SSTL15D_I DRIVE=8.9 SLEW=FAST VREF_MODE=INT VREF_MODE_VALUE=0.5 DDR_TERM_MODE=ON DDR_RES=60 CP_DYN_TERM=ON UNUSED=TRUE successfully
Executing : def_port {mem_dqs_n[1]} LOC=L1 VCCIO=1.5 IOSTANDARD=SSTL15D_I DRIVE=8.9 SLEW=FAST VREF_MODE=INT VREF_MODE_VALUE=0.5 DDR_TERM_MODE=ON DDR_RES=60 CP_DYN_TERM=ON UNUSED=TRUE
Executing : def_port {mem_dqs_n[1]} LOC=L1 VCCIO=1.5 IOSTANDARD=SSTL15D_I DRIVE=8.9 SLEW=FAST VREF_MODE=INT VREF_MODE_VALUE=0.5 DDR_TERM_MODE=ON DDR_RES=60 CP_DYN_TERM=ON UNUSED=TRUE successfully
Executing : def_port {cmos1_reset} LOC=V18 VCCIO=3.3 IOSTANDARD=LVCMOS33 DRIVE=8 SLEW=SLOW NONE=TRUE
Executing : def_port {cmos1_reset} LOC=V18 VCCIO=3.3 IOSTANDARD=LVCMOS33 DRIVE=8 SLEW=SLOW NONE=TRUE successfully
Executing : def_port {cmos2_reset} LOC=AA21 VCCIO=3.3 IOSTANDARD=LVCMOS33 DRIVE=8 SLEW=SLOW NONE=TRUE
C: ConstraintEditor-2002: [F:/final_camer/05_camera_pcie_capture_40pin_fmc/05_camera_pcie_capture_40pin_fmc/project/device_map/image_pcie_capture.pcf(line number: 30)] | Port cmos2_reset has been placed at location AA21, whose type is share pin.
Executing : def_port {cmos2_reset} LOC=AA21 VCCIO=3.3 IOSTANDARD=LVCMOS33 DRIVE=8 SLEW=SLOW NONE=TRUE successfully
Executing : def_port {cmos3_reset} LOC=B13 VCCIO=3.3 IOSTANDARD=LVCMOS33 DRIVE=8 SLEW=SLOW NONE=TRUE
Executing : def_port {cmos3_reset} LOC=B13 VCCIO=3.3 IOSTANDARD=LVCMOS33 DRIVE=8 SLEW=SLOW NONE=TRUE successfully
Executing : def_port {cmos_init_done[0]} LOC=M17 VCCIO=1.8 IOSTANDARD=LVCMOS18 DRIVE=4 SLEW=FAST NONE=TRUE
Executing : def_port {cmos_init_done[0]} LOC=M17 VCCIO=1.8 IOSTANDARD=LVCMOS18 DRIVE=4 SLEW=FAST NONE=TRUE successfully
Executing : def_port {cmos_init_done[1]} LOC=J16 VCCIO=1.8 IOSTANDARD=LVCMOS18 DRIVE=4 SLEW=FAST NONE=TRUE
Executing : def_port {cmos_init_done[1]} LOC=J16 VCCIO=1.8 IOSTANDARD=LVCMOS18 DRIVE=4 SLEW=FAST NONE=TRUE successfully
Executing : def_port {mem_a[0]} LOC=T1 VCCIO=1.5 IOSTANDARD=SSTL15_I DRIVE=8.9 SLEW=FAST UNUSED=TRUE
Executing : def_port {mem_a[0]} LOC=T1 VCCIO=1.5 IOSTANDARD=SSTL15_I DRIVE=8.9 SLEW=FAST UNUSED=TRUE successfully
Executing : def_port {mem_a[1]} LOC=U1 VCCIO=1.5 IOSTANDARD=SSTL15_I DRIVE=8.9 SLEW=FAST UNUSED=TRUE
Executing : def_port {mem_a[1]} LOC=U1 VCCIO=1.5 IOSTANDARD=SSTL15_I DRIVE=8.9 SLEW=FAST UNUSED=TRUE successfully
Executing : def_port {mem_a[2]} LOC=U2 VCCIO=1.5 IOSTANDARD=SSTL15_I DRIVE=8.9 SLEW=FAST UNUSED=TRUE
Executing : def_port {mem_a[2]} LOC=U2 VCCIO=1.5 IOSTANDARD=SSTL15_I DRIVE=8.9 SLEW=FAST UNUSED=TRUE successfully
Executing : def_port {mem_a[3]} LOC=V2 VCCIO=1.5 IOSTANDARD=SSTL15_I DRIVE=8.9 SLEW=FAST UNUSED=TRUE
Executing : def_port {mem_a[3]} LOC=V2 VCCIO=1.5 IOSTANDARD=SSTL15_I DRIVE=8.9 SLEW=FAST UNUSED=TRUE successfully
Executing : def_port {mem_a[4]} LOC=R3 VCCIO=1.5 IOSTANDARD=SSTL15_I DRIVE=8.9 SLEW=FAST UNUSED=TRUE
Executing : def_port {mem_a[4]} LOC=R3 VCCIO=1.5 IOSTANDARD=SSTL15_I DRIVE=8.9 SLEW=FAST UNUSED=TRUE successfully
Executing : def_port {mem_a[5]} LOC=R2 VCCIO=1.5 IOSTANDARD=SSTL15_I DRIVE=8.9 SLEW=FAST UNUSED=TRUE
Executing : def_port {mem_a[5]} LOC=R2 VCCIO=1.5 IOSTANDARD=SSTL15_I DRIVE=8.9 SLEW=FAST UNUSED=TRUE successfully
Executing : def_port {mem_a[6]} LOC=W2 VCCIO=1.5 IOSTANDARD=SSTL15_I DRIVE=8.9 SLEW=FAST UNUSED=TRUE
Executing : def_port {mem_a[6]} LOC=W2 VCCIO=1.5 IOSTANDARD=SSTL15_I DRIVE=8.9 SLEW=FAST UNUSED=TRUE successfully
Executing : def_port {mem_a[7]} LOC=Y2 VCCIO=1.5 IOSTANDARD=SSTL15_I DRIVE=8.9 SLEW=FAST UNUSED=TRUE
Executing : def_port {mem_a[7]} LOC=Y2 VCCIO=1.5 IOSTANDARD=SSTL15_I DRIVE=8.9 SLEW=FAST UNUSED=TRUE successfully
Executing : def_port {mem_a[8]} LOC=W1 VCCIO=1.5 IOSTANDARD=SSTL15_I DRIVE=8.9 SLEW=FAST UNUSED=TRUE
Executing : def_port {mem_a[8]} LOC=W1 VCCIO=1.5 IOSTANDARD=SSTL15_I DRIVE=8.9 SLEW=FAST UNUSED=TRUE successfully
Executing : def_port {mem_a[9]} LOC=Y1 VCCIO=1.5 IOSTANDARD=SSTL15_I DRIVE=8.9 SLEW=FAST UNUSED=TRUE
Executing : def_port {mem_a[9]} LOC=Y1 VCCIO=1.5 IOSTANDARD=SSTL15_I DRIVE=8.9 SLEW=FAST UNUSED=TRUE successfully
Executing : def_port {mem_a[10]} LOC=U3 VCCIO=1.5 IOSTANDARD=SSTL15_I DRIVE=8.9 SLEW=FAST UNUSED=TRUE
Executing : def_port {mem_a[10]} LOC=U3 VCCIO=1.5 IOSTANDARD=SSTL15_I DRIVE=8.9 SLEW=FAST UNUSED=TRUE successfully
Executing : def_port {mem_a[11]} LOC=AA1 VCCIO=1.5 IOSTANDARD=SSTL15_I DRIVE=8.9 SLEW=FAST UNUSED=TRUE
Executing : def_port {mem_a[11]} LOC=AA1 VCCIO=1.5 IOSTANDARD=SSTL15_I DRIVE=8.9 SLEW=FAST UNUSED=TRUE successfully
Executing : def_port {mem_a[12]} LOC=AB1 VCCIO=1.5 IOSTANDARD=SSTL15_I DRIVE=8.9 SLEW=FAST UNUSED=TRUE
Executing : def_port {mem_a[12]} LOC=AB1 VCCIO=1.5 IOSTANDARD=SSTL15_I DRIVE=8.9 SLEW=FAST UNUSED=TRUE successfully
Executing : def_port {mem_a[13]} LOC=AB3 VCCIO=1.5 IOSTANDARD=SSTL15_I DRIVE=8.9 SLEW=FAST UNUSED=TRUE
Executing : def_port {mem_a[13]} LOC=AB3 VCCIO=1.5 IOSTANDARD=SSTL15_I DRIVE=8.9 SLEW=FAST UNUSED=TRUE successfully
Executing : def_port {mem_a[14]} LOC=AB2 VCCIO=1.5 IOSTANDARD=SSTL15_I DRIVE=8.9 SLEW=FAST UNUSED=TRUE
Executing : def_port {mem_a[14]} LOC=AB2 VCCIO=1.5 IOSTANDARD=SSTL15_I DRIVE=8.9 SLEW=FAST UNUSED=TRUE successfully
Executing : def_port {mem_ba[0]} LOC=AA3 VCCIO=1.5 IOSTANDARD=SSTL15_I DRIVE=8.9 SLEW=FAST UNUSED=TRUE
Executing : def_port {mem_ba[0]} LOC=AA3 VCCIO=1.5 IOSTANDARD=SSTL15_I DRIVE=8.9 SLEW=FAST UNUSED=TRUE successfully
Executing : def_port {mem_ba[1]} LOC=AA5 VCCIO=1.5 IOSTANDARD=SSTL15_I DRIVE=8.9 SLEW=FAST UNUSED=TRUE
Executing : def_port {mem_ba[1]} LOC=AA5 VCCIO=1.5 IOSTANDARD=SSTL15_I DRIVE=8.9 SLEW=FAST UNUSED=TRUE successfully
Executing : def_port {mem_ba[2]} LOC=AB5 VCCIO=1.5 IOSTANDARD=SSTL15_I DRIVE=8.9 SLEW=FAST UNUSED=TRUE
Executing : def_port {mem_ba[2]} LOC=AB5 VCCIO=1.5 IOSTANDARD=SSTL15_I DRIVE=8.9 SLEW=FAST UNUSED=TRUE successfully
Executing : def_port {mem_cas_n} LOC=U6 VCCIO=1.5 IOSTANDARD=SSTL15_I DRIVE=8.9 SLEW=FAST UNUSED=TRUE
Executing : def_port {mem_cas_n} LOC=U6 VCCIO=1.5 IOSTANDARD=SSTL15_I DRIVE=8.9 SLEW=FAST UNUSED=TRUE successfully
Executing : def_port {mem_ck} LOC=Y4 VCCIO=1.5 IOSTANDARD=SSTL15D_I DRIVE=8.9 SLEW=FAST UNUSED=TRUE
Executing : def_port {mem_ck} LOC=Y4 VCCIO=1.5 IOSTANDARD=SSTL15D_I DRIVE=8.9 SLEW=FAST UNUSED=TRUE successfully
Executing : def_port {mem_ck_n} LOC=AA4 VCCIO=1.5 IOSTANDARD=SSTL15D_I DRIVE=8.9 SLEW=FAST UNUSED=TRUE
Executing : def_port {mem_ck_n} LOC=AA4 VCCIO=1.5 IOSTANDARD=SSTL15D_I DRIVE=8.9 SLEW=FAST UNUSED=TRUE successfully
Executing : def_port {mem_cke} LOC=W4 VCCIO=1.5 IOSTANDARD=SSTL15_I DRIVE=8.9 SLEW=FAST UNUSED=TRUE
Executing : def_port {mem_cke} LOC=W4 VCCIO=1.5 IOSTANDARD=SSTL15_I DRIVE=8.9 SLEW=FAST UNUSED=TRUE successfully
Executing : def_port {mem_cs_n} LOC=V5 VCCIO=1.5 IOSTANDARD=SSTL15_I DRIVE=8.9 SLEW=FAST UNUSED=TRUE
Executing : def_port {mem_cs_n} LOC=V5 VCCIO=1.5 IOSTANDARD=SSTL15_I DRIVE=8.9 SLEW=FAST UNUSED=TRUE successfully
Executing : def_port {mem_dm[0]} LOC=N5 VCCIO=1.5 IOSTANDARD=SSTL15_I DRIVE=8.9 SLEW=FAST UNUSED=TRUE
Executing : def_port {mem_dm[0]} LOC=N5 VCCIO=1.5 IOSTANDARD=SSTL15_I DRIVE=8.9 SLEW=FAST UNUSED=TRUE successfully
Executing : def_port {mem_dm[1]} LOC=L5 VCCIO=1.5 IOSTANDARD=SSTL15_I DRIVE=8.9 SLEW=FAST UNUSED=TRUE
Executing : def_port {mem_dm[1]} LOC=L5 VCCIO=1.5 IOSTANDARD=SSTL15_I DRIVE=8.9 SLEW=FAST UNUSED=TRUE successfully
Executing : def_port {mem_odt} LOC=R6 VCCIO=1.5 IOSTANDARD=SSTL15_I DRIVE=8.9 SLEW=FAST UNUSED=TRUE
Executing : def_port {mem_odt} LOC=R6 VCCIO=1.5 IOSTANDARD=SSTL15_I DRIVE=8.9 SLEW=FAST UNUSED=TRUE successfully
Executing : def_port {mem_ras_n} LOC=W5 VCCIO=1.5 IOSTANDARD=SSTL15_I DRIVE=8.9 SLEW=FAST UNUSED=TRUE
Executing : def_port {mem_ras_n} LOC=W5 VCCIO=1.5 IOSTANDARD=SSTL15_I DRIVE=8.9 SLEW=FAST UNUSED=TRUE successfully
Executing : def_port {mem_rst_n} LOC=T3 VCCIO=1.5 IOSTANDARD=SSTL15_I DRIVE=8.9 SLEW=FAST UNUSED=TRUE
Executing : def_port {mem_rst_n} LOC=T3 VCCIO=1.5 IOSTANDARD=SSTL15_I DRIVE=8.9 SLEW=FAST UNUSED=TRUE successfully
Executing : def_port {mem_we_n} LOC=W6 VCCIO=1.5 IOSTANDARD=SSTL15_I DRIVE=8.9 SLEW=FAST UNUSED=TRUE
Executing : def_port {mem_we_n} LOC=W6 VCCIO=1.5 IOSTANDARD=SSTL15_I DRIVE=8.9 SLEW=FAST UNUSED=TRUE successfully
Executing : def_port {board_rst_n} LOC=M15 VCCIO=1.8 IOSTANDARD=LVCMOS18 UNUSED=TRUE
C: ConstraintEditor-2002: [F:/final_camer/05_camera_pcie_capture_40pin_fmc/05_camera_pcie_capture_40pin_fmc/project/device_map/image_pcie_capture.pcf(line number: 63)] | Port board_rst_n has been placed at location M15, whose type is share pin.
Executing : def_port {board_rst_n} LOC=M15 VCCIO=1.8 IOSTANDARD=LVCMOS18 UNUSED=TRUE successfully
Executing : def_port {cmos1_data[0]} LOC=Y18 VCCIO=3.3 IOSTANDARD=LVCMOS33 NONE=TRUE
Executing : def_port {cmos1_data[0]} LOC=Y18 VCCIO=3.3 IOSTANDARD=LVCMOS33 NONE=TRUE successfully
Executing : def_port {cmos1_data[1]} LOC=AA19 VCCIO=3.3 IOSTANDARD=LVCMOS18 NONE=TRUE
C: ConstraintEditor-2002: [F:/final_camer/05_camera_pcie_capture_40pin_fmc/05_camera_pcie_capture_40pin_fmc/project/device_map/image_pcie_capture.pcf(line number: 65)] | Port cmos1_data[1] has been placed at location AA19, whose type is share pin.
Executing : def_port {cmos1_data[1]} LOC=AA19 VCCIO=3.3 IOSTANDARD=LVCMOS18 NONE=TRUE successfully
Executing : def_port {cmos1_data[2]} LOC=AB20 VCCIO=3.3 IOSTANDARD=LVCMOS33 NONE=TRUE
C: ConstraintEditor-2002: [F:/final_camer/05_camera_pcie_capture_40pin_fmc/05_camera_pcie_capture_40pin_fmc/project/device_map/image_pcie_capture.pcf(line number: 66)] | Port cmos1_data[2] has been placed at location AB20, whose type is share pin.
Executing : def_port {cmos1_data[2]} LOC=AB20 VCCIO=3.3 IOSTANDARD=LVCMOS33 NONE=TRUE successfully
Executing : def_port {cmos1_data[3]} LOC=V19 VCCIO=3.3 IOSTANDARD=LVCMOS33 NONE=TRUE
Executing : def_port {cmos1_data[3]} LOC=V19 VCCIO=3.3 IOSTANDARD=LVCMOS33 NONE=TRUE successfully
Executing : def_port {cmos1_data[4]} LOC=L13 VCCIO=1.8 IOSTANDARD=LVCMOS18 NONE=TRUE
C: ConstraintEditor-2002: [F:/final_camer/05_camera_pcie_capture_40pin_fmc/05_camera_pcie_capture_40pin_fmc/project/device_map/image_pcie_capture.pcf(line number: 68)] | Port cmos1_data[4] has been placed at location L13, whose type is share pin.
Executing : def_port {cmos1_data[4]} LOC=L13 VCCIO=1.8 IOSTANDARD=LVCMOS18 NONE=TRUE successfully
Executing : def_port {cmos1_data[5]} LOC=AB22 VCCIO=3.3 IOSTANDARD=LVCMOS33 NONE=TRUE
C: ConstraintEditor-2002: [F:/final_camer/05_camera_pcie_capture_40pin_fmc/05_camera_pcie_capture_40pin_fmc/project/device_map/image_pcie_capture.pcf(line number: 69)] | Port cmos1_data[5] has been placed at location AB22, whose type is share pin.
Executing : def_port {cmos1_data[5]} LOC=AB22 VCCIO=3.3 IOSTANDARD=LVCMOS33 NONE=TRUE successfully
Executing : def_port {cmos1_data[6]} LOC=Y19 VCCIO=3.3 IOSTANDARD=LVCMOS33 NONE=TRUE
Executing : def_port {cmos1_data[6]} LOC=Y19 VCCIO=3.3 IOSTANDARD=LVCMOS33 NONE=TRUE successfully
Executing : def_port {cmos1_data[7]} LOC=AB21 VCCIO=3.3 IOSTANDARD=LVCMOS33 NONE=TRUE
C: ConstraintEditor-2002: [F:/final_camer/05_camera_pcie_capture_40pin_fmc/05_camera_pcie_capture_40pin_fmc/project/device_map/image_pcie_capture.pcf(line number: 71)] | Port cmos1_data[7] has been placed at location AB21, whose type is share pin.
Executing : def_port {cmos1_data[7]} LOC=AB21 VCCIO=3.3 IOSTANDARD=LVCMOS33 NONE=TRUE successfully
Executing : def_port {cmos1_href} LOC=N15 VCCIO=3.3 IOSTANDARD=LVCMOS33 NONE=TRUE
Executing : def_port {cmos1_href} LOC=N15 VCCIO=3.3 IOSTANDARD=LVCMOS33 NONE=TRUE successfully
Executing : def_port {cmos1_pclk} LOC=T18 VCCIO=3.3 IOSTANDARD=LVCMOS33 NONE=TRUE
C: ConstraintEditor-2002: [F:/final_camer/05_camera_pcie_capture_40pin_fmc/05_camera_pcie_capture_40pin_fmc/project/device_map/image_pcie_capture.pcf(line number: 73)] | Port cmos1_pclk has been placed at location T18, whose type is share pin.
Executing : def_port {cmos1_pclk} LOC=T18 VCCIO=3.3 IOSTANDARD=LVCMOS33 NONE=TRUE successfully
Executing : def_port {cmos1_vsync} LOC=W17 VCCIO=3.3 IOSTANDARD=LVCMOS33 NONE=TRUE
C: ConstraintEditor-2002: [F:/final_camer/05_camera_pcie_capture_40pin_fmc/05_camera_pcie_capture_40pin_fmc/project/device_map/image_pcie_capture.pcf(line number: 74)] | Port cmos1_vsync has been placed at location W17, whose type is share pin.
Executing : def_port {cmos1_vsync} LOC=W17 VCCIO=3.3 IOSTANDARD=LVCMOS33 NONE=TRUE successfully
Executing : def_port {cmos2_data[0]} LOC=U17 VCCIO=3.3 IOSTANDARD=LVCMOS33 NONE=TRUE
C: ConstraintEditor-2002: [F:/final_camer/05_camera_pcie_capture_40pin_fmc/05_camera_pcie_capture_40pin_fmc/project/device_map/image_pcie_capture.pcf(line number: 75)] | Port cmos2_data[0] has been placed at location U17, whose type is share pin.
Executing : def_port {cmos2_data[0]} LOC=U17 VCCIO=3.3 IOSTANDARD=LVCMOS33 NONE=TRUE successfully
Executing : def_port {cmos2_data[1]} LOC=V20 VCCIO=3.3 IOSTANDARD=LVCMOS33 NONE=TRUE
Executing : def_port {cmos2_data[1]} LOC=V20 VCCIO=3.3 IOSTANDARD=LVCMOS33 NONE=TRUE successfully
Executing : def_port {cmos2_data[2]} LOC=R16 VCCIO=3.3 IOSTANDARD=LVCMOS33 NONE=TRUE
C: ConstraintEditor-2002: [F:/final_camer/05_camera_pcie_capture_40pin_fmc/05_camera_pcie_capture_40pin_fmc/project/device_map/image_pcie_capture.pcf(line number: 77)] | Port cmos2_data[2] has been placed at location R16, whose type is share pin.
Executing : def_port {cmos2_data[2]} LOC=R16 VCCIO=3.3 IOSTANDARD=LVCMOS33 NONE=TRUE successfully
Executing : def_port {cmos2_data[3]} LOC=P15 VCCIO=3.3 IOSTANDARD=LVCMOS33 NONE=TRUE
C: ConstraintEditor-2002: [F:/final_camer/05_camera_pcie_capture_40pin_fmc/05_camera_pcie_capture_40pin_fmc/project/device_map/image_pcie_capture.pcf(line number: 78)] | Port cmos2_data[3] has been placed at location P15, whose type is share pin.
Executing : def_port {cmos2_data[3]} LOC=P15 VCCIO=3.3 IOSTANDARD=LVCMOS33 NONE=TRUE successfully
Executing : def_port {cmos2_data[4]} LOC=W19 VCCIO=3.3 IOSTANDARD=LVCMOS33 NONE=TRUE
Executing : def_port {cmos2_data[4]} LOC=W19 VCCIO=3.3 IOSTANDARD=LVCMOS33 NONE=TRUE successfully
Executing : def_port {cmos2_data[5]} LOC=W20 VCCIO=3.3 IOSTANDARD=LVCMOS33 NONE=TRUE
Executing : def_port {cmos2_data[5]} LOC=W20 VCCIO=3.3 IOSTANDARD=LVCMOS33 NONE=TRUE successfully
Executing : def_port {cmos2_data[6]} LOC=P17 VCCIO=3.3 IOSTANDARD=LVCMOS18 NONE=TRUE
C: ConstraintEditor-2002: [F:/final_camer/05_camera_pcie_capture_40pin_fmc/05_camera_pcie_capture_40pin_fmc/project/device_map/image_pcie_capture.pcf(line number: 81)] | Port cmos2_data[6] has been placed at location P17, whose type is share pin.
Executing : def_port {cmos2_data[6]} LOC=P17 VCCIO=3.3 IOSTANDARD=LVCMOS18 NONE=TRUE successfully
Executing : def_port {cmos2_data[7]} LOC=AB18 VCCIO=3.3 IOSTANDARD=LVCMOS33 NONE=TRUE
C: ConstraintEditor-2002: [F:/final_camer/05_camera_pcie_capture_40pin_fmc/05_camera_pcie_capture_40pin_fmc/project/device_map/image_pcie_capture.pcf(line number: 82)] | Port cmos2_data[7] has been placed at location AB18, whose type is share pin.
Executing : def_port {cmos2_data[7]} LOC=AB18 VCCIO=3.3 IOSTANDARD=LVCMOS33 NONE=TRUE successfully
Executing : def_port {cmos2_href} LOC=U18 VCCIO=3.3 IOSTANDARD=LVCMOS33 NONE=TRUE
C: ConstraintEditor-2002: [F:/final_camer/05_camera_pcie_capture_40pin_fmc/05_camera_pcie_capture_40pin_fmc/project/device_map/image_pcie_capture.pcf(line number: 83)] | Port cmos2_href has been placed at location U18, whose type is share pin.
Executing : def_port {cmos2_href} LOC=U18 VCCIO=3.3 IOSTANDARD=LVCMOS33 NONE=TRUE successfully
Executing : def_port {cmos2_pclk} LOC=P16 VCCIO=3.3 IOSTANDARD=LVCMOS33 NONE=TRUE
C: ConstraintEditor-2002: [F:/final_camer/05_camera_pcie_capture_40pin_fmc/05_camera_pcie_capture_40pin_fmc/project/device_map/image_pcie_capture.pcf(line number: 84)] | Port cmos2_pclk has been placed at location P16, whose type is share pin.
Executing : def_port {cmos2_pclk} LOC=P16 VCCIO=3.3 IOSTANDARD=LVCMOS33 NONE=TRUE successfully
Executing : def_port {cmos2_vsync} LOC=R17 VCCIO=3.3 IOSTANDARD=LVCMOS33 NONE=TRUE
C: ConstraintEditor-2002: [F:/final_camer/05_camera_pcie_capture_40pin_fmc/05_camera_pcie_capture_40pin_fmc/project/device_map/image_pcie_capture.pcf(line number: 85)] | Port cmos2_vsync has been placed at location R17, whose type is share pin.
Executing : def_port {cmos2_vsync} LOC=R17 VCCIO=3.3 IOSTANDARD=LVCMOS33 NONE=TRUE successfully
Executing : def_port {cmos3_data[0]} LOC=C19 VCCIO=3.3 IOSTANDARD=LVCMOS33 NONE=TRUE
Executing : def_port {cmos3_data[0]} LOC=C19 VCCIO=3.3 IOSTANDARD=LVCMOS33 NONE=TRUE successfully
Executing : def_port {cmos3_data[1]} LOC=B16 VCCIO=3.3 IOSTANDARD=LVCMOS33 NONE=TRUE
Executing : def_port {cmos3_data[1]} LOC=B16 VCCIO=3.3 IOSTANDARD=LVCMOS33 NONE=TRUE successfully
Executing : def_port {cmos3_data[2]} LOC=B15 VCCIO=3.3 IOSTANDARD=LVCMOS33 NONE=TRUE
Executing : def_port {cmos3_data[2]} LOC=B15 VCCIO=3.3 IOSTANDARD=LVCMOS33 NONE=TRUE successfully
Executing : def_port {cmos3_data[3]} LOC=E13 VCCIO=3.3 IOSTANDARD=LVCMOS33 NONE=TRUE
Executing : def_port {cmos3_data[3]} LOC=E13 VCCIO=3.3 IOSTANDARD=LVCMOS33 NONE=TRUE successfully
Executing : def_port {cmos3_data[4]} LOC=C20 VCCIO=3.3 IOSTANDARD=LVCMOS33 NONE=TRUE
Executing : def_port {cmos3_data[4]} LOC=C20 VCCIO=3.3 IOSTANDARD=LVCMOS33 NONE=TRUE successfully
Executing : def_port {cmos3_data[5]} LOC=E18 VCCIO=3.3 IOSTANDARD=LVCMOS33 NONE=TRUE
Executing : def_port {cmos3_data[5]} LOC=E18 VCCIO=3.3 IOSTANDARD=LVCMOS33 NONE=TRUE successfully
Executing : def_port {cmos3_data[6]} LOC=E16 VCCIO=3.3 IOSTANDARD=LVCMOS33 NONE=TRUE
Executing : def_port {cmos3_data[6]} LOC=E16 VCCIO=3.3 IOSTANDARD=LVCMOS33 NONE=TRUE successfully
Executing : def_port {cmos3_data[7]} LOC=D16 VCCIO=3.3 IOSTANDARD=LVCMOS33 NONE=TRUE
Executing : def_port {cmos3_data[7]} LOC=D16 VCCIO=3.3 IOSTANDARD=LVCMOS33 NONE=TRUE successfully
Executing : def_port {cmos3_href} LOC=A16 VCCIO=3.3 IOSTANDARD=LVCMOS33 NONE=TRUE
Executing : def_port {cmos3_href} LOC=A16 VCCIO=3.3 IOSTANDARD=LVCMOS33 NONE=TRUE successfully
Executing : def_port {cmos3_pclk} LOC=C18 VCCIO=3.3 IOSTANDARD=LVCMOS33 NONE=TRUE
Executing : def_port {cmos3_pclk} LOC=C18 VCCIO=3.3 IOSTANDARD=LVCMOS33 NONE=TRUE successfully
Executing : def_port {cmos3_vsync} LOC=A15 VCCIO=3.3 IOSTANDARD=LVCMOS33 NONE=TRUE
Executing : def_port {cmos3_vsync} LOC=A15 VCCIO=3.3 IOSTANDARD=LVCMOS33 NONE=TRUE successfully
Executing : def_port {free_clk} LOC=V4 VCCIO=1.5 IOSTANDARD=LVCMOS15 UNUSED=TRUE
Executing : def_port {free_clk} LOC=V4 VCCIO=1.5 IOSTANDARD=LVCMOS15 UNUSED=TRUE successfully
Executing : def_port {perst_n} LOC=M16 VCCIO=1.8 IOSTANDARD=LVCMOS18 NONE=TRUE
C: ConstraintEditor-2001: [F:/final_camer/05_camera_pcie_capture_40pin_fmc/05_camera_pcie_capture_40pin_fmc/project/device_map/image_pcie_capture.pcf(line number: 98)] Object 'perst_n' is dangling, which has no connection. it will be ignored.
Executing : def_port {perst_n} LOC=M16 VCCIO=1.8 IOSTANDARD=LVCMOS18 NONE=TRUE failed
Executing : def_port {ref_clk_n} LOC=E6
Executing : def_port {ref_clk_n} LOC=E6 successfully
Executing : def_port {ref_clk_p} LOC=F6
Executing : def_port {ref_clk_p} LOC=F6 successfully
Executing : def_inst_site {I_ips_ddr_top/u_ddrphy_top/ddrphy_reset_ctrl/ddrphy_ioclk_gate[0]/opit_0_inv} CLMA_285_54 FF3
Executing : def_inst_site {I_ips_ddr_top/u_ddrphy_top/ddrphy_reset_ctrl/ddrphy_ioclk_gate[0]/opit_0_inv} CLMA_285_54 FF3 successfully
Executing : def_inst_site {I_ips_ddr_top/u_ddrphy_top/ddrphy_reset_ctrl/ddrphy_ioclk_gate[1]/opit_0_inv} CLMA_285_360 FF3
Executing : def_inst_site {I_ips_ddr_top/u_ddrphy_top/ddrphy_reset_ctrl/ddrphy_ioclk_gate[1]/opit_0_inv} CLMA_285_360 FF3 successfully
Executing : def_inst_site {I_ips_ddr_top/u_ddrphy_top/u_ddrphy_cpd/cpd_inst} DDRPHY_CPD_297_4
Executing : def_inst_site {I_ips_ddr_top/u_ddrphy_top/u_ddrphy_cpd/cpd_inst} DDRPHY_CPD_297_4 successfully
Executing : def_inst_site {u_ips2l_pcie_wrap/U_IPS2L_PCIE_TOP/U_IPS2L_HSSTLP_PCIE_SOFT_PHY/x2.GTP_HSST_2LANE_TOP/U_GTP_HSSTLP_WRAPPER/CHANNEL0_ENABLE.U_GTP_HSSTLP_LANE0/gophsst} HSSTLP_292_612 U0_HSSTLP_LANE
Executing : def_inst_site {u_ips2l_pcie_wrap/U_IPS2L_PCIE_TOP/U_IPS2L_HSSTLP_PCIE_SOFT_PHY/x2.GTP_HSST_2LANE_TOP/U_GTP_HSSTLP_WRAPPER/CHANNEL0_ENABLE.U_GTP_HSSTLP_LANE0/gophsst} HSSTLP_292_612 U0_HSSTLP_LANE successfully
Executing : def_inst_site {u_ips2l_pcie_wrap/U_IPS2L_PCIE_TOP/U_IPS2L_HSSTLP_PCIE_SOFT_PHY/x2.GTP_HSST_2LANE_TOP/U_GTP_HSSTLP_WRAPPER/CHANNEL1_ENABLE.U_GTP_HSSTLP_LANE1/gophsst} HSSTLP_292_612 U1_HSSTLP_LANE
Executing : def_inst_site {u_ips2l_pcie_wrap/U_IPS2L_PCIE_TOP/U_IPS2L_HSSTLP_PCIE_SOFT_PHY/x2.GTP_HSST_2LANE_TOP/U_GTP_HSSTLP_WRAPPER/CHANNEL1_ENABLE.U_GTP_HSSTLP_LANE1/gophsst} HSSTLP_292_612 U1_HSSTLP_LANE successfully
Executing : def_inst_site {u_ips2l_pcie_wrap/U_IPS2L_PCIE_TOP/U_IPS2L_HSSTLP_PCIE_SOFT_PHY/x2.GTP_HSST_2LANE_TOP/U_GTP_HSSTLP_WRAPPER/PLL0_ENABLE.U_GTP_HSSTLP_PLL0/gophsst} HSSTLP_292_612 U0_HSSTLP_PLL
Executing : def_inst_site {u_ips2l_pcie_wrap/U_IPS2L_PCIE_TOP/U_IPS2L_HSSTLP_PCIE_SOFT_PHY/x2.GTP_HSST_2LANE_TOP/U_GTP_HSSTLP_WRAPPER/PLL0_ENABLE.U_GTP_HSSTLP_PLL0/gophsst} HSSTLP_292_612 U0_HSSTLP_PLL successfully
W: ConstraintEditor-4019: Port Bus 'rxn' unspecified I/O constraint.
W: ConstraintEditor-4019: Port Bus 'rxp' unspecified I/O constraint.
W: ConstraintEditor-4019: Port Bus 'txn' unspecified I/O constraint.
W: ConstraintEditor-4019: Port Bus 'txp' unspecified I/O constraint.
W: ConstraintEditor-4019: Port 'cmos_init_done[2]' unspecified I/O constraint.
Constraint check end.
I: Column Clock Check open.
Read Column Clock Map.

Placement started.
Phase 1 Pre global placement started.
Mapping instance GRS_INST/grs_ccs to CCS_75_10.
Mapping instance u_ips2l_pcie_wrap/U_IPS2L_PCIE_TOP/U_IPS2L_PCIE_HARD_CTRL/u_gtp_pcie/gateop to PCIE_243_612.
Mapping instance I_ips_ddr_top/u_ddrphy_top/ddrphy_gpll/u_gpll/gpll_inst to GPLL_295_157.
Mapping instance I_ips_ddr_top/u_ddrphy_top/ddrphy_slice_top/i_dqs_bank[0].u_ddrphy_ioclkdiv/ddrphy_ioclk_div_inst to DDRPHY_IOCLK_DIV_296_4.
Mapping instance I_ips_ddr_top/u_ddrphy_top/ddrphy_slice_top/i_dqs_bank[0].ddrphy_ppll/u_ppll/ppll_inst to PPLL_295_1.
Mapping instance I_ips_ddr_top/u_ddrphy_top/ddrphy_slice_top/i_ca_group[0].u_ddc_ca/ddc_inst to DDR_PHY_297_159.
Mapping instance I_ips_ddr_top/u_ddrphy_top/ddrphy_slice_top/i_ca_group[1].u_ddc_ca/ddc_inst to DDR_PHY_297_157.
Mapping instance I_ips_ddr_top/u_ddrphy_top/ddrphy_slice_top/i_ca_group[2].u_ddc_ca/ddc_inst to DDR_PHY_297_3.
Mapping instance I_ips_ddr_top/u_ddrphy_top/ddrphy_slice_top/i_dqs_bank[1].u_ddrphy_ioclkdiv/ddrphy_ioclk_div_inst to DDRPHY_IOCLK_DIV_296_310.
Mapping instance I_ips_ddr_top/u_ddrphy_top/ddrphy_slice_top/i_dqs_bank[1].ddrphy_ppll/u_ppll/ppll_inst to PPLL_295_307.
Mapping instance I_ips_ddr_top/u_ddrphy_top/ddrphy_slice_top/i_dqs_group[0].ddrphy_data_slice/u_ddc_dq/ddc_inst_PHY to DDR_PHY_297_307.
Mapping instance I_ips_ddr_top/u_ddrphy_top/ddrphy_slice_top/i_dqs_group[1].ddrphy_data_slice/u_ddc_dq/ddc_inst_PHY to DDR_PHY_297_309.
Phase 1.1 1st GP placement started.
Design Utilization : 25%.
First map gop timing takes 4.50 sec
Worst slack after clock region global placement is -4629
Wirelength after clock region global placement is 259626 and checksum is B25D5D2118557CE4.
1st GP placement takes 17.06 sec.

Phase 1.2 Clock placement started.
Mapping instance I_ips_ddr_top/u_ddrphy_top/ddrphy_slice_top/i_dqs_bank[0].u_clkbufr/goprclk to RCKB_291_150.
Mapping instance I_ips_ddr_top/u_ddrphy_top/ddrphy_slice_top/i_dqs_bank[1].u_clkbufr/goprclk to RCKB_291_456.
Mapping instance I_ips_ddr_top/u_ddrphy_top/u_clkbufm/clkbufm_inst to MRCKB_289_150.
C: Place-2028: REGION_CLOCK: the driver cmos1_pclk_ibuf/opit_1 fixed at IOLHR_16_54 is unreasonable. Sub-optimal placement for a clock source and a clock buffer.
Mapping instance cmos1_8_16bit/u_GTP_IOCLKDIV/iockdiv_inst to RCKB_9_150.
C: Place-2028: REGION_CLOCK: the driver cmos2_pclk_ibuf/opit_1 fixed at IOLHR_16_12 is unreasonable. Sub-optimal placement for a clock source and a clock buffer.
Mapping instance cmos2_8_16bit/u_GTP_IOCLKDIV/iockdiv_inst to RCKB_9_151.
Mapping instance cmos2_8_16bit_fmc/U_CLKBUFG/gopclkbufg to USCM_167_363.
Mapping instance cmos2_8_16bit_fmc/u_GTP_IOCLKDIV/iockdiv_inst to RCKB_9_762.
Mapping instance clkbufg_0/gopclkbufg to USCM_167_318.
Mapping instance I_ips_ddr_top/u_ddrphy_top/u_sysclk_bufg/gopclkbufg to USCM_167_270.
Mapping instance u_ips2l_pcie_wrap/U_IPS2L_PCIE_TOP/U_IPS2L_HSSTLP_PCIE_SOFT_PHY/u_clkbufg/gopclkbufg to USCM_167_321.
Mapping instance clkbufg_1/gopclkbufg to USCM_167_324.
Mapping instance I_ips_ddr_top/u_ddrphy_top/rst_clk_gpll/u_gpll/gpll_inst to GPLL_7_157.
Mapping instance I_ips_ddr_top/u_ddrphy_top/u_rst_clk_bufg/gopclkbufg to USCM_167_273.
Mapping instance pll_inst/u_gpll/gpll_inst to GPLL_295_463.
Mapping instance clkbufg_5/gopclkbufg to USCM_167_327.
C: Place-2028: GLOBAL_CLOCK: the driver cmos2_pclk_ibuf/opit_1 fixed at IOLHR_16_12 is unreasonable. Sub-optimal placement for a clock source and a clock buffer.
Mapping instance clkbufg_2/gopclkbufg to USCM_167_276.
C: Place-2028: GLOBAL_CLOCK: the driver cmos1_pclk_ibuf/opit_1 fixed at IOLHR_16_54 is unreasonable. Sub-optimal placement for a clock source and a clock buffer.
Mapping instance clkbufg_3/gopclkbufg to USCM_167_279.
Mapping instance clkbufg_4/gopclkbufg to USCM_167_330.
Clock placement takes 0.48 sec.

Wirelength after Pre Global Placement is 259626 and checksum is B25D5D2118557CE4.
Pre global placement takes 18.56 sec.

Phase 2 Global placement started.
Phase 2.1 Fixed placement started.
Placed fixed group with base inst I_ips_ddr_top/u_ddrphy_top/ddrphy_slice_top/i_dqs_group[0].ddrphy_data_slice/dq_loop[0].u_iobuf_dq/opit_1 on IOLHR_292_318.
Placed fixed group with base inst I_ips_ddr_top/u_ddrphy_top/ddrphy_slice_top/i_dqs_group[0].ddrphy_data_slice/dq_loop[1].u_iobuf_dq/opit_1 on IOLHR_292_324.
Placed fixed group with base inst I_ips_ddr_top/u_ddrphy_top/ddrphy_slice_top/i_dqs_group[0].ddrphy_data_slice/dq_loop[2].u_iobuf_dq/opit_1 on IOLHR_292_330.
Placed fixed group with base inst I_ips_ddr_top/u_ddrphy_top/ddrphy_slice_top/i_dqs_group[0].ddrphy_data_slice/dq_loop[3].u_iobuf_dq/opit_1 on IOLHR_292_336.
Placed fixed group with base inst I_ips_ddr_top/u_ddrphy_top/ddrphy_slice_top/i_dqs_group[0].ddrphy_data_slice/dq_loop[4].u_iobuf_dq/opit_1 on IOLHR_292_342.
Placed fixed group with base inst I_ips_ddr_top/u_ddrphy_top/ddrphy_slice_top/i_dqs_group[0].ddrphy_data_slice/dq_loop[5].u_iobuf_dq/opit_1 on IOLHR_292_360.
Placed fixed group with base inst I_ips_ddr_top/u_ddrphy_top/ddrphy_slice_top/i_dqs_group[0].ddrphy_data_slice/dq_loop[6].u_iobuf_dq/opit_1 on IOLHR_292_366.
Placed fixed group with base inst I_ips_ddr_top/u_ddrphy_top/ddrphy_slice_top/i_dqs_group[0].ddrphy_data_slice/dq_loop[7].u_iobuf_dq/opit_1 on IOLHR_292_378.
Placed fixed group with base inst I_ips_ddr_top/u_ddrphy_top/ddrphy_slice_top/i_dqs_group[0].ddrphy_data_slice/genblk1.u_iobufco_dqs/opit_2 on IOLHR_292_354.
Placed fixed group with base inst I_ips_ddr_top/u_ddrphy_top/ddrphy_slice_top/i_dqs_group[0].ddrphy_data_slice/u_outbuft_dm/opit_1 on IOLHR_292_312.
Placed fixed group with base inst I_ips_ddr_top/u_ddrphy_top/ddrphy_slice_top/i_dqs_group[1].ddrphy_data_slice/dq_loop[0].u_iobuf_dq/opit_1 on IOLHR_292_396.
Placed fixed group with base inst I_ips_ddr_top/u_ddrphy_top/ddrphy_slice_top/i_dqs_group[1].ddrphy_data_slice/dq_loop[1].u_iobuf_dq/opit_1 on IOLHR_292_402.
Placed fixed group with base inst I_ips_ddr_top/u_ddrphy_top/ddrphy_slice_top/i_dqs_group[1].ddrphy_data_slice/dq_loop[2].u_iobuf_dq/opit_1 on IOLHR_292_408.
Placed fixed group with base inst I_ips_ddr_top/u_ddrphy_top/ddrphy_slice_top/i_dqs_group[1].ddrphy_data_slice/dq_loop[3].u_iobuf_dq/opit_1 on IOLHR_292_414.
Placed fixed group with base inst I_ips_ddr_top/u_ddrphy_top/ddrphy_slice_top/i_dqs_group[1].ddrphy_data_slice/dq_loop[4].u_iobuf_dq/opit_1 on IOLHR_292_432.
Placed fixed group with base inst I_ips_ddr_top/u_ddrphy_top/ddrphy_slice_top/i_dqs_group[1].ddrphy_data_slice/dq_loop[5].u_iobuf_dq/opit_1 on IOLHR_292_438.
Placed fixed group with base inst I_ips_ddr_top/u_ddrphy_top/ddrphy_slice_top/i_dqs_group[1].ddrphy_data_slice/dq_loop[6].u_iobuf_dq/opit_1 on IOLHR_292_444.
Placed fixed group with base inst I_ips_ddr_top/u_ddrphy_top/ddrphy_slice_top/i_dqs_group[1].ddrphy_data_slice/dq_loop[7].u_iobuf_dq/opit_1 on IOLHR_292_450.
Placed fixed group with base inst I_ips_ddr_top/u_ddrphy_top/ddrphy_slice_top/i_dqs_group[1].ddrphy_data_slice/genblk1.u_iobufco_dqs/opit_2 on IOLHR_292_426.
Placed fixed group with base inst I_ips_ddr_top/u_ddrphy_top/ddrphy_slice_top/i_dqs_group[1].ddrphy_data_slice/u_outbuft_dm/opit_1 on IOLHR_292_390.
Placed fixed group with base inst I_ips_ddr_top/u_ddrphy_top/ddrphy_slice_top/i_mem_addr_0[0].u_outbuft_addr0/opit_1 on IOLHR_292_294.
Placed fixed group with base inst I_ips_ddr_top/u_ddrphy_top/ddrphy_slice_top/i_mem_addr_0[1].u_outbuft_addr0/opit_1 on IOLHR_292_288.
Placed fixed group with base inst I_ips_ddr_top/u_ddrphy_top/ddrphy_slice_top/i_mem_addr_0[2].u_outbuft_addr0/opit_1 on IOLHR_292_282.
Placed fixed group with base inst I_ips_ddr_top/u_ddrphy_top/ddrphy_slice_top/i_mem_addr_0[3].u_outbuft_addr0/opit_1 on IOLHR_292_276.
Placed fixed group with base inst I_ips_ddr_top/u_ddrphy_top/ddrphy_slice_top/i_mem_addr_0[4].u_outbuft_addr0/opit_1 on IOLHR_292_270.
Placed fixed group with base inst I_ips_ddr_top/u_ddrphy_top/ddrphy_slice_top/i_mem_addr_0[5].u_outbuft_addr0/opit_1 on IOLHR_292_264.
Placed fixed group with base inst I_ips_ddr_top/u_ddrphy_top/ddrphy_slice_top/i_mem_addr_0[6].u_outbuft_addr0/opit_1 on IOLHR_292_258.
Placed fixed group with base inst I_ips_ddr_top/u_ddrphy_top/ddrphy_slice_top/i_mem_addr_0[7].u_outbuft_addr0/opit_1 on IOLHR_292_252.
Placed fixed group with base inst I_ips_ddr_top/u_ddrphy_top/ddrphy_slice_top/i_mem_addr_0[8].u_outbuft_addr0/opit_1 on IOLHR_292_246.
Placed fixed group with base inst I_ips_ddr_top/u_ddrphy_top/ddrphy_slice_top/i_mem_addr_0[9].u_outbuft_addr0/opit_1 on IOLHR_292_240.
Placed fixed group with base inst I_ips_ddr_top/u_ddrphy_top/ddrphy_slice_top/i_mem_addr_0[10].u_outbuft_addr0/opit_1 on IOLHR_292_234.
Placed fixed group with base inst I_ips_ddr_top/u_ddrphy_top/ddrphy_slice_top/i_mem_addr_0[11].u_outbuft_addr0/opit_1 on IOLHR_292_222.
Placed fixed group with base inst I_ips_ddr_top/u_ddrphy_top/ddrphy_slice_top/i_mem_addr_0[12].u_outbuft_addr0/opit_1 on IOLHR_292_216.
Placed fixed group with base inst I_ips_ddr_top/u_ddrphy_top/ddrphy_slice_top/i_mem_addr_0[13].u_outbuft_addr0/opit_1 on IOLHR_292_210.
Placed fixed group with base inst I_ips_ddr_top/u_ddrphy_top/ddrphy_slice_top/i_mem_addr_0[14].u_outbuft_addr0/opit_1 on IOLHR_292_204.
Placed fixed group with base inst I_ips_ddr_top/u_ddrphy_top/ddrphy_slice_top/k_mem_ba[0].u_outbuft_ba/opit_1 on IOLHR_292_192.
Placed fixed group with base inst I_ips_ddr_top/u_ddrphy_top/ddrphy_slice_top/k_mem_ba[1].u_outbuft_ba/opit_1 on IOLHR_292_186.
Placed fixed group with base inst I_ips_ddr_top/u_ddrphy_top/ddrphy_slice_top/k_mem_ba[2].u_outbuft_ba/opit_1 on IOLHR_292_180.
Placed fixed group with base inst I_ips_ddr_top/u_ddrphy_top/ddrphy_slice_top/u_outbuft_casn/opit_1 on IOLHR_292_108.
Placed fixed group with base inst I_ips_ddr_top/u_ddrphy_top/ddrphy_slice_top/u_outbuft_cke/opit_1 on IOLHR_292_156.
Placed fixed group with base inst I_ips_ddr_top/u_ddrphy_top/ddrphy_slice_top/u_outbuft_csn/opit_1 on IOLHR_292_102.
Placed fixed group with base inst I_ips_ddr_top/u_ddrphy_top/ddrphy_slice_top/u_outbuft_odt/opit_1 on IOLHR_292_96.
Placed fixed group with base inst I_ips_ddr_top/u_ddrphy_top/ddrphy_slice_top/u_outbuft_rasn/opit_1 on IOLHR_292_114.
Placed fixed group with base inst I_ips_ddr_top/u_ddrphy_top/ddrphy_slice_top/u_outbuft_wen/opit_1 on IOLHR_292_120.
Placed fixed group with base inst I_ips_ddr_top/u_ddrphy_top/ddrphy_slice_top/u_outbuftco_ck/opit_3 on IOLHR_292_174.
Placed fixed group with base inst board_rst_n_ibuf/opit_1 on IOLHR_16_318.
Placed fixed group with base inst cmos1_data_ibuf[0]/opit_1 on IOLHR_16_144.
Placed fixed group with base inst cmos1_data_ibuf[1]/opit_1 on IOLHR_16_120.
Placed fixed group with base inst cmos1_data_ibuf[2]/opit_1 on IOLHR_16_114.
Placed fixed group with base inst cmos1_data_ibuf[3]/opit_1 on IOLHR_16_126.
Placed fixed group with base inst cmos1_data_ibuf[4]/opit_1 on IOLHR_16_360.
Placed fixed group with base inst cmos1_data_ibuf[5]/opit_1 on IOLHR_16_180.
Placed fixed group with base inst cmos1_data_ibuf[6]/opit_1 on IOLHR_16_138.
Placed fixed group with base inst cmos1_data_ibuf[7]/opit_1 on IOLHR_16_186.
Placed fixed group with base inst cmos1_href_ibuf/opit_1 on IOLHR_16_0.
Placed fixed group with base inst cmos1_pclk_ibuf/opit_1 on IOLHR_16_54.
Placed fixed group with base inst cmos1_reset_obuf/opit_1 on IOLHR_16_132.
Placed fixed group with base inst cmos1_scl_iobuf/opit_1 on IOLHR_16_66.
Placed fixed group with base inst cmos1_vsync_ibuf/opit_1 on IOLHR_16_102.
Placed fixed group with base inst cmos2_data_ibuf[0]/opit_1 on IOLHR_16_84.
Placed fixed group with base inst cmos2_data_ibuf[1]/opit_1 on IOLHR_16_168.
Placed fixed group with base inst cmos2_data_ibuf[2]/opit_1 on IOLHR_16_30.
Placed fixed group with base inst cmos2_data_ibuf[3]/opit_1 on IOLHR_16_36.
Placed fixed group with base inst cmos2_data_ibuf[4]/opit_1 on IOLHR_16_162.
Placed fixed group with base inst cmos2_data_ibuf[5]/opit_1 on IOLHR_16_156.
Placed fixed group with base inst cmos2_data_ibuf[6]/opit_1 on IOLHR_16_42.
Placed fixed group with base inst cmos2_data_ibuf[7]/opit_1 on IOLHR_16_90.
Placed fixed group with base inst cmos2_href_ibuf/opit_1 on IOLHR_16_78.
Placed fixed group with base inst cmos2_pclk_ibuf/opit_1 on IOLHR_16_12.
Placed fixed group with base inst cmos2_reset_obuf/opit_1 on IOLHR_16_204.
Placed fixed group with base inst cmos2_scl_iobuf/opit_1 on IOLHR_16_174.
Placed fixed group with base inst cmos2_vsync_ibuf/opit_1 on IOLHR_16_6.
Placed fixed group with base inst cmos3_data_ibuf[0]/opit_1 on IOLHR_16_750.
Placed fixed group with base inst cmos3_data_ibuf[1]/opit_1 on IOLHR_16_828.
Placed fixed group with base inst cmos3_data_ibuf[2]/opit_1 on IOLHR_16_834.
Placed fixed group with base inst cmos3_data_ibuf[3]/opit_1 on IOLHR_16_870.
Placed fixed group with base inst cmos3_data_ibuf[4]/opit_1 on IOLHR_16_678.
Placed fixed group with base inst cmos3_data_ibuf[5]/opit_1 on IOLHR_16_726.
Placed fixed group with base inst cmos3_data_ibuf[6]/opit_1 on IOLHR_16_858.
Placed fixed group with base inst cmos3_data_ibuf[7]/opit_1 on IOLHR_16_852.
Placed fixed group with base inst cmos3_href_ibuf/opit_1 on IOLHR_16_804.
Placed fixed group with base inst cmos3_pclk_ibuf/opit_1 on IOLHR_16_756.
Placed fixed group with base inst cmos3_reset_obuf/opit_1 on IOLHR_16_816.
Placed fixed group with base inst cmos3_scl_iobuf/opit_1 on IOLHR_16_864.
Placed fixed group with base inst cmos3_vsync_ibuf/opit_1 on IOLHR_16_810.
Placed fixed group with base inst cmos_init_done_obuf[0]/opit_1 on IOLHR_16_306.
Placed fixed group with base inst cmos_init_done_obuf[1]/opit_1 on IOLHR_16_606.
Placed fixed group with base inst coms1_reg_config.u1.i2c_sdat_tri/opit_1 on IOLHR_16_72.
Placed fixed group with base inst coms2_reg_config.u1.i2c_sdat_tri/opit_1 on IOLHR_16_48.
Placed fixed group with base inst coms3_reg_config.u1.i2c_sdat_tri/opit_1 on IOLHR_16_894.
Placed fixed group with base inst free_clk_ibuf/opit_1 on IOLHR_292_162.
Placed fixed group with base inst mem_rst_n_obuf/opit_1 on IOLHR_292_300.
Placed fixed group with base inst u_ips2l_pcie_wrap/U_IPS2L_PCIE_TOP/U_IPS2L_HSSTLP_PCIE_SOFT_PHY/x2.GTP_HSST_2LANE_TOP/U_GTP_HSSTLP_WRAPPER/CHANNEL0_ENABLE.U_GTP_HSSTLP_LANE0/gophsst on HSSTLP_292_612.
Placed fixed instance I_ips_ddr_top/u_ddrphy_top/ddrphy_reset_ctrl/ddrphy_ioclk_gate[0]/opit_0_inv on CLMA_285_54.
Placed fixed instance I_ips_ddr_top/u_ddrphy_top/ddrphy_reset_ctrl/ddrphy_ioclk_gate[1]/opit_0_inv on CLMA_285_360.
Placed fixed instance u_ips2l_pcie_wrap/U_IPS2L_PCIE_TOP/U_IPS2L_HSSTLP_PCIE_SOFT_PHY/x2.GTP_HSST_2LANE_TOP/U_GTP_HSSTLP_WRAPPER/PLL0_ENABLE.U_GTP_HSSTLP_PLL0/gophsst on HSSTLP_292_612.
Placed fixed instance GRS_INST/grs_ccs on CCS_75_10.
Placed fixed instance I_ips_ddr_top/u_ddrphy_top/ddrphy_gpll/u_gpll/gpll_inst on GPLL_295_157.
Placed fixed instance I_ips_ddr_top/u_ddrphy_top/ddrphy_slice_top/i_ca_group[0].u_ddc_ca/ddc_inst on DDR_PHY_297_159.
Placed fixed instance I_ips_ddr_top/u_ddrphy_top/ddrphy_slice_top/i_ca_group[1].u_ddc_ca/ddc_inst on DDR_PHY_297_157.
Placed fixed instance I_ips_ddr_top/u_ddrphy_top/ddrphy_slice_top/i_ca_group[2].u_ddc_ca/ddc_inst on DDR_PHY_297_3.
Placed fixed instance I_ips_ddr_top/u_ddrphy_top/ddrphy_slice_top/i_dqs_bank[0].ddrphy_ppll/u_ppll/ppll_inst on PPLL_295_1.
Placed fixed instance I_ips_ddr_top/u_ddrphy_top/ddrphy_slice_top/i_dqs_bank[0].u_clkbufr/goprclk on RCKB_291_150.
Placed fixed instance I_ips_ddr_top/u_ddrphy_top/ddrphy_slice_top/i_dqs_bank[0].u_ddrphy_ioclkdiv/ddrphy_ioclk_div_inst on DDRPHY_IOCLK_DIV_296_4.
Placed fixed instance I_ips_ddr_top/u_ddrphy_top/ddrphy_slice_top/i_dqs_bank[1].ddrphy_ppll/u_ppll/ppll_inst on PPLL_295_307.
Placed fixed instance I_ips_ddr_top/u_ddrphy_top/ddrphy_slice_top/i_dqs_bank[1].u_clkbufr/goprclk on RCKB_291_456.
Placed fixed instance I_ips_ddr_top/u_ddrphy_top/ddrphy_slice_top/i_dqs_bank[1].u_ddrphy_ioclkdiv/ddrphy_ioclk_div_inst on DDRPHY_IOCLK_DIV_296_310.
Placed fixed instance I_ips_ddr_top/u_ddrphy_top/ddrphy_slice_top/i_dqs_group[0].ddrphy_data_slice/u_ddc_dq/ddc_inst_PHY on DDR_PHY_297_307.
Placed fixed instance I_ips_ddr_top/u_ddrphy_top/ddrphy_slice_top/i_dqs_group[1].ddrphy_data_slice/u_ddc_dq/ddc_inst_PHY on DDR_PHY_297_309.
Placed fixed instance I_ips_ddr_top/u_ddrphy_top/rst_clk_gpll/u_gpll/gpll_inst on GPLL_7_157.
Placed fixed instance I_ips_ddr_top/u_ddrphy_top/u_clkbufm/clkbufm_inst on MRCKB_289_150.
Placed fixed instance I_ips_ddr_top/u_ddrphy_top/u_ddrphy_cpd/cpd_inst on DDRPHY_CPD_297_4.
Placed fixed instance I_ips_ddr_top/u_ddrphy_top/u_rst_clk_bufg/gopclkbufg on USCM_167_273.
Placed fixed instance I_ips_ddr_top/u_ddrphy_top/u_sysclk_bufg/gopclkbufg on USCM_167_270.
Placed fixed instance clkbufg_0/gopclkbufg on USCM_167_318.
Placed fixed instance clkbufg_1/gopclkbufg on USCM_167_324.
Placed fixed instance clkbufg_2/gopclkbufg on USCM_167_276.
Placed fixed instance clkbufg_3/gopclkbufg on USCM_167_279.
Placed fixed instance clkbufg_4/gopclkbufg on USCM_167_330.
Placed fixed instance clkbufg_5/gopclkbufg on USCM_167_327.
Placed fixed instance cmos1_8_16bit/u_GTP_IOCLKDIV/iockdiv_inst on RCKB_9_150.
Placed fixed instance cmos2_8_16bit/u_GTP_IOCLKDIV/iockdiv_inst on RCKB_9_151.
Placed fixed instance cmos2_8_16bit_fmc/U_CLKBUFG/gopclkbufg on USCM_167_363.
Placed fixed instance cmos2_8_16bit_fmc/u_GTP_IOCLKDIV/iockdiv_inst on RCKB_9_762.
Placed fixed instance pll_inst/u_gpll/gpll_inst on GPLL_295_463.
Placed fixed instance ref_clk_n_ibuf_hsst on SPAD_291_614.
Placed fixed instance ref_clk_p_ibuf_hsst on SPAD_291_613.
Placed fixed instance u_ips2l_pcie_wrap/U_IPS2L_PCIE_TOP/U_IPS2L_HSSTLP_PCIE_SOFT_PHY/u_clkbufg/gopclkbufg on USCM_167_321.
Placed fixed instance u_ips2l_pcie_wrap/U_IPS2L_PCIE_TOP/U_IPS2L_PCIE_HARD_CTRL/u_gtp_pcie/gateop on PCIE_243_612.
Placed fixed instance BKCL_auto_0 on BKCL_1_646.
Placed fixed instance BKCL_auto_1 on BKCL_1_340.
Placed fixed instance BKCL_auto_2 on BKCL_1_34.
Placed fixed instance BKCL_auto_3 on BKCL_301_340.
Placed fixed instance BKCL_auto_4 on BKCL_301_34.
Fixed placement takes 0.59 sec.

Phase 2.2 Process placement started.
I: The IO driver of I_ips_ddr_top/u_ddrphy_top/rst_clk_gpll/u_gpll/gpll_inst(CLKIN1) is not constraint at pllpad, its clock path will pass through SRB.
I: The IO driver of pll_inst/u_gpll/gpll_inst(CLKIN1) is not constraint at pllpad, its clock path will pass through SRB.
Process placement takes 0.00 sec.

Phase 2.3 IO placement started.
IO placement takes 0.19 sec.

Phase 2.4 2nd GP placement started.
Run super clustering :
	Initial slack -6125.
	2 iterations finished.
	Final slack -5857.
Super clustering done.
Design Utilization : 25%.
Worst slack after global placement is -4457
2nd GP placement takes 12.92 sec.

Wirelength after global placement is 144325 and checksum is F7E3DB1DF5706647.
Global placement takes 13.73 sec.

Phase 3 Post global placement started.
Packing LUT6D started.
I: LUT6D pack result: There are 3236 LUT6 in collection, pack success:94
Packing LUT6D takes 3.25 sec.
Phase 3.1 Macro cell placement started.
I: Process macros using "Greedy".
Wirelength after macro cell placement is 165228 and checksum is 4C8B1E0461154198.
Macro cell placement takes 0.20 sec.

Phase 3.2 3rd GP placement started.
Run super clustering :
	Initial slack -6125.
	2 iterations finished.
	Final slack -5857.
Super clustering done.
Design Utilization : 25%.
Worst slack after post global placement is -4563
3rd GP placement takes 7.70 sec.

Wirelength after post global placement is 140873 and checksum is FA696555308FBD.
Packing LUT6D started.
I: LUT6D pack result: There are 3065 LUT6 in collection, pack success:5
Packing LUT6D takes 2.80 sec.
Post global placement takes 14.02 sec.

Phase 4 Legalization started.
The average distance in LP is 0.673692.
Wirelength after legalization is 161879 and checksum is D7D0DDDAE2E36952.
Legalization takes 1.47 sec.

Phase 5 Timing-driven detailed placement started.
Phase 5.1 Replication placement started.
Worst slack before Replication Place is -4895.
Replication placement takes 1.30 sec.

Wirelength after replication placement is 161879 and checksum is D7D0DDDAE2E36952.
Phase 5.2 Swapping placement started.
Worst slack before detailed placement is -4895, TNS before detailed placement is -536278. 
Cost at Swap iteration 0 : -4895, wslk -4619, tns -522724, takes 0.25 sec.
Cost at DP iteration 0 : -4619, wslk -4303, tns -488983, takes 0.27 sec.
Cost at Swap iteration 1 : -4303, wslk -4303, tns -485980, takes 0.38 sec.
Cost at Swap iteration 2 : -4303, wslk -4291, tns -484796, takes 1.11 sec.
Cost at DP iteration 2 : -4291, wslk -4291, tns -482295, takes 0.94 sec.
Cost at Swap iteration 3 : -4291, wslk -4291, tns -482463, takes 0.41 sec.
Cost at Swap iteration 4 : -4291, wslk -4291, tns -482918, takes 1.31 sec.
Cost at DP iteration 4 : -4291, wslk -4291, tns -481679, takes 1.02 sec.
Cost at Swap iteration 5 : -4291, wslk -4291, tns -481538, takes 0.44 sec.
Worst slack after detailed placement is -4291, TNS after detailed placement is -481538. 
Swapping placement takes 7.06 sec.

Wirelength after detailed placement is 165310 and checksum is F7B0E92DC1A479EE.
Timing-driven detailed placement takes 8.39 sec.

Worst slack is -4692, TNS after placement is -960193.
Placement done.
Total placement takes 65.47 sec.
Finished placement.

Routing started.
Enter timing driven router mode.
Route thread size: 3
Building routing graph takes 2.84 sec.
Setup STE netlist take 1029 msec.
Dispose control chain take 1031 msec.
Collect const net info take 321 msec.
Total nets for routing: 16793.
Total loads for routing: 75496.
Direct connect net size: 2209
Build all design net take 1209 msec.
Worst slack is -4692, TNS before route is -960193.
Processing design graph takes 3.67 sec.
Delay table total memory: 0.47260857 MB
Route graph total memory: 85.33776283 MB
Route design total memory: 23.46891785 MB
Global routing takes 0.00 sec.
Total 16791 subnets.
Unrouted clock nets at iteration 0 (0.181 sec): 1
Unrouted clock nets at iteration 1 (0.001 sec): 1
Unrouted clock nets at iteration 2 (0.001 sec): 1
Unrouted clock nets at iteration 3 (0.001 sec): 1
Unrouted clock nets at iteration 4 (0.005 sec): 0
Total route nets size: 16717
Pre route takes 13.554 sec
Unrouted general nets at iteration 6 (MT total route time: 6.707 sec): 14844(overused: 90443)
Unrouted general nets at iteration 7 (MT total route time: 5.896 sec): 13092(overused: 69506)
Unrouted general nets at iteration 8 (MT total route time: 5.423 sec): 11266(overused: 48025)
Unrouted general nets at iteration 9 (MT total route time: 3.641 sec): 9622(overused: 33990)
Unrouted general nets at iteration 10 (MT total route time: 2.884 sec): 8268(overused: 26213)
Unrouted general nets at iteration 11 (MT total route time: 2.435 sec): 6680(overused: 21760)
Unrouted general nets at iteration 12 (MT total route time: 3.093 sec): 5423(overused: 17578)
Unrouted general nets at iteration 13 (MT total route time: 2.581 sec): 4478(overused: 13806)
Unrouted general nets at iteration 14 (MT total route time: 2.293 sec): 3719(overused: 10778)
Unrouted general nets at iteration 15 (MT total route time: 2.256 sec): 3149(overused: 8562)
Unrouted general nets at iteration 16 (MT total route time: 1.750 sec): 2568(overused: 6927)
Unrouted general nets at iteration 17 (MT total route time: 1.249 sec): 2368(overused: 6186)
Unrouted general nets at iteration 18 (MT total route time: 1.125 sec): 2262(overused: 5716)
Unrouted general nets at iteration 19 (MT total route time: 1.138 sec): 2011(overused: 4968)
Unrouted general nets at iteration 20 (MT total route time: 1.008 sec): 1773(overused: 4265)
Unrouted general nets at iteration 21 (MT total route time: 0.938 sec): 1654(overused: 3931)
Unrouted general nets at iteration 22 (MT total route time: 0.787 sec): 1437(overused: 3233)
Unrouted general nets at iteration 23 (MT total route time: 0.755 sec): 1211(overused: 2636)
Unrouted general nets at iteration 24 (MT total route time: 0.756 sec): 1125(overused: 2654)
Unrouted general nets at iteration 25 (MT total route time: 0.839 sec): 1053(overused: 2389)
Unrouted general nets at iteration 26 (MT total route time: 0.552 sec): 871(overused: 1844)
Unrouted general nets at iteration 27 (MT total route time: 0.485 sec): 825(overused: 1694)
Unrouted general nets at iteration 28 (MT total route time: 0.413 sec): 678(overused: 1376)
Unrouted general nets at iteration 29 (MT total route time: 0.345 sec): 577(overused: 1066)
Unrouted general nets at iteration 30 (MT total route time: 0.304 sec): 483(overused: 881)
Unrouted general nets at iteration 31 (MT total route time: 0.243 sec): 375(overused: 649)
Unrouted general nets at iteration 32 (MT total route time: 0.215 sec): 309(overused: 555)
Unrouted general nets at iteration 33 (MT total route time: 0.256 sec): 330(overused: 665)
Unrouted general nets at iteration 34 (MT total route time: 0.306 sec): 340(overused: 671)
Unrouted general nets at iteration 35 (MT total route time: 0.268 sec): 294(overused: 546)
Unrouted general nets at iteration 36 (MT total route time: 0.245 sec): 309(overused: 555)
Unrouted general nets at iteration 37 (MT total route time: 0.203 sec): 314(overused: 556)
Unrouted general nets at iteration 38 (MT total route time: 0.212 sec): 283(overused: 512)
Unrouted general nets at iteration 39 (MT total route time: 0.186 sec): 266(overused: 444)
Unrouted general nets at iteration 40 (MT total route time: 0.160 sec): 246(overused: 412)
Unrouted general nets at iteration 41 (MT total route time: 0.155 sec): 232(overused: 424)
Unrouted general nets at iteration 42 (MT total route time: 0.178 sec): 253(overused: 426)
Unrouted general nets at iteration 43 (MT total route time: 0.148 sec): 208(overused: 354)
Unrouted general nets at iteration 44 (MT total route time: 0.159 sec): 194(overused: 308)
Unrouted general nets at iteration 45 (MT total route time: 0.148 sec): 178(overused: 311)
Unrouted general nets at iteration 46 (MT total route time: 0.178 sec): 163(overused: 282)
Unrouted general nets at iteration 47 (MT total route time: 0.144 sec): 143(overused: 229)
Unrouted general nets at iteration 48 (MT total route time: 0.118 sec): 121(overused: 212)
Unrouted general nets at iteration 49 (MT total route time: 0.109 sec): 97(overused: 172)
Unrouted general nets at iteration 50 (MT total route time: 0.109 sec): 80(overused: 142)
Unrouted general nets at iteration 51 (MT total route time: 0.086 sec): 71(overused: 110)
Unrouted general nets at iteration 52 (MT total route time: 0.082 sec): 49(overused: 72)
Unrouted general nets at iteration 53 (MT total route time: 0.078 sec): 38(overused: 52)
Unrouted general nets at iteration 54 (MT total route time: 0.067 sec): 33(overused: 52)
Unrouted general nets at iteration 55 (MT total route time: 0.072 sec): 35(overused: 58)
Unrouted general nets at iteration 56 (MT total route time: 0.079 sec): 32(overused: 47)
Unrouted general nets at iteration 57 (MT total route time: 0.070 sec): 15(overused: 18)
Unrouted general nets at iteration 58 (MT total route time: 0.064 sec): 12(overused: 16)
Unrouted general nets at iteration 59 (MT total route time: 0.066 sec): 11(overused: 14)
Unrouted general nets at iteration 60 (MT total route time: 0.064 sec): 8(overused: 10)
Unrouted general nets at iteration 61 (MT total route time: 0.060 sec): 7(overused: 10)
Unrouted general nets at iteration 62 (MT total route time: 0.059 sec): 6(overused: 10)
Unrouted general nets at iteration 63 (MT total route time: 0.057 sec): 9(overused: 18)
Unrouted general nets at iteration 64 (MT total route time: 0.061 sec): 12(overused: 22)
Unrouted general nets at iteration 65 (MT total route time: 0.070 sec): 11(overused: 18)
Unrouted general nets at iteration 66 (MT total route time: 0.064 sec): 6(overused: 10)
Unrouted general nets at iteration 67 (MT total route time: 0.059 sec): 4(overused: 6)
Unrouted general nets at iteration 68 (MT total route time: 0.064 sec): 2(overused: 2)
Unrouted general nets at iteration 69 (MT total route time: 0.059 sec): 12(overused: 22)
Unrouted general nets at iteration 70 (MT total route time: 0.064 sec): 15(overused: 28)
Unrouted general nets at iteration 71 (MT total route time: 0.063 sec): 10(overused: 16)
Unrouted general nets at iteration 72 (MT total route time: 0.065 sec): 10(overused: 17)
Unrouted general nets at iteration 73 (MT total route time: 0.061 sec): 13(overused: 21)
Unrouted general nets at iteration 74 (MT total route time: 0.067 sec): 16(overused: 24)
Unrouted general nets at iteration 75 (MT total route time: 0.063 sec): 15(overused: 28)
Unrouted general nets at iteration 76 (MT total route time: 0.081 sec): 24(overused: 44)
Unrouted general nets at iteration 77 (MT total route time: 0.063 sec): 15(overused: 18)
Unrouted general nets at iteration 78 (MT total route time: 0.060 sec): 10(overused: 16)
Unrouted general nets at iteration 79 (MT total route time: 0.059 sec): 9(overused: 10)
Unrouted general nets at iteration 80 (MT total route time: 0.065 sec): 6(overused: 10)
Unrouted general nets at iteration 81 (MT total route time: 0.060 sec): 6(overused: 6)
Unrouted general nets at iteration 82 (MT total route time: 0.058 sec): 8(overused: 14)
Unrouted general nets at iteration 83 (MT total route time: 0.062 sec): 10(overused: 14)
Unrouted general nets at iteration 84 (MT total route time: 0.068 sec): 6(overused: 8)
Unrouted general nets at iteration 85 (MT total route time: 0.060 sec): 2(overused: 4)
Unrouted general nets at iteration 86 (MT total route time: 0.058 sec): 0(overused: 0)
----General net take 0.070 sec(route net take 0.029 sec, inc cost take 0.041 sec, iter times: 1)
----const net route take 0.165 sec
Unrouted nets at iteration 87 (0.239 sec): 1
----General net take 0.073 sec(route net take 0.024 sec, inc cost take 0.049 sec, iter times: 1)
----const net route take 0.004 sec
Unrouted nets at iteration 88 (0.081 sec): 1
----General net take 0.135 sec(route net take 0.053 sec, inc cost take 0.082 sec, iter times: 2)
----const net route take 0.001 sec
Unrouted nets at iteration 89 (0.139 sec): 0
Detailed routing takes 106.78 sec.
I: Design net coms1_reg_config/clock_20k is routed by general path.
C: Route-2036: The clock path from coms1_reg_config/clock_20k_cnt[0]/opit_0_inv_L6QL5Q1:L5Q to coms1_reg_config/reg_data/gopdrm_18k:CLKA is routed by SRB.
I: Design net nt_cmos1_pclk is routed by general path.
C: Route-2036: The clock path from cmos1_pclk_ibuf/opit_1:DI_TO_CLK to clkbufg_3/gopclkbufg:CLK is routed by SRB.
I: Design net nt_cmos2_pclk is routed by general path.
C: Route-2036: The clock path from cmos2_pclk_ibuf/opit_1:DI_TO_CLK to clkbufg_2/gopclkbufg:CLK is routed by SRB.
Fix violation Finished.
Fix violation Finished.
Hold Violation Fix in router takes 129.27 sec.
Sort Original Nets take 0.029 sec
Build solution node for device pins which were mapped to more than one design pin take 0.052 sec
Total net: 16793, route succeed net: 16793
Generate routing result take 0.059 sec
Handle PERMUX permutation take 1.532 sec
Handle const net take 0.079 sec
Handle route through take 0.049 sec
Handle loads' routing node take 0.196 sec
Used SRB routing arc is 176670.
Finish routing takes 2.37 sec.
Total routing takes 254.81 sec.


Device Utilization Summary :
+------------------------------------------------------------------------------+
| Logic Utilization           | Used     | Available     | Utilization(%)     
+------------------------------------------------------------------------------+
| Use of ADC                  | 0        | 1             | 0                  
| Use of ANALOG               | 0        | 1             | 0                  
| Use of APM                  | 0        | 120           | 0                  
| Use of BKCL                 | 5        | 5             | 100                
| Use of CCS                  | 1        | 1             | 100                
| Use of CLMA                 | 2430     | 6575          | 37                 
|   FF                        | 7149     | 52600         | 14                 
|   LUT                       | 7150     | 26300         | 28                 
|   LUT-FF pairs              | 3757     | 26300         | 15                 
| Use of CLMS                 | 869      | 2375          | 37                 
|   FF                        | 2251     | 19000         | 12                 
|   LUT                       | 2472     | 9500          | 27                 
|   LUT-FF pairs              | 1074     | 9500          | 12                 
|   Distributed RAM           | 605      | 9500          | 7                  
| Use of DDRPHY_CPD           | 1        | 10            | 10                 
| Use of DDRPHY_IOCLK_DIV     | 2        | 5             | 40                 
| Use of DDR_PHY              | 5        | 20            | 25                 
| Use of DRM                  | 50       | 85            | 59                 
| Use of GCLK_INBUF_SYN       | 0        | 20            | 0                  
| Use of GPLL                 | 3        | 5             | 60                 
| Use of GSEB                 | 0        | 123           | 0                  
| Use of HARD0                | 1233     | 5850          | 22                 
| Use of HCKB                 | 21       | 72            | 30                 
|  HCKB dataused              | 0        | 72            | 0                  
| Use of HCKMUX_TEST          | 0        | 6             | 0                  
| Use of HSSTLP               | 0.5      | 1             | 50                 
| Use of IO                   | 96       | 250           | 39                 
|   IOBD                      | 45       | 120           | 38                 
|   IOBS                      | 51       | 130           | 40                 
| Use of IOCKB                | 0        | 20            | 0                  
| Use of IOCKMUX_TEST         | 0        | 5             | 0                  
| Use of IOLHR                | 96       | 250           | 39                 
| Use of KEYRAM               | 0        | 1             | 0                  
| Use of MFG_TEST             | 0        | 1             | 0                  
| Use of MRCKB                | 1        | 10            | 10                 
| Use of MRCKMUX_TEST         | 0        | 5             | 0                  
| Use of MRPOSTMUX_TEST       | 0        | 5             | 0                  
| Use of PCIE                 | 1        | 1             | 100                
| Use of PCKMUX_TEST          | 0        | 10            | 0                  
| Use of PLLMRMUX_TEST        | 0        | 5             | 0                  
| Use of PLLREFMUX_TEST       | 0        | 5             | 0                  
| Use of PPLL                 | 2        | 5             | 40                 
| Use of PREGMUXC_TEST        | 0        | 3             | 0                  
| Use of PREGMUXLR_TEST       | 0        | 5             | 0                  
| Use of RCKB                 | 5        | 20            | 25                 
|  RCKB dataused              | 0        | 20            | 0                  
| Use of RCKMUX_TEST          | 0        | 5             | 0                  
| Use of SCANCHAIN            | 0        | 1             | 0                  
| Use of SCKMUX_TEST          | 0        | 10            | 0                  
| Use of SFB                  | 0        | 1375          | 0                  
| Use of SPAD                 | 2        | 4             | 50                 
| Use of TSERDES              | 10       | 40            | 25                 
| Use of USCM                 | 10       | 32            | 32                 
|  USCM dataused              | 0        | 32            | 0                  
| Use of USCMMUX_TEST         | 0        | 32            | 0                  
+------------------------------------------------------------------------------+

Finished routing.
Design 'image_pcie_capture' has been placed and routed successfully.
Saving design to DB.
Finished placement and routing.
Action pnr: Real time elapsed is 0h:6m:31s
Action pnr: CPU time elapsed is 0h:6m:13s
Action pnr: Process CPU time elapsed is 0h:10m:18s
Current time: Mon Dec  1 14:03:28 2025
Action pnr: Peak memory pool usage is 2,568 MB
