#Build: Fabric Compiler 2022.2-SP6.4, Build 146967, Jan 31 01:39 2024
#Install: F:\PDS_2022.2-SP6.4\bin
#Application name: pds_shell.exe
#OS: Windows 10 10.0.26200
#Hostname: xufei
Generated by Fabric Compiler (version 2022.2-SP6.4 build 146967) at Thu Jul  9 22:29:56 2026
Compiling verification operator library.
Compiling common defs.
Compiling prim grid devices.
Compiling gate devices.
Compiling gate operators.
Building architecture model.
Loading device packaging model.
pnr strategy configuration : 
strategy name : 0
Building architecture floorplan logic view.
Constraint check start.
Executing : def_port {hd_sda} LOC=AA20 VCCIO=3.3 IOSTANDARD=LVCMOS33 DRIVE=4 SLEW=FAST
C: ConstraintEditor-2002: [C:/Users/23694/Desktop/ziguang_project/02_pcie_image_test_1080p_v1/08_HDMI_pcie_capture_40pin_100k/project/device_map/image_pcie_capture.pcf(line number: 3)] | Port hd_sda has been placed at location AA20, whose type is share pin.
Executing : def_port {hd_sda} LOC=AA20 VCCIO=3.3 IOSTANDARD=LVCMOS33 DRIVE=4 SLEW=FAST successfully
Executing : def_port {mem_dq[0]} LOC=P6 VCCIO=1.5 IOSTANDARD=SSTL15_I DRIVE=8.9 SLEW=FAST VREF_MODE=INT VREF_MODE_VALUE=0.5 DDR_TERM_MODE=ON UNUSED=TRUE
Executing : def_port {mem_dq[0]} LOC=P6 VCCIO=1.5 IOSTANDARD=SSTL15_I DRIVE=8.9 SLEW=FAST VREF_MODE=INT VREF_MODE_VALUE=0.5 DDR_TERM_MODE=ON UNUSED=TRUE successfully
Executing : def_port {mem_dq[1]} LOC=M5 VCCIO=1.5 IOSTANDARD=SSTL15_I DRIVE=8.9 SLEW=FAST VREF_MODE=INT VREF_MODE_VALUE=0.5 DDR_TERM_MODE=ON UNUSED=TRUE
Executing : def_port {mem_dq[1]} LOC=M5 VCCIO=1.5 IOSTANDARD=SSTL15_I DRIVE=8.9 SLEW=FAST VREF_MODE=INT VREF_MODE_VALUE=0.5 DDR_TERM_MODE=ON UNUSED=TRUE successfully
Executing : def_port {mem_dq[2]} LOC=M6 VCCIO=1.5 IOSTANDARD=SSTL15_I DRIVE=8.9 SLEW=FAST VREF_MODE=INT VREF_MODE_VALUE=0.5 DDR_TERM_MODE=ON UNUSED=TRUE
Executing : def_port {mem_dq[2]} LOC=M6 VCCIO=1.5 IOSTANDARD=SSTL15_I DRIVE=8.9 SLEW=FAST VREF_MODE=INT VREF_MODE_VALUE=0.5 DDR_TERM_MODE=ON UNUSED=TRUE successfully
Executing : def_port {mem_dq[3]} LOC=N2 VCCIO=1.5 IOSTANDARD=SSTL15_I DRIVE=8.9 SLEW=FAST VREF_MODE=INT VREF_MODE_VALUE=0.5 DDR_TERM_MODE=ON UNUSED=TRUE
Executing : def_port {mem_dq[3]} LOC=N2 VCCIO=1.5 IOSTANDARD=SSTL15_I DRIVE=8.9 SLEW=FAST VREF_MODE=INT VREF_MODE_VALUE=0.5 DDR_TERM_MODE=ON UNUSED=TRUE successfully
Executing : def_port {mem_dq[4]} LOC=P2 VCCIO=1.5 IOSTANDARD=SSTL15_I DRIVE=8.9 SLEW=FAST VREF_MODE=INT VREF_MODE_VALUE=0.5 DDR_TERM_MODE=ON UNUSED=TRUE
Executing : def_port {mem_dq[4]} LOC=P2 VCCIO=1.5 IOSTANDARD=SSTL15_I DRIVE=8.9 SLEW=FAST VREF_MODE=INT VREF_MODE_VALUE=0.5 DDR_TERM_MODE=ON UNUSED=TRUE successfully
Executing : def_port {mem_dq[5]} LOC=P1 VCCIO=1.5 IOSTANDARD=SSTL15_I DRIVE=8.9 SLEW=FAST VREF_MODE=INT VREF_MODE_VALUE=0.5 DDR_TERM_MODE=ON UNUSED=TRUE
Executing : def_port {mem_dq[5]} LOC=P1 VCCIO=1.5 IOSTANDARD=SSTL15_I DRIVE=8.9 SLEW=FAST VREF_MODE=INT VREF_MODE_VALUE=0.5 DDR_TERM_MODE=ON UNUSED=TRUE successfully
Executing : def_port {mem_dq[6]} LOC=R1 VCCIO=1.5 IOSTANDARD=SSTL15_I DRIVE=8.9 SLEW=FAST VREF_MODE=INT VREF_MODE_VALUE=0.5 DDR_TERM_MODE=ON UNUSED=TRUE
Executing : def_port {mem_dq[6]} LOC=R1 VCCIO=1.5 IOSTANDARD=SSTL15_I DRIVE=8.9 SLEW=FAST VREF_MODE=INT VREF_MODE_VALUE=0.5 DDR_TERM_MODE=ON UNUSED=TRUE successfully
Executing : def_port {mem_dq[7]} LOC=N4 VCCIO=1.5 IOSTANDARD=SSTL15_I DRIVE=8.9 SLEW=FAST VREF_MODE=INT VREF_MODE_VALUE=0.5 DDR_TERM_MODE=ON UNUSED=TRUE
Executing : def_port {mem_dq[7]} LOC=N4 VCCIO=1.5 IOSTANDARD=SSTL15_I DRIVE=8.9 SLEW=FAST VREF_MODE=INT VREF_MODE_VALUE=0.5 DDR_TERM_MODE=ON UNUSED=TRUE successfully
Executing : def_port {mem_dq[8]} LOC=J6 VCCIO=1.5 IOSTANDARD=SSTL15_I DRIVE=8.9 SLEW=FAST VREF_MODE=INT VREF_MODE_VALUE=0.5 DDR_TERM_MODE=ON UNUSED=TRUE
Executing : def_port {mem_dq[8]} LOC=J6 VCCIO=1.5 IOSTANDARD=SSTL15_I DRIVE=8.9 SLEW=FAST VREF_MODE=INT VREF_MODE_VALUE=0.5 DDR_TERM_MODE=ON UNUSED=TRUE successfully
Executing : def_port {mem_dq[9]} LOC=K6 VCCIO=1.5 IOSTANDARD=SSTL15_I DRIVE=8.9 SLEW=FAST VREF_MODE=INT VREF_MODE_VALUE=0.5 DDR_TERM_MODE=ON UNUSED=TRUE
Executing : def_port {mem_dq[9]} LOC=K6 VCCIO=1.5 IOSTANDARD=SSTL15_I DRIVE=8.9 SLEW=FAST VREF_MODE=INT VREF_MODE_VALUE=0.5 DDR_TERM_MODE=ON UNUSED=TRUE successfully
Executing : def_port {mem_dq[10]} LOC=M2 VCCIO=1.5 IOSTANDARD=SSTL15_I DRIVE=8.9 SLEW=FAST VREF_MODE=INT VREF_MODE_VALUE=0.5 DDR_TERM_MODE=ON UNUSED=TRUE
Executing : def_port {mem_dq[10]} LOC=M2 VCCIO=1.5 IOSTANDARD=SSTL15_I DRIVE=8.9 SLEW=FAST VREF_MODE=INT VREF_MODE_VALUE=0.5 DDR_TERM_MODE=ON UNUSED=TRUE successfully
Executing : def_port {mem_dq[11]} LOC=M3 VCCIO=1.5 IOSTANDARD=SSTL15_I DRIVE=8.9 SLEW=FAST VREF_MODE=INT VREF_MODE_VALUE=0.5 DDR_TERM_MODE=ON UNUSED=TRUE
Executing : def_port {mem_dq[11]} LOC=M3 VCCIO=1.5 IOSTANDARD=SSTL15_I DRIVE=8.9 SLEW=FAST VREF_MODE=INT VREF_MODE_VALUE=0.5 DDR_TERM_MODE=ON UNUSED=TRUE successfully
Executing : def_port {mem_dq[12]} LOC=K3 VCCIO=1.5 IOSTANDARD=SSTL15_I DRIVE=8.9 SLEW=FAST VREF_MODE=INT VREF_MODE_VALUE=0.5 DDR_TERM_MODE=ON UNUSED=TRUE
Executing : def_port {mem_dq[12]} LOC=K3 VCCIO=1.5 IOSTANDARD=SSTL15_I DRIVE=8.9 SLEW=FAST VREF_MODE=INT VREF_MODE_VALUE=0.5 DDR_TERM_MODE=ON UNUSED=TRUE successfully
Executing : def_port {mem_dq[13]} LOC=L3 VCCIO=1.5 IOSTANDARD=SSTL15_I DRIVE=8.9 SLEW=FAST VREF_MODE=INT VREF_MODE_VALUE=0.5 DDR_TERM_MODE=ON UNUSED=TRUE
Executing : def_port {mem_dq[13]} LOC=L3 VCCIO=1.5 IOSTANDARD=SSTL15_I DRIVE=8.9 SLEW=FAST VREF_MODE=INT VREF_MODE_VALUE=0.5 DDR_TERM_MODE=ON UNUSED=TRUE successfully
Executing : def_port {mem_dq[14]} LOC=J4 VCCIO=1.5 IOSTANDARD=SSTL15_I DRIVE=8.9 SLEW=FAST VREF_MODE=INT VREF_MODE_VALUE=0.5 DDR_TERM_MODE=ON UNUSED=TRUE
Executing : def_port {mem_dq[14]} LOC=J4 VCCIO=1.5 IOSTANDARD=SSTL15_I DRIVE=8.9 SLEW=FAST VREF_MODE=INT VREF_MODE_VALUE=0.5 DDR_TERM_MODE=ON UNUSED=TRUE successfully
Executing : def_port {mem_dq[15]} LOC=K4 VCCIO=1.5 IOSTANDARD=SSTL15_I DRIVE=8.9 SLEW=FAST VREF_MODE=INT VREF_MODE_VALUE=0.5 DDR_TERM_MODE=ON UNUSED=TRUE
Executing : def_port {mem_dq[15]} LOC=K4 VCCIO=1.5 IOSTANDARD=SSTL15_I DRIVE=8.9 SLEW=FAST VREF_MODE=INT VREF_MODE_VALUE=0.5 DDR_TERM_MODE=ON UNUSED=TRUE successfully
Executing : def_port {mem_dqs[0]} LOC=P5 VCCIO=1.5 IOSTANDARD=SSTL15D_I DRIVE=8.9 SLEW=FAST VREF_MODE=INT VREF_MODE_VALUE=0.5 DDR_TERM_MODE=ON DDR_RES=60 CP_DYN_TERM=ON UNUSED=TRUE
Executing : def_port {mem_dqs[0]} LOC=P5 VCCIO=1.5 IOSTANDARD=SSTL15D_I DRIVE=8.9 SLEW=FAST VREF_MODE=INT VREF_MODE_VALUE=0.5 DDR_TERM_MODE=ON DDR_RES=60 CP_DYN_TERM=ON UNUSED=TRUE successfully
Executing : def_port {mem_dqs[1]} LOC=M1 VCCIO=1.5 IOSTANDARD=SSTL15D_I DRIVE=8.9 SLEW=FAST VREF_MODE=INT VREF_MODE_VALUE=0.5 DDR_TERM_MODE=ON DDR_RES=60 CP_DYN_TERM=ON UNUSED=TRUE
Executing : def_port {mem_dqs[1]} LOC=M1 VCCIO=1.5 IOSTANDARD=SSTL15D_I DRIVE=8.9 SLEW=FAST VREF_MODE=INT VREF_MODE_VALUE=0.5 DDR_TERM_MODE=ON DDR_RES=60 CP_DYN_TERM=ON UNUSED=TRUE successfully
Executing : def_port {mem_dqs_n[0]} LOC=P4 VCCIO=1.5 IOSTANDARD=SSTL15D_I DRIVE=8.9 SLEW=FAST VREF_MODE=INT VREF_MODE_VALUE=0.5 DDR_TERM_MODE=ON DDR_RES=60 CP_DYN_TERM=ON UNUSED=TRUE
Executing : def_port {mem_dqs_n[0]} LOC=P4 VCCIO=1.5 IOSTANDARD=SSTL15D_I DRIVE=8.9 SLEW=FAST VREF_MODE=INT VREF_MODE_VALUE=0.5 DDR_TERM_MODE=ON DDR_RES=60 CP_DYN_TERM=ON UNUSED=TRUE successfully
Executing : def_port {mem_dqs_n[1]} LOC=L1 VCCIO=1.5 IOSTANDARD=SSTL15D_I DRIVE=8.9 SLEW=FAST VREF_MODE=INT VREF_MODE_VALUE=0.5 DDR_TERM_MODE=ON DDR_RES=60 CP_DYN_TERM=ON UNUSED=TRUE
Executing : def_port {mem_dqs_n[1]} LOC=L1 VCCIO=1.5 IOSTANDARD=SSTL15D_I DRIVE=8.9 SLEW=FAST VREF_MODE=INT VREF_MODE_VALUE=0.5 DDR_TERM_MODE=ON DDR_RES=60 CP_DYN_TERM=ON UNUSED=TRUE successfully
Executing : def_port {hd_scl} LOC=AA21 VCCIO=3.3 IOSTANDARD=LVCMOS33 DRIVE=4 SLEW=FAST
C: ConstraintEditor-2002: [C:/Users/23694/Desktop/ziguang_project/02_pcie_image_test_1080p_v1/08_HDMI_pcie_capture_40pin_100k/project/device_map/image_pcie_capture.pcf(line number: 24)] | Port hd_scl has been placed at location AA21, whose type is share pin.
Executing : def_port {hd_scl} LOC=AA21 VCCIO=3.3 IOSTANDARD=LVCMOS33 DRIVE=4 SLEW=FAST successfully
Executing : def_port {mem_a[0]} LOC=T1 VCCIO=1.5 IOSTANDARD=SSTL15_I DRIVE=8.9 SLEW=FAST UNUSED=TRUE
Executing : def_port {mem_a[0]} LOC=T1 VCCIO=1.5 IOSTANDARD=SSTL15_I DRIVE=8.9 SLEW=FAST UNUSED=TRUE successfully
Executing : def_port {mem_a[1]} LOC=U1 VCCIO=1.5 IOSTANDARD=SSTL15_I DRIVE=8.9 SLEW=FAST UNUSED=TRUE
Executing : def_port {mem_a[1]} LOC=U1 VCCIO=1.5 IOSTANDARD=SSTL15_I DRIVE=8.9 SLEW=FAST UNUSED=TRUE successfully
Executing : def_port {mem_a[2]} LOC=U2 VCCIO=1.5 IOSTANDARD=SSTL15_I DRIVE=8.9 SLEW=FAST UNUSED=TRUE
Executing : def_port {mem_a[2]} LOC=U2 VCCIO=1.5 IOSTANDARD=SSTL15_I DRIVE=8.9 SLEW=FAST UNUSED=TRUE successfully
Executing : def_port {mem_a[3]} LOC=V2 VCCIO=1.5 IOSTANDARD=SSTL15_I DRIVE=8.9 SLEW=FAST UNUSED=TRUE
Executing : def_port {mem_a[3]} LOC=V2 VCCIO=1.5 IOSTANDARD=SSTL15_I DRIVE=8.9 SLEW=FAST UNUSED=TRUE successfully
Executing : def_port {mem_a[4]} LOC=R3 VCCIO=1.5 IOSTANDARD=SSTL15_I DRIVE=8.9 SLEW=FAST UNUSED=TRUE
Executing : def_port {mem_a[4]} LOC=R3 VCCIO=1.5 IOSTANDARD=SSTL15_I DRIVE=8.9 SLEW=FAST UNUSED=TRUE successfully
Executing : def_port {mem_a[5]} LOC=R2 VCCIO=1.5 IOSTANDARD=SSTL15_I DRIVE=8.9 SLEW=FAST UNUSED=TRUE
Executing : def_port {mem_a[5]} LOC=R2 VCCIO=1.5 IOSTANDARD=SSTL15_I DRIVE=8.9 SLEW=FAST UNUSED=TRUE successfully
Executing : def_port {mem_a[6]} LOC=W2 VCCIO=1.5 IOSTANDARD=SSTL15_I DRIVE=8.9 SLEW=FAST UNUSED=TRUE
Executing : def_port {mem_a[6]} LOC=W2 VCCIO=1.5 IOSTANDARD=SSTL15_I DRIVE=8.9 SLEW=FAST UNUSED=TRUE successfully
Executing : def_port {mem_a[7]} LOC=Y2 VCCIO=1.5 IOSTANDARD=SSTL15_I DRIVE=8.9 SLEW=FAST UNUSED=TRUE
Executing : def_port {mem_a[7]} LOC=Y2 VCCIO=1.5 IOSTANDARD=SSTL15_I DRIVE=8.9 SLEW=FAST UNUSED=TRUE successfully
Executing : def_port {mem_a[8]} LOC=W1 VCCIO=1.5 IOSTANDARD=SSTL15_I DRIVE=8.9 SLEW=FAST UNUSED=TRUE
Executing : def_port {mem_a[8]} LOC=W1 VCCIO=1.5 IOSTANDARD=SSTL15_I DRIVE=8.9 SLEW=FAST UNUSED=TRUE successfully
Executing : def_port {mem_a[9]} LOC=Y1 VCCIO=1.5 IOSTANDARD=SSTL15_I DRIVE=8.9 SLEW=FAST UNUSED=TRUE
Executing : def_port {mem_a[9]} LOC=Y1 VCCIO=1.5 IOSTANDARD=SSTL15_I DRIVE=8.9 SLEW=FAST UNUSED=TRUE successfully
Executing : def_port {mem_a[10]} LOC=U3 VCCIO=1.5 IOSTANDARD=SSTL15_I DRIVE=8.9 SLEW=FAST UNUSED=TRUE
Executing : def_port {mem_a[10]} LOC=U3 VCCIO=1.5 IOSTANDARD=SSTL15_I DRIVE=8.9 SLEW=FAST UNUSED=TRUE successfully
Executing : def_port {mem_a[11]} LOC=AA1 VCCIO=1.5 IOSTANDARD=SSTL15_I DRIVE=8.9 SLEW=FAST UNUSED=TRUE
Executing : def_port {mem_a[11]} LOC=AA1 VCCIO=1.5 IOSTANDARD=SSTL15_I DRIVE=8.9 SLEW=FAST UNUSED=TRUE successfully
Executing : def_port {mem_a[12]} LOC=AB1 VCCIO=1.5 IOSTANDARD=SSTL15_I DRIVE=8.9 SLEW=FAST UNUSED=TRUE
Executing : def_port {mem_a[12]} LOC=AB1 VCCIO=1.5 IOSTANDARD=SSTL15_I DRIVE=8.9 SLEW=FAST UNUSED=TRUE successfully
Executing : def_port {mem_a[13]} LOC=AB3 VCCIO=1.5 IOSTANDARD=SSTL15_I DRIVE=8.9 SLEW=FAST UNUSED=TRUE
Executing : def_port {mem_a[13]} LOC=AB3 VCCIO=1.5 IOSTANDARD=SSTL15_I DRIVE=8.9 SLEW=FAST UNUSED=TRUE successfully
Executing : def_port {mem_a[14]} LOC=AB2 VCCIO=1.5 IOSTANDARD=SSTL15_I DRIVE=8.9 SLEW=FAST UNUSED=TRUE
Executing : def_port {mem_a[14]} LOC=AB2 VCCIO=1.5 IOSTANDARD=SSTL15_I DRIVE=8.9 SLEW=FAST UNUSED=TRUE successfully
Executing : def_port {mem_ba[0]} LOC=AA3 VCCIO=1.5 IOSTANDARD=SSTL15_I DRIVE=8.9 SLEW=FAST UNUSED=TRUE
Executing : def_port {mem_ba[0]} LOC=AA3 VCCIO=1.5 IOSTANDARD=SSTL15_I DRIVE=8.9 SLEW=FAST UNUSED=TRUE successfully
Executing : def_port {mem_ba[1]} LOC=AA5 VCCIO=1.5 IOSTANDARD=SSTL15_I DRIVE=8.9 SLEW=FAST UNUSED=TRUE
Executing : def_port {mem_ba[1]} LOC=AA5 VCCIO=1.5 IOSTANDARD=SSTL15_I DRIVE=8.9 SLEW=FAST UNUSED=TRUE successfully
Executing : def_port {mem_ba[2]} LOC=AB5 VCCIO=1.5 IOSTANDARD=SSTL15_I DRIVE=8.9 SLEW=FAST UNUSED=TRUE
Executing : def_port {mem_ba[2]} LOC=AB5 VCCIO=1.5 IOSTANDARD=SSTL15_I DRIVE=8.9 SLEW=FAST UNUSED=TRUE successfully
Executing : def_port {mem_cas_n} LOC=U6 VCCIO=1.5 IOSTANDARD=SSTL15_I DRIVE=8.9 SLEW=FAST UNUSED=TRUE
Executing : def_port {mem_cas_n} LOC=U6 VCCIO=1.5 IOSTANDARD=SSTL15_I DRIVE=8.9 SLEW=FAST UNUSED=TRUE successfully
Executing : def_port {mem_ck} LOC=Y4 VCCIO=1.5 IOSTANDARD=SSTL15D_I DRIVE=8.9 SLEW=FAST UNUSED=TRUE
Executing : def_port {mem_ck} LOC=Y4 VCCIO=1.5 IOSTANDARD=SSTL15D_I DRIVE=8.9 SLEW=FAST UNUSED=TRUE successfully
Executing : def_port {mem_ck_n} LOC=AA4 VCCIO=1.5 IOSTANDARD=SSTL15D_I DRIVE=8.9 SLEW=FAST UNUSED=TRUE
Executing : def_port {mem_ck_n} LOC=AA4 VCCIO=1.5 IOSTANDARD=SSTL15D_I DRIVE=8.9 SLEW=FAST UNUSED=TRUE successfully
Executing : def_port {mem_cke} LOC=W4 VCCIO=1.5 IOSTANDARD=SSTL15_I DRIVE=8.9 SLEW=FAST UNUSED=TRUE
Executing : def_port {mem_cke} LOC=W4 VCCIO=1.5 IOSTANDARD=SSTL15_I DRIVE=8.9 SLEW=FAST UNUSED=TRUE successfully
Executing : def_port {mem_cs_n} LOC=V5 VCCIO=1.5 IOSTANDARD=SSTL15_I DRIVE=8.9 SLEW=FAST UNUSED=TRUE
Executing : def_port {mem_cs_n} LOC=V5 VCCIO=1.5 IOSTANDARD=SSTL15_I DRIVE=8.9 SLEW=FAST UNUSED=TRUE successfully
Executing : def_port {mem_dm[0]} LOC=N5 VCCIO=1.5 IOSTANDARD=SSTL15_I DRIVE=8.9 SLEW=FAST UNUSED=TRUE
Executing : def_port {mem_dm[0]} LOC=N5 VCCIO=1.5 IOSTANDARD=SSTL15_I DRIVE=8.9 SLEW=FAST UNUSED=TRUE successfully
Executing : def_port {mem_dm[1]} LOC=L5 VCCIO=1.5 IOSTANDARD=SSTL15_I DRIVE=8.9 SLEW=FAST UNUSED=TRUE
Executing : def_port {mem_dm[1]} LOC=L5 VCCIO=1.5 IOSTANDARD=SSTL15_I DRIVE=8.9 SLEW=FAST UNUSED=TRUE successfully
Executing : def_port {mem_odt} LOC=R6 VCCIO=1.5 IOSTANDARD=SSTL15_I DRIVE=8.9 SLEW=FAST UNUSED=TRUE
Executing : def_port {mem_odt} LOC=R6 VCCIO=1.5 IOSTANDARD=SSTL15_I DRIVE=8.9 SLEW=FAST UNUSED=TRUE successfully
Executing : def_port {mem_ras_n} LOC=W5 VCCIO=1.5 IOSTANDARD=SSTL15_I DRIVE=8.9 SLEW=FAST UNUSED=TRUE
Executing : def_port {mem_ras_n} LOC=W5 VCCIO=1.5 IOSTANDARD=SSTL15_I DRIVE=8.9 SLEW=FAST UNUSED=TRUE successfully
Executing : def_port {mem_rst_n} LOC=T3 VCCIO=1.5 IOSTANDARD=SSTL15_I DRIVE=8.9 SLEW=FAST UNUSED=TRUE
Executing : def_port {mem_rst_n} LOC=T3 VCCIO=1.5 IOSTANDARD=SSTL15_I DRIVE=8.9 SLEW=FAST UNUSED=TRUE successfully
Executing : def_port {mem_we_n} LOC=W6 VCCIO=1.5 IOSTANDARD=SSTL15_I DRIVE=8.9 SLEW=FAST UNUSED=TRUE
Executing : def_port {mem_we_n} LOC=W6 VCCIO=1.5 IOSTANDARD=SSTL15_I DRIVE=8.9 SLEW=FAST UNUSED=TRUE successfully
Executing : def_port {b_in[0]} LOC=N14 VCCIO=3.3 IOSTANDARD=LVCMOS33 NONE=TRUE
C: ConstraintEditor-2002: [C:/Users/23694/Desktop/ziguang_project/02_pcie_image_test_1080p_v1/08_HDMI_pcie_capture_40pin_100k/project/device_map/image_pcie_capture.pcf(line number: 54)] | Port b_in[0] has been placed at location N14, whose type is share pin.
Executing : def_port {b_in[0]} LOC=N14 VCCIO=3.3 IOSTANDARD=LVCMOS33 NONE=TRUE successfully
Executing : def_port {b_in[1]} LOC=W20 VCCIO=3.3 IOSTANDARD=LVCMOS33 NONE=TRUE
Executing : def_port {b_in[1]} LOC=W20 VCCIO=3.3 IOSTANDARD=LVCMOS33 NONE=TRUE successfully
Executing : def_port {b_in[2]} LOC=N13 VCCIO=3.3 IOSTANDARD=LVCMOS33 NONE=TRUE
C: ConstraintEditor-2002: [C:/Users/23694/Desktop/ziguang_project/02_pcie_image_test_1080p_v1/08_HDMI_pcie_capture_40pin_100k/project/device_map/image_pcie_capture.pcf(line number: 56)] | Port b_in[2] has been placed at location N13, whose type is share pin.
Executing : def_port {b_in[2]} LOC=N13 VCCIO=3.3 IOSTANDARD=LVCMOS33 NONE=TRUE successfully
Executing : def_port {b_in[3]} LOC=V20 VCCIO=3.3 IOSTANDARD=LVCMOS33 NONE=TRUE
Executing : def_port {b_in[3]} LOC=V20 VCCIO=3.3 IOSTANDARD=LVCMOS33 NONE=TRUE successfully
Executing : def_port {b_in[4]} LOC=R16 VCCIO=3.3 IOSTANDARD=LVCMOS33 NONE=TRUE
C: ConstraintEditor-2002: [C:/Users/23694/Desktop/ziguang_project/02_pcie_image_test_1080p_v1/08_HDMI_pcie_capture_40pin_100k/project/device_map/image_pcie_capture.pcf(line number: 58)] | Port b_in[4] has been placed at location R16, whose type is share pin.
Executing : def_port {b_in[4]} LOC=R16 VCCIO=3.3 IOSTANDARD=LVCMOS33 NONE=TRUE successfully
Executing : def_port {b_in[5]} LOC=U20 VCCIO=3.3 IOSTANDARD=LVCMOS33 NONE=TRUE
Executing : def_port {b_in[5]} LOC=U20 VCCIO=3.3 IOSTANDARD=LVCMOS33 NONE=TRUE successfully
Executing : def_port {b_in[6]} LOC=P15 VCCIO=3.3 IOSTANDARD=LVCMOS33 NONE=TRUE
C: ConstraintEditor-2002: [C:/Users/23694/Desktop/ziguang_project/02_pcie_image_test_1080p_v1/08_HDMI_pcie_capture_40pin_100k/project/device_map/image_pcie_capture.pcf(line number: 60)] | Port b_in[6] has been placed at location P15, whose type is share pin.
Executing : def_port {b_in[6]} LOC=P15 VCCIO=3.3 IOSTANDARD=LVCMOS33 NONE=TRUE successfully
Executing : def_port {b_in[7]} LOC=AB18 VCCIO=3.3 IOSTANDARD=LVCMOS33 UNUSED=TRUE
C: ConstraintEditor-2002: [C:/Users/23694/Desktop/ziguang_project/02_pcie_image_test_1080p_v1/08_HDMI_pcie_capture_40pin_100k/project/device_map/image_pcie_capture.pcf(line number: 61)] | Port b_in[7] has been placed at location AB18, whose type is share pin.
Executing : def_port {b_in[7]} LOC=AB18 VCCIO=3.3 IOSTANDARD=LVCMOS33 UNUSED=TRUE successfully
Executing : def_port {board_rst_n} LOC=M15 VCCIO=1.8 IOSTANDARD=LVCMOS18 UNUSED=TRUE
C: ConstraintEditor-2002: [C:/Users/23694/Desktop/ziguang_project/02_pcie_image_test_1080p_v1/08_HDMI_pcie_capture_40pin_100k/project/device_map/image_pcie_capture.pcf(line number: 62)] | Port board_rst_n has been placed at location M15, whose type is share pin.
Executing : def_port {board_rst_n} LOC=M15 VCCIO=1.8 IOSTANDARD=LVCMOS18 UNUSED=TRUE successfully
Executing : def_port {de_in} LOC=P16 VCCIO=3.3 IOSTANDARD=LVCMOS33 NONE=TRUE
C: ConstraintEditor-2002: [C:/Users/23694/Desktop/ziguang_project/02_pcie_image_test_1080p_v1/08_HDMI_pcie_capture_40pin_100k/project/device_map/image_pcie_capture.pcf(line number: 63)] | Port de_in has been placed at location P16, whose type is share pin.
Executing : def_port {de_in} LOC=P16 VCCIO=3.3 IOSTANDARD=LVCMOS33 NONE=TRUE successfully
Executing : def_port {free_clk} LOC=V4 VCCIO=1.5 IOSTANDARD=LVCMOS15 UNUSED=TRUE
Executing : def_port {free_clk} LOC=V4 VCCIO=1.5 IOSTANDARD=LVCMOS15 UNUSED=TRUE successfully
Executing : def_port {g_in[0]} LOC=P17 VCCIO=3.3 IOSTANDARD=LVCMOS33 NONE=TRUE
C: ConstraintEditor-2002: [C:/Users/23694/Desktop/ziguang_project/02_pcie_image_test_1080p_v1/08_HDMI_pcie_capture_40pin_100k/project/device_map/image_pcie_capture.pcf(line number: 65)] | Port g_in[0] has been placed at location P17, whose type is share pin.
Executing : def_port {g_in[0]} LOC=P17 VCCIO=3.3 IOSTANDARD=LVCMOS33 NONE=TRUE successfully
Executing : def_port {g_in[1]} LOC=AA18 VCCIO=3.3 IOSTANDARD=LVCMOS33 NONE=TRUE
C: ConstraintEditor-2002: [C:/Users/23694/Desktop/ziguang_project/02_pcie_image_test_1080p_v1/08_HDMI_pcie_capture_40pin_100k/project/device_map/image_pcie_capture.pcf(line number: 66)] | Port g_in[1] has been placed at location AA18, whose type is share pin.
Executing : def_port {g_in[1]} LOC=AA18 VCCIO=3.3 IOSTANDARD=LVCMOS33 NONE=TRUE successfully
Executing : def_port {g_in[2]} LOC=N17 VCCIO=3.3 IOSTANDARD=LVCMOS33 NONE=TRUE
Executing : def_port {g_in[2]} LOC=N17 VCCIO=3.3 IOSTANDARD=LVCMOS33 NONE=TRUE successfully
Executing : def_port {g_in[3]} LOC=W17 VCCIO=3.3 IOSTANDARD=LVCMOS33 NONE=TRUE
C: ConstraintEditor-2002: [C:/Users/23694/Desktop/ziguang_project/02_pcie_image_test_1080p_v1/08_HDMI_pcie_capture_40pin_100k/project/device_map/image_pcie_capture.pcf(line number: 68)] | Port g_in[3] has been placed at location W17, whose type is share pin.
Executing : def_port {g_in[3]} LOC=W17 VCCIO=3.3 IOSTANDARD=LVCMOS33 NONE=TRUE successfully
Executing : def_port {g_in[4]} LOC=T18 VCCIO=3.3 IOSTANDARD=LVCMOS33 NONE=TRUE
C: ConstraintEditor-2002: [C:/Users/23694/Desktop/ziguang_project/02_pcie_image_test_1080p_v1/08_HDMI_pcie_capture_40pin_100k/project/device_map/image_pcie_capture.pcf(line number: 69)] | Port g_in[4] has been placed at location T18, whose type is share pin.
Executing : def_port {g_in[4]} LOC=T18 VCCIO=3.3 IOSTANDARD=LVCMOS33 NONE=TRUE successfully
Executing : def_port {g_in[5]} LOC=V17 VCCIO=3.3 IOSTANDARD=LVCMOS33 NONE=TRUE
C: ConstraintEditor-2002: [C:/Users/23694/Desktop/ziguang_project/02_pcie_image_test_1080p_v1/08_HDMI_pcie_capture_40pin_100k/project/device_map/image_pcie_capture.pcf(line number: 70)] | Port g_in[5] has been placed at location V17, whose type is share pin.
Executing : def_port {g_in[5]} LOC=V17 VCCIO=3.3 IOSTANDARD=LVCMOS33 NONE=TRUE successfully
Executing : def_port {g_in[6]} LOC=R18 VCCIO=3.3 IOSTANDARD=LVCMOS33 NONE=TRUE
C: ConstraintEditor-2002: [C:/Users/23694/Desktop/ziguang_project/02_pcie_image_test_1080p_v1/08_HDMI_pcie_capture_40pin_100k/project/device_map/image_pcie_capture.pcf(line number: 71)] | Port g_in[6] has been placed at location R18, whose type is share pin.
Executing : def_port {g_in[6]} LOC=R18 VCCIO=3.3 IOSTANDARD=LVCMOS33 NONE=TRUE successfully
Executing : def_port {g_in[7]} LOC=AB20 VCCIO=3.3 IOSTANDARD=LVCMOS33 NONE=TRUE
C: ConstraintEditor-2002: [C:/Users/23694/Desktop/ziguang_project/02_pcie_image_test_1080p_v1/08_HDMI_pcie_capture_40pin_100k/project/device_map/image_pcie_capture.pcf(line number: 72)] | Port g_in[7] has been placed at location AB20, whose type is share pin.
Executing : def_port {g_in[7]} LOC=AB20 VCCIO=3.3 IOSTANDARD=LVCMOS33 NONE=TRUE successfully
Executing : def_port {hs_in} LOC=U17 VCCIO=3.3 IOSTANDARD=LVCMOS33 NONE=TRUE
C: ConstraintEditor-2002: [C:/Users/23694/Desktop/ziguang_project/02_pcie_image_test_1080p_v1/08_HDMI_pcie_capture_40pin_100k/project/device_map/image_pcie_capture.pcf(line number: 73)] | Port hs_in has been placed at location U17, whose type is share pin.
Executing : def_port {hs_in} LOC=U17 VCCIO=3.3 IOSTANDARD=LVCMOS33 NONE=TRUE successfully
Executing : def_port {perst_n} LOC=M16 VCCIO=1.8 IOSTANDARD=LVCMOS18 NONE=TRUE
C: ConstraintEditor-2002: [C:/Users/23694/Desktop/ziguang_project/02_pcie_image_test_1080p_v1/08_HDMI_pcie_capture_40pin_100k/project/device_map/image_pcie_capture.pcf(line number: 74)] | Port perst_n has been placed at location M16, whose type is share pin.
Executing : def_port {perst_n} LOC=M16 VCCIO=1.8 IOSTANDARD=LVCMOS18 NONE=TRUE successfully
Executing : def_port {pixclk_in} LOC=W19 VCCIO=3.3 IOSTANDARD=LVCMOS33 NONE=TRUE
Executing : def_port {pixclk_in} LOC=W19 VCCIO=3.3 IOSTANDARD=LVCMOS33 NONE=TRUE successfully
Executing : def_port {r_in[0]} LOC=V19 VCCIO=3.3 IOSTANDARD=LVCMOS33 NONE=TRUE
Executing : def_port {r_in[0]} LOC=V19 VCCIO=3.3 IOSTANDARD=LVCMOS33 NONE=TRUE successfully
Executing : def_port {r_in[1]} LOC=AA19 VCCIO=3.3 IOSTANDARD=LVCMOS33 NONE=TRUE
C: ConstraintEditor-2002: [C:/Users/23694/Desktop/ziguang_project/02_pcie_image_test_1080p_v1/08_HDMI_pcie_capture_40pin_100k/project/device_map/image_pcie_capture.pcf(line number: 77)] | Port r_in[1] has been placed at location AA19, whose type is share pin.
Executing : def_port {r_in[1]} LOC=AA19 VCCIO=3.3 IOSTANDARD=LVCMOS33 NONE=TRUE successfully
Executing : def_port {r_in[2]} LOC=V18 VCCIO=3.3 IOSTANDARD=LVCMOS33 NONE=TRUE
Executing : def_port {r_in[2]} LOC=V18 VCCIO=3.3 IOSTANDARD=LVCMOS33 NONE=TRUE successfully
Executing : def_port {r_in[3]} LOC=N15 VCCIO=3.3 IOSTANDARD=LVCMOS33 NONE=TRUE
Executing : def_port {r_in[3]} LOC=N15 VCCIO=3.3 IOSTANDARD=LVCMOS33 NONE=TRUE successfully
Executing : def_port {r_in[4]} LOC=Y19 VCCIO=3.3 IOSTANDARD=LVCMOS33 NONE=TRUE
Executing : def_port {r_in[4]} LOC=Y19 VCCIO=3.3 IOSTANDARD=LVCMOS33 NONE=TRUE successfully
Executing : def_port {r_in[5]} LOC=AB22 VCCIO=3.3 IOSTANDARD=LVCMOS33 NONE=TRUE
C: ConstraintEditor-2002: [C:/Users/23694/Desktop/ziguang_project/02_pcie_image_test_1080p_v1/08_HDMI_pcie_capture_40pin_100k/project/device_map/image_pcie_capture.pcf(line number: 81)] | Port r_in[5] has been placed at location AB22, whose type is share pin.
Executing : def_port {r_in[5]} LOC=AB22 VCCIO=3.3 IOSTANDARD=LVCMOS33 NONE=TRUE successfully
Executing : def_port {r_in[6]} LOC=Y18 VCCIO=3.3 IOSTANDARD=LVCMOS33 NONE=TRUE
Executing : def_port {r_in[6]} LOC=Y18 VCCIO=3.3 IOSTANDARD=LVCMOS33 NONE=TRUE successfully
Executing : def_port {r_in[7]} LOC=AB21 VCCIO=3.3 IOSTANDARD=LVCMOS33 NONE=TRUE
C: ConstraintEditor-2002: [C:/Users/23694/Desktop/ziguang_project/02_pcie_image_test_1080p_v1/08_HDMI_pcie_capture_40pin_100k/project/device_map/image_pcie_capture.pcf(line number: 83)] | Port r_in[7] has been placed at location AB21, whose type is share pin.
Executing : def_port {r_in[7]} LOC=AB21 VCCIO=3.3 IOSTANDARD=LVCMOS33 NONE=TRUE successfully
Executing : def_port {ref_clk_n} LOC=E6
Executing : def_port {ref_clk_n} LOC=E6 successfully
Executing : def_port {ref_clk_p} LOC=F6
Executing : def_port {ref_clk_p} LOC=F6 successfully
Executing : def_port {vs_in} LOC=R17 VCCIO=3.3 IOSTANDARD=LVCMOS33 NONE=TRUE
C: ConstraintEditor-2002: [C:/Users/23694/Desktop/ziguang_project/02_pcie_image_test_1080p_v1/08_HDMI_pcie_capture_40pin_100k/project/device_map/image_pcie_capture.pcf(line number: 86)] | Port vs_in has been placed at location R17, whose type is share pin.
Executing : def_port {vs_in} LOC=R17 VCCIO=3.3 IOSTANDARD=LVCMOS33 NONE=TRUE successfully
Executing : def_inst_site {I_ips_ddr_top/u_ddrphy_top/ddrphy_reset_ctrl/ddrphy_ioclk_gate[0]/opit_0_inv} CLMA_357_354 FF3
Executing : def_inst_site {I_ips_ddr_top/u_ddrphy_top/ddrphy_reset_ctrl/ddrphy_ioclk_gate[0]/opit_0_inv} CLMA_357_354 FF3 successfully
Executing : def_inst_site {I_ips_ddr_top/u_ddrphy_top/ddrphy_reset_ctrl/ddrphy_ioclk_gate[1]/opit_0_inv} CLMA_357_660 FF3
Executing : def_inst_site {I_ips_ddr_top/u_ddrphy_top/ddrphy_reset_ctrl/ddrphy_ioclk_gate[1]/opit_0_inv} CLMA_357_660 FF3 successfully
Executing : def_inst_site {I_ips_ddr_top/u_ddrphy_top/u_ddrphy_cpd/cpd_inst} DDRPHY_CPD_369_466
Executing : def_inst_site {I_ips_ddr_top/u_ddrphy_top/u_ddrphy_cpd/cpd_inst} DDRPHY_CPD_369_466 successfully
Executing : def_inst_site {u_ips2l_pcie_wrap/U_IPS2L_PCIE_TOP/U_IPS2L_HSSTLP_PCIE_SOFT_PHY/x2.GTP_HSST_2LANE_TOP/U_GTP_HSSTLP_WRAPPER/CHANNEL0_ENABLE.U_GTP_HSSTLP_LANE0/gophsst} HSSTLP_364_918 U0_HSSTLP_LANE
Executing : def_inst_site {u_ips2l_pcie_wrap/U_IPS2L_PCIE_TOP/U_IPS2L_HSSTLP_PCIE_SOFT_PHY/x2.GTP_HSST_2LANE_TOP/U_GTP_HSSTLP_WRAPPER/CHANNEL0_ENABLE.U_GTP_HSSTLP_LANE0/gophsst} HSSTLP_364_918 U0_HSSTLP_LANE successfully
Executing : def_inst_site {u_ips2l_pcie_wrap/U_IPS2L_PCIE_TOP/U_IPS2L_HSSTLP_PCIE_SOFT_PHY/x2.GTP_HSST_2LANE_TOP/U_GTP_HSSTLP_WRAPPER/CHANNEL1_ENABLE.U_GTP_HSSTLP_LANE1/gophsst} HSSTLP_364_918 U1_HSSTLP_LANE
Executing : def_inst_site {u_ips2l_pcie_wrap/U_IPS2L_PCIE_TOP/U_IPS2L_HSSTLP_PCIE_SOFT_PHY/x2.GTP_HSST_2LANE_TOP/U_GTP_HSSTLP_WRAPPER/CHANNEL1_ENABLE.U_GTP_HSSTLP_LANE1/gophsst} HSSTLP_364_918 U1_HSSTLP_LANE successfully
Executing : def_inst_site {u_ips2l_pcie_wrap/U_IPS2L_PCIE_TOP/U_IPS2L_HSSTLP_PCIE_SOFT_PHY/x2.GTP_HSST_2LANE_TOP/U_GTP_HSSTLP_WRAPPER/PLL0_ENABLE.U_GTP_HSSTLP_PLL0/gophsst} HSSTLP_364_918 U0_HSSTLP_PLL
Executing : def_inst_site {u_ips2l_pcie_wrap/U_IPS2L_PCIE_TOP/U_IPS2L_HSSTLP_PCIE_SOFT_PHY/x2.GTP_HSST_2LANE_TOP/U_GTP_HSSTLP_WRAPPER/PLL0_ENABLE.U_GTP_HSSTLP_PLL0/gophsst} HSSTLP_364_918 U0_HSSTLP_PLL successfully
W: ConstraintEditor-4019: Port Bus 'cmos1_data' unspecified I/O constraint.
W: ConstraintEditor-4019: Port Bus 'cmos2_data' unspecified I/O constraint.
W: ConstraintEditor-4019: Port Bus 'cmos_init_done' unspecified I/O constraint.
W: ConstraintEditor-4019: Port Bus 'rxn' unspecified I/O constraint.
W: ConstraintEditor-4019: Port Bus 'rxp' unspecified I/O constraint.
W: ConstraintEditor-4019: Port Bus 'txn' unspecified I/O constraint.
W: ConstraintEditor-4019: Port Bus 'txp' unspecified I/O constraint.
W: ConstraintEditor-4019: Port 'cmos1_href' unspecified I/O constraint.
W: ConstraintEditor-4019: Port 'cmos1_pclk' unspecified I/O constraint.
W: ConstraintEditor-4019: Port 'cmos1_reset' unspecified I/O constraint.
W: ConstraintEditor-4019: Port 'cmos1_scl' unspecified I/O constraint.
W: ConstraintEditor-4019: Port 'cmos1_sda' unspecified I/O constraint.
W: ConstraintEditor-4019: Port 'cmos1_vsync' unspecified I/O constraint.
W: ConstraintEditor-4019: Port 'cmos2_href' unspecified I/O constraint.
W: ConstraintEditor-4019: Port 'cmos2_pclk' unspecified I/O constraint.
W: ConstraintEditor-4019: Port 'cmos2_reset' unspecified I/O constraint.
W: ConstraintEditor-4019: Port 'cmos2_scl' unspecified I/O constraint.
W: ConstraintEditor-4019: Port 'cmos2_sda' unspecified I/O constraint.
W: ConstraintEditor-4019: Port 'cmos2_vsync' unspecified I/O constraint.
W: ConstraintEditor-4019: Port 'heart_beat_led' unspecified I/O constraint.
W: ConstraintEditor-4019: Port 'pclk_led' unspecified I/O constraint.
W: ConstraintEditor-4019: Port 'ref_led' unspecified I/O constraint.
W: ConstraintEditor-4019: Port 'rx_rst_n' unspecified I/O constraint.
Constraint check end.
I: Column Clock Check open.
Read Column Clock Map.

Placement started.
Phase 1 Pre global placement started.
Mapping instance GRS_INST/grs_ccs to CCS_87_316.
Mapping instance u_CORES/u_GTP_SCANCHAIN_PG/scanchain to SCANCHAIN_88_312.
Mapping instance u_ips2l_pcie_wrap/U_IPS2L_PCIE_TOP/U_IPS2L_PCIE_HARD_CTRL/u_gtp_pcie/gateop to PCIE_315_918.
Mapping instance I_ips_ddr_top/u_ddrphy_top/ddrphy_gpll/u_gpll/gpll_inst to GPLL_367_463.
Mapping instance I_ips_ddr_top/u_ddrphy_top/ddrphy_slice_top/i_dqs_bank[0].u_ddrphy_ioclkdiv/ddrphy_ioclk_div_inst to DDRPHY_IOCLK_DIV_368_310.
Mapping instance I_ips_ddr_top/u_ddrphy_top/ddrphy_slice_top/i_dqs_bank[0].ddrphy_ppll/u_ppll/ppll_inst to PPLL_367_307.
Mapping instance I_ips_ddr_top/u_ddrphy_top/ddrphy_slice_top/i_ca_group[0].u_ddc_ca/ddc_inst to DDR_PHY_369_465.
Mapping instance I_ips_ddr_top/u_ddrphy_top/ddrphy_slice_top/i_ca_group[1].u_ddc_ca/ddc_inst to DDR_PHY_369_463.
Mapping instance I_ips_ddr_top/u_ddrphy_top/ddrphy_slice_top/i_ca_group[2].u_ddc_ca/ddc_inst to DDR_PHY_369_309.
Mapping instance I_ips_ddr_top/u_ddrphy_top/ddrphy_slice_top/i_dqs_bank[1].u_ddrphy_ioclkdiv/ddrphy_ioclk_div_inst to DDRPHY_IOCLK_DIV_368_616.
Mapping instance I_ips_ddr_top/u_ddrphy_top/ddrphy_slice_top/i_dqs_bank[1].ddrphy_ppll/u_ppll/ppll_inst to PPLL_367_613.
Mapping instance I_ips_ddr_top/u_ddrphy_top/ddrphy_slice_top/i_dqs_group[0].ddrphy_data_slice/u_ddc_dq/ddc_inst_PHY to DDR_PHY_369_613.
Mapping instance I_ips_ddr_top/u_ddrphy_top/ddrphy_slice_top/i_dqs_group[1].ddrphy_data_slice/u_ddc_dq/ddc_inst_PHY to DDR_PHY_369_615.
Phase 1.1 1st GP placement started.
Design Utilization : 12%.
First map gop timing takes 1.72 sec
Worst slack after clock region global placement is -3039
Wirelength after clock region global placement is 257693 and checksum is E583BBA139BDE62.
1st GP placement takes 6.58 sec.

Phase 1.2 Clock placement started.
Mapping instance I_ips_ddr_top/u_ddrphy_top/ddrphy_slice_top/i_dqs_bank[0].u_clkbufr/goprclk to RCKB_363_456.
Mapping instance I_ips_ddr_top/u_ddrphy_top/ddrphy_slice_top/i_dqs_bank[1].u_clkbufr/goprclk to RCKB_363_762.
Mapping instance I_ips_ddr_top/u_ddrphy_top/u_clkbufm/clkbufm_inst to MRCKB_361_456.
Mapping instance clkbufg_3/gopclkbufg to USCM_215_624.
Mapping instance I_ips_ddr_top/u_ddrphy_top/u_sysclk_bufg/gopclkbufg to USCM_215_576.
Mapping instance clkbufg_4/gopclkbufg to USCM_215_579.
Mapping instance u_ips2l_pcie_wrap/U_IPS2L_PCIE_TOP/U_IPS2L_HSSTLP_PCIE_SOFT_PHY/u_clkbufg/gopclkbufg to USCM_215_627.
Mapping instance clkbufg_6/gopclkbufg to USCM_215_630.
Mapping instance pll_inst/u_gpll/gpll_inst to GPLL_7_463.
Mapping instance clkbufg_7/gopclkbufg to USCM_215_582.
Mapping instance clkbufg_8/gopclkbufg to USCM_215_585.
Mapping instance I_ips_ddr_top/u_ddrphy_top/rst_clk_gpll/u_gpll/gpll_inst to GPLL_7_157.
Mapping instance I_ips_ddr_top/u_ddrphy_top/u_rst_clk_bufg/gopclkbufg to USCM_215_588.
C: Place-2028: GLOBAL_CLOCK: the driver u_CORES/u_GTP_SCANCHAIN_PG/scanchain fixed at SCANCHAIN_88_312 is unreasonable. Sub-optimal placement for a clock source and a clock buffer.
Mapping instance clkbufg_5/gopclkbufg to USCM_215_591.
Clock placement takes 0.25 sec.

Wirelength after Pre Global Placement is 257693 and checksum is E583BBA139BDE62.
Pre global placement takes 7.36 sec.

Phase 2 Global placement started.
Phase 2.1 Fixed placement started.
Placed fixed group with base inst I_ips_ddr_top/u_ddrphy_top/ddrphy_slice_top/i_dqs_group[0].ddrphy_data_slice/dq_loop[0].u_iobuf_dq/opit_1 on IOLHR_364_624.
Placed fixed group with base inst I_ips_ddr_top/u_ddrphy_top/ddrphy_slice_top/i_dqs_group[0].ddrphy_data_slice/dq_loop[1].u_iobuf_dq/opit_1 on IOLHR_364_630.
Placed fixed group with base inst I_ips_ddr_top/u_ddrphy_top/ddrphy_slice_top/i_dqs_group[0].ddrphy_data_slice/dq_loop[2].u_iobuf_dq/opit_1 on IOLHR_364_636.
Placed fixed group with base inst I_ips_ddr_top/u_ddrphy_top/ddrphy_slice_top/i_dqs_group[0].ddrphy_data_slice/dq_loop[3].u_iobuf_dq/opit_1 on IOLHR_364_642.
Placed fixed group with base inst I_ips_ddr_top/u_ddrphy_top/ddrphy_slice_top/i_dqs_group[0].ddrphy_data_slice/dq_loop[4].u_iobuf_dq/opit_1 on IOLHR_364_648.
Placed fixed group with base inst I_ips_ddr_top/u_ddrphy_top/ddrphy_slice_top/i_dqs_group[0].ddrphy_data_slice/dq_loop[5].u_iobuf_dq/opit_1 on IOLHR_364_666.
Placed fixed group with base inst I_ips_ddr_top/u_ddrphy_top/ddrphy_slice_top/i_dqs_group[0].ddrphy_data_slice/dq_loop[6].u_iobuf_dq/opit_1 on IOLHR_364_672.
Placed fixed group with base inst I_ips_ddr_top/u_ddrphy_top/ddrphy_slice_top/i_dqs_group[0].ddrphy_data_slice/dq_loop[7].u_iobuf_dq/opit_1 on IOLHR_364_684.
Placed fixed group with base inst I_ips_ddr_top/u_ddrphy_top/ddrphy_slice_top/i_dqs_group[0].ddrphy_data_slice/genblk1.u_iobufco_dqs/opit_2 on IOLHR_364_660.
Placed fixed group with base inst I_ips_ddr_top/u_ddrphy_top/ddrphy_slice_top/i_dqs_group[0].ddrphy_data_slice/u_outbuft_dm/opit_1 on IOLHR_364_618.
Placed fixed group with base inst I_ips_ddr_top/u_ddrphy_top/ddrphy_slice_top/i_dqs_group[1].ddrphy_data_slice/dq_loop[0].u_iobuf_dq/opit_1 on IOLHR_364_702.
Placed fixed group with base inst I_ips_ddr_top/u_ddrphy_top/ddrphy_slice_top/i_dqs_group[1].ddrphy_data_slice/dq_loop[1].u_iobuf_dq/opit_1 on IOLHR_364_708.
Placed fixed group with base inst I_ips_ddr_top/u_ddrphy_top/ddrphy_slice_top/i_dqs_group[1].ddrphy_data_slice/dq_loop[2].u_iobuf_dq/opit_1 on IOLHR_364_714.
Placed fixed group with base inst I_ips_ddr_top/u_ddrphy_top/ddrphy_slice_top/i_dqs_group[1].ddrphy_data_slice/dq_loop[3].u_iobuf_dq/opit_1 on IOLHR_364_720.
Placed fixed group with base inst I_ips_ddr_top/u_ddrphy_top/ddrphy_slice_top/i_dqs_group[1].ddrphy_data_slice/dq_loop[4].u_iobuf_dq/opit_1 on IOLHR_364_738.
Placed fixed group with base inst I_ips_ddr_top/u_ddrphy_top/ddrphy_slice_top/i_dqs_group[1].ddrphy_data_slice/dq_loop[5].u_iobuf_dq/opit_1 on IOLHR_364_744.
Placed fixed group with base inst I_ips_ddr_top/u_ddrphy_top/ddrphy_slice_top/i_dqs_group[1].ddrphy_data_slice/dq_loop[6].u_iobuf_dq/opit_1 on IOLHR_364_750.
Placed fixed group with base inst I_ips_ddr_top/u_ddrphy_top/ddrphy_slice_top/i_dqs_group[1].ddrphy_data_slice/dq_loop[7].u_iobuf_dq/opit_1 on IOLHR_364_756.
Placed fixed group with base inst I_ips_ddr_top/u_ddrphy_top/ddrphy_slice_top/i_dqs_group[1].ddrphy_data_slice/genblk1.u_iobufco_dqs/opit_2 on IOLHR_364_732.
Placed fixed group with base inst I_ips_ddr_top/u_ddrphy_top/ddrphy_slice_top/i_dqs_group[1].ddrphy_data_slice/u_outbuft_dm/opit_1 on IOLHR_364_696.
Placed fixed group with base inst I_ips_ddr_top/u_ddrphy_top/ddrphy_slice_top/i_mem_addr_0[0].u_outbuft_addr0/opit_1 on IOLHR_364_600.
Placed fixed group with base inst I_ips_ddr_top/u_ddrphy_top/ddrphy_slice_top/i_mem_addr_0[1].u_outbuft_addr0/opit_1 on IOLHR_364_594.
Placed fixed group with base inst I_ips_ddr_top/u_ddrphy_top/ddrphy_slice_top/i_mem_addr_0[2].u_outbuft_addr0/opit_1 on IOLHR_364_588.
Placed fixed group with base inst I_ips_ddr_top/u_ddrphy_top/ddrphy_slice_top/i_mem_addr_0[3].u_outbuft_addr0/opit_1 on IOLHR_364_582.
Placed fixed group with base inst I_ips_ddr_top/u_ddrphy_top/ddrphy_slice_top/i_mem_addr_0[4].u_outbuft_addr0/opit_1 on IOLHR_364_576.
Placed fixed group with base inst I_ips_ddr_top/u_ddrphy_top/ddrphy_slice_top/i_mem_addr_0[5].u_outbuft_addr0/opit_1 on IOLHR_364_570.
Placed fixed group with base inst I_ips_ddr_top/u_ddrphy_top/ddrphy_slice_top/i_mem_addr_0[6].u_outbuft_addr0/opit_1 on IOLHR_364_564.
Placed fixed group with base inst I_ips_ddr_top/u_ddrphy_top/ddrphy_slice_top/i_mem_addr_0[7].u_outbuft_addr0/opit_1 on IOLHR_364_558.
Placed fixed group with base inst I_ips_ddr_top/u_ddrphy_top/ddrphy_slice_top/i_mem_addr_0[8].u_outbuft_addr0/opit_1 on IOLHR_364_552.
Placed fixed group with base inst I_ips_ddr_top/u_ddrphy_top/ddrphy_slice_top/i_mem_addr_0[9].u_outbuft_addr0/opit_1 on IOLHR_364_546.
Placed fixed group with base inst I_ips_ddr_top/u_ddrphy_top/ddrphy_slice_top/i_mem_addr_0[10].u_outbuft_addr0/opit_1 on IOLHR_364_540.
Placed fixed group with base inst I_ips_ddr_top/u_ddrphy_top/ddrphy_slice_top/i_mem_addr_0[11].u_outbuft_addr0/opit_1 on IOLHR_364_528.
Placed fixed group with base inst I_ips_ddr_top/u_ddrphy_top/ddrphy_slice_top/i_mem_addr_0[12].u_outbuft_addr0/opit_1 on IOLHR_364_522.
Placed fixed group with base inst I_ips_ddr_top/u_ddrphy_top/ddrphy_slice_top/i_mem_addr_0[13].u_outbuft_addr0/opit_1 on IOLHR_364_516.
Placed fixed group with base inst I_ips_ddr_top/u_ddrphy_top/ddrphy_slice_top/i_mem_addr_0[14].u_outbuft_addr0/opit_1 on IOLHR_364_510.
Placed fixed group with base inst I_ips_ddr_top/u_ddrphy_top/ddrphy_slice_top/k_mem_ba[0].u_outbuft_ba/opit_1 on IOLHR_364_498.
Placed fixed group with base inst I_ips_ddr_top/u_ddrphy_top/ddrphy_slice_top/k_mem_ba[1].u_outbuft_ba/opit_1 on IOLHR_364_492.
Placed fixed group with base inst I_ips_ddr_top/u_ddrphy_top/ddrphy_slice_top/k_mem_ba[2].u_outbuft_ba/opit_1 on IOLHR_364_486.
Placed fixed group with base inst I_ips_ddr_top/u_ddrphy_top/ddrphy_slice_top/u_outbuft_casn/opit_1 on IOLHR_364_414.
Placed fixed group with base inst I_ips_ddr_top/u_ddrphy_top/ddrphy_slice_top/u_outbuft_cke/opit_1 on IOLHR_364_462.
Placed fixed group with base inst I_ips_ddr_top/u_ddrphy_top/ddrphy_slice_top/u_outbuft_csn/opit_1 on IOLHR_364_408.
Placed fixed group with base inst I_ips_ddr_top/u_ddrphy_top/ddrphy_slice_top/u_outbuft_odt/opit_1 on IOLHR_364_402.
Placed fixed group with base inst I_ips_ddr_top/u_ddrphy_top/ddrphy_slice_top/u_outbuft_rasn/opit_1 on IOLHR_364_420.
Placed fixed group with base inst I_ips_ddr_top/u_ddrphy_top/ddrphy_slice_top/u_outbuft_wen/opit_1 on IOLHR_364_426.
Placed fixed group with base inst I_ips_ddr_top/u_ddrphy_top/ddrphy_slice_top/u_outbuftco_ck/opit_3 on IOLHR_364_480.
Placed fixed group with base inst b_in_ibuf[0]/opit_1 on IOLHR_16_324.
Placed fixed group with base inst b_in_ibuf[1]/opit_1 on IOLHR_16_462.
Placed fixed group with base inst b_in_ibuf[2]/opit_1 on IOLHR_16_330.
Placed fixed group with base inst b_in_ibuf[3]/opit_1 on IOLHR_16_474.
Placed fixed group with base inst b_in_ibuf[4]/opit_1 on IOLHR_16_336.
Placed fixed group with base inst b_in_ibuf[5]/opit_1 on IOLHR_16_480.
Placed fixed group with base inst b_in_ibuf[6]/opit_1 on IOLHR_16_342.
Placed fixed group with base inst b_in_ibuf[7]/opit_1 on IOLHR_16_396.
Placed fixed group with base inst board_rst_n_ibuf/opit_1 on IOLHR_16_624.
Placed fixed group with base inst de_in_ibuf/opit_1 on IOLHR_16_318.
Placed fixed group with base inst free_clk_ibuf/opit_1 on IOLHR_364_468.
Placed fixed group with base inst g_in_ibuf[0]/opit_1 on IOLHR_16_348.
Placed fixed group with base inst g_in_ibuf[1]/opit_1 on IOLHR_16_402.
Placed fixed group with base inst g_in_ibuf[2]/opit_1 on IOLHR_16_354.
Placed fixed group with base inst g_in_ibuf[3]/opit_1 on IOLHR_16_408.
Placed fixed group with base inst g_in_ibuf[4]/opit_1 on IOLHR_16_360.
Placed fixed group with base inst g_in_ibuf[5]/opit_1 on IOLHR_16_414.
Placed fixed group with base inst g_in_ibuf[6]/opit_1 on IOLHR_16_366.
Placed fixed group with base inst g_in_ibuf[7]/opit_1 on IOLHR_16_420.
Placed fixed group with base inst hd_scl_obuf/opit_1 on IOLHR_16_510.
Placed fixed group with base inst hs_in_ibuf/opit_1 on IOLHR_16_390.
Placed fixed group with base inst mem_rst_n_obuf/opit_1 on IOLHR_364_606.
Placed fixed group with base inst ms72xx_ctl.iic_sda_tri/opit_1 on IOLHR_16_516.
Placed fixed group with base inst perst_n_ibuf/opit_1 on IOLHR_16_618.
Placed fixed group with base inst pixclk_in_ibuf/opit_1 on IOLHR_16_468.
Placed fixed group with base inst r_in_ibuf[0]/opit_1 on IOLHR_16_432.
Placed fixed group with base inst r_in_ibuf[1]/opit_1 on IOLHR_16_426.
Placed fixed group with base inst r_in_ibuf[2]/opit_1 on IOLHR_16_438.
Placed fixed group with base inst r_in_ibuf[3]/opit_1 on IOLHR_16_306.
Placed fixed group with base inst r_in_ibuf[4]/opit_1 on IOLHR_16_444.
Placed fixed group with base inst r_in_ibuf[5]/opit_1 on IOLHR_16_486.
Placed fixed group with base inst r_in_ibuf[6]/opit_1 on IOLHR_16_450.
Placed fixed group with base inst r_in_ibuf[7]/opit_1 on IOLHR_16_492.
Placed fixed group with base inst u_ips2l_pcie_wrap/U_IPS2L_PCIE_TOP/U_IPS2L_HSSTLP_PCIE_SOFT_PHY/x2.GTP_HSST_2LANE_TOP/U_GTP_HSSTLP_WRAPPER/CHANNEL0_ENABLE.U_GTP_HSSTLP_LANE0/gophsst on HSSTLP_364_918.
Placed fixed group with base inst vs_in_ibuf/opit_1 on IOLHR_16_312.
Placed fixed instance I_ips_ddr_top/u_ddrphy_top/ddrphy_reset_ctrl/ddrphy_ioclk_gate[0]/opit_0_inv on CLMA_357_354.
Placed fixed instance I_ips_ddr_top/u_ddrphy_top/ddrphy_reset_ctrl/ddrphy_ioclk_gate[1]/opit_0_inv on CLMA_357_660.
Placed fixed instance u_ips2l_pcie_wrap/U_IPS2L_PCIE_TOP/U_IPS2L_HSSTLP_PCIE_SOFT_PHY/x2.GTP_HSST_2LANE_TOP/U_GTP_HSSTLP_WRAPPER/PLL0_ENABLE.U_GTP_HSSTLP_PLL0/gophsst on HSSTLP_364_918.
Placed fixed instance GRS_INST/grs_ccs on CCS_87_316.
Placed fixed instance I_ips_ddr_top/u_ddrphy_top/ddrphy_gpll/u_gpll/gpll_inst on GPLL_367_463.
Placed fixed instance I_ips_ddr_top/u_ddrphy_top/ddrphy_slice_top/i_ca_group[0].u_ddc_ca/ddc_inst on DDR_PHY_369_465.
Placed fixed instance I_ips_ddr_top/u_ddrphy_top/ddrphy_slice_top/i_ca_group[1].u_ddc_ca/ddc_inst on DDR_PHY_369_463.
Placed fixed instance I_ips_ddr_top/u_ddrphy_top/ddrphy_slice_top/i_ca_group[2].u_ddc_ca/ddc_inst on DDR_PHY_369_309.
Placed fixed instance I_ips_ddr_top/u_ddrphy_top/ddrphy_slice_top/i_dqs_bank[0].ddrphy_ppll/u_ppll/ppll_inst on PPLL_367_307.
Placed fixed instance I_ips_ddr_top/u_ddrphy_top/ddrphy_slice_top/i_dqs_bank[0].u_clkbufr/goprclk on RCKB_363_456.
Placed fixed instance I_ips_ddr_top/u_ddrphy_top/ddrphy_slice_top/i_dqs_bank[0].u_ddrphy_ioclkdiv/ddrphy_ioclk_div_inst on DDRPHY_IOCLK_DIV_368_310.
Placed fixed instance I_ips_ddr_top/u_ddrphy_top/ddrphy_slice_top/i_dqs_bank[1].ddrphy_ppll/u_ppll/ppll_inst on PPLL_367_613.
Placed fixed instance I_ips_ddr_top/u_ddrphy_top/ddrphy_slice_top/i_dqs_bank[1].u_clkbufr/goprclk on RCKB_363_762.
Placed fixed instance I_ips_ddr_top/u_ddrphy_top/ddrphy_slice_top/i_dqs_bank[1].u_ddrphy_ioclkdiv/ddrphy_ioclk_div_inst on DDRPHY_IOCLK_DIV_368_616.
Placed fixed instance I_ips_ddr_top/u_ddrphy_top/ddrphy_slice_top/i_dqs_group[0].ddrphy_data_slice/u_ddc_dq/ddc_inst_PHY on DDR_PHY_369_613.
Placed fixed instance I_ips_ddr_top/u_ddrphy_top/ddrphy_slice_top/i_dqs_group[1].ddrphy_data_slice/u_ddc_dq/ddc_inst_PHY on DDR_PHY_369_615.
Placed fixed instance I_ips_ddr_top/u_ddrphy_top/rst_clk_gpll/u_gpll/gpll_inst on GPLL_7_157.
Placed fixed instance I_ips_ddr_top/u_ddrphy_top/u_clkbufm/clkbufm_inst on MRCKB_361_456.
Placed fixed instance I_ips_ddr_top/u_ddrphy_top/u_ddrphy_cpd/cpd_inst on DDRPHY_CPD_369_466.
Placed fixed instance I_ips_ddr_top/u_ddrphy_top/u_rst_clk_bufg/gopclkbufg on USCM_215_588.
Placed fixed instance I_ips_ddr_top/u_ddrphy_top/u_sysclk_bufg/gopclkbufg on USCM_215_576.
Placed fixed instance clkbufg_3/gopclkbufg on USCM_215_624.
Placed fixed instance clkbufg_4/gopclkbufg on USCM_215_579.
Placed fixed instance clkbufg_5/gopclkbufg on USCM_215_591.
Placed fixed instance clkbufg_6/gopclkbufg on USCM_215_630.
Placed fixed instance clkbufg_7/gopclkbufg on USCM_215_582.
Placed fixed instance clkbufg_8/gopclkbufg on USCM_215_585.
Placed fixed instance pll_inst/u_gpll/gpll_inst on GPLL_7_463.
Placed fixed instance ref_clk_n_ibuf_hsst on SPAD_363_922.
Placed fixed instance ref_clk_p_ibuf_hsst on SPAD_363_921.
Placed fixed instance u_CORES/u_GTP_SCANCHAIN_PG/scanchain on SCANCHAIN_88_312.
Placed fixed instance u_ips2l_pcie_wrap/U_IPS2L_PCIE_TOP/U_IPS2L_HSSTLP_PCIE_SOFT_PHY/u_clkbufg/gopclkbufg on USCM_215_627.
Placed fixed instance u_ips2l_pcie_wrap/U_IPS2L_PCIE_TOP/U_IPS2L_PCIE_HARD_CTRL/u_gtp_pcie/gateop on PCIE_315_918.
Placed fixed instance BKCL_auto_0 on BKCL_1_646.
Placed fixed instance BKCL_auto_1 on BKCL_1_340.
Placed fixed instance BKCL_auto_2 on BKCL_373_646.
Placed fixed instance BKCL_auto_3 on BKCL_373_340.
Fixed placement takes 0.23 sec.

Phase 2.2 Process placement started.
I: The IO driver of I_ips_ddr_top/u_ddrphy_top/rst_clk_gpll/u_gpll/gpll_inst(CLKIN1) is not constraint at pllpad, its clock path will pass through SRB.
I: The IO driver of pll_inst/u_gpll/gpll_inst(CLKIN1) is not constraint at pllpad, its clock path will pass through SRB.
Process placement takes 0.00 sec.

Phase 2.3 IO placement started.
IO placement takes 0.08 sec.

Phase 2.4 2nd GP placement started.
Run super clustering :
	Initial slack -3085.
	2 iterations finished.
	Final slack -2464.
Super clustering done.
Design Utilization : 12%.
Worst slack after global placement is 518
2nd GP placement takes 3.81 sec.

Wirelength after global placement is 122882 and checksum is A21B5029D369210.
Global placement takes 4.14 sec.

Phase 3 Post global placement started.
Packing LUT6D started.
I: LUT6D pack result: There are 3558 LUT6 in collection, pack success:169
Packing LUT6D takes 1.39 sec.
Phase 3.1 Macro cell placement started.
I: Process macros using "Greedy".
Wirelength after macro cell placement is 135952 and checksum is F1B9EE1EED6433F0.
Macro cell placement takes 0.08 sec.

Phase 3.2 3rd GP placement started.
Run super clustering :
	Initial slack -3085.
	2 iterations finished.
	Final slack -2522.
Super clustering done.
Design Utilization : 12%.
Worst slack after post global placement is 455
3rd GP placement takes 3.06 sec.

Wirelength after post global placement is 112705 and checksum is F934B83FC47BC8B5.
Packing LUT6D started.
I: LUT6D pack result: There are 3220 LUT6 in collection, pack success:5
Packing LUT6D takes 1.39 sec.
Post global placement takes 5.95 sec.

Phase 4 Legalization started.
The average distance in LP is 0.777868.
Wirelength after legalization is 133499 and checksum is 25BBC2D95EE23F5D.
Legalization takes 0.73 sec.

Phase 5 Timing-driven detailed placement started.
Phase 5.1 Replication placement started.
Worst slack before Replication Place is 1298.
Replication placement takes 0.39 sec.

Wirelength after replication placement is 133499 and checksum is 25BBC2D95EE23F5D.
Phase 5.2 Swapping placement started.
Worst slack before detailed placement is 1298, TNS before detailed placement is 0. 
Worst slack after detailed placement is 1298, TNS after detailed placement is 0. 
Swapping placement takes 0.22 sec.

Wirelength after detailed placement is 133499 and checksum is 25BBC2D95EE23F5D.
Timing-driven detailed placement takes 0.62 sec.

Worst slack is 1298, TNS after placement is 0.
Placement done.
Total placement takes 23.56 sec.
Finished placement.

Routing started.
Building routing graph takes 3.61 sec.
Worst slack is 1298, TNS before global route is 0.
Processing design graph takes 1.50 sec.
Total memory for routing:
	227.094401 M.
Total nets for routing : 17459.
Global Routing step 1 processed 0 nets, it takes 1.33 sec.
Rcf routing step 1 processed 0 nets, it takes 0.00 sec.
Rcf routing step 2 processed 0 nets, it takes 0.00 sec.
Rcf routing step 3 processed 0 nets, it takes 0.00 sec.
Global Routing step 1 processed 0 nets, it takes 0.00 sec.
Global Routing step 2 processed 0 nets, it takes 0.00 sec.
Global routing takes 0.06 sec.
Total 17459 subnets.
    forward max bucket size 17277 , backward 643.
        Unrouted nets 11994 at the end of iteration 0.
    route iteration 0, CPU time elapsed 2.968750 sec.
    forward max bucket size 1160 , backward 641.
        Unrouted nets 10548 at the end of iteration 1.
    route iteration 1, CPU time elapsed 2.531250 sec.
    forward max bucket size 1058 , backward 598.
        Unrouted nets 9451 at the end of iteration 2.
    route iteration 2, CPU time elapsed 2.296875 sec.
    forward max bucket size 1113 , backward 374.
        Unrouted nets 8437 at the end of iteration 3.
    route iteration 3, CPU time elapsed 2.031250 sec.
    forward max bucket size 944 , backward 352.
        Unrouted nets 7509 at the end of iteration 4.
    route iteration 4, CPU time elapsed 1.968750 sec.
    forward max bucket size 765 , backward 469.
        Unrouted nets 6376 at the end of iteration 5.
    route iteration 5, CPU time elapsed 1.578125 sec.
    forward max bucket size 1112 , backward 462.
        Unrouted nets 5457 at the end of iteration 6.
    route iteration 6, CPU time elapsed 1.437500 sec.
    forward max bucket size 1027 , backward 394.
        Unrouted nets 4634 at the end of iteration 7.
    route iteration 7, CPU time elapsed 1.265625 sec.
    forward max bucket size 791 , backward 550.
        Unrouted nets 3909 at the end of iteration 8.
    route iteration 8, CPU time elapsed 1.187500 sec.
    forward max bucket size 991 , backward 439.
        Unrouted nets 3364 at the end of iteration 9.
    route iteration 9, CPU time elapsed 1.062500 sec.
    forward max bucket size 781 , backward 461.
        Unrouted nets 2998 at the end of iteration 10.
    route iteration 10, CPU time elapsed 0.921875 sec.
    forward max bucket size 950 , backward 434.
        Unrouted nets 2692 at the end of iteration 11.
    route iteration 11, CPU time elapsed 0.906250 sec.
    forward max bucket size 527 , backward 331.
        Unrouted nets 2328 at the end of iteration 12.
    route iteration 12, CPU time elapsed 0.687500 sec.
    forward max bucket size 1053 , backward 454.
        Unrouted nets 2063 at the end of iteration 13.
    route iteration 13, CPU time elapsed 0.671875 sec.
    forward max bucket size 1059 , backward 244.
        Unrouted nets 1851 at the end of iteration 14.
    route iteration 14, CPU time elapsed 0.562500 sec.
    forward max bucket size 890 , backward 290.
        Unrouted nets 1672 at the end of iteration 15.
    route iteration 15, CPU time elapsed 0.515625 sec.
    forward max bucket size 798 , backward 497.
        Unrouted nets 1532 at the end of iteration 16.
    route iteration 16, CPU time elapsed 0.531250 sec.
    forward max bucket size 453 , backward 393.
        Unrouted nets 1381 at the end of iteration 17.
    route iteration 17, CPU time elapsed 0.453125 sec.
    forward max bucket size 952 , backward 328.
        Unrouted nets 1308 at the end of iteration 18.
    route iteration 18, CPU time elapsed 0.437500 sec.
    forward max bucket size 797 , backward 388.
        Unrouted nets 1205 at the end of iteration 19.
    route iteration 19, CPU time elapsed 0.406250 sec.
    forward max bucket size 641 , backward 271.
        Unrouted nets 1202 at the end of iteration 20.
    route iteration 20, CPU time elapsed 0.453125 sec.
    forward max bucket size 876 , backward 297.
        Unrouted nets 1102 at the end of iteration 21.
    route iteration 21, CPU time elapsed 0.359375 sec.
    forward max bucket size 400 , backward 466.
        Unrouted nets 1044 at the end of iteration 22.
    route iteration 22, CPU time elapsed 0.312500 sec.
    forward max bucket size 500 , backward 466.
        Unrouted nets 997 at the end of iteration 23.
    route iteration 23, CPU time elapsed 0.296875 sec.
    forward max bucket size 726 , backward 471.
        Unrouted nets 930 at the end of iteration 24.
    route iteration 24, CPU time elapsed 0.328125 sec.
    forward max bucket size 750 , backward 258.
        Unrouted nets 913 at the end of iteration 25.
    route iteration 25, CPU time elapsed 0.343750 sec.
    forward max bucket size 413 , backward 304.
        Unrouted nets 856 at the end of iteration 26.
    route iteration 26, CPU time elapsed 0.312500 sec.
    forward max bucket size 402 , backward 327.
        Unrouted nets 771 at the end of iteration 27.
    route iteration 27, CPU time elapsed 0.312500 sec.
    forward max bucket size 643 , backward 469.
        Unrouted nets 709 at the end of iteration 28.
    route iteration 28, CPU time elapsed 0.312500 sec.
    forward max bucket size 373 , backward 265.
        Unrouted nets 707 at the end of iteration 29.
    route iteration 29, CPU time elapsed 0.265625 sec.
    forward max bucket size 327 , backward 258.
        Unrouted nets 697 at the end of iteration 30.
    route iteration 30, CPU time elapsed 0.234375 sec.
    forward max bucket size 776 , backward 252.
        Unrouted nets 628 at the end of iteration 31.
    route iteration 31, CPU time elapsed 0.265625 sec.
    forward max bucket size 702 , backward 255.
        Unrouted nets 576 at the end of iteration 32.
    route iteration 32, CPU time elapsed 0.203125 sec.
    forward max bucket size 823 , backward 237.
        Unrouted nets 543 at the end of iteration 33.
    route iteration 33, CPU time elapsed 0.187500 sec.
    forward max bucket size 711 , backward 219.
        Unrouted nets 498 at the end of iteration 34.
    route iteration 34, CPU time elapsed 0.187500 sec.
    forward max bucket size 963 , backward 195.
        Unrouted nets 432 at the end of iteration 35.
    route iteration 35, CPU time elapsed 0.187500 sec.
    forward max bucket size 806 , backward 178.
        Unrouted nets 374 at the end of iteration 36.
    route iteration 36, CPU time elapsed 0.187500 sec.
    forward max bucket size 792 , backward 178.
        Unrouted nets 384 at the end of iteration 37.
    route iteration 37, CPU time elapsed 0.187500 sec.
    forward max bucket size 685 , backward 178.
        Unrouted nets 397 at the end of iteration 38.
    route iteration 38, CPU time elapsed 0.218750 sec.
    forward max bucket size 685 , backward 178.
        Unrouted nets 375 at the end of iteration 39.
    route iteration 39, CPU time elapsed 0.156250 sec.
    forward max bucket size 579 , backward 178.
        Unrouted nets 329 at the end of iteration 40.
    route iteration 40, CPU time elapsed 0.187500 sec.
    forward max bucket size 935 , backward 211.
        Unrouted nets 312 at the end of iteration 41.
    route iteration 41, CPU time elapsed 0.171875 sec.
    forward max bucket size 539 , backward 185.
        Unrouted nets 291 at the end of iteration 42.
    route iteration 42, CPU time elapsed 0.140625 sec.
    forward max bucket size 679 , backward 153.
        Unrouted nets 283 at the end of iteration 43.
    route iteration 43, CPU time elapsed 0.156250 sec.
    forward max bucket size 363 , backward 165.
        Unrouted nets 260 at the end of iteration 44.
    route iteration 44, CPU time elapsed 0.171875 sec.
    forward max bucket size 238 , backward 256.
        Unrouted nets 233 at the end of iteration 45.
    route iteration 45, CPU time elapsed 0.125000 sec.
    forward max bucket size 823 , backward 150.
        Unrouted nets 233 at the end of iteration 46.
    route iteration 46, CPU time elapsed 0.140625 sec.
    forward max bucket size 908 , backward 132.
        Unrouted nets 191 at the end of iteration 47.
    route iteration 47, CPU time elapsed 0.140625 sec.
    forward max bucket size 632 , backward 172.
        Unrouted nets 170 at the end of iteration 48.
    route iteration 48, CPU time elapsed 0.093750 sec.
    forward max bucket size 944 , backward 95.
        Unrouted nets 202 at the end of iteration 49.
    route iteration 49, CPU time elapsed 0.093750 sec.
    forward max bucket size 643 , backward 133.
        Unrouted nets 210 at the end of iteration 50.
    route iteration 50, CPU time elapsed 0.078125 sec.
    forward max bucket size 586 , backward 155.
        Unrouted nets 235 at the end of iteration 51.
    route iteration 51, CPU time elapsed 0.156250 sec.
    forward max bucket size 570 , backward 183.
        Unrouted nets 250 at the end of iteration 52.
    route iteration 52, CPU time elapsed 0.125000 sec.
    forward max bucket size 872 , backward 107.
        Unrouted nets 268 at the end of iteration 53.
    route iteration 53, CPU time elapsed 0.140625 sec.
    forward max bucket size 242 , backward 110.
        Unrouted nets 246 at the end of iteration 54.
    route iteration 54, CPU time elapsed 0.125000 sec.
    forward max bucket size 236 , backward 233.
        Unrouted nets 233 at the end of iteration 55.
    route iteration 55, CPU time elapsed 0.109375 sec.
    forward max bucket size 940 , backward 165.
        Unrouted nets 213 at the end of iteration 56.
    route iteration 56, CPU time elapsed 0.125000 sec.
    forward max bucket size 195 , backward 175.
        Unrouted nets 179 at the end of iteration 57.
    route iteration 57, CPU time elapsed 0.109375 sec.
    forward max bucket size 646 , backward 129.
        Unrouted nets 175 at the end of iteration 58.
    route iteration 58, CPU time elapsed 0.093750 sec.
    forward max bucket size 736 , backward 130.
        Unrouted nets 182 at the end of iteration 59.
    route iteration 59, CPU time elapsed 0.109375 sec.
    forward max bucket size 814 , backward 193.
        Unrouted nets 215 at the end of iteration 60.
    route iteration 60, CPU time elapsed 0.171875 sec.
    forward max bucket size 810 , backward 170.
        Unrouted nets 189 at the end of iteration 61.
    route iteration 61, CPU time elapsed 0.125000 sec.
    forward max bucket size 656 , backward 113.
        Unrouted nets 179 at the end of iteration 62.
    route iteration 62, CPU time elapsed 0.078125 sec.
    forward max bucket size 290 , backward 113.
        Unrouted nets 187 at the end of iteration 63.
    route iteration 63, CPU time elapsed 0.093750 sec.
    forward max bucket size 243 , backward 118.
        Unrouted nets 163 at the end of iteration 64.
    route iteration 64, CPU time elapsed 0.078125 sec.
    forward max bucket size 244 , backward 131.
        Unrouted nets 159 at the end of iteration 65.
    route iteration 65, CPU time elapsed 0.093750 sec.
    forward max bucket size 237 , backward 144.
        Unrouted nets 128 at the end of iteration 66.
    route iteration 66, CPU time elapsed 0.078125 sec.
    forward max bucket size 207 , backward 291.
        Unrouted nets 128 at the end of iteration 67.
    route iteration 67, CPU time elapsed 0.078125 sec.
    forward max bucket size 210 , backward 130.
        Unrouted nets 108 at the end of iteration 68.
    route iteration 68, CPU time elapsed 0.062500 sec.
    forward max bucket size 241 , backward 118.
        Unrouted nets 95 at the end of iteration 69.
    route iteration 69, CPU time elapsed 0.078125 sec.
    forward max bucket size 313 , backward 131.
        Unrouted nets 79 at the end of iteration 70.
    route iteration 70, CPU time elapsed 0.078125 sec.
    forward max bucket size 241 , backward 102.
        Unrouted nets 60 at the end of iteration 71.
    route iteration 71, CPU time elapsed 0.062500 sec.
    forward max bucket size 222 , backward 100.
        Unrouted nets 75 at the end of iteration 72.
    route iteration 72, CPU time elapsed 0.062500 sec.
    forward max bucket size 260 , backward 132.
        Unrouted nets 75 at the end of iteration 73.
    route iteration 73, CPU time elapsed 0.062500 sec.
    forward max bucket size 239 , backward 59.
        Unrouted nets 50 at the end of iteration 74.
    route iteration 74, CPU time elapsed 0.062500 sec.
    forward max bucket size 272 , backward 128.
        Unrouted nets 53 at the end of iteration 75.
    route iteration 75, CPU time elapsed 0.046875 sec.
    forward max bucket size 194 , backward 112.
        Unrouted nets 38 at the end of iteration 76.
    route iteration 76, CPU time elapsed 0.062500 sec.
    forward max bucket size 321 , backward 129.
        Unrouted nets 36 at the end of iteration 77.
    route iteration 77, CPU time elapsed 0.046875 sec.
    forward max bucket size 103 , backward 76.
        Unrouted nets 28 at the end of iteration 78.
    route iteration 78, CPU time elapsed 0.046875 sec.
    forward max bucket size 99 , backward 63.
        Unrouted nets 30 at the end of iteration 79.
    route iteration 79, CPU time elapsed 0.031250 sec.
    forward max bucket size 102 , backward 63.
        Unrouted nets 22 at the end of iteration 80.
    route iteration 80, CPU time elapsed 0.031250 sec.
    forward max bucket size 204 , backward 63.
        Unrouted nets 30 at the end of iteration 81.
    route iteration 81, CPU time elapsed 0.046875 sec.
    forward max bucket size 112 , backward 80.
        Unrouted nets 29 at the end of iteration 82.
    route iteration 82, CPU time elapsed 0.062500 sec.
    forward max bucket size 169 , backward 81.
        Unrouted nets 28 at the end of iteration 83.
    route iteration 83, CPU time elapsed 0.031250 sec.
    forward max bucket size 153 , backward 131.
        Unrouted nets 22 at the end of iteration 84.
    route iteration 84, CPU time elapsed 0.046875 sec.
    forward max bucket size 100 , backward 86.
        Unrouted nets 16 at the end of iteration 85.
    route iteration 85, CPU time elapsed 0.046875 sec.
    forward max bucket size 95 , backward 92.
        Unrouted nets 17 at the end of iteration 86.
    route iteration 86, CPU time elapsed 0.062500 sec.
    forward max bucket size 100 , backward 83.
        Unrouted nets 20 at the end of iteration 87.
    route iteration 87, CPU time elapsed 0.031250 sec.
    forward max bucket size 100 , backward 86.
        Unrouted nets 18 at the end of iteration 88.
    route iteration 88, CPU time elapsed 0.046875 sec.
    forward max bucket size 100 , backward 83.
        Unrouted nets 15 at the end of iteration 89.
    route iteration 89, CPU time elapsed 0.031250 sec.
    forward max bucket size 105 , backward 109.
        Unrouted nets 16 at the end of iteration 90.
    route iteration 90, CPU time elapsed 0.046875 sec.
    forward max bucket size 163 , backward 83.
        Unrouted nets 14 at the end of iteration 91.
    route iteration 91, CPU time elapsed 0.046875 sec.
    forward max bucket size 217 , backward 129.
        Unrouted nets 9 at the end of iteration 92.
    route iteration 92, CPU time elapsed 0.031250 sec.
    forward max bucket size 217 , backward 138.
        Unrouted nets 8 at the end of iteration 93.
    route iteration 93, CPU time elapsed 0.046875 sec.
    forward max bucket size 85 , backward 118.
        Unrouted nets 0 at the end of iteration 94.
    route iteration 94, CPU time elapsed 0.046875 sec.
Detailed routing takes 94 iterations
I: Design net coms1_reg_config/clock_20k is routed by general path.
C: Route-2036: The clock path from coms1_reg_config/clock_20k_cnt[0]/opit_0_inv_L6QL5Q1:L5Q to coms1_reg_config/config_step_reg[1]/opit_0_inv_srl:CLK is routed by SRB.
I: Design net ntclkbufg_2 is routed by general path.
C: Route-2036: The clock path from clkbufg_5/gopclkbufg:CLKOUT to u_CORES/u_debug_core_0/u0_trig_unit/conf_reg[222]/opit_0_inv_L6QL5Q:CLK is routed by SRB.
I: Design net u_CORES/capt_o is routed by general path.
C: Route-2036: The clock path from u_CORES/u_GTP_SCANCHAIN_PG/scanchain:CAPTUREDR to u_CORES/u_debug_core_0/u_hub_data_decode/id_sample.conf_id[4]/opit_0_inv:CLK is routed by SRB.
I: Design net u_CORES/drck_o is routed by general path.
C: Route-2036: The clock path from u_CORES/u_GTP_SCANCHAIN_PG/scanchain:TCK1 to clkbufg_5/gopclkbufg:CLK is routed by SRB.
Detailed routing takes 36.06 sec.
Start fix hold violation.
Build tmp routing results takes 0.12 sec.
Timing analysis takes 0.12 sec.
Hold violation fix iter 0 takes 1.67 sec, total_step_forward 102024.
Incremental timing analysis takes 0.11 sec.
Hold violation fix iter 1 takes 0.02 sec, total_step_forward 397.
Incremental timing analysis takes 0.14 sec.
Hold violation fix iter 2 takes 0.00 sec, total_step_forward 0.
Hold Violation Fix in router takes 3 iterations.
Fix hold violation Finished.
Hold Violation Fix in router takes 3.62 sec.

Dispose routing result:
    Collect routing result.
    Delete unused device instances.
    Annotate routing result.
    Change LUT configuration.
    Dispose misc instances.
    Annotate routing result again.
Finish routing takes 0.78 sec.
Used SRB routing arc is 152748.
Cleanup routing takes 0.03 sec.
Routing done.
Total routing takes 48.03 sec.

C: Place-2025: The VCCIO 1.8 in BANK BANKL4 is incompatible.

Device Utilization Summary :
+------------------------------------------------------------------------------+
| Logic Utilization           | Used     | Available     | Utilization(%)     
+------------------------------------------------------------------------------+
| Use of ADC                  | 0        | 1             | 0                  
| Use of ANALOG               | 0        | 1             | 0                  
| Use of APM                  | 0        | 240           | 0                  
| Use of BKCL                 | 4        | 6             | 67                 
| Use of CCS                  | 1        | 1             | 100                
| Use of CLMA                 | 1743     | 11675         | 15                 
|   FF                        | 6276     | 93400         | 7                  
|   LUT                       | 5130     | 46700         | 11                 
|   LUT-FF pairs              | 3055     | 46700         | 7                  
| Use of CLMS                 | 780      | 4975          | 16                 
|   FF                        | 2215     | 39800         | 6                  
|   LUT                       | 2194     | 19900         | 12                 
|   LUT-FF pairs              | 1031     | 19900         | 6                  
|   Distributed RAM           | 604      | 19900         | 4                  
| Use of DDRPHY_CPD           | 1        | 12            | 9                  
| Use of DDRPHY_IOCLK_DIV     | 2        | 6             | 34                 
| Use of DDR_PHY              | 5        | 24            | 21                 
| Use of DRM                  | 55       | 155           | 36                 
| Use of GPLL                 | 3        | 6             | 50                 
| Use of GSEB                 | 0        | 218           | 0                  
| Use of HARD0                | 1233     | 10550         | 12                 
| Use of HCKB                 | 33       | 96            | 35                 
|  HCKB dataused              | 5        | 96            | 6                  
| Use of HCKMUX_TEST          | 0        | 8             | 0                  
| Use of HSSTLP               | 0.5      | 1             | 50                 
| Use of IO                   | 94       | 285           | 33                 
|   IOBD                      | 49       | 137           | 36                 
|   IOBS                      | 45       | 148           | 31                 
| Use of IOCKB                | 0        | 24            | 0                  
| Use of IOCKMUX_TEST         | 0        | 6             | 0                  
| Use of IOLHR                | 94       | 300           | 32                 
| Use of KEYRAM               | 0        | 1             | 0                  
| Use of MFG_TEST             | 0        | 1             | 0                  
| Use of MRCKB                | 1        | 12            | 9                  
| Use of MRCKMUX_TEST         | 0        | 6             | 0                  
| Use of MRPOSTMUX_TEST       | 0        | 6             | 0                  
| Use of PCIE                 | 1        | 1             | 100                
| Use of PCKMUX_TEST          | 0        | 12            | 0                  
| Use of PLLMRMUX_TEST        | 0        | 6             | 0                  
| Use of PLLREFMUX_TEST       | 0        | 6             | 0                  
| Use of PPLL                 | 2        | 6             | 34                 
| Use of PREGMUXC_TEST        | 0        | 4             | 0                  
| Use of PREGMUXLR_TEST       | 0        | 6             | 0                  
| Use of RCKB                 | 2        | 24            | 9                  
|  RCKB dataused              | 0        | 24            | 0                  
| Use of RCKMUX_TEST          | 0        | 6             | 0                  
| Use of SCANCHAIN            | 1        | 1             | 100                
| Use of SCKMUX_TEST          | 0        | 12            | 0                  
| Use of SFB                  | 0        | 2225          | 0                  
| Use of SPAD                 | 2        | 4             | 50                 
| Use of TSERDES              | 10       | 48            | 21                 
| Use of USCM                 | 10       | 32            | 32                 
|  USCM dataused              | 0        | 32            | 0                  
| Use of USCMMUX_TEST         | 0        | 32            | 0                  
+------------------------------------------------------------------------------+

Finished routing.
Design 'image_pcie_capture' has been placed and routed successfully.
Saving design to DB.
Finished placement and routing.
Action pnr: Real time elapsed is 0h:1m:59s
Action pnr: CPU time elapsed is 0h:1m:48s
Action pnr: Process CPU time elapsed is 0h:2m:5s
Current time: Thu Jul  9 22:31:53 2026
Action pnr: Peak memory pool usage is 2,101 MB
