#Build: Fabric Compiler 2022.2-SP6.4, Build 146967, Jan 31 01:39 2024
#Install: E:\PDS_FPGA\PDS_2022.2-SP6.4\bin
#Application name: pds_shell.exe
#OS: Windows 10 10.0.26100
#Hostname: 傻额宁儿
Generated by Fabric Compiler (version 2022.2-SP6.4 build 146967) at Mon Dec  1 13:29:24 2025
Compiling verification operator library.
Compiling common defs.
Loading technology operator library.
Compiling technology operator library.
Compiling technology operator (valence) library.
Compiling operator packing rules.
Compiling prim grid devices.
Compiling gate devices.
Compiling gate operators.
Compiling tech operator impls.
Building architecture model.
Loading device packaging model.
W: ConstraintEditor-4019: Port Bus 'rxn' unspecified I/O constraint.
W: ConstraintEditor-4019: Port Bus 'rxp' unspecified I/O constraint.
W: ConstraintEditor-4019: Port Bus 'txn' unspecified I/O constraint.
W: ConstraintEditor-4019: Port Bus 'txp' unspecified I/O constraint.
W: ConstraintEditor-4019: Port 'cmos_init_done[2]' unspecified I/O constraint.
C: SDC-2025: Clock source 'n:coms1_reg_config/clock_20k' need a clock constraint, please use 'create_clock' or 'create_generate_clock' to generate.
Flattening design 'image_pcie_capture'
W: Public-4008: Instance 'I_ips_ddr_top/u_ddrphy_top/ddrphy_reset_ctrl/ddrphy_ioclk_gate[2]' of 'GTP_DFF_P' unit is dangling and will be cleaned.
W: Public-4008: Instance 'I_ips_ddr_top/u_ddrphy_top/ddrphy_calib_top/ddrphy_wrcal/wrcal_move_en[2]' of 'GTP_DFF_C' unit is dangling and will be cleaned.
W: Public-4008: Instance 'I_ips_ddr_top/u_ddrphy_top/ddrphy_calib_top/ddrphy_wrcal/wrcal_move_en[3]' of 'GTP_DFF_C' unit is dangling and will be cleaned.
W: Public-4008: Instance 'I_ips_ddr_top/u_ddrphy_top/ddrphy_calib_top/ddrphy_wrcal/wrcal_move_en[4]' of 'GTP_DFF_C' unit is dangling and will be cleaned.
W: Public-4008: Instance 'I_ips_ddr_top/u_ddrphy_top/ddrphy_calib_top/ddrphy_wrcal/wrcal_move_en[5]' of 'GTP_DFF_C' unit is dangling and will be cleaned.
W: Public-4008: Instance 'I_ips_ddr_top/u_ddrphy_top/ddrphy_calib_top/ddrphy_wrcal/wrcal_move_en[6]' of 'GTP_DFF_C' unit is dangling and will be cleaned.
W: Public-4008: Instance 'I_ips_ddr_top/u_ddrphy_top/ddrphy_calib_top/ddrphy_wrcal/wrcal_move_en[7]' of 'GTP_DFF_C' unit is dangling and will be cleaned.
W: Public-4008: Instance 'I_ips_ddr_top/u_ddrphy_top/ddrphy_calib_top/ddrphy_wrcal/wrcal_move_en[8]' of 'GTP_DFF_C' unit is dangling and will be cleaned.
W: Public-4008: Instance 'I_ips_ddr_top/u_ddrphy_top/ddrphy_calib_top/ddrphy_wrcal/write_calibration[2]' of 'GTP_DFF_C' unit is dangling and will be cleaned.
W: Public-4008: Instance 'I_ips_ddr_top/u_ddrphy_top/ddrphy_calib_top/ddrphy_wrcal/write_calibration[3]' of 'GTP_DFF_C' unit is dangling and will be cleaned.
W: Public-4008: Instance 'I_ips_ddr_top/u_ddrphy_top/ddrphy_calib_top/ddrphy_wrcal/write_calibration[4]' of 'GTP_DFF_C' unit is dangling and will be cleaned.
W: Public-4008: Instance 'I_ips_ddr_top/u_ddrphy_top/ddrphy_calib_top/ddrphy_wrcal/write_calibration[5]' of 'GTP_DFF_C' unit is dangling and will be cleaned.
W: Public-4008: Instance 'I_ips_ddr_top/u_ddrphy_top/ddrphy_calib_top/ddrphy_wrcal/write_calibration[6]' of 'GTP_DFF_C' unit is dangling and will be cleaned.
W: Public-4008: Instance 'I_ips_ddr_top/u_ddrphy_top/ddrphy_calib_top/ddrphy_wrcal/write_calibration[7]' of 'GTP_DFF_C' unit is dangling and will be cleaned.
W: Public-4008: Instance 'I_ips_ddr_top/u_ddrphy_top/ddrphy_calib_top/ddrphy_wrcal/write_calibration[8]' of 'GTP_DFF_C' unit is dangling and will be cleaned.
W: Public-4008: Instance 'axi_ctrl_inst/frame_read_write_m0/Gen_WFIFO_16i.write_buf_16i/U_ipm2l_fifo_afifo_16i_128o_512/U_ipm2l_fifo_ctrl/ASYN_CTRL.rwptr1[0]' of 'GTP_DFF_C' unit is dangling and will be cleaned.
W: Public-4008: Instance 'axi_ctrl_inst/frame_read_write_m0/Gen_WFIFO_16i.write_buf_16i/U_ipm2l_fifo_afifo_16i_128o_512/U_ipm2l_fifo_ctrl/ASYN_CTRL.rwptr1[1]' of 'GTP_DFF_C' unit is dangling and will be cleaned.
W: Public-4008: Instance 'axi_ctrl_inst/frame_read_write_m0/Gen_WFIFO_16i.write_buf_16i/U_ipm2l_fifo_afifo_16i_128o_512/U_ipm2l_fifo_ctrl/ASYN_CTRL.rwptr1[2]' of 'GTP_DFF_C' unit is dangling and will be cleaned.
W: Public-4008: Instance 'axi_ctrl_inst/frame_read_write_m0/Gen_WFIFO_16i.write_buf_16i/U_ipm2l_fifo_afifo_16i_128o_512/U_ipm2l_fifo_ctrl/ASYN_CTRL.wptr[0]' of 'GTP_DFF_C' unit is dangling and will be cleaned.
W: Public-4008: Instance 'axi_ctrl_inst/frame_read_write_m0/Gen_WFIFO_16i.write_buf_16i/U_ipm2l_fifo_afifo_16i_128o_512/U_ipm2l_fifo_ctrl/ASYN_CTRL.wptr[1]' of 'GTP_DFF_C' unit is dangling and will be cleaned.
W: Public-4008: Instance 'axi_ctrl_inst/frame_read_write_m0/Gen_WFIFO_16i.write_buf_16i/U_ipm2l_fifo_afifo_16i_128o_512/U_ipm2l_fifo_ctrl/ASYN_CTRL.wptr[2]' of 'GTP_DFF_C' unit is dangling and will be cleaned.
W: Public-4008: Instance 'axi_ctrl_inst/frame_read_write_m1/Gen_WFIFO_16i.write_buf_16i/U_ipm2l_fifo_afifo_16i_128o_512/U_ipm2l_fifo_ctrl/ASYN_CTRL.rwptr1[0]' of 'GTP_DFF_C' unit is dangling and will be cleaned.
W: Public-4008: Instance 'axi_ctrl_inst/frame_read_write_m1/Gen_WFIFO_16i.write_buf_16i/U_ipm2l_fifo_afifo_16i_128o_512/U_ipm2l_fifo_ctrl/ASYN_CTRL.rwptr1[1]' of 'GTP_DFF_C' unit is dangling and will be cleaned.
W: Public-4008: Instance 'axi_ctrl_inst/frame_read_write_m1/Gen_WFIFO_16i.write_buf_16i/U_ipm2l_fifo_afifo_16i_128o_512/U_ipm2l_fifo_ctrl/ASYN_CTRL.rwptr1[2]' of 'GTP_DFF_C' unit is dangling and will be cleaned.
W: Public-4008: Instance 'axi_ctrl_inst/frame_read_write_m1/Gen_WFIFO_16i.write_buf_16i/U_ipm2l_fifo_afifo_16i_128o_512/U_ipm2l_fifo_ctrl/ASYN_CTRL.wptr[0]' of 'GTP_DFF_C' unit is dangling and will be cleaned.
W: Public-4008: Instance 'axi_ctrl_inst/frame_read_write_m1/Gen_WFIFO_16i.write_buf_16i/U_ipm2l_fifo_afifo_16i_128o_512/U_ipm2l_fifo_ctrl/ASYN_CTRL.wptr[1]' of 'GTP_DFF_C' unit is dangling and will be cleaned.
W: Public-4008: Instance 'axi_ctrl_inst/frame_read_write_m1/Gen_WFIFO_16i.write_buf_16i/U_ipm2l_fifo_afifo_16i_128o_512/U_ipm2l_fifo_ctrl/ASYN_CTRL.wptr[2]' of 'GTP_DFF_C' unit is dangling and will be cleaned.
W: Public-4008: Instance 'axi_ctrl_inst/frame_read_write_m2/Gen_WFIFO_16i.write_buf_16i/U_ipm2l_fifo_afifo_16i_128o_512/U_ipm2l_fifo_ctrl/ASYN_CTRL.rwptr1[0]' of 'GTP_DFF_C' unit is dangling and will be cleaned.
W: Public-4008: Instance 'axi_ctrl_inst/frame_read_write_m2/Gen_WFIFO_16i.write_buf_16i/U_ipm2l_fifo_afifo_16i_128o_512/U_ipm2l_fifo_ctrl/ASYN_CTRL.rwptr1[1]' of 'GTP_DFF_C' unit is dangling and will be cleaned.
W: Public-4008: Instance 'axi_ctrl_inst/frame_read_write_m2/Gen_WFIFO_16i.write_buf_16i/U_ipm2l_fifo_afifo_16i_128o_512/U_ipm2l_fifo_ctrl/ASYN_CTRL.rwptr1[2]' of 'GTP_DFF_C' unit is dangling and will be cleaned.
W: Public-4008: Instance 'axi_ctrl_inst/frame_read_write_m2/Gen_WFIFO_16i.write_buf_16i/U_ipm2l_fifo_afifo_16i_128o_512/U_ipm2l_fifo_ctrl/ASYN_CTRL.wptr[0]' of 'GTP_DFF_C' unit is dangling and will be cleaned.
W: Public-4008: Instance 'axi_ctrl_inst/frame_read_write_m2/Gen_WFIFO_16i.write_buf_16i/U_ipm2l_fifo_afifo_16i_128o_512/U_ipm2l_fifo_ctrl/ASYN_CTRL.wptr[1]' of 'GTP_DFF_C' unit is dangling and will be cleaned.
W: Public-4008: Instance 'axi_ctrl_inst/frame_read_write_m2/Gen_WFIFO_16i.write_buf_16i/U_ipm2l_fifo_afifo_16i_128o_512/U_ipm2l_fifo_ctrl/ASYN_CTRL.wptr[2]' of 'GTP_DFF_C' unit is dangling and will be cleaned.
W: Public-4008: Instance 'axi_ctrl_inst/frame_read_write_m3/Gen_WFIFO_16i.write_buf_16i/U_ipm2l_fifo_afifo_16i_128o_512/U_ipm2l_fifo_ctrl/ASYN_CTRL.rwptr1[0]' of 'GTP_DFF_C' unit is dangling and will be cleaned.
W: Public-4008: Instance 'axi_ctrl_inst/frame_read_write_m3/Gen_WFIFO_16i.write_buf_16i/U_ipm2l_fifo_afifo_16i_128o_512/U_ipm2l_fifo_ctrl/ASYN_CTRL.rwptr1[1]' of 'GTP_DFF_C' unit is dangling and will be cleaned.
W: Public-4008: Instance 'axi_ctrl_inst/frame_read_write_m3/Gen_WFIFO_16i.write_buf_16i/U_ipm2l_fifo_afifo_16i_128o_512/U_ipm2l_fifo_ctrl/ASYN_CTRL.rwptr1[2]' of 'GTP_DFF_C' unit is dangling and will be cleaned.
W: Public-4008: Instance 'axi_ctrl_inst/frame_read_write_m3/Gen_WFIFO_16i.write_buf_16i/U_ipm2l_fifo_afifo_16i_128o_512/U_ipm2l_fifo_ctrl/ASYN_CTRL.wptr[0]' of 'GTP_DFF_C' unit is dangling and will be cleaned.
W: Public-4008: Instance 'axi_ctrl_inst/frame_read_write_m3/Gen_WFIFO_16i.write_buf_16i/U_ipm2l_fifo_afifo_16i_128o_512/U_ipm2l_fifo_ctrl/ASYN_CTRL.wptr[1]' of 'GTP_DFF_C' unit is dangling and will be cleaned.
W: Public-4008: Instance 'axi_ctrl_inst/frame_read_write_m3/Gen_WFIFO_16i.write_buf_16i/U_ipm2l_fifo_afifo_16i_128o_512/U_ipm2l_fifo_ctrl/ASYN_CTRL.wptr[2]' of 'GTP_DFF_C' unit is dangling and will be cleaned.
Device mapping started.
Optimizing circuit logic.
W: Public-4008: Instance 'axi_ctrl_inst/frame_read_write_m0/frame_fifo_write_m0/wr_burst_addr[23]' of 'GTP_DFF_CE' unit is dangling and will be cleaned.
W: Public-4008: Instance 'axi_ctrl_inst/frame_read_write_m0/frame_fifo_write_m0/wr_burst_addr[24]' of 'GTP_DFF_CE' unit is dangling and will be cleaned.
W: Public-4008: Instance 'axi_ctrl_inst/frame_read_write_m0/frame_fifo_write_m0/wr_burst_addr[25]' of 'GTP_DFF_CE' unit is dangling and will be cleaned.
W: Public-4008: Instance 'axi_ctrl_inst/frame_read_write_m0/frame_fifo_write_m0/wr_burst_addr[26]' of 'GTP_DFF_CE' unit is dangling and will be cleaned.
W: Public-4008: Instance 'axi_ctrl_inst/frame_read_write_m0/frame_fifo_write_m0/wr_burst_addr[27]' of 'GTP_DFF_CE' unit is dangling and will be cleaned.
W: Public-4008: Instance 'axi_ctrl_inst/frame_read_write_m0/Gen_RFIFO_128o.read_buf_128o/U_ipm2l_fifo_afifo_128i_128o_512/U_ipm2l_fifo_ctrl/rd_water_level[0]' of 'GTP_DFF_C' unit is dangling and will be cleaned.
W: Public-4008: Instance 'axi_ctrl_inst/frame_read_write_m0/Gen_RFIFO_128o.read_buf_128o/U_ipm2l_fifo_afifo_128i_128o_512/U_ipm2l_fifo_ctrl/rd_water_level[1]' of 'GTP_DFF_C' unit is dangling and will be cleaned.
W: Public-4008: Instance 'axi_ctrl_inst/frame_read_write_m0/Gen_RFIFO_128o.read_buf_128o/U_ipm2l_fifo_afifo_128i_128o_512/U_ipm2l_fifo_ctrl/rd_water_level[2]' of 'GTP_DFF_C' unit is dangling and will be cleaned.
W: Public-4008: Instance 'axi_ctrl_inst/frame_read_write_m0/Gen_RFIFO_128o.read_buf_128o/U_ipm2l_fifo_afifo_128i_128o_512/U_ipm2l_fifo_ctrl/rd_water_level[3]' of 'GTP_DFF_C' unit is dangling and will be cleaned.
W: Public-4008: Instance 'axi_ctrl_inst/frame_read_write_m0/Gen_RFIFO_128o.read_buf_128o/U_ipm2l_fifo_afifo_128i_128o_512/U_ipm2l_fifo_ctrl/rd_water_level[4]' of 'GTP_DFF_C' unit is dangling and will be cleaned.
W: Public-4008: Instance 'axi_ctrl_inst/frame_read_write_m0/Gen_RFIFO_128o.read_buf_128o/U_ipm2l_fifo_afifo_128i_128o_512/U_ipm2l_fifo_ctrl/wr_water_level[0]' of 'GTP_DFF_C' unit is dangling and will be cleaned.
W: Public-4008: Instance 'axi_ctrl_inst/frame_read_write_m0/Gen_RFIFO_128o.read_buf_128o/U_ipm2l_fifo_afifo_128i_128o_512/U_ipm2l_fifo_ctrl/wr_water_level[1]' of 'GTP_DFF_C' unit is dangling and will be cleaned.
W: Public-4008: Instance 'axi_ctrl_inst/frame_read_write_m0/Gen_RFIFO_128o.read_buf_128o/U_ipm2l_fifo_afifo_128i_128o_512/U_ipm2l_fifo_ctrl/wr_water_level[2]' of 'GTP_DFF_C' unit is dangling and will be cleaned.
W: Public-4008: Instance 'axi_ctrl_inst/frame_read_write_m0/Gen_RFIFO_128o.read_buf_128o/U_ipm2l_fifo_afifo_128i_128o_512/U_ipm2l_fifo_ctrl/wr_water_level[3]' of 'GTP_DFF_C' unit is dangling and will be cleaned.
W: Public-4008: Instance 'axi_ctrl_inst/frame_read_write_m0/Gen_RFIFO_128o.read_buf_128o/U_ipm2l_fifo_afifo_128i_128o_512/U_ipm2l_fifo_ctrl/wr_water_level[4]' of 'GTP_DFF_C' unit is dangling and will be cleaned.
W: Public-4008: Instance 'axi_ctrl_inst/frame_read_write_m0/Gen_WFIFO_16i.write_buf_16i/U_ipm2l_fifo_afifo_16i_128o_512/U_ipm2l_fifo_ctrl/rd_water_level[0]' of 'GTP_DFF_C' unit is dangling and will be cleaned.
W: Public-4008: Instance 'axi_ctrl_inst/frame_read_write_m0/Gen_WFIFO_16i.write_buf_16i/U_ipm2l_fifo_afifo_16i_128o_512/U_ipm2l_fifo_ctrl/rd_water_level[1]' of 'GTP_DFF_C' unit is dangling and will be cleaned.
W: Public-4008: Instance 'axi_ctrl_inst/frame_read_write_m0/Gen_WFIFO_16i.write_buf_16i/U_ipm2l_fifo_afifo_16i_128o_512/U_ipm2l_fifo_ctrl/rd_water_level[2]' of 'GTP_DFF_C' unit is dangling and will be cleaned.
W: Public-4008: Instance 'axi_ctrl_inst/frame_read_write_m0/Gen_WFIFO_16i.write_buf_16i/U_ipm2l_fifo_afifo_16i_128o_512/U_ipm2l_fifo_ctrl/rd_water_level[3]' of 'GTP_DFF_C' unit is dangling and will be cleaned.
W: Public-4008: Instance 'axi_ctrl_inst/frame_read_write_m0/Gen_WFIFO_16i.write_buf_16i/U_ipm2l_fifo_afifo_16i_128o_512/U_ipm2l_fifo_ctrl/rd_water_level[4]' of 'GTP_DFF_C' unit is dangling and will be cleaned.
W: Public-4008: Instance 'axi_ctrl_inst/frame_read_write_m0/Gen_WFIFO_16i.write_buf_16i/U_ipm2l_fifo_afifo_16i_128o_512/U_ipm2l_fifo_ctrl/rd_water_level[5]' of 'GTP_DFF_C' unit is dangling and will be cleaned.
W: Public-4008: Instance 'axi_ctrl_inst/frame_read_write_m1/Gen_RFIFO_128o.read_buf_128o/U_ipm2l_fifo_afifo_128i_128o_512/U_ipm2l_fifo_ctrl/rd_water_level[0]' of 'GTP_DFF_C' unit is dangling and will be cleaned.
W: Public-4008: Instance 'axi_ctrl_inst/frame_read_write_m1/Gen_RFIFO_128o.read_buf_128o/U_ipm2l_fifo_afifo_128i_128o_512/U_ipm2l_fifo_ctrl/rd_water_level[1]' of 'GTP_DFF_C' unit is dangling and will be cleaned.
W: Public-4008: Instance 'axi_ctrl_inst/frame_read_write_m1/Gen_RFIFO_128o.read_buf_128o/U_ipm2l_fifo_afifo_128i_128o_512/U_ipm2l_fifo_ctrl/rd_water_level[2]' of 'GTP_DFF_C' unit is dangling and will be cleaned.
W: Public-4008: Instance 'axi_ctrl_inst/frame_read_write_m1/Gen_RFIFO_128o.read_buf_128o/U_ipm2l_fifo_afifo_128i_128o_512/U_ipm2l_fifo_ctrl/rd_water_level[3]' of 'GTP_DFF_C' unit is dangling and will be cleaned.
W: Public-4008: Instance 'axi_ctrl_inst/frame_read_write_m1/Gen_RFIFO_128o.read_buf_128o/U_ipm2l_fifo_afifo_128i_128o_512/U_ipm2l_fifo_ctrl/rd_water_level[4]' of 'GTP_DFF_C' unit is dangling and will be cleaned.
W: Public-4008: Instance 'axi_ctrl_inst/frame_read_write_m1/Gen_RFIFO_128o.read_buf_128o/U_ipm2l_fifo_afifo_128i_128o_512/U_ipm2l_fifo_ctrl/wr_water_level[0]' of 'GTP_DFF_C' unit is dangling and will be cleaned.
W: Public-4008: Instance 'axi_ctrl_inst/frame_read_write_m1/Gen_RFIFO_128o.read_buf_128o/U_ipm2l_fifo_afifo_128i_128o_512/U_ipm2l_fifo_ctrl/wr_water_level[1]' of 'GTP_DFF_C' unit is dangling and will be cleaned.
W: Public-4008: Instance 'axi_ctrl_inst/frame_read_write_m1/Gen_RFIFO_128o.read_buf_128o/U_ipm2l_fifo_afifo_128i_128o_512/U_ipm2l_fifo_ctrl/wr_water_level[2]' of 'GTP_DFF_C' unit is dangling and will be cleaned.
W: Public-4008: Instance 'axi_ctrl_inst/frame_read_write_m1/Gen_RFIFO_128o.read_buf_128o/U_ipm2l_fifo_afifo_128i_128o_512/U_ipm2l_fifo_ctrl/wr_water_level[3]' of 'GTP_DFF_C' unit is dangling and will be cleaned.
W: Public-4008: Instance 'axi_ctrl_inst/frame_read_write_m1/Gen_RFIFO_128o.read_buf_128o/U_ipm2l_fifo_afifo_128i_128o_512/U_ipm2l_fifo_ctrl/wr_water_level[4]' of 'GTP_DFF_C' unit is dangling and will be cleaned.
W: Public-4008: Instance 'axi_ctrl_inst/frame_read_write_m1/Gen_WFIFO_16i.write_buf_16i/U_ipm2l_fifo_afifo_16i_128o_512/U_ipm2l_fifo_ctrl/rd_water_level[0]' of 'GTP_DFF_C' unit is dangling and will be cleaned.
W: Public-4008: Instance 'axi_ctrl_inst/frame_read_write_m1/Gen_WFIFO_16i.write_buf_16i/U_ipm2l_fifo_afifo_16i_128o_512/U_ipm2l_fifo_ctrl/rd_water_level[1]' of 'GTP_DFF_C' unit is dangling and will be cleaned.
W: Public-4008: Instance 'axi_ctrl_inst/frame_read_write_m1/Gen_WFIFO_16i.write_buf_16i/U_ipm2l_fifo_afifo_16i_128o_512/U_ipm2l_fifo_ctrl/rd_water_level[2]' of 'GTP_DFF_C' unit is dangling and will be cleaned.
W: Public-4008: Instance 'axi_ctrl_inst/frame_read_write_m1/Gen_WFIFO_16i.write_buf_16i/U_ipm2l_fifo_afifo_16i_128o_512/U_ipm2l_fifo_ctrl/rd_water_level[3]' of 'GTP_DFF_C' unit is dangling and will be cleaned.
W: Public-4008: Instance 'axi_ctrl_inst/frame_read_write_m1/Gen_WFIFO_16i.write_buf_16i/U_ipm2l_fifo_afifo_16i_128o_512/U_ipm2l_fifo_ctrl/rd_water_level[4]' of 'GTP_DFF_C' unit is dangling and will be cleaned.
W: Public-4008: Instance 'axi_ctrl_inst/frame_read_write_m1/Gen_WFIFO_16i.write_buf_16i/U_ipm2l_fifo_afifo_16i_128o_512/U_ipm2l_fifo_ctrl/rd_water_level[5]' of 'GTP_DFF_C' unit is dangling and will be cleaned.
W: Public-4008: Instance 'axi_ctrl_inst/frame_read_write_m2/Gen_RFIFO_128o.read_buf_128o/U_ipm2l_fifo_afifo_128i_128o_512/U_ipm2l_fifo_ctrl/rd_water_level[0]' of 'GTP_DFF_C' unit is dangling and will be cleaned.
W: Public-4008: Instance 'axi_ctrl_inst/frame_read_write_m2/Gen_RFIFO_128o.read_buf_128o/U_ipm2l_fifo_afifo_128i_128o_512/U_ipm2l_fifo_ctrl/rd_water_level[1]' of 'GTP_DFF_C' unit is dangling and will be cleaned.
W: Public-4008: Instance 'axi_ctrl_inst/frame_read_write_m2/Gen_RFIFO_128o.read_buf_128o/U_ipm2l_fifo_afifo_128i_128o_512/U_ipm2l_fifo_ctrl/rd_water_level[2]' of 'GTP_DFF_C' unit is dangling and will be cleaned.
W: Public-4008: Instance 'axi_ctrl_inst/frame_read_write_m2/Gen_RFIFO_128o.read_buf_128o/U_ipm2l_fifo_afifo_128i_128o_512/U_ipm2l_fifo_ctrl/rd_water_level[3]' of 'GTP_DFF_C' unit is dangling and will be cleaned.
W: Public-4008: Instance 'axi_ctrl_inst/frame_read_write_m2/Gen_RFIFO_128o.read_buf_128o/U_ipm2l_fifo_afifo_128i_128o_512/U_ipm2l_fifo_ctrl/rd_water_level[4]' of 'GTP_DFF_C' unit is dangling and will be cleaned.
W: Public-4008: Instance 'axi_ctrl_inst/frame_read_write_m2/Gen_RFIFO_128o.read_buf_128o/U_ipm2l_fifo_afifo_128i_128o_512/U_ipm2l_fifo_ctrl/wr_water_level[0]' of 'GTP_DFF_C' unit is dangling and will be cleaned.
W: Public-4008: Instance 'axi_ctrl_inst/frame_read_write_m2/Gen_RFIFO_128o.read_buf_128o/U_ipm2l_fifo_afifo_128i_128o_512/U_ipm2l_fifo_ctrl/wr_water_level[1]' of 'GTP_DFF_C' unit is dangling and will be cleaned.
W: Public-4008: Instance 'axi_ctrl_inst/frame_read_write_m2/Gen_RFIFO_128o.read_buf_128o/U_ipm2l_fifo_afifo_128i_128o_512/U_ipm2l_fifo_ctrl/wr_water_level[2]' of 'GTP_DFF_C' unit is dangling and will be cleaned.
W: Public-4008: Instance 'axi_ctrl_inst/frame_read_write_m2/Gen_RFIFO_128o.read_buf_128o/U_ipm2l_fifo_afifo_128i_128o_512/U_ipm2l_fifo_ctrl/wr_water_level[3]' of 'GTP_DFF_C' unit is dangling and will be cleaned.
W: Public-4008: Instance 'axi_ctrl_inst/frame_read_write_m2/Gen_RFIFO_128o.read_buf_128o/U_ipm2l_fifo_afifo_128i_128o_512/U_ipm2l_fifo_ctrl/wr_water_level[4]' of 'GTP_DFF_C' unit is dangling and will be cleaned.
W: Public-4008: Instance 'axi_ctrl_inst/frame_read_write_m2/Gen_WFIFO_16i.write_buf_16i/U_ipm2l_fifo_afifo_16i_128o_512/U_ipm2l_fifo_ctrl/rd_water_level[0]' of 'GTP_DFF_C' unit is dangling and will be cleaned.
W: Public-4008: Instance 'axi_ctrl_inst/frame_read_write_m2/Gen_WFIFO_16i.write_buf_16i/U_ipm2l_fifo_afifo_16i_128o_512/U_ipm2l_fifo_ctrl/rd_water_level[1]' of 'GTP_DFF_C' unit is dangling and will be cleaned.
W: Public-4008: Instance 'axi_ctrl_inst/frame_read_write_m2/Gen_WFIFO_16i.write_buf_16i/U_ipm2l_fifo_afifo_16i_128o_512/U_ipm2l_fifo_ctrl/rd_water_level[2]' of 'GTP_DFF_C' unit is dangling and will be cleaned.
W: Public-4008: Instance 'axi_ctrl_inst/frame_read_write_m2/Gen_WFIFO_16i.write_buf_16i/U_ipm2l_fifo_afifo_16i_128o_512/U_ipm2l_fifo_ctrl/rd_water_level[3]' of 'GTP_DFF_C' unit is dangling and will be cleaned.
W: Public-4008: Instance 'axi_ctrl_inst/frame_read_write_m2/Gen_WFIFO_16i.write_buf_16i/U_ipm2l_fifo_afifo_16i_128o_512/U_ipm2l_fifo_ctrl/rd_water_level[4]' of 'GTP_DFF_C' unit is dangling and will be cleaned.
W: Public-4008: Instance 'axi_ctrl_inst/frame_read_write_m2/Gen_WFIFO_16i.write_buf_16i/U_ipm2l_fifo_afifo_16i_128o_512/U_ipm2l_fifo_ctrl/rd_water_level[5]' of 'GTP_DFF_C' unit is dangling and will be cleaned.
W: Public-4008: Instance 'axi_ctrl_inst/frame_read_write_m3/Gen_RFIFO_128o.read_buf_128o/U_ipm2l_fifo_afifo_128i_128o_512/U_ipm2l_fifo_ctrl/rd_water_level[0]' of 'GTP_DFF_C' unit is dangling and will be cleaned.
W: Public-4008: Instance 'axi_ctrl_inst/frame_read_write_m3/Gen_RFIFO_128o.read_buf_128o/U_ipm2l_fifo_afifo_128i_128o_512/U_ipm2l_fifo_ctrl/rd_water_level[1]' of 'GTP_DFF_C' unit is dangling and will be cleaned.
W: Public-4008: Instance 'axi_ctrl_inst/frame_read_write_m3/Gen_RFIFO_128o.read_buf_128o/U_ipm2l_fifo_afifo_128i_128o_512/U_ipm2l_fifo_ctrl/rd_water_level[2]' of 'GTP_DFF_C' unit is dangling and will be cleaned.
W: Public-4008: Instance 'axi_ctrl_inst/frame_read_write_m3/Gen_RFIFO_128o.read_buf_128o/U_ipm2l_fifo_afifo_128i_128o_512/U_ipm2l_fifo_ctrl/rd_water_level[3]' of 'GTP_DFF_C' unit is dangling and will be cleaned.
W: Public-4008: Instance 'axi_ctrl_inst/frame_read_write_m3/Gen_RFIFO_128o.read_buf_128o/U_ipm2l_fifo_afifo_128i_128o_512/U_ipm2l_fifo_ctrl/rd_water_level[4]' of 'GTP_DFF_C' unit is dangling and will be cleaned.
W: Public-4008: Instance 'axi_ctrl_inst/frame_read_write_m3/Gen_RFIFO_128o.read_buf_128o/U_ipm2l_fifo_afifo_128i_128o_512/U_ipm2l_fifo_ctrl/wr_water_level[0]' of 'GTP_DFF_C' unit is dangling and will be cleaned.
W: Public-4008: Instance 'axi_ctrl_inst/frame_read_write_m3/Gen_RFIFO_128o.read_buf_128o/U_ipm2l_fifo_afifo_128i_128o_512/U_ipm2l_fifo_ctrl/wr_water_level[1]' of 'GTP_DFF_C' unit is dangling and will be cleaned.
W: Public-4008: Instance 'axi_ctrl_inst/frame_read_write_m3/Gen_RFIFO_128o.read_buf_128o/U_ipm2l_fifo_afifo_128i_128o_512/U_ipm2l_fifo_ctrl/wr_water_level[2]' of 'GTP_DFF_C' unit is dangling and will be cleaned.
W: Public-4008: Instance 'axi_ctrl_inst/frame_read_write_m3/Gen_RFIFO_128o.read_buf_128o/U_ipm2l_fifo_afifo_128i_128o_512/U_ipm2l_fifo_ctrl/wr_water_level[3]' of 'GTP_DFF_C' unit is dangling and will be cleaned.
W: Public-4008: Instance 'axi_ctrl_inst/frame_read_write_m3/Gen_RFIFO_128o.read_buf_128o/U_ipm2l_fifo_afifo_128i_128o_512/U_ipm2l_fifo_ctrl/wr_water_level[4]' of 'GTP_DFF_C' unit is dangling and will be cleaned.
W: Public-4008: Instance 'axi_ctrl_inst/frame_read_write_m3/Gen_WFIFO_16i.write_buf_16i/U_ipm2l_fifo_afifo_16i_128o_512/U_ipm2l_fifo_ctrl/rd_water_level[0]' of 'GTP_DFF_C' unit is dangling and will be cleaned.
W: Public-4008: Instance 'axi_ctrl_inst/frame_read_write_m3/Gen_WFIFO_16i.write_buf_16i/U_ipm2l_fifo_afifo_16i_128o_512/U_ipm2l_fifo_ctrl/rd_water_level[1]' of 'GTP_DFF_C' unit is dangling and will be cleaned.
W: Public-4008: Instance 'axi_ctrl_inst/frame_read_write_m3/Gen_WFIFO_16i.write_buf_16i/U_ipm2l_fifo_afifo_16i_128o_512/U_ipm2l_fifo_ctrl/rd_water_level[2]' of 'GTP_DFF_C' unit is dangling and will be cleaned.
W: Public-4008: Instance 'axi_ctrl_inst/frame_read_write_m3/Gen_WFIFO_16i.write_buf_16i/U_ipm2l_fifo_afifo_16i_128o_512/U_ipm2l_fifo_ctrl/rd_water_level[3]' of 'GTP_DFF_C' unit is dangling and will be cleaned.
W: Public-4008: Instance 'axi_ctrl_inst/frame_read_write_m3/Gen_WFIFO_16i.write_buf_16i/U_ipm2l_fifo_afifo_16i_128o_512/U_ipm2l_fifo_ctrl/rd_water_level[4]' of 'GTP_DFF_C' unit is dangling and will be cleaned.
W: Public-4008: Instance 'axi_ctrl_inst/frame_read_write_m3/Gen_WFIFO_16i.write_buf_16i/U_ipm2l_fifo_afifo_16i_128o_512/U_ipm2l_fifo_ctrl/rd_water_level[5]' of 'GTP_DFF_C' unit is dangling and will be cleaned.
Checking design netlist.
Processing tech operator.
I: The instance clkbufg_0(GTP_CLKBUFG) has been inserted on the net pclk_div2 in design, driver pin P_TCLK2FABRIC(instance u_ips2l_pcie_wrap/U_IPS2L_PCIE_TOP/U_IPS2L_HSSTLP_PCIE_SOFT_PHY/x2.GTP_HSST_2LANE_TOP/U_GTP_HSSTLP_WRAPPER/CHANNEL0_ENABLE.U_GTP_HSSTLP_LANE0) -> load pin CLK(instance axi_ctrl_inst/frame_read_write_m0/Gen_RFIFO_128o.read_buf_128o/U_ipm2l_fifo_afifo_128i_128o_512/U_ipm2l_fifo_ctrl/ASYN_CTRL.asyn_rempty).
I: The instance clkbufg_1(GTP_CLKBUFG) has been inserted on the net pclk in design, driver pin P_TCLK2FABRIC(instance u_ips2l_pcie_wrap/U_IPS2L_PCIE_TOP/U_IPS2L_HSSTLP_PCIE_SOFT_PHY/x2.GTP_HSST_2LANE_TOP/U_GTP_HSSTLP_WRAPPER/CHANNEL1_ENABLE.U_GTP_HSSTLP_LANE1) -> load pin P_RCLK2_FR_CORE(instance u_ips2l_pcie_wrap/U_IPS2L_PCIE_TOP/U_IPS2L_HSSTLP_PCIE_SOFT_PHY/x2.GTP_HSST_2LANE_TOP/U_GTP_HSSTLP_WRAPPER/CHANNEL0_ENABLE.U_GTP_HSSTLP_LANE0).
I: The instance clkbufg_2(GTP_CLKBUFG) has been inserted on the net nt_cmos2_pclk in design, driver pin O(instance cmos2_pclk_ibuf) -> load pin CLK(instance cmos2_8_16bit/cnt[0]).
I: The instance clkbufg_3(GTP_CLKBUFG) has been inserted on the net nt_cmos1_pclk in design, driver pin O(instance cmos1_pclk_ibuf) -> load pin CLK(instance cmos1_8_16bit/cnt[0]).
I: The instance clkbufg_4(GTP_CLKBUFG) has been inserted on the net nt_cmos3_pclk in design, driver pin O(instance cmos3_pclk_ibuf) -> load pin CLK(instance cmos2_8_16bit_fmc/cnt[0]).
I: The instance clkbufg_5(GTP_CLKBUFG) has been inserted on the net clk_50m in design, driver pin CLKOUT2(instance pll_inst/u_gpll) -> load pin CLK(instance coms1_reg_config/clock_20k).
Converting tech operator to gate operator.
Processing gate operator.
I: Infer CARRY group, base inst: N239_0_1/gateop, insts:11.
I: Infer CARRY group, base inst: ch0_image_reshape/N18_1_1/gateop, insts:11.
I: Infer CARRY group, base inst: ch0_image_reshape/N43_1_1/gateop, insts:11.
I: Infer CARRY group, base inst: ch1_image_reshape/N18_1_1/gateop, insts:11.
I: Infer CARRY group, base inst: ch1_image_reshape/N43_1_1/gateop, insts:11.
I: Infer CARRY group, base inst: ch2_image_reshape/N18_1_1/gateop, insts:11.
I: Infer CARRY group, base inst: ch2_image_reshape/N43_1_1/gateop, insts:11.
I: Infer CARRY group, base inst: cmos1_8_16bit/N10_3/gateop, insts:2.
I: Infer CARRY group, base inst: cmos2_8_16bit/N10_3/gateop, insts:2.
I: Infer CARRY group, base inst: cmos2_8_16bit_fmc/N11_3/gateop, insts:2.
I: Infer CARRY group, base inst: coms1_reg_config/N11_2_1/gateop, insts:10.
I: Infer CARRY group, base inst: pcie_img_select_inst/N13_1_1/gateop, insts:11.
I: Infer CARRY group, base inst: pcie_img_select_inst/N38_1_1/gateop, insts:11.
I: Infer CARRY group, base inst: u_ips2l_pcie_wrap/U_IPS2L_PCIE_TOP/U_IPS2L_HSSTLP_PCIE_SOFT_PHY/hsst_pciex4_rst/hsst_rx_rst_mcrsw/genblk1[0].hsst_rst4mcrsw_rx_init/rx_rst_initfsm_multi_sw_lane/N58_3/gateop, insts:2.
I: Infer CARRY group, base inst: power_on_delay_1_inst/N5_1_1/gateop, insts:18.
I: Infer CARRY group, base inst: power_on_delay_1_inst/N15_mux15_11/gateop, insts:2.
I: Infer CARRY group, base inst: power_on_delay_1_inst/N17_1_1/gateop, insts:15.
I: Infer CARRY group, base inst: axi_ctrl_inst/mem_read_arbi_m0/N12_1_1/gateop, insts:15.
I: Infer CARRY group, base inst: axi_ctrl_inst/mem_write_arbi_m0/N6_1_1/gateop, insts:15.
I: Infer CARRY group, base inst: axi_ctrl_inst/u_aq_axi_master/N7_1_0/gateop, insts:32.
I: Infer CARRY group, base inst: axi_ctrl_inst/u_aq_axi_master/N20.eq_0/gateop, insts:14.
I: Infer CARRY group, base inst: axi_ctrl_inst/u_aq_axi_master/N82_1_1/gateop, insts:22.
I: Infer CARRY group, base inst: axi_ctrl_inst/u_aq_axi_master/N83.lt_0/gateop, insts:6.
I: Infer CARRY group, base inst: axi_ctrl_inst/u_aq_axi_master/N86_1_0/gateop, insts:19.
I: Infer CARRY group, base inst: axi_ctrl_inst/u_aq_axi_master/N123.eq_0/gateop, insts:8.
I: Infer CARRY group, base inst: axi_ctrl_inst/u_aq_axi_master/N329_1_0/gateop, insts:27.
I: Infer CARRY group, base inst: axi_ctrl_inst/u_aq_axi_master/N335_1_1/gateop, insts:22.
I: Infer CARRY group, base inst: axi_ctrl_inst/u_aq_axi_master/N336.lt_0/gateop, insts:6.
I: Infer CARRY group, base inst: axi_ctrl_inst/u_aq_axi_master/N339_1_0/gateop, insts:19.
I: Infer CARRY group, base inst: axi_ctrl_inst/u_aq_axi_master/N378.eq_0/gateop, insts:7.
I: Infer CARRY group, base inst: u_ips2l_pcie_dma/u_ips2l_pcie_dma_controller/N124_1_1/gateop, insts:9.
I: Infer CARRY group, base inst: u_ips2l_pcie_dma/u_ips2l_pcie_dma_controller/N233_1_1/gateop, insts:11.
I: Infer CARRY group, base inst: I_ips_ddr_top/u_ddrphy_top/ddrphy_cpd_ctrl/N166_1_1/gateop, insts:9.
I: Infer CARRY group, base inst: I_ips_ddr_top/u_ddrphy_top/ddrphy_dll_update_ctrl/N64_1_1/gateop, insts:18.
I: Infer CARRY group, base inst: I_ips_ddr_top/u_ddrphy_top/ddrphy_dll_update_ctrl/N103/gateop, insts:2.
I: Infer CARRY group, base inst: I_ips_ddr_top/u_ddrphy_top/ddrphy_reset_ctrl/N250_10/gateop, insts:2.
I: Infer CARRY group, base inst: I_ips_ddr_top/u_ddrphy_top/u_ips2l_ddrphy_rst_clk_phase_adj/N81_1_1/gateop, insts:9.
I: Infer CARRY group, base inst: I_ips_ddr_top/u_ips_ddrc_top/mcdq_ui_axi/N69_2_0/gateop, insts:26.
I: Infer CARRY group, base inst: I_ips_ddr_top/u_ips_ddrc_top/mcdq_ui_axi/N185.eq_0/gateop, insts:8.
I: Infer CARRY group, base inst: axi_ctrl_inst/frame_read_write_m0/frame_fifo_read_m0/N79_1_1/gateop, insts:22.
I: Infer CARRY group, base inst: axi_ctrl_inst/frame_read_write_m0/frame_fifo_read_m0/N81_1_0/gateop, insts:18.
I: Infer CARRY group, base inst: axi_ctrl_inst/frame_read_write_m0/frame_fifo_read_m0/N88.lt_0/gateop, insts:7.
I: Infer CARRY group, base inst: axi_ctrl_inst/frame_read_write_m0/frame_fifo_write_m0/N69_1_1/gateop, insts:21.
I: Infer CARRY group, base inst: axi_ctrl_inst/frame_read_write_m0/frame_fifo_write_m0/N71_1_0/gateop, insts:17.
I: Infer CARRY group, base inst: axi_ctrl_inst/frame_read_write_m0/frame_fifo_write_m0/N79.lt_0/gateop, insts:6.
I: Infer CARRY group, base inst: axi_ctrl_inst/frame_read_write_m1/frame_fifo_read_m0/N79_1_1/gateop, insts:22.
I: Infer CARRY group, base inst: axi_ctrl_inst/frame_read_write_m1/frame_fifo_read_m0/N81_1_0/gateop, insts:18.
I: Infer CARRY group, base inst: axi_ctrl_inst/frame_read_write_m1/frame_fifo_read_m0/N88.lt_0/gateop, insts:7.
I: Infer CARRY group, base inst: axi_ctrl_inst/frame_read_write_m1/frame_fifo_write_m0/N69_1_1/gateop, insts:21.
I: Infer CARRY group, base inst: axi_ctrl_inst/frame_read_write_m1/frame_fifo_write_m0/N71_1_0/gateop, insts:17.
I: Infer CARRY group, base inst: axi_ctrl_inst/frame_read_write_m1/frame_fifo_write_m0/N79.lt_0/gateop, insts:7.
I: Infer CARRY group, base inst: axi_ctrl_inst/frame_read_write_m2/frame_fifo_read_m0/N79_1_1/gateop, insts:22.
I: Infer CARRY group, base inst: axi_ctrl_inst/frame_read_write_m2/frame_fifo_read_m0/N81_1_0/gateop, insts:18.
I: Infer CARRY group, base inst: axi_ctrl_inst/frame_read_write_m2/frame_fifo_read_m0/N88.lt_0/gateop, insts:8.
I: Infer CARRY group, base inst: axi_ctrl_inst/frame_read_write_m2/frame_fifo_write_m0/N69_1_1/gateop, insts:21.
I: Infer CARRY group, base inst: axi_ctrl_inst/frame_read_write_m2/frame_fifo_write_m0/N71_1_0/gateop, insts:17.
I: Infer CARRY group, base inst: axi_ctrl_inst/frame_read_write_m2/frame_fifo_write_m0/N79.lt_0/gateop, insts:6.
I: Infer CARRY group, base inst: axi_ctrl_inst/frame_read_write_m3/frame_fifo_read_m0/N79_1_1/gateop, insts:22.
I: Infer CARRY group, base inst: axi_ctrl_inst/frame_read_write_m3/frame_fifo_read_m0/N81_1_0/gateop, insts:18.
I: Infer CARRY group, base inst: axi_ctrl_inst/frame_read_write_m3/frame_fifo_read_m0/N88.lt_0/gateop, insts:7.
I: Infer CARRY group, base inst: axi_ctrl_inst/frame_read_write_m3/frame_fifo_write_m0/N69_1_1/gateop, insts:21.
I: Infer CARRY group, base inst: axi_ctrl_inst/frame_read_write_m3/frame_fifo_write_m0/N71_1_0/gateop, insts:17.
I: Infer CARRY group, base inst: axi_ctrl_inst/frame_read_write_m3/frame_fifo_write_m0/N79.lt_0/gateop, insts:6.
I: Infer CARRY group, base inst: u_ips2l_pcie_dma/u_ips2l_pcie_dma_tx_top/u_ips2l_pcie_dma_cpld_tx_ctrl/N49_1_1/gateop, insts:14.
I: Infer CARRY group, base inst: u_ips2l_pcie_dma/u_ips2l_pcie_dma_tx_top/u_ips2l_pcie_dma_cpld_tx_ctrl/N63.fsub_0/gateop, insts:11.
I: Infer CARRY group, base inst: u_ips2l_pcie_dma/u_ips2l_pcie_dma_tx_top/u_ips2l_pcie_dma_cpld_tx_ctrl/N71.lt_0/gateop, insts:4.
I: Infer CARRY group, base inst: u_ips2l_pcie_dma/u_ips2l_pcie_dma_tx_top/u_ips2l_pcie_dma_cpld_tx_ctrl/N78_1.fsub_0/gateop, insts:9.
I: Infer CARRY group, base inst: u_ips2l_pcie_dma/u_ips2l_pcie_dma_tx_top/u_ips2l_pcie_dma_cpld_tx_ctrl/N83.lt_0/gateop, insts:4.
I: Infer CARRY group, base inst: u_ips2l_pcie_dma/u_ips2l_pcie_dma_tx_top/u_ips2l_pcie_dma_cpld_tx_ctrl/N92_5.fsub_1/gateop, insts:9.
I: Infer CARRY group, base inst: u_ips2l_pcie_dma/u_ips2l_pcie_dma_tx_top/u_ips2l_pcie_dma_cpld_tx_ctrl/N93_6[0]/gateop, insts:2.
I: Infer CARRY group, base inst: u_ips2l_pcie_dma/u_ips2l_pcie_dma_tx_top/u_ips2l_pcie_dma_cpld_tx_ctrl/N93_6[1]/gateop, insts:2.
I: Infer CARRY group, base inst: u_ips2l_pcie_dma/u_ips2l_pcie_dma_tx_top/u_ips2l_pcie_dma_mrd_tx_ctrl/N26.lt_0/gateop, insts:4.
I: Infer CARRY group, base inst: u_ips2l_pcie_dma/u_ips2l_pcie_dma_tx_top/u_ips2l_pcie_dma_mrd_tx_ctrl/N29_1.fsub_0/gateop, insts:9.
I: Infer CARRY group, base inst: u_ips2l_pcie_dma/u_ips2l_pcie_dma_tx_top/u_ips2l_pcie_dma_mrd_tx_ctrl/N43.lt_0/gateop, insts:4.
I: Infer CARRY group, base inst: u_ips2l_pcie_dma/u_ips2l_pcie_dma_tx_top/u_ips2l_pcie_dma_mrd_tx_ctrl/N56_1_1/gateop, insts:60.
I: Infer CARRY group, base inst: u_ips2l_pcie_dma/u_ips2l_pcie_dma_tx_top/u_ips2l_pcie_dma_mwr_tx_ctrl/N29.lt_0/gateop, insts:4.
I: Infer CARRY group, base inst: u_ips2l_pcie_dma/u_ips2l_pcie_dma_tx_top/u_ips2l_pcie_dma_mwr_tx_ctrl/N35_1.fsub_1/gateop, insts:8.
I: Infer CARRY group, base inst: u_ips2l_pcie_dma/u_ips2l_pcie_dma_tx_top/u_ips2l_pcie_dma_mwr_tx_ctrl/N52[5]/gateop, insts:2.
I: Infer CARRY group, base inst: u_ips2l_pcie_dma/u_ips2l_pcie_dma_tx_top/u_ips2l_pcie_dma_mwr_tx_ctrl/N60_1_0/gateop, insts:61.
I: Infer CARRY group, base inst: u_ips2l_pcie_dma/u_ips2l_pcie_dma_tx_top/u_ips2l_pcie_dma_tx_mwr_rd_ctrl/N37_3_0/gateop, insts:12.
I: Infer CARRY group, base inst: I_ips_ddr_top/u_ddrphy_top/ddrphy_calib_top/ddrphy_init/N4_1_1/gateop, insts:19.
I: Infer CARRY group, base inst: I_ips_ddr_top/u_ddrphy_top/ddrphy_calib_top/ddrphy_init/N24_1_1/gateop, insts:19.
I: Infer CARRY group, base inst: I_ips_ddr_top/u_ddrphy_top/ddrphy_calib_top/ddrphy_init/N116_1_1/gateop, insts:9.
I: Infer CARRY group, base inst: I_ips_ddr_top/u_ddrphy_top/ddrphy_calib_top/ddrphy_wrcal/N30_1_1/gateop, insts:17.
I: Infer CARRY group, base inst: I_ips_ddr_top/u_ddrphy_top/ddrphy_reset_ctrl/ddrphy_pll_lock_debounce/N11_1_1/gateop, insts:18.
I: Infer CARRY group, base inst: I_ips_ddr_top/u_ddrphy_top/ddrphy_reset_ctrl/ddrphy_pll_lock_debounce/N43_1/gateop, insts:2.
I: Infer CARRY group, base inst: I_ips_ddr_top/u_ips_ddrc_top/mcdq_dcd_top/mcdq_dcd_bm/N37_1_1/gateop, insts:12.
I: Infer CARRY group, base inst: u_ips2l_pcie_dma/u_ips2l_pcie_dma_rx_top/u_mwr_wr_ctrl/ips2l_pcie_dma_mwr_wr_ctrl/N133_1_0/gateop, insts:12.
I: Infer CARRY group, base inst: u_ips2l_pcie_dma/u_ips2l_pcie_dma_rx_top/u_mwr_wr_ctrl/ips2l_pcie_dma_mwr_wr_ctrl/N206_3_0/gateop, insts:10.
I: Infer CARRY group, base inst: u_ips2l_pcie_dma/u_ips2l_pcie_dma_tx_top/u_ips2l_pcie_dma_tx_cpld_rd_ctrl/u_ips2l_pcie_dma_cpld_rd_ctrl/N32_1_0/gateop, insts:12.
I: Infer CARRY group, base inst: u_ips2l_pcie_dma/u_ips2l_pcie_dma_tx_top/u_ips2l_pcie_dma_tx_cpld_rd_ctrl/u_ips2l_pcie_dma_cpld_rd_ctrl/N153_7_0/gateop, insts:12.
I: Infer CARRY group, base inst: u_ips2l_pcie_dma/u_ips2l_pcie_dma_tx_top/u_ips2l_pcie_dma_tx_cpld_rd_ctrl/u_ips2l_pcie_dma_cpld_rd_ctrl/N194_7/gateop, insts:2.
I: Infer CARRY group, base inst: u_ips2l_pcie_dma/u_ips2l_pcie_dma_tx_top/u_ips2l_pcie_dma_tx_mwr_rd_ctrl/u_ips2l_pcie_dma_mwr_rd_ctrl/N32_1_0/gateop, insts:12.
I: Infer CARRY group, base inst: u_ips2l_pcie_dma/u_ips2l_pcie_dma_tx_top/u_ips2l_pcie_dma_tx_mwr_rd_ctrl/u_ips2l_pcie_dma_mwr_rd_ctrl/N153_7_0/gateop, insts:12.
I: Infer CARRY group, base inst: I_ips_ddr_top/u_ddrphy_top/ddrphy_slice_top/i_dqs_group[0].ddrphy_data_slice/ddrphy_data_slice_wrcal/N196_1/gateop, insts:9.
I: Infer CARRY group, base inst: I_ips_ddr_top/u_ddrphy_top/ddrphy_slice_top/i_dqs_group[0].ddrphy_data_slice/ddrphy_data_slice_wrcal/N263_1_1/gateop, insts:9.
I: Infer CARRY group, base inst: I_ips_ddr_top/u_ddrphy_top/ddrphy_slice_top/i_dqs_group[0].ddrphy_data_slice/ddrphy_dqsi_rdel_cal/N277_1/gateop, insts:9.
I: Infer CARRY group, base inst: I_ips_ddr_top/u_ddrphy_top/ddrphy_slice_top/i_dqs_group[0].ddrphy_data_slice/ddrphy_dqsi_rdel_cal/N392_1/gateop, insts:9.
I: Infer CARRY group, base inst: I_ips_ddr_top/u_ddrphy_top/ddrphy_slice_top/i_dqs_group[0].ddrphy_data_slice/ddrphy_dqsi_rdel_cal/N415.lt_0/gateop, insts:4.
I: Infer CARRY group, base inst: I_ips_ddr_top/u_ddrphy_top/ddrphy_slice_top/i_dqs_group[0].ddrphy_data_slice/ddrphy_dqsi_rdel_cal/N875_7_0/gateop, insts:9.
I: Infer CARRY group, base inst: I_ips_ddr_top/u_ddrphy_top/ddrphy_slice_top/i_dqs_group[0].ddrphy_data_slice/ddrphy_dqsi_rdel_cal/N975_7_0/gateop, insts:9.
I: Infer CARRY group, base inst: I_ips_ddr_top/u_ddrphy_top/ddrphy_slice_top/i_dqs_group[1].ddrphy_data_slice/ddrphy_data_slice_wrcal/N196_1/gateop, insts:9.
I: Infer CARRY group, base inst: I_ips_ddr_top/u_ddrphy_top/ddrphy_slice_top/i_dqs_group[1].ddrphy_data_slice/ddrphy_data_slice_wrcal/N263_1_1/gateop, insts:9.
I: Infer CARRY group, base inst: I_ips_ddr_top/u_ddrphy_top/ddrphy_slice_top/i_dqs_group[1].ddrphy_data_slice/ddrphy_dqsi_rdel_cal/N277_1/gateop, insts:9.
I: Infer CARRY group, base inst: I_ips_ddr_top/u_ddrphy_top/ddrphy_slice_top/i_dqs_group[1].ddrphy_data_slice/ddrphy_dqsi_rdel_cal/N392_1/gateop, insts:9.
I: Infer CARRY group, base inst: I_ips_ddr_top/u_ddrphy_top/ddrphy_slice_top/i_dqs_group[1].ddrphy_data_slice/ddrphy_dqsi_rdel_cal/N415.lt_0/gateop, insts:4.
I: Infer CARRY group, base inst: I_ips_ddr_top/u_ddrphy_top/ddrphy_slice_top/i_dqs_group[1].ddrphy_data_slice/ddrphy_dqsi_rdel_cal/N875_7_0/gateop, insts:9.
I: Infer CARRY group, base inst: I_ips_ddr_top/u_ddrphy_top/ddrphy_slice_top/i_dqs_group[1].ddrphy_data_slice/ddrphy_dqsi_rdel_cal/N975_7_0/gateop, insts:9.
I: Infer CARRY group, base inst: axi_ctrl_inst/frame_read_write_m0/Gen_RFIFO_128o.read_buf_128o/U_ipm2l_fifo_afifo_128i_128o_512/U_ipm2l_fifo_ctrl/N2_1/gateop, insts:11.
I: Infer CARRY group, base inst: axi_ctrl_inst/frame_read_write_m0/Gen_RFIFO_128o.read_buf_128o/U_ipm2l_fifo_afifo_128i_128o_512/U_ipm2l_fifo_ctrl/N79_1/gateop, insts:11.
I: Infer CARRY group, base inst: axi_ctrl_inst/frame_read_write_m0/Gen_RFIFO_128o.read_buf_128o/U_ipm2l_fifo_afifo_128i_128o_512/U_ipm2l_fifo_ctrl/N157.eq_0/gateop, insts:5.
I: Infer CARRY group, base inst: axi_ctrl_inst/frame_read_write_m0/Gen_RFIFO_128o.read_buf_128o/U_ipm2l_fifo_afifo_128i_128o_512/U_ipm2l_fifo_ctrl/N160.eq_0/gateop, insts:6.
I: Infer CARRY group, base inst: axi_ctrl_inst/frame_read_write_m0/Gen_RFIFO_128o.read_buf_128o/U_ipm2l_fifo_afifo_128i_128o_512/U_ipm2l_fifo_ctrl/N286_5.fsub_1/gateop, insts:11.
I: Infer CARRY group, base inst: axi_ctrl_inst/frame_read_write_m0/Gen_RFIFO_128o.read_buf_128o/U_ipm2l_fifo_afifo_128i_128o_512/U_ipm2l_fifo_ctrl/N322_5.fsub_0/gateop, insts:12.
I: Infer CARRY group, base inst: axi_ctrl_inst/frame_read_write_m0/Gen_WFIFO_16i.write_buf_16i/U_ipm2l_fifo_afifo_16i_128o_512/U_ipm2l_fifo_ctrl/N2_1/gateop, insts:13.
I: Infer CARRY group, base inst: axi_ctrl_inst/frame_read_write_m0/Gen_WFIFO_16i.write_buf_16i/U_ipm2l_fifo_afifo_16i_128o_512/U_ipm2l_fifo_ctrl/N74_0/gateop, insts:11.
I: Infer CARRY group, base inst: axi_ctrl_inst/frame_read_write_m0/Gen_WFIFO_16i.write_buf_16i/U_ipm2l_fifo_afifo_16i_128o_512/U_ipm2l_fifo_ctrl/N163.eq_0/gateop, insts:6.
I: Infer CARRY group, base inst: axi_ctrl_inst/frame_read_write_m0/Gen_WFIFO_16i.write_buf_16i/U_ipm2l_fifo_afifo_16i_128o_512/U_ipm2l_fifo_ctrl/N166.eq_0/gateop, insts:5.
I: Infer CARRY group, base inst: axi_ctrl_inst/frame_read_write_m0/Gen_WFIFO_16i.write_buf_16i/U_ipm2l_fifo_afifo_16i_128o_512/U_ipm2l_fifo_ctrl/N328_5.fsub_0/gateop, insts:11.
I: Infer CARRY group, base inst: axi_ctrl_inst/frame_read_write_m1/Gen_RFIFO_128o.read_buf_128o/U_ipm2l_fifo_afifo_128i_128o_512/U_ipm2l_fifo_ctrl/N2_1/gateop, insts:11.
I: Infer CARRY group, base inst: axi_ctrl_inst/frame_read_write_m1/Gen_RFIFO_128o.read_buf_128o/U_ipm2l_fifo_afifo_128i_128o_512/U_ipm2l_fifo_ctrl/N79_1/gateop, insts:11.
I: Infer CARRY group, base inst: axi_ctrl_inst/frame_read_write_m1/Gen_RFIFO_128o.read_buf_128o/U_ipm2l_fifo_afifo_128i_128o_512/U_ipm2l_fifo_ctrl/N157.eq_0/gateop, insts:5.
I: Infer CARRY group, base inst: axi_ctrl_inst/frame_read_write_m1/Gen_RFIFO_128o.read_buf_128o/U_ipm2l_fifo_afifo_128i_128o_512/U_ipm2l_fifo_ctrl/N160.eq_0/gateop, insts:6.
I: Infer CARRY group, base inst: axi_ctrl_inst/frame_read_write_m1/Gen_RFIFO_128o.read_buf_128o/U_ipm2l_fifo_afifo_128i_128o_512/U_ipm2l_fifo_ctrl/N286_5.fsub_1/gateop, insts:11.
I: Infer CARRY group, base inst: axi_ctrl_inst/frame_read_write_m1/Gen_RFIFO_128o.read_buf_128o/U_ipm2l_fifo_afifo_128i_128o_512/U_ipm2l_fifo_ctrl/N322_5.fsub_0/gateop, insts:12.
I: Infer CARRY group, base inst: axi_ctrl_inst/frame_read_write_m1/Gen_WFIFO_16i.write_buf_16i/U_ipm2l_fifo_afifo_16i_128o_512/U_ipm2l_fifo_ctrl/N2_1/gateop, insts:13.
I: Infer CARRY group, base inst: axi_ctrl_inst/frame_read_write_m1/Gen_WFIFO_16i.write_buf_16i/U_ipm2l_fifo_afifo_16i_128o_512/U_ipm2l_fifo_ctrl/N74_0/gateop, insts:11.
I: Infer CARRY group, base inst: axi_ctrl_inst/frame_read_write_m1/Gen_WFIFO_16i.write_buf_16i/U_ipm2l_fifo_afifo_16i_128o_512/U_ipm2l_fifo_ctrl/N163.eq_0/gateop, insts:6.
I: Infer CARRY group, base inst: axi_ctrl_inst/frame_read_write_m1/Gen_WFIFO_16i.write_buf_16i/U_ipm2l_fifo_afifo_16i_128o_512/U_ipm2l_fifo_ctrl/N166.eq_0/gateop, insts:5.
I: Infer CARRY group, base inst: axi_ctrl_inst/frame_read_write_m1/Gen_WFIFO_16i.write_buf_16i/U_ipm2l_fifo_afifo_16i_128o_512/U_ipm2l_fifo_ctrl/N328_5.fsub_0/gateop, insts:11.
I: Infer CARRY group, base inst: axi_ctrl_inst/frame_read_write_m2/Gen_RFIFO_128o.read_buf_128o/U_ipm2l_fifo_afifo_128i_128o_512/U_ipm2l_fifo_ctrl/N2_1/gateop, insts:11.
I: Infer CARRY group, base inst: axi_ctrl_inst/frame_read_write_m2/Gen_RFIFO_128o.read_buf_128o/U_ipm2l_fifo_afifo_128i_128o_512/U_ipm2l_fifo_ctrl/N79_1/gateop, insts:11.
I: Infer CARRY group, base inst: axi_ctrl_inst/frame_read_write_m2/Gen_RFIFO_128o.read_buf_128o/U_ipm2l_fifo_afifo_128i_128o_512/U_ipm2l_fifo_ctrl/N157.eq_0/gateop, insts:5.
I: Infer CARRY group, base inst: axi_ctrl_inst/frame_read_write_m2/Gen_RFIFO_128o.read_buf_128o/U_ipm2l_fifo_afifo_128i_128o_512/U_ipm2l_fifo_ctrl/N160.eq_0/gateop, insts:6.
I: Infer CARRY group, base inst: axi_ctrl_inst/frame_read_write_m2/Gen_RFIFO_128o.read_buf_128o/U_ipm2l_fifo_afifo_128i_128o_512/U_ipm2l_fifo_ctrl/N286_5.fsub_1/gateop, insts:11.
I: Infer CARRY group, base inst: axi_ctrl_inst/frame_read_write_m2/Gen_RFIFO_128o.read_buf_128o/U_ipm2l_fifo_afifo_128i_128o_512/U_ipm2l_fifo_ctrl/N322_5.fsub_0/gateop, insts:12.
I: Infer CARRY group, base inst: axi_ctrl_inst/frame_read_write_m2/Gen_WFIFO_16i.write_buf_16i/U_ipm2l_fifo_afifo_16i_128o_512/U_ipm2l_fifo_ctrl/N2_1/gateop, insts:13.
I: Infer CARRY group, base inst: axi_ctrl_inst/frame_read_write_m2/Gen_WFIFO_16i.write_buf_16i/U_ipm2l_fifo_afifo_16i_128o_512/U_ipm2l_fifo_ctrl/N74_0/gateop, insts:11.
I: Infer CARRY group, base inst: axi_ctrl_inst/frame_read_write_m2/Gen_WFIFO_16i.write_buf_16i/U_ipm2l_fifo_afifo_16i_128o_512/U_ipm2l_fifo_ctrl/N163.eq_0/gateop, insts:6.
I: Infer CARRY group, base inst: axi_ctrl_inst/frame_read_write_m2/Gen_WFIFO_16i.write_buf_16i/U_ipm2l_fifo_afifo_16i_128o_512/U_ipm2l_fifo_ctrl/N166.eq_0/gateop, insts:5.
I: Infer CARRY group, base inst: axi_ctrl_inst/frame_read_write_m2/Gen_WFIFO_16i.write_buf_16i/U_ipm2l_fifo_afifo_16i_128o_512/U_ipm2l_fifo_ctrl/N328_5.fsub_0/gateop, insts:11.
I: Infer CARRY group, base inst: axi_ctrl_inst/frame_read_write_m3/Gen_RFIFO_128o.read_buf_128o/U_ipm2l_fifo_afifo_128i_128o_512/U_ipm2l_fifo_ctrl/N2_1/gateop, insts:11.
I: Infer CARRY group, base inst: axi_ctrl_inst/frame_read_write_m3/Gen_RFIFO_128o.read_buf_128o/U_ipm2l_fifo_afifo_128i_128o_512/U_ipm2l_fifo_ctrl/N79_1/gateop, insts:11.
I: Infer CARRY group, base inst: axi_ctrl_inst/frame_read_write_m3/Gen_RFIFO_128o.read_buf_128o/U_ipm2l_fifo_afifo_128i_128o_512/U_ipm2l_fifo_ctrl/N157.eq_0/gateop, insts:5.
I: Infer CARRY group, base inst: axi_ctrl_inst/frame_read_write_m3/Gen_RFIFO_128o.read_buf_128o/U_ipm2l_fifo_afifo_128i_128o_512/U_ipm2l_fifo_ctrl/N160.eq_0/gateop, insts:6.
I: Infer CARRY group, base inst: axi_ctrl_inst/frame_read_write_m3/Gen_RFIFO_128o.read_buf_128o/U_ipm2l_fifo_afifo_128i_128o_512/U_ipm2l_fifo_ctrl/N286_5.fsub_1/gateop, insts:11.
I: Infer CARRY group, base inst: axi_ctrl_inst/frame_read_write_m3/Gen_RFIFO_128o.read_buf_128o/U_ipm2l_fifo_afifo_128i_128o_512/U_ipm2l_fifo_ctrl/N322_5.fsub_0/gateop, insts:12.
I: Infer CARRY group, base inst: axi_ctrl_inst/frame_read_write_m3/Gen_WFIFO_16i.write_buf_16i/U_ipm2l_fifo_afifo_16i_128o_512/U_ipm2l_fifo_ctrl/N2_1/gateop, insts:13.
I: Infer CARRY group, base inst: axi_ctrl_inst/frame_read_write_m3/Gen_WFIFO_16i.write_buf_16i/U_ipm2l_fifo_afifo_16i_128o_512/U_ipm2l_fifo_ctrl/N74_0/gateop, insts:11.
I: Infer CARRY group, base inst: axi_ctrl_inst/frame_read_write_m3/Gen_WFIFO_16i.write_buf_16i/U_ipm2l_fifo_afifo_16i_128o_512/U_ipm2l_fifo_ctrl/N163.eq_0/gateop, insts:6.
I: Infer CARRY group, base inst: axi_ctrl_inst/frame_read_write_m3/Gen_WFIFO_16i.write_buf_16i/U_ipm2l_fifo_afifo_16i_128o_512/U_ipm2l_fifo_ctrl/N166.eq_0/gateop, insts:5.
I: Infer CARRY group, base inst: axi_ctrl_inst/frame_read_write_m3/Gen_WFIFO_16i.write_buf_16i/U_ipm2l_fifo_afifo_16i_128o_512/U_ipm2l_fifo_ctrl/N328_5.fsub_0/gateop, insts:11.
I: Infer CARRY group, base inst: u_ips2l_pcie_wrap/U_IPS2L_PCIE_TOP/U_IPS2L_HSSTLP_PCIE_SOFT_PHY/hsst_pciex4_rst/ext_rstn_debounce/N15_1_1/gateop, insts:15.
I: Infer CARRY group, base inst: I_ips_ddr_top/u_ddrphy_top/ddrphy_slice_top/i_dqs_group[0].ddrphy_data_slice/ddrphy_data_slice_dqs_gate_cal/ddrphy_gatecal/N245_7_0/gateop, insts:8.
I: Infer CARRY group, base inst: I_ips_ddr_top/u_ddrphy_top/ddrphy_slice_top/i_dqs_group[1].ddrphy_data_slice/ddrphy_data_slice_dqs_gate_cal/ddrphy_gatecal/N245_7_0/gateop, insts:8.
I: Infer CARRY group, base inst: u_ips2l_pcie_wrap/U_IPS2L_PCIE_TOP/U_IPS2L_HSSTLP_PCIE_SOFT_PHY/hsst_pciex4_rst/hsst_rx_rst_mcrsw/rx_rst_fsm_multi_sw_lane/N36_1_1/gateop, insts:15.
I: Infer CARRY group, base inst: u_ips2l_pcie_wrap/U_IPS2L_PCIE_TOP/U_IPS2L_HSSTLP_PCIE_SOFT_PHY/hsst_pciex4_rst/hsst_rx_rst_mcrsw/rx_rst_fsm_multi_sw_lane/N62_11/gateop, insts:2.
I: Infer CARRY group, base inst: u_ips2l_pcie_wrap/U_IPS2L_PCIE_TOP/U_IPS2L_HSSTLP_PCIE_SOFT_PHY/hsst_pciex4_rst/hsst_rx_rst_mcrsw/rx_rst_fsm_multi_sw_lane/N62_13/gateop, insts:2.
I: Infer CARRY group, base inst: u_ips2l_pcie_wrap/U_IPS2L_PCIE_TOP/U_IPS2L_HSSTLP_PCIE_SOFT_PHY/hsst_pciex4_rst/hsst_rx_rst_mcrsw/rx_rst_fsm_multi_sw_lane/N64_1_0/gateop, insts:10.
I: Infer CARRY group, base inst: u_ips2l_pcie_wrap/U_IPS2L_PCIE_TOP/U_IPS2L_HSSTLP_PCIE_SOFT_PHY/hsst_pciex4_rst/hsst_rx_rst_mcrsw/rx_rst_fsm_multi_sw_lane/N290_9/gateop, insts:2.
I: Infer CARRY group, base inst: u_ips2l_pcie_wrap/U_IPS2L_PCIE_TOP/U_IPS2L_HSSTLP_PCIE_SOFT_PHY/hsst_pciex4_rst/hsst_tx_rst_mcrsw/pll_lock_multi_sw_deb/N13_1_1/gateop, insts:11.
I: Infer CARRY group, base inst: u_ips2l_pcie_wrap/U_IPS2L_PCIE_TOP/U_IPS2L_HSSTLP_PCIE_SOFT_PHY/hsst_pciex4_rst/hsst_tx_rst_mcrsw/pll_lock_multi_sw_wtchdg/N6_1_1/gateop, insts:9.
I: Infer CARRY group, base inst: u_ips2l_pcie_wrap/U_IPS2L_PCIE_TOP/U_IPS2L_HSSTLP_PCIE_SOFT_PHY/hsst_pciex4_rst/hsst_tx_rst_mcrsw/pll_lock_multi_sw_wtchdg/N16_1_1/gateop, insts:9.
I: Infer CARRY group, base inst: u_ips2l_pcie_wrap/U_IPS2L_PCIE_TOP/U_IPS2L_HSSTLP_PCIE_SOFT_PHY/hsst_pciex4_rst/hsst_tx_rst_mcrsw/tx_rst_fsm_multi_sw_lane/N19_1_1/gateop, insts:11.
I: Infer CARRY group, base inst: u_ips2l_pcie_wrap/U_IPS2L_PCIE_TOP/U_IPS2L_HSSTLP_PCIE_SOFT_PHY/hsst_pciex4_rst/hsst_tx_rst_mcrsw/tx_rst_fsm_multi_sw_lane/N282_1/gateop, insts:2.
I: Infer CARRY group, base inst: u_ips2l_pcie_wrap/U_IPS2L_PCIE_TOP/U_IPS2L_HSSTLP_PCIE_SOFT_PHY/hsst_pciex4_rst/hsst_tx_rst_mcrsw/tx_rst_fsm_multi_sw_lane/N412_14/gateop, insts:2.
I: Infer CARRY group, base inst: u_ips2l_pcie_wrap/U_IPS2L_PCIE_TOP/U_IPS2L_HSSTLP_PCIE_SOFT_PHY/hsst_pciex4_rst/hsst_tx_rst_mcrsw/tx_rst_fsm_multi_sw_lane/N463_46/gateop, insts:2.
I: Infer CARRY group, base inst: I_ips_ddr_top/u_ips_ddrc_top/mcdq_dcp_top/mcdq_dcp_buf/A_ips2l_distributed_fifo/u_ips2l_distributed_fifo_distributed_fifo_v1_0/u_ips2l_distributed_fifo_ctr/N24_1.fsub_0/gateop, insts:7.
I: Infer CARRY group, base inst: I_ips_ddr_top/u_ips_ddrc_top/mcdq_dcp_top/mcdq_dcp_buf/A_ips2l_distributed_fifo/u_ips2l_distributed_fifo_distributed_fifo_v1_0/u_ips2l_distributed_fifo_ctr/N30.fsub_0/gateop, insts:7.
I: Infer CARRY group, base inst: I_ips_ddr_top/u_ips_ddrc_top/mcdq_dcp_top/mcdq_dcp_buf/B_ips2l_distributed_fifo/u_ips2l_distributed_fifo_distributed_fifo_v1_0/u_ips2l_distributed_fifo_ctr/N24_1.fsub_0/gateop, insts:7.
I: Infer CARRY group, base inst: I_ips_ddr_top/u_ips_ddrc_top/mcdq_dcp_top/mcdq_dcp_buf/B_ips2l_distributed_fifo/u_ips2l_distributed_fifo_distributed_fifo_v1_0/u_ips2l_distributed_fifo_ctr/N30.fsub_0/gateop, insts:7.
I: Infer HSSTLP group, base inst: u_ips2l_pcie_wrap/U_IPS2L_PCIE_TOP/U_IPS2L_HSSTLP_PCIE_SOFT_PHY/x2.GTP_HSST_2LANE_TOP/U_GTP_HSSTLP_WRAPPER/CHANNEL0_ENABLE.U_GTP_HSSTLP_LANE0/gophsst, insts:2.
I: Adm-6003: Trying to disconnect un-connected pin 'D_DLY' of instance 'I_ips_ddr_top/u_ddrphy_top/ddrphy_slice_top/i_mem_addr_0[0].u_odelay_addr/iodelay_inst'.
I: ODLAY of "I_ips_ddr_top/u_ddrphy_top/ddrphy_slice_top/i_mem_addr_0[0].u_odelay_addr/iodelay_inst" has been packed in "ODLAY" of IOL "I_ips_ddr_top/u_ddrphy_top/ddrphy_slice_top/i_mem_addr_0[0].u_outbuft_addr0/opit_1" success.
I: Adm-6003: Trying to disconnect un-connected pin 'D_DLY' of instance 'I_ips_ddr_top/u_ddrphy_top/ddrphy_slice_top/i_mem_addr_0[1].u_odelay_addr/iodelay_inst'.
I: ODLAY of "I_ips_ddr_top/u_ddrphy_top/ddrphy_slice_top/i_mem_addr_0[1].u_odelay_addr/iodelay_inst" has been packed in "ODLAY" of IOL "I_ips_ddr_top/u_ddrphy_top/ddrphy_slice_top/i_mem_addr_0[1].u_outbuft_addr0/opit_1" success.
I: Adm-6003: Trying to disconnect un-connected pin 'D_DLY' of instance 'I_ips_ddr_top/u_ddrphy_top/ddrphy_slice_top/i_mem_addr_0[2].u_odelay_addr/iodelay_inst'.
I: ODLAY of "I_ips_ddr_top/u_ddrphy_top/ddrphy_slice_top/i_mem_addr_0[2].u_odelay_addr/iodelay_inst" has been packed in "ODLAY" of IOL "I_ips_ddr_top/u_ddrphy_top/ddrphy_slice_top/i_mem_addr_0[2].u_outbuft_addr0/opit_1" success.
I: Adm-6003: Trying to disconnect un-connected pin 'D_DLY' of instance 'I_ips_ddr_top/u_ddrphy_top/ddrphy_slice_top/i_mem_addr_0[3].u_odelay_addr/iodelay_inst'.
I: ODLAY of "I_ips_ddr_top/u_ddrphy_top/ddrphy_slice_top/i_mem_addr_0[3].u_odelay_addr/iodelay_inst" has been packed in "ODLAY" of IOL "I_ips_ddr_top/u_ddrphy_top/ddrphy_slice_top/i_mem_addr_0[3].u_outbuft_addr0/opit_1" success.
I: Adm-6003: Trying to disconnect un-connected pin 'D_DLY' of instance 'I_ips_ddr_top/u_ddrphy_top/ddrphy_slice_top/i_mem_addr_0[4].u_odelay_addr/iodelay_inst'.
I: ODLAY of "I_ips_ddr_top/u_ddrphy_top/ddrphy_slice_top/i_mem_addr_0[4].u_odelay_addr/iodelay_inst" has been packed in "ODLAY" of IOL "I_ips_ddr_top/u_ddrphy_top/ddrphy_slice_top/i_mem_addr_0[4].u_outbuft_addr0/opit_1" success.
I: Adm-6003: Trying to disconnect un-connected pin 'D_DLY' of instance 'I_ips_ddr_top/u_ddrphy_top/ddrphy_slice_top/i_mem_addr_0[5].u_odelay_addr/iodelay_inst'.
I: ODLAY of "I_ips_ddr_top/u_ddrphy_top/ddrphy_slice_top/i_mem_addr_0[5].u_odelay_addr/iodelay_inst" has been packed in "ODLAY" of IOL "I_ips_ddr_top/u_ddrphy_top/ddrphy_slice_top/i_mem_addr_0[5].u_outbuft_addr0/opit_1" success.
I: Adm-6003: Trying to disconnect un-connected pin 'D_DLY' of instance 'I_ips_ddr_top/u_ddrphy_top/ddrphy_slice_top/i_mem_addr_0[6].u_odelay_addr/iodelay_inst'.
I: ODLAY of "I_ips_ddr_top/u_ddrphy_top/ddrphy_slice_top/i_mem_addr_0[6].u_odelay_addr/iodelay_inst" has been packed in "ODLAY" of IOL "I_ips_ddr_top/u_ddrphy_top/ddrphy_slice_top/i_mem_addr_0[6].u_outbuft_addr0/opit_1" success.
I: Adm-6003: Trying to disconnect un-connected pin 'D_DLY' of instance 'I_ips_ddr_top/u_ddrphy_top/ddrphy_slice_top/i_mem_addr_0[7].u_odelay_addr/iodelay_inst'.
I: ODLAY of "I_ips_ddr_top/u_ddrphy_top/ddrphy_slice_top/i_mem_addr_0[7].u_odelay_addr/iodelay_inst" has been packed in "ODLAY" of IOL "I_ips_ddr_top/u_ddrphy_top/ddrphy_slice_top/i_mem_addr_0[7].u_outbuft_addr0/opit_1" success.
I: Adm-6003: Trying to disconnect un-connected pin 'D_DLY' of instance 'I_ips_ddr_top/u_ddrphy_top/ddrphy_slice_top/i_mem_addr_0[8].u_odelay_addr/iodelay_inst'.
I: ODLAY of "I_ips_ddr_top/u_ddrphy_top/ddrphy_slice_top/i_mem_addr_0[8].u_odelay_addr/iodelay_inst" has been packed in "ODLAY" of IOL "I_ips_ddr_top/u_ddrphy_top/ddrphy_slice_top/i_mem_addr_0[8].u_outbuft_addr0/opit_1" success.
I: Adm-6003: Trying to disconnect un-connected pin 'D_DLY' of instance 'I_ips_ddr_top/u_ddrphy_top/ddrphy_slice_top/i_mem_addr_0[9].u_odelay_addr/iodelay_inst'.
I: ODLAY of "I_ips_ddr_top/u_ddrphy_top/ddrphy_slice_top/i_mem_addr_0[9].u_odelay_addr/iodelay_inst" has been packed in "ODLAY" of IOL "I_ips_ddr_top/u_ddrphy_top/ddrphy_slice_top/i_mem_addr_0[9].u_outbuft_addr0/opit_1" success.
I: Adm-6003: Trying to disconnect un-connected pin 'D_DLY' of instance 'I_ips_ddr_top/u_ddrphy_top/ddrphy_slice_top/i_mem_addr_0[10].u_odelay_addr/iodelay_inst'.
I: ODLAY of "I_ips_ddr_top/u_ddrphy_top/ddrphy_slice_top/i_mem_addr_0[10].u_odelay_addr/iodelay_inst" has been packed in "ODLAY" of IOL "I_ips_ddr_top/u_ddrphy_top/ddrphy_slice_top/i_mem_addr_0[10].u_outbuft_addr0/opit_1" success.
I: Adm-6003: Trying to disconnect un-connected pin 'D_DLY' of instance 'I_ips_ddr_top/u_ddrphy_top/ddrphy_slice_top/i_mem_addr_0[11].u_odelay_addr/iodelay_inst'.
I: ODLAY of "I_ips_ddr_top/u_ddrphy_top/ddrphy_slice_top/i_mem_addr_0[11].u_odelay_addr/iodelay_inst" has been packed in "ODLAY" of IOL "I_ips_ddr_top/u_ddrphy_top/ddrphy_slice_top/i_mem_addr_0[11].u_outbuft_addr0/opit_1" success.
I: Adm-6003: Trying to disconnect un-connected pin 'D_DLY' of instance 'I_ips_ddr_top/u_ddrphy_top/ddrphy_slice_top/i_mem_addr_0[12].u_odelay_addr/iodelay_inst'.
I: ODLAY of "I_ips_ddr_top/u_ddrphy_top/ddrphy_slice_top/i_mem_addr_0[12].u_odelay_addr/iodelay_inst" has been packed in "ODLAY" of IOL "I_ips_ddr_top/u_ddrphy_top/ddrphy_slice_top/i_mem_addr_0[12].u_outbuft_addr0/opit_1" success.
I: Adm-6003: Trying to disconnect un-connected pin 'D_DLY' of instance 'I_ips_ddr_top/u_ddrphy_top/ddrphy_slice_top/i_mem_addr_0[13].u_odelay_addr/iodelay_inst'.
I: ODLAY of "I_ips_ddr_top/u_ddrphy_top/ddrphy_slice_top/i_mem_addr_0[13].u_odelay_addr/iodelay_inst" has been packed in "ODLAY" of IOL "I_ips_ddr_top/u_ddrphy_top/ddrphy_slice_top/i_mem_addr_0[13].u_outbuft_addr0/opit_1" success.
I: Adm-6003: Trying to disconnect un-connected pin 'D_DLY' of instance 'I_ips_ddr_top/u_ddrphy_top/ddrphy_slice_top/i_mem_addr_0[14].u_odelay_addr/iodelay_inst'.
I: ODLAY of "I_ips_ddr_top/u_ddrphy_top/ddrphy_slice_top/i_mem_addr_0[14].u_odelay_addr/iodelay_inst" has been packed in "ODLAY" of IOL "I_ips_ddr_top/u_ddrphy_top/ddrphy_slice_top/i_mem_addr_0[14].u_outbuft_addr0/opit_1" success.
I: Adm-6003: Trying to disconnect un-connected pin 'D_DLY' of instance 'I_ips_ddr_top/u_ddrphy_top/ddrphy_slice_top/k_mem_ba[0].u_odelay_ba/iodelay_inst'.
I: ODLAY of "I_ips_ddr_top/u_ddrphy_top/ddrphy_slice_top/k_mem_ba[0].u_odelay_ba/iodelay_inst" has been packed in "ODLAY" of IOL "I_ips_ddr_top/u_ddrphy_top/ddrphy_slice_top/k_mem_ba[0].u_outbuft_ba/opit_1" success.
I: Adm-6003: Trying to disconnect un-connected pin 'D_DLY' of instance 'I_ips_ddr_top/u_ddrphy_top/ddrphy_slice_top/k_mem_ba[1].u_odelay_ba/iodelay_inst'.
I: ODLAY of "I_ips_ddr_top/u_ddrphy_top/ddrphy_slice_top/k_mem_ba[1].u_odelay_ba/iodelay_inst" has been packed in "ODLAY" of IOL "I_ips_ddr_top/u_ddrphy_top/ddrphy_slice_top/k_mem_ba[1].u_outbuft_ba/opit_1" success.
I: Adm-6003: Trying to disconnect un-connected pin 'D_DLY' of instance 'I_ips_ddr_top/u_ddrphy_top/ddrphy_slice_top/k_mem_ba[2].u_odelay_ba/iodelay_inst'.
I: ODLAY of "I_ips_ddr_top/u_ddrphy_top/ddrphy_slice_top/k_mem_ba[2].u_odelay_ba/iodelay_inst" has been packed in "ODLAY" of IOL "I_ips_ddr_top/u_ddrphy_top/ddrphy_slice_top/k_mem_ba[2].u_outbuft_ba/opit_1" success.
I: Adm-6003: Trying to disconnect un-connected pin 'D_DLY' of instance 'I_ips_ddr_top/u_ddrphy_top/ddrphy_slice_top/u_odelay_casn/iodelay_inst'.
I: ODLAY of "I_ips_ddr_top/u_ddrphy_top/ddrphy_slice_top/u_odelay_casn/iodelay_inst" has been packed in "ODLAY" of IOL "I_ips_ddr_top/u_ddrphy_top/ddrphy_slice_top/u_outbuft_casn/opit_1" success.
I: Adm-6003: Trying to disconnect un-connected pin 'D_DLY' of instance 'I_ips_ddr_top/u_ddrphy_top/ddrphy_slice_top/u_odelay_cke/iodelay_inst'.
I: ODLAY of "I_ips_ddr_top/u_ddrphy_top/ddrphy_slice_top/u_odelay_cke/iodelay_inst" has been packed in "ODLAY" of IOL "I_ips_ddr_top/u_ddrphy_top/ddrphy_slice_top/u_outbuft_cke/opit_1" success.
I: Adm-6003: Trying to disconnect un-connected pin 'D_DLY' of instance 'I_ips_ddr_top/u_ddrphy_top/ddrphy_slice_top/u_odelay_csn/iodelay_inst'.
I: ODLAY of "I_ips_ddr_top/u_ddrphy_top/ddrphy_slice_top/u_odelay_csn/iodelay_inst" has been packed in "ODLAY" of IOL "I_ips_ddr_top/u_ddrphy_top/ddrphy_slice_top/u_outbuft_csn/opit_1" success.
I: Adm-6003: Trying to disconnect un-connected pin 'D_DLY' of instance 'I_ips_ddr_top/u_ddrphy_top/ddrphy_slice_top/u_odelay_odt/iodelay_inst'.
I: ODLAY of "I_ips_ddr_top/u_ddrphy_top/ddrphy_slice_top/u_odelay_odt/iodelay_inst" has been packed in "ODLAY" of IOL "I_ips_ddr_top/u_ddrphy_top/ddrphy_slice_top/u_outbuft_odt/opit_1" success.
I: Adm-6003: Trying to disconnect un-connected pin 'D_DLY' of instance 'I_ips_ddr_top/u_ddrphy_top/ddrphy_slice_top/u_odelay_rasn/iodelay_inst'.
I: ODLAY of "I_ips_ddr_top/u_ddrphy_top/ddrphy_slice_top/u_odelay_rasn/iodelay_inst" has been packed in "ODLAY" of IOL "I_ips_ddr_top/u_ddrphy_top/ddrphy_slice_top/u_outbuft_rasn/opit_1" success.
I: Adm-6003: Trying to disconnect un-connected pin 'D_DLY' of instance 'I_ips_ddr_top/u_ddrphy_top/ddrphy_slice_top/u_odelay_wen/iodelay_inst'.
I: ODLAY of "I_ips_ddr_top/u_ddrphy_top/ddrphy_slice_top/u_odelay_wen/iodelay_inst" has been packed in "ODLAY" of IOL "I_ips_ddr_top/u_ddrphy_top/ddrphy_slice_top/u_outbuft_wen/opit_1" success.
I: Adm-6003: Trying to disconnect un-connected pin 'D_DLY' of instance 'I_ips_ddr_top/u_ddrphy_top/ddrphy_slice_top/u_iodelay_dq/iodelay_inst'.
I: ODLAY of "I_ips_ddr_top/u_ddrphy_top/ddrphy_slice_top/u_iodelay_dq/iodelay_inst" has been packed in "ODLAY" of IOL "I_ips_ddr_top/u_ddrphy_top/ddrphy_slice_top/u_outbuftco_ck/opit_3" success.
I: IDLAY of "I_ips_ddr_top/u_ddrphy_top/ddrphy_slice_top/i_dqs_group[0].ddrphy_data_slice/dq_loop[0].u_iodelay_dq/iodelay_inst" has been packed in "IDLAY" of IOL "I_ips_ddr_top/u_ddrphy_top/ddrphy_slice_top/i_dqs_group[0].ddrphy_data_slice/dq_loop[0].u_iobuf_dq/opit_1" success.
I: IDLAY of "I_ips_ddr_top/u_ddrphy_top/ddrphy_slice_top/i_dqs_group[0].ddrphy_data_slice/dq_loop[1].u_iodelay_dq/iodelay_inst" has been packed in "IDLAY" of IOL "I_ips_ddr_top/u_ddrphy_top/ddrphy_slice_top/i_dqs_group[0].ddrphy_data_slice/dq_loop[1].u_iobuf_dq/opit_1" success.
I: IDLAY of "I_ips_ddr_top/u_ddrphy_top/ddrphy_slice_top/i_dqs_group[0].ddrphy_data_slice/dq_loop[2].u_iodelay_dq/iodelay_inst" has been packed in "IDLAY" of IOL "I_ips_ddr_top/u_ddrphy_top/ddrphy_slice_top/i_dqs_group[0].ddrphy_data_slice/dq_loop[2].u_iobuf_dq/opit_1" success.
I: IDLAY of "I_ips_ddr_top/u_ddrphy_top/ddrphy_slice_top/i_dqs_group[0].ddrphy_data_slice/dq_loop[3].u_iodelay_dq/iodelay_inst" has been packed in "IDLAY" of IOL "I_ips_ddr_top/u_ddrphy_top/ddrphy_slice_top/i_dqs_group[0].ddrphy_data_slice/dq_loop[3].u_iobuf_dq/opit_1" success.
I: IDLAY of "I_ips_ddr_top/u_ddrphy_top/ddrphy_slice_top/i_dqs_group[0].ddrphy_data_slice/dq_loop[4].u_iodelay_dq/iodelay_inst" has been packed in "IDLAY" of IOL "I_ips_ddr_top/u_ddrphy_top/ddrphy_slice_top/i_dqs_group[0].ddrphy_data_slice/dq_loop[4].u_iobuf_dq/opit_1" success.
I: IDLAY of "I_ips_ddr_top/u_ddrphy_top/ddrphy_slice_top/i_dqs_group[0].ddrphy_data_slice/dq_loop[5].u_iodelay_dq/iodelay_inst" has been packed in "IDLAY" of IOL "I_ips_ddr_top/u_ddrphy_top/ddrphy_slice_top/i_dqs_group[0].ddrphy_data_slice/dq_loop[5].u_iobuf_dq/opit_1" success.
I: IDLAY of "I_ips_ddr_top/u_ddrphy_top/ddrphy_slice_top/i_dqs_group[0].ddrphy_data_slice/dq_loop[6].u_iodelay_dq/iodelay_inst" has been packed in "IDLAY" of IOL "I_ips_ddr_top/u_ddrphy_top/ddrphy_slice_top/i_dqs_group[0].ddrphy_data_slice/dq_loop[6].u_iobuf_dq/opit_1" success.
I: IDLAY of "I_ips_ddr_top/u_ddrphy_top/ddrphy_slice_top/i_dqs_group[0].ddrphy_data_slice/dq_loop[7].u_iodelay_dq/iodelay_inst" has been packed in "IDLAY" of IOL "I_ips_ddr_top/u_ddrphy_top/ddrphy_slice_top/i_dqs_group[0].ddrphy_data_slice/dq_loop[7].u_iobuf_dq/opit_1" success.
I: IDLAY of "I_ips_ddr_top/u_ddrphy_top/ddrphy_slice_top/i_dqs_group[1].ddrphy_data_slice/dq_loop[0].u_iodelay_dq/iodelay_inst" has been packed in "IDLAY" of IOL "I_ips_ddr_top/u_ddrphy_top/ddrphy_slice_top/i_dqs_group[1].ddrphy_data_slice/dq_loop[0].u_iobuf_dq/opit_1" success.
I: IDLAY of "I_ips_ddr_top/u_ddrphy_top/ddrphy_slice_top/i_dqs_group[1].ddrphy_data_slice/dq_loop[1].u_iodelay_dq/iodelay_inst" has been packed in "IDLAY" of IOL "I_ips_ddr_top/u_ddrphy_top/ddrphy_slice_top/i_dqs_group[1].ddrphy_data_slice/dq_loop[1].u_iobuf_dq/opit_1" success.
I: IDLAY of "I_ips_ddr_top/u_ddrphy_top/ddrphy_slice_top/i_dqs_group[1].ddrphy_data_slice/dq_loop[2].u_iodelay_dq/iodelay_inst" has been packed in "IDLAY" of IOL "I_ips_ddr_top/u_ddrphy_top/ddrphy_slice_top/i_dqs_group[1].ddrphy_data_slice/dq_loop[2].u_iobuf_dq/opit_1" success.
I: IDLAY of "I_ips_ddr_top/u_ddrphy_top/ddrphy_slice_top/i_dqs_group[1].ddrphy_data_slice/dq_loop[3].u_iodelay_dq/iodelay_inst" has been packed in "IDLAY" of IOL "I_ips_ddr_top/u_ddrphy_top/ddrphy_slice_top/i_dqs_group[1].ddrphy_data_slice/dq_loop[3].u_iobuf_dq/opit_1" success.
I: IDLAY of "I_ips_ddr_top/u_ddrphy_top/ddrphy_slice_top/i_dqs_group[1].ddrphy_data_slice/dq_loop[4].u_iodelay_dq/iodelay_inst" has been packed in "IDLAY" of IOL "I_ips_ddr_top/u_ddrphy_top/ddrphy_slice_top/i_dqs_group[1].ddrphy_data_slice/dq_loop[4].u_iobuf_dq/opit_1" success.
I: IDLAY of "I_ips_ddr_top/u_ddrphy_top/ddrphy_slice_top/i_dqs_group[1].ddrphy_data_slice/dq_loop[5].u_iodelay_dq/iodelay_inst" has been packed in "IDLAY" of IOL "I_ips_ddr_top/u_ddrphy_top/ddrphy_slice_top/i_dqs_group[1].ddrphy_data_slice/dq_loop[5].u_iobuf_dq/opit_1" success.
I: IDLAY of "I_ips_ddr_top/u_ddrphy_top/ddrphy_slice_top/i_dqs_group[1].ddrphy_data_slice/dq_loop[6].u_iodelay_dq/iodelay_inst" has been packed in "IDLAY" of IOL "I_ips_ddr_top/u_ddrphy_top/ddrphy_slice_top/i_dqs_group[1].ddrphy_data_slice/dq_loop[6].u_iobuf_dq/opit_1" success.
I: IDLAY of "I_ips_ddr_top/u_ddrphy_top/ddrphy_slice_top/i_dqs_group[1].ddrphy_data_slice/dq_loop[7].u_iodelay_dq/iodelay_inst" has been packed in "IDLAY" of IOL "I_ips_ddr_top/u_ddrphy_top/ddrphy_slice_top/i_dqs_group[1].ddrphy_data_slice/dq_loop[7].u_iobuf_dq/opit_1" success.
I: OSERDES "I_ips_ddr_top/u_ddrphy_top/ddrphy_slice_top/i_mem_addr_0[0].u_oserdes_addr/oserdes_inst" has been packed in "ODDR" of IOL "I_ips_ddr_top/u_ddrphy_top/ddrphy_slice_top/i_mem_addr_0[0].u_outbuft_addr0/opit_1" success.
I: OSERDES "I_ips_ddr_top/u_ddrphy_top/ddrphy_slice_top/i_mem_addr_0[1].u_oserdes_addr/oserdes_inst" has been packed in "ODDR" of IOL "I_ips_ddr_top/u_ddrphy_top/ddrphy_slice_top/i_mem_addr_0[1].u_outbuft_addr0/opit_1" success.
I: OSERDES "I_ips_ddr_top/u_ddrphy_top/ddrphy_slice_top/i_mem_addr_0[2].u_oserdes_addr/oserdes_inst" has been packed in "ODDR" of IOL "I_ips_ddr_top/u_ddrphy_top/ddrphy_slice_top/i_mem_addr_0[2].u_outbuft_addr0/opit_1" success.
I: OSERDES "I_ips_ddr_top/u_ddrphy_top/ddrphy_slice_top/i_mem_addr_0[3].u_oserdes_addr/oserdes_inst" has been packed in "ODDR" of IOL "I_ips_ddr_top/u_ddrphy_top/ddrphy_slice_top/i_mem_addr_0[3].u_outbuft_addr0/opit_1" success.
I: OSERDES "I_ips_ddr_top/u_ddrphy_top/ddrphy_slice_top/i_mem_addr_0[4].u_oserdes_addr/oserdes_inst" has been packed in "ODDR" of IOL "I_ips_ddr_top/u_ddrphy_top/ddrphy_slice_top/i_mem_addr_0[4].u_outbuft_addr0/opit_1" success.
I: OSERDES "I_ips_ddr_top/u_ddrphy_top/ddrphy_slice_top/i_mem_addr_0[5].u_oserdes_addr/oserdes_inst" has been packed in "ODDR" of IOL "I_ips_ddr_top/u_ddrphy_top/ddrphy_slice_top/i_mem_addr_0[5].u_outbuft_addr0/opit_1" success.
I: OSERDES "I_ips_ddr_top/u_ddrphy_top/ddrphy_slice_top/i_mem_addr_0[6].u_oserdes_addr/oserdes_inst" has been packed in "ODDR" of IOL "I_ips_ddr_top/u_ddrphy_top/ddrphy_slice_top/i_mem_addr_0[6].u_outbuft_addr0/opit_1" success.
I: OSERDES "I_ips_ddr_top/u_ddrphy_top/ddrphy_slice_top/i_mem_addr_0[7].u_oserdes_addr/oserdes_inst" has been packed in "ODDR" of IOL "I_ips_ddr_top/u_ddrphy_top/ddrphy_slice_top/i_mem_addr_0[7].u_outbuft_addr0/opit_1" success.
I: OSERDES "I_ips_ddr_top/u_ddrphy_top/ddrphy_slice_top/i_mem_addr_0[8].u_oserdes_addr/oserdes_inst" has been packed in "ODDR" of IOL "I_ips_ddr_top/u_ddrphy_top/ddrphy_slice_top/i_mem_addr_0[8].u_outbuft_addr0/opit_1" success.
I: OSERDES "I_ips_ddr_top/u_ddrphy_top/ddrphy_slice_top/i_mem_addr_0[9].u_oserdes_addr/oserdes_inst" has been packed in "ODDR" of IOL "I_ips_ddr_top/u_ddrphy_top/ddrphy_slice_top/i_mem_addr_0[9].u_outbuft_addr0/opit_1" success.
I: OSERDES "I_ips_ddr_top/u_ddrphy_top/ddrphy_slice_top/i_mem_addr_0[10].u_oserdes_addr/oserdes_inst" has been packed in "ODDR" of IOL "I_ips_ddr_top/u_ddrphy_top/ddrphy_slice_top/i_mem_addr_0[10].u_outbuft_addr0/opit_1" success.
I: OSERDES "I_ips_ddr_top/u_ddrphy_top/ddrphy_slice_top/i_mem_addr_0[11].u_oserdes_addr/oserdes_inst" has been packed in "ODDR" of IOL "I_ips_ddr_top/u_ddrphy_top/ddrphy_slice_top/i_mem_addr_0[11].u_outbuft_addr0/opit_1" success.
I: OSERDES "I_ips_ddr_top/u_ddrphy_top/ddrphy_slice_top/i_mem_addr_0[12].u_oserdes_addr/oserdes_inst" has been packed in "ODDR" of IOL "I_ips_ddr_top/u_ddrphy_top/ddrphy_slice_top/i_mem_addr_0[12].u_outbuft_addr0/opit_1" success.
I: OSERDES "I_ips_ddr_top/u_ddrphy_top/ddrphy_slice_top/i_mem_addr_0[13].u_oserdes_addr/oserdes_inst" has been packed in "ODDR" of IOL "I_ips_ddr_top/u_ddrphy_top/ddrphy_slice_top/i_mem_addr_0[13].u_outbuft_addr0/opit_1" success.
I: OSERDES "I_ips_ddr_top/u_ddrphy_top/ddrphy_slice_top/i_mem_addr_0[14].u_oserdes_addr/oserdes_inst" has been packed in "ODDR" of IOL "I_ips_ddr_top/u_ddrphy_top/ddrphy_slice_top/i_mem_addr_0[14].u_outbuft_addr0/opit_1" success.
I: OSERDES "I_ips_ddr_top/u_ddrphy_top/ddrphy_slice_top/k_mem_ba[0].u_oserdes_ba/oserdes_inst" has been packed in "ODDR" of IOL "I_ips_ddr_top/u_ddrphy_top/ddrphy_slice_top/k_mem_ba[0].u_outbuft_ba/opit_1" success.
I: OSERDES "I_ips_ddr_top/u_ddrphy_top/ddrphy_slice_top/k_mem_ba[1].u_oserdes_ba/oserdes_inst" has been packed in "ODDR" of IOL "I_ips_ddr_top/u_ddrphy_top/ddrphy_slice_top/k_mem_ba[1].u_outbuft_ba/opit_1" success.
I: OSERDES "I_ips_ddr_top/u_ddrphy_top/ddrphy_slice_top/k_mem_ba[2].u_oserdes_ba/oserdes_inst" has been packed in "ODDR" of IOL "I_ips_ddr_top/u_ddrphy_top/ddrphy_slice_top/k_mem_ba[2].u_outbuft_ba/opit_1" success.
I: OSERDES "I_ips_ddr_top/u_ddrphy_top/ddrphy_slice_top/u_oserdes_casn/oserdes_inst" has been packed in "ODDR" of IOL "I_ips_ddr_top/u_ddrphy_top/ddrphy_slice_top/u_outbuft_casn/opit_1" success.
I: OSERDES "I_ips_ddr_top/u_ddrphy_top/ddrphy_slice_top/u_oserdes_cke/oserdes_inst" has been packed in "ODDR" of IOL "I_ips_ddr_top/u_ddrphy_top/ddrphy_slice_top/u_outbuft_cke/opit_1" success.
I: OSERDES "I_ips_ddr_top/u_ddrphy_top/ddrphy_slice_top/u_oserdes_csn/oserdes_inst" has been packed in "ODDR" of IOL "I_ips_ddr_top/u_ddrphy_top/ddrphy_slice_top/u_outbuft_csn/opit_1" success.
I: OSERDES "I_ips_ddr_top/u_ddrphy_top/ddrphy_slice_top/i_dqs_group[1].ddrphy_data_slice/u_oserdes_dqs/oserdes_inst" has been packed in "ODDR" of IOL "I_ips_ddr_top/u_ddrphy_top/ddrphy_slice_top/i_dqs_group[1].ddrphy_data_slice/genblk1.u_iobufco_dqs/opit_2" success.
I: OSERDES "I_ips_ddr_top/u_ddrphy_top/ddrphy_slice_top/i_dqs_group[1].ddrphy_data_slice/u_oserdes_dm/oserdes_inst" has been packed in "ODDR" of IOL "I_ips_ddr_top/u_ddrphy_top/ddrphy_slice_top/i_dqs_group[1].ddrphy_data_slice/u_outbuft_dm/opit_1" success.
I: OSERDES "I_ips_ddr_top/u_ddrphy_top/ddrphy_slice_top/u_oserdes_odt/oserdes_inst" has been packed in "ODDR" of IOL "I_ips_ddr_top/u_ddrphy_top/ddrphy_slice_top/u_outbuft_odt/opit_1" success.
I: OSERDES "I_ips_ddr_top/u_ddrphy_top/ddrphy_slice_top/u_oserdes_rasn/oserdes_inst" has been packed in "ODDR" of IOL "I_ips_ddr_top/u_ddrphy_top/ddrphy_slice_top/u_outbuft_rasn/opit_1" success.
I: OSERDES "I_ips_ddr_top/u_ddrphy_top/ddrphy_slice_top/u_oserdes_wen/oserdes_inst" has been packed in "ODDR" of IOL "I_ips_ddr_top/u_ddrphy_top/ddrphy_slice_top/u_outbuft_wen/opit_1" success.
I: OSERDES "I_ips_ddr_top/u_ddrphy_top/ddrphy_slice_top/u_oserdes_ck/oserdes_inst" has been packed in "ODDR" of IOL "I_ips_ddr_top/u_ddrphy_top/ddrphy_slice_top/u_outbuftco_ck/opit_3" success.
I: ISERDES "I_ips_ddr_top/u_ddrphy_top/ddrphy_slice_top/i_dqs_group[0].ddrphy_data_slice/dq_loop[0].u_iserdes_dq/iserdes_inst" has been packed in "IDDR" of IOL "I_ips_ddr_top/u_ddrphy_top/ddrphy_slice_top/i_dqs_group[0].ddrphy_data_slice/dq_loop[0].u_iobuf_dq/opit_1" success.
I: OSERDES "I_ips_ddr_top/u_ddrphy_top/ddrphy_slice_top/i_dqs_group[0].ddrphy_data_slice/dq_loop[0].u_oserdes_dq/oserdes_inst" has been packed in "ODDR" of IOL "I_ips_ddr_top/u_ddrphy_top/ddrphy_slice_top/i_dqs_group[0].ddrphy_data_slice/dq_loop[0].u_iobuf_dq/opit_1" success.
I: ISERDES "I_ips_ddr_top/u_ddrphy_top/ddrphy_slice_top/i_dqs_group[0].ddrphy_data_slice/dq_loop[1].u_iserdes_dq/iserdes_inst" has been packed in "IDDR" of IOL "I_ips_ddr_top/u_ddrphy_top/ddrphy_slice_top/i_dqs_group[0].ddrphy_data_slice/dq_loop[1].u_iobuf_dq/opit_1" success.
I: OSERDES "I_ips_ddr_top/u_ddrphy_top/ddrphy_slice_top/i_dqs_group[0].ddrphy_data_slice/dq_loop[1].u_oserdes_dq/oserdes_inst" has been packed in "ODDR" of IOL "I_ips_ddr_top/u_ddrphy_top/ddrphy_slice_top/i_dqs_group[0].ddrphy_data_slice/dq_loop[1].u_iobuf_dq/opit_1" success.
I: ISERDES "I_ips_ddr_top/u_ddrphy_top/ddrphy_slice_top/i_dqs_group[0].ddrphy_data_slice/dq_loop[2].u_iserdes_dq/iserdes_inst" has been packed in "IDDR" of IOL "I_ips_ddr_top/u_ddrphy_top/ddrphy_slice_top/i_dqs_group[0].ddrphy_data_slice/dq_loop[2].u_iobuf_dq/opit_1" success.
I: OSERDES "I_ips_ddr_top/u_ddrphy_top/ddrphy_slice_top/i_dqs_group[0].ddrphy_data_slice/dq_loop[2].u_oserdes_dq/oserdes_inst" has been packed in "ODDR" of IOL "I_ips_ddr_top/u_ddrphy_top/ddrphy_slice_top/i_dqs_group[0].ddrphy_data_slice/dq_loop[2].u_iobuf_dq/opit_1" success.
I: ISERDES "I_ips_ddr_top/u_ddrphy_top/ddrphy_slice_top/i_dqs_group[0].ddrphy_data_slice/dq_loop[3].u_iserdes_dq/iserdes_inst" has been packed in "IDDR" of IOL "I_ips_ddr_top/u_ddrphy_top/ddrphy_slice_top/i_dqs_group[0].ddrphy_data_slice/dq_loop[3].u_iobuf_dq/opit_1" success.
I: OSERDES "I_ips_ddr_top/u_ddrphy_top/ddrphy_slice_top/i_dqs_group[0].ddrphy_data_slice/dq_loop[3].u_oserdes_dq/oserdes_inst" has been packed in "ODDR" of IOL "I_ips_ddr_top/u_ddrphy_top/ddrphy_slice_top/i_dqs_group[0].ddrphy_data_slice/dq_loop[3].u_iobuf_dq/opit_1" success.
I: ISERDES "I_ips_ddr_top/u_ddrphy_top/ddrphy_slice_top/i_dqs_group[0].ddrphy_data_slice/dq_loop[4].u_iserdes_dq/iserdes_inst" has been packed in "IDDR" of IOL "I_ips_ddr_top/u_ddrphy_top/ddrphy_slice_top/i_dqs_group[0].ddrphy_data_slice/dq_loop[4].u_iobuf_dq/opit_1" success.
I: OSERDES "I_ips_ddr_top/u_ddrphy_top/ddrphy_slice_top/i_dqs_group[0].ddrphy_data_slice/dq_loop[4].u_oserdes_dq/oserdes_inst" has been packed in "ODDR" of IOL "I_ips_ddr_top/u_ddrphy_top/ddrphy_slice_top/i_dqs_group[0].ddrphy_data_slice/dq_loop[4].u_iobuf_dq/opit_1" success.
I: ISERDES "I_ips_ddr_top/u_ddrphy_top/ddrphy_slice_top/i_dqs_group[0].ddrphy_data_slice/dq_loop[5].u_iserdes_dq/iserdes_inst" has been packed in "IDDR" of IOL "I_ips_ddr_top/u_ddrphy_top/ddrphy_slice_top/i_dqs_group[0].ddrphy_data_slice/dq_loop[5].u_iobuf_dq/opit_1" success.
I: OSERDES "I_ips_ddr_top/u_ddrphy_top/ddrphy_slice_top/i_dqs_group[0].ddrphy_data_slice/dq_loop[5].u_oserdes_dq/oserdes_inst" has been packed in "ODDR" of IOL "I_ips_ddr_top/u_ddrphy_top/ddrphy_slice_top/i_dqs_group[0].ddrphy_data_slice/dq_loop[5].u_iobuf_dq/opit_1" success.
I: ISERDES "I_ips_ddr_top/u_ddrphy_top/ddrphy_slice_top/i_dqs_group[0].ddrphy_data_slice/dq_loop[6].u_iserdes_dq/iserdes_inst" has been packed in "IDDR" of IOL "I_ips_ddr_top/u_ddrphy_top/ddrphy_slice_top/i_dqs_group[0].ddrphy_data_slice/dq_loop[6].u_iobuf_dq/opit_1" success.
I: OSERDES "I_ips_ddr_top/u_ddrphy_top/ddrphy_slice_top/i_dqs_group[0].ddrphy_data_slice/dq_loop[6].u_oserdes_dq/oserdes_inst" has been packed in "ODDR" of IOL "I_ips_ddr_top/u_ddrphy_top/ddrphy_slice_top/i_dqs_group[0].ddrphy_data_slice/dq_loop[6].u_iobuf_dq/opit_1" success.
I: ISERDES "I_ips_ddr_top/u_ddrphy_top/ddrphy_slice_top/i_dqs_group[0].ddrphy_data_slice/dq_loop[7].u_iserdes_dq/iserdes_inst" has been packed in "IDDR" of IOL "I_ips_ddr_top/u_ddrphy_top/ddrphy_slice_top/i_dqs_group[0].ddrphy_data_slice/dq_loop[7].u_iobuf_dq/opit_1" success.
I: OSERDES "I_ips_ddr_top/u_ddrphy_top/ddrphy_slice_top/i_dqs_group[0].ddrphy_data_slice/dq_loop[7].u_oserdes_dq/oserdes_inst" has been packed in "ODDR" of IOL "I_ips_ddr_top/u_ddrphy_top/ddrphy_slice_top/i_dqs_group[0].ddrphy_data_slice/dq_loop[7].u_iobuf_dq/opit_1" success.
I: OSERDES "I_ips_ddr_top/u_ddrphy_top/ddrphy_slice_top/i_dqs_group[0].ddrphy_data_slice/u_oserdes_dqs/oserdes_inst" has been packed in "ODDR" of IOL "I_ips_ddr_top/u_ddrphy_top/ddrphy_slice_top/i_dqs_group[0].ddrphy_data_slice/genblk1.u_iobufco_dqs/opit_2" success.
I: OSERDES "I_ips_ddr_top/u_ddrphy_top/ddrphy_slice_top/i_dqs_group[0].ddrphy_data_slice/u_oserdes_dm/oserdes_inst" has been packed in "ODDR" of IOL "I_ips_ddr_top/u_ddrphy_top/ddrphy_slice_top/i_dqs_group[0].ddrphy_data_slice/u_outbuft_dm/opit_1" success.
I: ISERDES "I_ips_ddr_top/u_ddrphy_top/ddrphy_slice_top/i_dqs_group[1].ddrphy_data_slice/dq_loop[0].u_iserdes_dq/iserdes_inst" has been packed in "IDDR" of IOL "I_ips_ddr_top/u_ddrphy_top/ddrphy_slice_top/i_dqs_group[1].ddrphy_data_slice/dq_loop[0].u_iobuf_dq/opit_1" success.
I: OSERDES "I_ips_ddr_top/u_ddrphy_top/ddrphy_slice_top/i_dqs_group[1].ddrphy_data_slice/dq_loop[0].u_oserdes_dq/oserdes_inst" has been packed in "ODDR" of IOL "I_ips_ddr_top/u_ddrphy_top/ddrphy_slice_top/i_dqs_group[1].ddrphy_data_slice/dq_loop[0].u_iobuf_dq/opit_1" success.
I: ISERDES "I_ips_ddr_top/u_ddrphy_top/ddrphy_slice_top/i_dqs_group[1].ddrphy_data_slice/dq_loop[1].u_iserdes_dq/iserdes_inst" has been packed in "IDDR" of IOL "I_ips_ddr_top/u_ddrphy_top/ddrphy_slice_top/i_dqs_group[1].ddrphy_data_slice/dq_loop[1].u_iobuf_dq/opit_1" success.
I: OSERDES "I_ips_ddr_top/u_ddrphy_top/ddrphy_slice_top/i_dqs_group[1].ddrphy_data_slice/dq_loop[1].u_oserdes_dq/oserdes_inst" has been packed in "ODDR" of IOL "I_ips_ddr_top/u_ddrphy_top/ddrphy_slice_top/i_dqs_group[1].ddrphy_data_slice/dq_loop[1].u_iobuf_dq/opit_1" success.
I: ISERDES "I_ips_ddr_top/u_ddrphy_top/ddrphy_slice_top/i_dqs_group[1].ddrphy_data_slice/dq_loop[2].u_iserdes_dq/iserdes_inst" has been packed in "IDDR" of IOL "I_ips_ddr_top/u_ddrphy_top/ddrphy_slice_top/i_dqs_group[1].ddrphy_data_slice/dq_loop[2].u_iobuf_dq/opit_1" success.
I: OSERDES "I_ips_ddr_top/u_ddrphy_top/ddrphy_slice_top/i_dqs_group[1].ddrphy_data_slice/dq_loop[2].u_oserdes_dq/oserdes_inst" has been packed in "ODDR" of IOL "I_ips_ddr_top/u_ddrphy_top/ddrphy_slice_top/i_dqs_group[1].ddrphy_data_slice/dq_loop[2].u_iobuf_dq/opit_1" success.
I: ISERDES "I_ips_ddr_top/u_ddrphy_top/ddrphy_slice_top/i_dqs_group[1].ddrphy_data_slice/dq_loop[3].u_iserdes_dq/iserdes_inst" has been packed in "IDDR" of IOL "I_ips_ddr_top/u_ddrphy_top/ddrphy_slice_top/i_dqs_group[1].ddrphy_data_slice/dq_loop[3].u_iobuf_dq/opit_1" success.
I: OSERDES "I_ips_ddr_top/u_ddrphy_top/ddrphy_slice_top/i_dqs_group[1].ddrphy_data_slice/dq_loop[3].u_oserdes_dq/oserdes_inst" has been packed in "ODDR" of IOL "I_ips_ddr_top/u_ddrphy_top/ddrphy_slice_top/i_dqs_group[1].ddrphy_data_slice/dq_loop[3].u_iobuf_dq/opit_1" success.
I: ISERDES "I_ips_ddr_top/u_ddrphy_top/ddrphy_slice_top/i_dqs_group[1].ddrphy_data_slice/dq_loop[4].u_iserdes_dq/iserdes_inst" has been packed in "IDDR" of IOL "I_ips_ddr_top/u_ddrphy_top/ddrphy_slice_top/i_dqs_group[1].ddrphy_data_slice/dq_loop[4].u_iobuf_dq/opit_1" success.
I: OSERDES "I_ips_ddr_top/u_ddrphy_top/ddrphy_slice_top/i_dqs_group[1].ddrphy_data_slice/dq_loop[4].u_oserdes_dq/oserdes_inst" has been packed in "ODDR" of IOL "I_ips_ddr_top/u_ddrphy_top/ddrphy_slice_top/i_dqs_group[1].ddrphy_data_slice/dq_loop[4].u_iobuf_dq/opit_1" success.
I: ISERDES "I_ips_ddr_top/u_ddrphy_top/ddrphy_slice_top/i_dqs_group[1].ddrphy_data_slice/dq_loop[5].u_iserdes_dq/iserdes_inst" has been packed in "IDDR" of IOL "I_ips_ddr_top/u_ddrphy_top/ddrphy_slice_top/i_dqs_group[1].ddrphy_data_slice/dq_loop[5].u_iobuf_dq/opit_1" success.
I: OSERDES "I_ips_ddr_top/u_ddrphy_top/ddrphy_slice_top/i_dqs_group[1].ddrphy_data_slice/dq_loop[5].u_oserdes_dq/oserdes_inst" has been packed in "ODDR" of IOL "I_ips_ddr_top/u_ddrphy_top/ddrphy_slice_top/i_dqs_group[1].ddrphy_data_slice/dq_loop[5].u_iobuf_dq/opit_1" success.
I: ISERDES "I_ips_ddr_top/u_ddrphy_top/ddrphy_slice_top/i_dqs_group[1].ddrphy_data_slice/dq_loop[6].u_iserdes_dq/iserdes_inst" has been packed in "IDDR" of IOL "I_ips_ddr_top/u_ddrphy_top/ddrphy_slice_top/i_dqs_group[1].ddrphy_data_slice/dq_loop[6].u_iobuf_dq/opit_1" success.
I: OSERDES "I_ips_ddr_top/u_ddrphy_top/ddrphy_slice_top/i_dqs_group[1].ddrphy_data_slice/dq_loop[6].u_oserdes_dq/oserdes_inst" has been packed in "ODDR" of IOL "I_ips_ddr_top/u_ddrphy_top/ddrphy_slice_top/i_dqs_group[1].ddrphy_data_slice/dq_loop[6].u_iobuf_dq/opit_1" success.
I: ISERDES "I_ips_ddr_top/u_ddrphy_top/ddrphy_slice_top/i_dqs_group[1].ddrphy_data_slice/dq_loop[7].u_iserdes_dq/iserdes_inst" has been packed in "IDDR" of IOL "I_ips_ddr_top/u_ddrphy_top/ddrphy_slice_top/i_dqs_group[1].ddrphy_data_slice/dq_loop[7].u_iobuf_dq/opit_1" success.
I: OSERDES "I_ips_ddr_top/u_ddrphy_top/ddrphy_slice_top/i_dqs_group[1].ddrphy_data_slice/dq_loop[7].u_oserdes_dq/oserdes_inst" has been packed in "ODDR" of IOL "I_ips_ddr_top/u_ddrphy_top/ddrphy_slice_top/i_dqs_group[1].ddrphy_data_slice/dq_loop[7].u_iobuf_dq/opit_1" success.
Iol "cmos1_data_ibuf[0]/opit_1" connect to FFs: iff "cmos1_data_d1[0]/opit_0", off "null", tff "null".
I: Adm-6003: Trying to disconnect un-connected pin 'CE' of instance 'cmos1_data_d1[0]/opit_0'.
I: Flip-Flop "cmos1_data_d1[0]/opit_0" has been packed in "IFF" of IOL "cmos1_data_ibuf[0]/opit_1" success.
Iol "cmos1_data_ibuf[1]/opit_1" connect to FFs: iff "cmos1_data_d1[1]/opit_0", off "null", tff "null".
I: Adm-6003: Trying to disconnect un-connected pin 'CE' of instance 'cmos1_data_d1[1]/opit_0'.
I: Flip-Flop "cmos1_data_d1[1]/opit_0" has been packed in "IFF" of IOL "cmos1_data_ibuf[1]/opit_1" success.
Iol "cmos1_data_ibuf[2]/opit_1" connect to FFs: iff "cmos1_data_d1[2]/opit_0", off "null", tff "null".
I: Adm-6003: Trying to disconnect un-connected pin 'CE' of instance 'cmos1_data_d1[2]/opit_0'.
I: Flip-Flop "cmos1_data_d1[2]/opit_0" has been packed in "IFF" of IOL "cmos1_data_ibuf[2]/opit_1" success.
Iol "cmos1_data_ibuf[3]/opit_1" connect to FFs: iff "cmos1_data_d1[3]/opit_0", off "null", tff "null".
I: Adm-6003: Trying to disconnect un-connected pin 'CE' of instance 'cmos1_data_d1[3]/opit_0'.
I: Flip-Flop "cmos1_data_d1[3]/opit_0" has been packed in "IFF" of IOL "cmos1_data_ibuf[3]/opit_1" success.
Iol "cmos1_data_ibuf[4]/opit_1" connect to FFs: iff "cmos1_data_d1[4]/opit_0", off "null", tff "null".
I: Adm-6003: Trying to disconnect un-connected pin 'CE' of instance 'cmos1_data_d1[4]/opit_0'.
I: Flip-Flop "cmos1_data_d1[4]/opit_0" has been packed in "IFF" of IOL "cmos1_data_ibuf[4]/opit_1" success.
Iol "cmos1_data_ibuf[5]/opit_1" connect to FFs: iff "cmos1_data_d1[5]/opit_0", off "null", tff "null".
I: Adm-6003: Trying to disconnect un-connected pin 'CE' of instance 'cmos1_data_d1[5]/opit_0'.
I: Flip-Flop "cmos1_data_d1[5]/opit_0" has been packed in "IFF" of IOL "cmos1_data_ibuf[5]/opit_1" success.
Iol "cmos1_data_ibuf[6]/opit_1" connect to FFs: iff "cmos1_data_d1[6]/opit_0", off "null", tff "null".
I: Adm-6003: Trying to disconnect un-connected pin 'CE' of instance 'cmos1_data_d1[6]/opit_0'.
I: Flip-Flop "cmos1_data_d1[6]/opit_0" has been packed in "IFF" of IOL "cmos1_data_ibuf[6]/opit_1" success.
Iol "cmos1_data_ibuf[7]/opit_1" connect to FFs: iff "cmos1_data_d1[7]/opit_0", off "null", tff "null".
I: Adm-6003: Trying to disconnect un-connected pin 'CE' of instance 'cmos1_data_d1[7]/opit_0'.
I: Flip-Flop "cmos1_data_d1[7]/opit_0" has been packed in "IFF" of IOL "cmos1_data_ibuf[7]/opit_1" success.
Iol "cmos1_href_ibuf/opit_1" connect to FFs: iff "cmos1_href_d1/opit_0", off "null", tff "null".
I: Adm-6003: Trying to disconnect un-connected pin 'CE' of instance 'cmos1_href_d1/opit_0'.
I: Flip-Flop "cmos1_href_d1/opit_0" has been packed in "IFF" of IOL "cmos1_href_ibuf/opit_1" success.
Iol "cmos1_vsync_ibuf/opit_1" connect to FFs: iff "cmos1_vsync_d1/opit_0", off "null", tff "null".
I: Adm-6003: Trying to disconnect un-connected pin 'CE' of instance 'cmos1_vsync_d1/opit_0'.
I: Flip-Flop "cmos1_vsync_d1/opit_0" has been packed in "IFF" of IOL "cmos1_vsync_ibuf/opit_1" success.
Iol "cmos2_data_ibuf[0]/opit_1" connect to FFs: iff "cmos2_data_d1[0]/opit_0", off "null", tff "null".
I: Adm-6003: Trying to disconnect un-connected pin 'CE' of instance 'cmos2_data_d1[0]/opit_0'.
I: Flip-Flop "cmos2_data_d1[0]/opit_0" has been packed in "IFF" of IOL "cmos2_data_ibuf[0]/opit_1" success.
Iol "cmos2_data_ibuf[1]/opit_1" connect to FFs: iff "cmos2_data_d1[1]/opit_0", off "null", tff "null".
I: Adm-6003: Trying to disconnect un-connected pin 'CE' of instance 'cmos2_data_d1[1]/opit_0'.
I: Flip-Flop "cmos2_data_d1[1]/opit_0" has been packed in "IFF" of IOL "cmos2_data_ibuf[1]/opit_1" success.
Iol "cmos2_data_ibuf[2]/opit_1" connect to FFs: iff "cmos2_data_d1[2]/opit_0", off "null", tff "null".
I: Adm-6003: Trying to disconnect un-connected pin 'CE' of instance 'cmos2_data_d1[2]/opit_0'.
I: Flip-Flop "cmos2_data_d1[2]/opit_0" has been packed in "IFF" of IOL "cmos2_data_ibuf[2]/opit_1" success.
Iol "cmos2_data_ibuf[3]/opit_1" connect to FFs: iff "cmos2_data_d1[3]/opit_0", off "null", tff "null".
I: Adm-6003: Trying to disconnect un-connected pin 'CE' of instance 'cmos2_data_d1[3]/opit_0'.
I: Flip-Flop "cmos2_data_d1[3]/opit_0" has been packed in "IFF" of IOL "cmos2_data_ibuf[3]/opit_1" success.
Iol "cmos2_data_ibuf[4]/opit_1" connect to FFs: iff "cmos2_data_d1[4]/opit_0", off "null", tff "null".
I: Adm-6003: Trying to disconnect un-connected pin 'CE' of instance 'cmos2_data_d1[4]/opit_0'.
I: Flip-Flop "cmos2_data_d1[4]/opit_0" has been packed in "IFF" of IOL "cmos2_data_ibuf[4]/opit_1" success.
Iol "cmos2_data_ibuf[5]/opit_1" connect to FFs: iff "cmos2_data_d1[5]/opit_0", off "null", tff "null".
I: Adm-6003: Trying to disconnect un-connected pin 'CE' of instance 'cmos2_data_d1[5]/opit_0'.
I: Flip-Flop "cmos2_data_d1[5]/opit_0" has been packed in "IFF" of IOL "cmos2_data_ibuf[5]/opit_1" success.
Iol "cmos2_data_ibuf[6]/opit_1" connect to FFs: iff "cmos2_data_d1[6]/opit_0", off "null", tff "null".
I: Adm-6003: Trying to disconnect un-connected pin 'CE' of instance 'cmos2_data_d1[6]/opit_0'.
I: Flip-Flop "cmos2_data_d1[6]/opit_0" has been packed in "IFF" of IOL "cmos2_data_ibuf[6]/opit_1" success.
Iol "cmos2_data_ibuf[7]/opit_1" connect to FFs: iff "cmos2_data_d1[7]/opit_0", off "null", tff "null".
I: Adm-6003: Trying to disconnect un-connected pin 'CE' of instance 'cmos2_data_d1[7]/opit_0'.
I: Flip-Flop "cmos2_data_d1[7]/opit_0" has been packed in "IFF" of IOL "cmos2_data_ibuf[7]/opit_1" success.
Iol "cmos2_href_ibuf/opit_1" connect to FFs: iff "cmos2_href_d1/opit_0", off "null", tff "null".
I: Adm-6003: Trying to disconnect un-connected pin 'CE' of instance 'cmos2_href_d1/opit_0'.
I: Flip-Flop "cmos2_href_d1/opit_0" has been packed in "IFF" of IOL "cmos2_href_ibuf/opit_1" success.
Iol "cmos2_vsync_ibuf/opit_1" connect to FFs: iff "cmos2_vsync_d1/opit_0", off "null", tff "null".
I: Adm-6003: Trying to disconnect un-connected pin 'CE' of instance 'cmos2_vsync_d1/opit_0'.
I: Flip-Flop "cmos2_vsync_d1/opit_0" has been packed in "IFF" of IOL "cmos2_vsync_ibuf/opit_1" success.
Device Utilization Summary:
+------------------------------------------------------------------------+
| Logic Utilization     | Used     | Available     | Utilization(%)     
+------------------------------------------------------------------------+
| APM                   | 0        | 120           | 0                  
| FF                    | 9400     | 71600         | 14                 
| LUT                   | 8779     | 35800         | 25                 
| Distributed RAM       | 605      | 9500          | 7                  
| DRM                   | 50       | 85            | 59                 
| IO                    | 96       | 250           | 39                 
| RCKB                  | 5        | 20            | 25                 
| SCANCHAIN             | 0        | 1             | 0                  
| USCM                  | 10       | 32            | 32                 
| CCS                   | 1        | 1             | 100                
| ADC                   | 0        | 1             | 0                  
| DDR_PHY               | 5        | 20            | 25                 
| HSSTLP                | 0.5      | 1             | 50                 
| GPLL                  | 3        | 5             | 60                 
| PPLL                  | 2        | 5             | 40                 
| DDRPHY_CPD            | 1        | 10            | 10                 
| HCKB                  | 0        | 72            | 0                  
| IOCKB                 | 0        | 20            | 0                  
| MRCKB                 | 1        | 10            | 10                 
| PCIE                  | 1        | 1             | 100                
| DDRPHY_IOCLK_DIV      | 2        | 5             | 40                 
| ANALOG                | 0        | 1             | 0                  
| TSERDES               | 10       | 40            | 25                 
| KEYRAM                | 0        | 1             | 0                  
+------------------------------------------------------------------------+

Device mapping done.
Total device mapping takes 5.00 sec.

Design 'image_pcie_capture' has been successfully mapped to architecture-specific objects.
Saving design to DB.
W: Public-4010: Pcf file F:/final_camer/05_camera_pcie_capture_40pin_fmc/05_camera_pcie_capture_40pin_fmc/project/device_map/image_pcie_capture.pcf has been covered.
Action dev_map: Real time elapsed is 0h:0m:31s
Action dev_map: CPU time elapsed is 0h:0m:28s
Action dev_map: Process CPU time elapsed is 0h:0m:29s
Current time: Mon Dec  1 13:29:53 2025
Action dev_map: Peak memory pool usage is 492 MB
