---------------------------------------------------------------------------------------------------------------------------------------------------------------------------------------------------------------------------------------------------------------------------------------------------------------------------
Detailed RTL Component Info :
-----Module Name :
                    image_pcie_capture

-----ROMs :
            64 Bit    (64 x 1 bit)          ROMs := 1
            256 Bit    (64 x 4 bit)          ROMs := 1
            2K Bit    (64 x 34 bit)          ROMs := 1
            12K Bit    (512 x 24 bit)          ROMs := 3

-----RAMs :
            32 Bit    (16 x 2 bit)          RAMs := 1
            624 Bit    (16 x 39 bit)          RAMs := 2
            6K Bit    (64 x 102 bit)          RAMs := 1
            16K Bit    (128 x 128 bit)          RAMs := 2

Distributed RAM and Block RAM: Final Mapping Report
|--------------------------------------------------------------------------------------------------------------------------------------------------------------------------------------------------|------------------------|-------------------|---------|
| DPRAM Inst Name                                                                                                                                                                                  | Size (Depth x Width)   | Primitives        | Count   |
|--------------------------------------------------------------------------------------------------------------------------------------------------------------------------------------------------|------------------------|-------------------|---------|
| I_ips_ddr_top/u_ips_ddrc_top/mcdq_dcp_top/mcdq_dcp_buf/A_ips2l_distributed_fifo/u_ips2l_distributed_fifo_distributed_fifo_v1_0/ips2l_distributed_sdpram_distributed_fifo_v1_0/mem                | 16 x 39                |                   |         |
|                                                                                                                                                                                                  | 16 x 1                 | GTP_RAM32X1DP     | 1       |
|                                                                                                                                                                                                  | 16 x 2                 | GTP_RAM32X2DP     | 19      |
|--------------------------------------------------------------------------------------------------------------------------------------------------------------------------------------------------|------------------------|-------------------|---------|
| I_ips_ddr_top/u_ips_ddrc_top/mcdq_dcp_top/mcdq_dcp_buf/B_ips2l_distributed_fifo/u_ips2l_distributed_fifo_distributed_fifo_v1_0/ips2l_distributed_sdpram_distributed_fifo_v1_0/mem                | 16 x 39                |                   |         |
|                                                                                                                                                                                                  | 16 x 1                 | GTP_RAM32X1DP     | 1       |
|                                                                                                                                                                                                  | 16 x 2                 | GTP_RAM32X2DP     | 19      |
|--------------------------------------------------------------------------------------------------------------------------------------------------------------------------------------------------|------------------------|-------------------|---------|
| I_ips_ddr_top/u_ips_ddrc_top/mcdq_wdatapath/ips_distributed_fifo/u_ips2l_distributed_fifo_distributed_fifo_v1_0/ips2l_distributed_sdpram_distributed_fifo_v1_0/mem                               | 16 x 2                 |                   |         |
|                                                                                                                                                                                                  | 16 x 2                 | GTP_RAM32X2DP     | 1       |
|--------------------------------------------------------------------------------------------------------------------------------------------------------------------------------------------------|------------------------|-------------------|---------|
| u_ips2l_pcie_dma/u_ips2l_pcie_dma_tx_top/u_ips2l_pcie_dma_cpld_tx_ctrl/u_cpld_req_fifo/genblk1.pgs_pciex4_fifo/ipm_distributed_sdpram_distributed_fifo/mem                                       | 64 x 102               |                   |         |
|                                                                                                                                                                                                  | 64 x 1                 | GTP_RAM64X1DP     | 102     |
|--------------------------------------------------------------------------------------------------------------------------------------------------------------------------------------------------|------------------------|-------------------|---------|
| u_ips2l_pcie_dma/u_ips2l_pcie_dma_tx_top/u_ips2l_pcie_dma_tx_cpld_rd_ctrl/u_ips2l_pcie_dma_cpld_rd_ctrl/u_mwr_data_rd_fifo/genblk1.pgs_pciex4_fifo/ipm_distributed_sdpram_distributed_fifo/mem   | 128 x 128              |                   |         |
|                                                                                                                                                                                                  | 64 x 1                 | GTP_RAM64X1DP     | 256     |
|--------------------------------------------------------------------------------------------------------------------------------------------------------------------------------------------------|------------------------|-------------------|---------|
| u_ips2l_pcie_dma/u_ips2l_pcie_dma_tx_top/u_ips2l_pcie_dma_tx_mwr_rd_ctrl/u_ips2l_pcie_dma_mwr_rd_ctrl/u_mwr_data_rd_fifo/genblk1.pgs_pciex4_fifo/ipm_distributed_sdpram_distributed_fifo/mem     | 128 x 128              |                   |         |
|                                                                                                                                                                                                  | 64 x 1                 | GTP_RAM64X1DP     | 256     |
|--------------------------------------------------------------------------------------------------------------------------------------------------------------------------------------------------|------------------------|-------------------|---------|
| u_ips2l_pcie_wrap/U_IPS2L_PCIE_TOP/U_IPS2L_PCIE_HARD_CTRL/U_IPS2L_PCIE_CFG_SPACE_INIT/init_rom_1                                                                                                 | 64 x 4                 |                   |         |
|                                                                                                                                                                                                  | 64 x 1                 | GTP_ROM64X1       | 4       |
|--------------------------------------------------------------------------------------------------------------------------------------------------------------------------------------------------|------------------------|-------------------|---------|
| u_ips2l_pcie_wrap/U_IPS2L_PCIE_TOP/U_IPS2L_PCIE_HARD_CTRL/U_IPS2L_PCIE_CFG_SPACE_INIT/init_rom_2                                                                                                 | 64 x 1                 |                   |         |
|                                                                                                                                                                                                  | 64 x 1                 | GTP_ROM64X1       | 1       |
|--------------------------------------------------------------------------------------------------------------------------------------------------------------------------------------------------|------------------------|-------------------|---------|

|--------------------------------------------------------------------------------------------------------------------|------------------------|-------------------|-------------------|-------------------|-------------------|
| Inst Name                                                                                                          | Size (Depth x Width)   | Write_Mode_A      | Write_Mode_B      | Ram_Mode          | Primitives        |
|--------------------------------------------------------------------------------------------------------------------|------------------------|-------------------|-------------------|-------------------|-------------------|
| coms1_reg_config/reg_data                                                                                          | 512 x 24               |                   |                   |                   |                   |
|                  reg_data                                                                                          | 512 x 24               | NORMAL_WRITE      | /                 | SINGLE_PORT       | GTP_DRM18K_E1     |
|--------------------------------------------------------------------------------------------------------------------|------------------------|-------------------|-------------------|-------------------|-------------------|
| coms2_reg_config/reg_data                                                                                          | 512 x 24               |                   |                   |                   |                   |
|                  reg_data                                                                                          | 512 x 24               | NORMAL_WRITE      | /                 | SINGLE_PORT       | GTP_DRM18K_E1     |
|--------------------------------------------------------------------------------------------------------------------|------------------------|-------------------|-------------------|-------------------|-------------------|
| coms3_reg_config/reg_data                                                                                          | 512 x 24               |                   |                   |                   |                   |
|                  reg_data                                                                                          | 512 x 24               | NORMAL_WRITE      | /                 | SINGLE_PORT       | GTP_DRM18K_E1     |
|--------------------------------------------------------------------------------------------------------------------|------------------------|-------------------|-------------------|-------------------|-------------------|
| u_ips2l_pcie_wrap/U_IPS2L_PCIE_TOP/U_IPS2L_PCIE_HARD_CTRL/U_IPS2L_PCIE_CFG_SPACE_INIT/init_rom_1_reg_10_concat_4   | 64 x 34                |                   |                   |                   |                   |
|                                                                                       init_rom_1_reg_10_concat_4   | 64 x 34                | NORMAL_WRITE      | /                 | SINGLE_PORT       | GTP_DRM18K_E1     |
|--------------------------------------------------------------------------------------------------------------------|------------------------|-------------------|-------------------|-------------------|-------------------|

---------------------------------------------------------------------------------------------------------------------------------------------------------------------------------------------------------------------------------------------------------------------------------------------------------------------------

