#Build: Fabric Compiler 2022.2-SP6.4, Build 146967, Jan 31 01:39 2024
#Install: E:\PDS2022\PDS_2022.2-SP6.4\bin
#Application name: pds_shell.exe
#OS: Windows 10 10.0.26200
#Hostname: Lenovo
Generated by Fabric Compiler (version 2022.2-SP6.4 build 146967) at Thu Apr  2 20:42:30 2026
License checkout: fabric_ads from E:/PDS2022/PDS_2022.2-SP6.4/license/new_pds_F4A80DA47D72.lic
Compiling verification operator library.
Compiling common defs.
Loading technology operator library.
Compiling technology operator library.
Compiling technology operator (valence) library.
Reading design from compile DB
Reading design from compile DB successfully.
Constraint check start.
Compiling prim grid devices.
Building architecture model.
Loading device packaging model.
Building architecture floorplan logic view.
Executing : get_ports free_clk
Executing : get_ports free_clk successfully.
Executing : create_clock -name ref_clk [get_ports free_clk] -period 40.000 -waveform {0.000 20.000}
Executing : create_clock -name ref_clk [get_ports free_clk] -period 40.000 -waveform {0.000 20.000} successfully.
Executing : get_ports free_clk
Executing : get_ports free_clk successfully.
Executing : get_pins I_ips_ddr_top.u_ddrphy_top.rst_clk_gpll/clkout0
Executing : get_pins I_ips_ddr_top.u_ddrphy_top.rst_clk_gpll/clkout0 successfully.
Executing : get_clocks ref_clk
Executing : get_clocks ref_clk successfully.
Executing : create_generated_clock -name rst_clk -source [get_ports free_clk] [get_pins I_ips_ddr_top.u_ddrphy_top.rst_clk_gpll/clkout0] -master_clock [get_clocks ref_clk] -multiply_by 84 -divide_by 84
Executing : create_generated_clock -name rst_clk -source [get_ports free_clk] [get_pins I_ips_ddr_top.u_ddrphy_top.rst_clk_gpll/clkout0] -master_clock [get_clocks ref_clk] -multiply_by 84 -divide_by 84 successfully.
Executing : get_ports free_clk
Executing : get_ports free_clk successfully.
Executing : get_pins I_ips_ddr_top.u_ddrphy_top.ddrphy_gpll/clkout0
Executing : get_pins I_ips_ddr_top.u_ddrphy_top.ddrphy_gpll/clkout0 successfully.
Executing : get_clocks ref_clk
Executing : get_clocks ref_clk successfully.
Executing : create_generated_clock -name ddrphy_sysclk -source [get_ports free_clk] [get_pins I_ips_ddr_top.u_ddrphy_top.ddrphy_gpll/clkout0] -master_clock [get_clocks ref_clk] -multiply_by 84 -divide_by 16
Executing : create_generated_clock -name ddrphy_sysclk -source [get_ports free_clk] [get_pins I_ips_ddr_top.u_ddrphy_top.ddrphy_gpll/clkout0] -master_clock [get_clocks ref_clk] -multiply_by 84 -divide_by 16 successfully.
Executing : get_ports free_clk
Executing : get_ports free_clk successfully.
Executing : get_pins {I_ips_ddr_top.u_ddrphy_top.ddrphy_slice_top.i_dqs_bank[0].ddrphy_ppll/clkoutphy}
Executing : get_pins {I_ips_ddr_top.u_ddrphy_top.ddrphy_slice_top.i_dqs_bank[0].ddrphy_ppll/clkoutphy} successfully.
Executing : get_clocks ref_clk
Executing : get_clocks ref_clk successfully.
Executing : create_generated_clock -name phy_dq_clk_0 -source [get_ports free_clk] [get_pins {I_ips_ddr_top.u_ddrphy_top.ddrphy_slice_top.i_dqs_bank[0].ddrphy_ppll/clkoutphy}] -master_clock [get_clocks ref_clk] -multiply_by 84 -divide_by 2
Executing : create_generated_clock -name phy_dq_clk_0 -source [get_ports free_clk] [get_pins {I_ips_ddr_top.u_ddrphy_top.ddrphy_slice_top.i_dqs_bank[0].ddrphy_ppll/clkoutphy}] -master_clock [get_clocks ref_clk] -multiply_by 84 -divide_by 2 successfully.
Executing : get_pins {I_ips_ddr_top.u_ddrphy_top.ddrphy_slice_top.i_dqs_bank[0].ddrphy_ppll/clkoutphy}
Executing : get_pins {I_ips_ddr_top.u_ddrphy_top.ddrphy_slice_top.i_dqs_bank[0].ddrphy_ppll/clkoutphy} successfully.
Executing : get_pins {I_ips_ddr_top.u_ddrphy_top.ddrphy_slice_top.i_dqs_bank[0].u_ddrphy_ioclkdiv/CLKDIVOUT}
Executing : get_pins {I_ips_ddr_top.u_ddrphy_top.ddrphy_slice_top.i_dqs_bank[0].u_ddrphy_ioclkdiv/CLKDIVOUT} successfully.
Executing : get_clocks phy_dq_clk_0
Executing : get_clocks phy_dq_clk_0 successfully.
Executing : create_generated_clock -name phy_dq_sysclk_0 -source [get_pins {I_ips_ddr_top.u_ddrphy_top.ddrphy_slice_top.i_dqs_bank[0].ddrphy_ppll/clkoutphy}] [get_pins {I_ips_ddr_top.u_ddrphy_top.ddrphy_slice_top.i_dqs_bank[0].u_ddrphy_ioclkdiv/CLKDIVOUT}] -master_clock [get_clocks phy_dq_clk_0] -edges {5 13 21} -edge_shift {0 0 0}
Executing : create_generated_clock -name phy_dq_sysclk_0 -source [get_pins {I_ips_ddr_top.u_ddrphy_top.ddrphy_slice_top.i_dqs_bank[0].ddrphy_ppll/clkoutphy}] [get_pins {I_ips_ddr_top.u_ddrphy_top.ddrphy_slice_top.i_dqs_bank[0].u_ddrphy_ioclkdiv/CLKDIVOUT}] -master_clock [get_clocks phy_dq_clk_0] -edges {5 13 21} -edge_shift {0 0 0} successfully.
Executing : get_clocks ddrphy_sysclk
Executing : get_clocks ddrphy_sysclk successfully.
Executing : get_clocks phy_dq_sysclk_0
Executing : get_clocks phy_dq_sysclk_0 successfully.
Executing : set_multicycle_path 2 -from [get_clocks ddrphy_sysclk] -to [get_clocks phy_dq_sysclk_0]
Executing : set_multicycle_path 2 -from [get_clocks ddrphy_sysclk] -to [get_clocks phy_dq_sysclk_0] successfully.
Executing : get_ports free_clk
Executing : get_ports free_clk successfully.
Executing : get_pins {I_ips_ddr_top.u_ddrphy_top.ddrphy_slice_top.i_dqs_bank[1].ddrphy_ppll/clkoutphy}
Executing : get_pins {I_ips_ddr_top.u_ddrphy_top.ddrphy_slice_top.i_dqs_bank[1].ddrphy_ppll/clkoutphy} successfully.
Executing : get_clocks ref_clk
Executing : get_clocks ref_clk successfully.
Executing : create_generated_clock -name phy_dq_clk_1 -source [get_ports free_clk] [get_pins {I_ips_ddr_top.u_ddrphy_top.ddrphy_slice_top.i_dqs_bank[1].ddrphy_ppll/clkoutphy}] -master_clock [get_clocks ref_clk] -multiply_by 84 -divide_by 2
Executing : create_generated_clock -name phy_dq_clk_1 -source [get_ports free_clk] [get_pins {I_ips_ddr_top.u_ddrphy_top.ddrphy_slice_top.i_dqs_bank[1].ddrphy_ppll/clkoutphy}] -master_clock [get_clocks ref_clk] -multiply_by 84 -divide_by 2 successfully.
Executing : get_pins {I_ips_ddr_top.u_ddrphy_top.ddrphy_slice_top.i_dqs_bank[1].ddrphy_ppll/clkoutphy}
Executing : get_pins {I_ips_ddr_top.u_ddrphy_top.ddrphy_slice_top.i_dqs_bank[1].ddrphy_ppll/clkoutphy} successfully.
Executing : get_pins {I_ips_ddr_top.u_ddrphy_top.ddrphy_slice_top.i_dqs_bank[1].u_ddrphy_ioclkdiv/CLKDIVOUT}
Executing : get_pins {I_ips_ddr_top.u_ddrphy_top.ddrphy_slice_top.i_dqs_bank[1].u_ddrphy_ioclkdiv/CLKDIVOUT} successfully.
Executing : get_clocks phy_dq_clk_1
Executing : get_clocks phy_dq_clk_1 successfully.
Executing : create_generated_clock -name phy_dq_sysclk_1 -source [get_pins {I_ips_ddr_top.u_ddrphy_top.ddrphy_slice_top.i_dqs_bank[1].ddrphy_ppll/clkoutphy}] [get_pins {I_ips_ddr_top.u_ddrphy_top.ddrphy_slice_top.i_dqs_bank[1].u_ddrphy_ioclkdiv/CLKDIVOUT}] -master_clock [get_clocks phy_dq_clk_1] -edges {5 13 21} -edge_shift {0 0 0}
Executing : create_generated_clock -name phy_dq_sysclk_1 -source [get_pins {I_ips_ddr_top.u_ddrphy_top.ddrphy_slice_top.i_dqs_bank[1].ddrphy_ppll/clkoutphy}] [get_pins {I_ips_ddr_top.u_ddrphy_top.ddrphy_slice_top.i_dqs_bank[1].u_ddrphy_ioclkdiv/CLKDIVOUT}] -master_clock [get_clocks phy_dq_clk_1] -edges {5 13 21} -edge_shift {0 0 0} successfully.
Executing : get_clocks ddrphy_sysclk
Executing : get_clocks ddrphy_sysclk successfully.
Executing : get_clocks phy_dq_sysclk_1
Executing : get_clocks phy_dq_sysclk_1 successfully.
Executing : set_multicycle_path 2 -from [get_clocks ddrphy_sysclk] -to [get_clocks phy_dq_sysclk_1]
Executing : set_multicycle_path 2 -from [get_clocks ddrphy_sysclk] -to [get_clocks phy_dq_sysclk_1] successfully.
Executing : get_clocks ddrphy_sysclk
Executing : get_clocks ddrphy_sysclk successfully.
Executing : get_clocks phy_dq_sysclk_0
Executing : get_clocks phy_dq_sysclk_0 successfully.
Executing : set_clock_uncertainty 0.4 -from [get_clocks ddrphy_sysclk] -to [get_clocks phy_dq_sysclk_0] -setup -hold
Executing : set_clock_uncertainty 0.4 -from [get_clocks ddrphy_sysclk] -to [get_clocks phy_dq_sysclk_0] -setup -hold successfully.
Executing : get_clocks phy_dq_sysclk_0
Executing : get_clocks phy_dq_sysclk_0 successfully.
Executing : get_clocks ddrphy_sysclk
Executing : get_clocks ddrphy_sysclk successfully.
Executing : set_clock_uncertainty 0.4 -from [get_clocks phy_dq_sysclk_0] -to [get_clocks ddrphy_sysclk] -setup -hold
Executing : set_clock_uncertainty 0.4 -from [get_clocks phy_dq_sysclk_0] -to [get_clocks ddrphy_sysclk] -setup -hold successfully.
Executing : get_clocks ddrphy_sysclk
Executing : get_clocks ddrphy_sysclk successfully.
Executing : get_clocks phy_dq_sysclk_1
Executing : get_clocks phy_dq_sysclk_1 successfully.
Executing : set_clock_uncertainty 0.4 -from [get_clocks ddrphy_sysclk] -to [get_clocks phy_dq_sysclk_1] -setup -hold
Executing : set_clock_uncertainty 0.4 -from [get_clocks ddrphy_sysclk] -to [get_clocks phy_dq_sysclk_1] -setup -hold successfully.
Executing : get_clocks phy_dq_sysclk_1
Executing : get_clocks phy_dq_sysclk_1 successfully.
Executing : get_clocks ddrphy_sysclk
Executing : get_clocks ddrphy_sysclk successfully.
Executing : set_clock_uncertainty 0.4 -from [get_clocks phy_dq_sysclk_1] -to [get_clocks ddrphy_sysclk] -setup -hold
Executing : set_clock_uncertainty 0.4 -from [get_clocks phy_dq_sysclk_1] -to [get_clocks ddrphy_sysclk] -setup -hold successfully.
Executing : get_clocks ref_clk
Executing : get_clocks ref_clk successfully.
Executing : set_clock_groups -name ref_clk -asynchronous -group [get_clocks ref_clk]
Executing : set_clock_groups -name ref_clk -asynchronous -group [get_clocks ref_clk] successfully.
Executing : get_clocks rst_clk
Executing : get_clocks rst_clk successfully.
Executing : set_clock_groups -name rst_clk -asynchronous -group [get_clocks rst_clk]
Executing : set_clock_groups -name rst_clk -asynchronous -group [get_clocks rst_clk] successfully.
Executing : get_clocks phy_dq_clk_0
Executing : get_clocks phy_dq_clk_0 successfully.
Executing : set_clock_groups -name phy_dq_clk_0 -asynchronous -group [get_clocks phy_dq_clk_0]
Executing : set_clock_groups -name phy_dq_clk_0 -asynchronous -group [get_clocks phy_dq_clk_0] successfully.
Executing : get_clocks phy_dq_clk_1
Executing : get_clocks phy_dq_clk_1 successfully.
Executing : set_clock_groups -name phy_dq_clk_1 -asynchronous -group [get_clocks phy_dq_clk_1]
Executing : set_clock_groups -name phy_dq_clk_1 -asynchronous -group [get_clocks phy_dq_clk_1] successfully.
Executing : get_pins u_ips2l_pcie_wrap.U_IPS2L_PCIE_TOP.U_IPS2L_HSSTLP_PCIE_SOFT_PHY.pclk
Executing : get_pins u_ips2l_pcie_wrap.U_IPS2L_PCIE_TOP.U_IPS2L_HSSTLP_PCIE_SOFT_PHY.pclk successfully.
Executing : create_clock -name pclk [get_pins u_ips2l_pcie_wrap.U_IPS2L_PCIE_TOP.U_IPS2L_HSSTLP_PCIE_SOFT_PHY.pclk] -period 4.000 -waveform {0.000 2.000}
Executing : create_clock -name pclk [get_pins u_ips2l_pcie_wrap.U_IPS2L_PCIE_TOP.U_IPS2L_HSSTLP_PCIE_SOFT_PHY.pclk] -period 4.000 -waveform {0.000 2.000} successfully.
Executing : get_pins u_ips2l_pcie_wrap.U_IPS2L_PCIE_TOP.U_IPS2L_HSSTLP_PCIE_SOFT_PHY.pclk_div2
Executing : get_pins u_ips2l_pcie_wrap.U_IPS2L_PCIE_TOP.U_IPS2L_HSSTLP_PCIE_SOFT_PHY.pclk_div2 successfully.
Executing : create_clock -name pclk_div2 [get_pins u_ips2l_pcie_wrap.U_IPS2L_PCIE_TOP.U_IPS2L_HSSTLP_PCIE_SOFT_PHY.pclk_div2] -period 8.000 -waveform {0.000 4.000}
Executing : create_clock -name pclk_div2 [get_pins u_ips2l_pcie_wrap.U_IPS2L_PCIE_TOP.U_IPS2L_HSSTLP_PCIE_SOFT_PHY.pclk_div2] -period 8.000 -waveform {0.000 4.000} successfully.
Executing : get_pins u_ips2l_pcie_wrap.U_IPS2L_PCIE_TOP.U_IPS2L_HSSTLP_PCIE_SOFT_PHY/P_REFCK2CORE_0
Executing : get_pins u_ips2l_pcie_wrap.U_IPS2L_PCIE_TOP.U_IPS2L_HSSTLP_PCIE_SOFT_PHY/P_REFCK2CORE_0 successfully.
Executing : create_clock -name ref_clk1 [get_pins u_ips2l_pcie_wrap.U_IPS2L_PCIE_TOP.U_IPS2L_HSSTLP_PCIE_SOFT_PHY/P_REFCK2CORE_0] -period 10.000 -waveform {0.000 5.000}
Executing : create_clock -name ref_clk1 [get_pins u_ips2l_pcie_wrap.U_IPS2L_PCIE_TOP.U_IPS2L_HSSTLP_PCIE_SOFT_PHY/P_REFCK2CORE_0] -period 10.000 -waveform {0.000 5.000} successfully.
Executing : get_clocks pclk
Executing : get_clocks pclk successfully.
Executing : set_clock_groups -name group_1 -asynchronous -group [get_clocks pclk]
Executing : set_clock_groups -name group_1 -asynchronous -group [get_clocks pclk] successfully.
Executing : get_clocks pclk_div2
Executing : get_clocks pclk_div2 successfully.
Executing : set_clock_groups -name group_2 -asynchronous -group [get_clocks pclk_div2]
Executing : set_clock_groups -name group_2 -asynchronous -group [get_clocks pclk_div2] successfully.
Executing : get_clocks ref_clk1
Executing : get_clocks ref_clk1 successfully.
Executing : set_clock_groups -name group_3 -asynchronous -group [get_clocks ref_clk1]
Executing : set_clock_groups -name group_3 -asynchronous -group [get_clocks ref_clk1] successfully.
Executing : get_ports cmos1_pclk
Executing : get_ports cmos1_pclk successfully.
Executing : create_clock -name cmos1_pclk [get_ports cmos1_pclk] -period 11.900 -waveform {0.000 5.950}
Executing : create_clock -name cmos1_pclk [get_ports cmos1_pclk] -period 11.900 -waveform {0.000 5.950} successfully.
Executing : get_ports cmos2_pclk
Executing : get_ports cmos2_pclk successfully.
Executing : create_clock -name cmos2_pclk [get_ports cmos2_pclk] -period 11.900 -waveform {0.000 5.950}
Executing : create_clock -name cmos2_pclk [get_ports cmos2_pclk] -period 11.900 -waveform {0.000 5.950} successfully.
Executing : get_ports cmos3_pclk
Executing : get_ports cmos3_pclk successfully.
Executing : create_clock -name cmos3_pclk [get_ports cmos3_pclk] -period 11.900 -waveform {0.000 5.950}
Executing : create_clock -name cmos3_pclk [get_ports cmos3_pclk] -period 11.900 -waveform {0.000 5.950} successfully.
Executing : get_clocks cmos1_pclk
Executing : get_clocks cmos1_pclk successfully.
Executing : set_clock_uncertainty 0.200 [get_clocks cmos1_pclk] -setup -hold
Executing : set_clock_uncertainty 0.200 [get_clocks cmos1_pclk] -setup -hold successfully.
Executing : get_clocks cmos2_pclk
Executing : get_clocks cmos2_pclk successfully.
Executing : set_clock_uncertainty 0.200 [get_clocks cmos2_pclk] -setup -hold
Executing : set_clock_uncertainty 0.200 [get_clocks cmos2_pclk] -setup -hold successfully.
Executing : get_clocks cmos3_pclk
Executing : get_clocks cmos3_pclk successfully.
Executing : set_clock_uncertainty 0.200 [get_clocks cmos3_pclk] -setup -hold
Executing : set_clock_uncertainty 0.200 [get_clocks cmos3_pclk] -setup -hold successfully.
Executing : get_ports free_clk
Executing : get_ports free_clk successfully.
Executing : get_nets pll_inst.clkout0
Executing : get_nets pll_inst.clkout0 successfully.
Executing : get_clocks ref_clk
Executing : get_clocks ref_clk successfully.
Executing : create_generated_clock -name clk_10m -source [get_ports free_clk] [get_nets pll_inst.clkout0] -master_clock [get_clocks ref_clk] -multiply_by 2 -divide_by 5
Executing : create_generated_clock -name clk_10m -source [get_ports free_clk] [get_nets pll_inst.clkout0] -master_clock [get_clocks ref_clk] -multiply_by 2 -divide_by 5 successfully.
Executing : get_ports free_clk
Executing : get_ports free_clk successfully.
Executing : get_nets pll_inst.clkout1
Executing : get_nets pll_inst.clkout1 successfully.
Executing : get_clocks ref_clk
Executing : get_clocks ref_clk successfully.
Executing : create_generated_clock -name clk_25m -source [get_ports free_clk] [get_nets pll_inst.clkout1] -master_clock [get_clocks ref_clk] -multiply_by 1 -divide_by 1
Executing : create_generated_clock -name clk_25m -source [get_ports free_clk] [get_nets pll_inst.clkout1] -master_clock [get_clocks ref_clk] -multiply_by 1 -divide_by 1 successfully.
Executing : get_ports free_clk
Executing : get_ports free_clk successfully.
Executing : get_nets pll_inst.clkout2
Executing : get_nets pll_inst.clkout2 successfully.
Executing : get_clocks ref_clk
Executing : get_clocks ref_clk successfully.
Executing : create_generated_clock -name clk_50m -source [get_ports free_clk] [get_nets pll_inst.clkout2] -master_clock [get_clocks ref_clk] -multiply_by 2 -divide_by 1
Executing : create_generated_clock -name clk_50m -source [get_ports free_clk] [get_nets pll_inst.clkout2] -master_clock [get_clocks ref_clk] -multiply_by 2 -divide_by 1 successfully.
Executing : get_clocks cmos1_pclk
Executing : get_clocks cmos1_pclk successfully.
Executing : set_clock_uncertainty 0.200 [get_clocks cmos1_pclk] -setup -hold
Executing : set_clock_uncertainty 0.200 [get_clocks cmos1_pclk] -setup -hold successfully.
Executing : get_clocks cmos2_pclk
Executing : get_clocks cmos2_pclk successfully.
Executing : set_clock_uncertainty 0.200 [get_clocks cmos2_pclk] -setup -hold
Executing : set_clock_uncertainty 0.200 [get_clocks cmos2_pclk] -setup -hold successfully.
Executing : get_clocks cmos3_pclk
Executing : get_clocks cmos3_pclk successfully.
Executing : set_clock_uncertainty 0.200 [get_clocks cmos3_pclk] -setup -hold
Executing : set_clock_uncertainty 0.200 [get_clocks cmos3_pclk] -setup -hold successfully.
Executing : get_clocks cmos1_pclk
Executing : get_clocks cmos1_pclk successfully.
Executing : set_clock_groups -asynchronous -group [get_clocks cmos1_pclk]
Executing : set_clock_groups -asynchronous -group [get_clocks cmos1_pclk] successfully.
Executing : get_clocks cmos2_pclk
Executing : get_clocks cmos2_pclk successfully.
Executing : set_clock_groups -asynchronous -group [get_clocks cmos2_pclk]
Executing : set_clock_groups -asynchronous -group [get_clocks cmos2_pclk] successfully.
Executing : get_clocks cmos3_pclk
Executing : get_clocks cmos3_pclk successfully.
Executing : set_clock_groups -asynchronous -group [get_clocks cmos3_pclk]
Executing : set_clock_groups -asynchronous -group [get_clocks cmos3_pclk] successfully.
C: ConstraintEditor-2002: [E:/BaiduNetdiskDownload/RK3568/project_slow_four_camer/slow_speed_pcie_four_camer/fpga_four_camer/four_camer/05_camera_pcie_capture_40pin_fmc - 1/project/project.fdc(line number: 487)] | Port board_rst_n has been placed at location M15, whose type is share pin.
C: ConstraintEditor-2002: [E:/BaiduNetdiskDownload/RK3568/project_slow_four_camer/slow_speed_pcie_four_camer/fpga_four_camer/four_camer/05_camera_pcie_capture_40pin_fmc - 1/project/project.fdc(line number: 546)] | Port perst_n has been placed at location M16, whose type is share pin.
C: ConstraintEditor-2002: [E:/BaiduNetdiskDownload/RK3568/project_slow_four_camer/slow_speed_pcie_four_camer/fpga_four_camer/four_camer/05_camera_pcie_capture_40pin_fmc - 1/project/project.fdc(line number: 585)] | Port cmos1_data[7] has been placed at location AB21, whose type is share pin.
C: ConstraintEditor-2002: [E:/BaiduNetdiskDownload/RK3568/project_slow_four_camer/slow_speed_pcie_four_camer/fpga_four_camer/four_camer/05_camera_pcie_capture_40pin_fmc - 1/project/project.fdc(line number: 595)] | Port cmos1_data[5] has been placed at location AB22, whose type is share pin.
C: ConstraintEditor-2002: [E:/BaiduNetdiskDownload/RK3568/project_slow_four_camer/slow_speed_pcie_four_camer/fpga_four_camer/four_camer/05_camera_pcie_capture_40pin_fmc - 1/project/project.fdc(line number: 600)] | Port cmos1_data[4] has been placed at location L13, whose type is share pin.
C: ConstraintEditor-2002: [E:/BaiduNetdiskDownload/RK3568/project_slow_four_camer/slow_speed_pcie_four_camer/fpga_four_camer/four_camer/05_camera_pcie_capture_40pin_fmc - 1/project/project.fdc(line number: 610)] | Port cmos1_data[2] has been placed at location AB20, whose type is share pin.
C: ConstraintEditor-2002: [E:/BaiduNetdiskDownload/RK3568/project_slow_four_camer/slow_speed_pcie_four_camer/fpga_four_camer/four_camer/05_camera_pcie_capture_40pin_fmc - 1/project/project.fdc(line number: 615)] | Port cmos1_data[1] has been placed at location AA19, whose type is share pin.
C: ConstraintEditor-2002: [E:/BaiduNetdiskDownload/RK3568/project_slow_four_camer/slow_speed_pcie_four_camer/fpga_four_camer/four_camer/05_camera_pcie_capture_40pin_fmc - 1/project/project.fdc(line number: 625)] | Port cmos2_data[7] has been placed at location AB18, whose type is share pin.
C: ConstraintEditor-2002: [E:/BaiduNetdiskDownload/RK3568/project_slow_four_camer/slow_speed_pcie_four_camer/fpga_four_camer/four_camer/05_camera_pcie_capture_40pin_fmc - 1/project/project.fdc(line number: 630)] | Port cmos2_data[6] has been placed at location P17, whose type is share pin.
C: ConstraintEditor-2002: [E:/BaiduNetdiskDownload/RK3568/project_slow_four_camer/slow_speed_pcie_four_camer/fpga_four_camer/four_camer/05_camera_pcie_capture_40pin_fmc - 1/project/project.fdc(line number: 645)] | Port cmos2_data[3] has been placed at location P15, whose type is share pin.
C: ConstraintEditor-2002: [E:/BaiduNetdiskDownload/RK3568/project_slow_four_camer/slow_speed_pcie_four_camer/fpga_four_camer/four_camer/05_camera_pcie_capture_40pin_fmc - 1/project/project.fdc(line number: 650)] | Port cmos2_data[2] has been placed at location R16, whose type is share pin.
C: ConstraintEditor-2002: [E:/BaiduNetdiskDownload/RK3568/project_slow_four_camer/slow_speed_pcie_four_camer/fpga_four_camer/four_camer/05_camera_pcie_capture_40pin_fmc - 1/project/project.fdc(line number: 660)] | Port cmos2_data[0] has been placed at location U17, whose type is share pin.
C: ConstraintEditor-2002: [E:/BaiduNetdiskDownload/RK3568/project_slow_four_camer/slow_speed_pcie_four_camer/fpga_four_camer/four_camer/05_camera_pcie_capture_40pin_fmc - 1/project/project.fdc(line number: 665)] | Port cmos1_scl has been placed at location R14, whose type is share pin.
C: ConstraintEditor-2002: [E:/BaiduNetdiskDownload/RK3568/project_slow_four_camer/slow_speed_pcie_four_camer/fpga_four_camer/four_camer/05_camera_pcie_capture_40pin_fmc - 1/project/project.fdc(line number: 672)] | Port cmos1_sda has been placed at location P14, whose type is share pin.
C: ConstraintEditor-2002: [E:/BaiduNetdiskDownload/RK3568/project_slow_four_camer/slow_speed_pcie_four_camer/fpga_four_camer/four_camer/05_camera_pcie_capture_40pin_fmc - 1/project/project.fdc(line number: 700)] | Port cmos2_reset has been placed at location AA21, whose type is share pin.
C: ConstraintEditor-2002: [E:/BaiduNetdiskDownload/RK3568/project_slow_four_camer/slow_speed_pcie_four_camer/fpga_four_camer/four_camer/05_camera_pcie_capture_40pin_fmc - 1/project/project.fdc(line number: 712)] | Port cmos1_pclk has been placed at location T18, whose type is share pin.
C: ConstraintEditor-2002: [E:/BaiduNetdiskDownload/RK3568/project_slow_four_camer/slow_speed_pcie_four_camer/fpga_four_camer/four_camer/05_camera_pcie_capture_40pin_fmc - 1/project/project.fdc(line number: 717)] | Port cmos1_vsync has been placed at location W17, whose type is share pin.
C: ConstraintEditor-2002: [E:/BaiduNetdiskDownload/RK3568/project_slow_four_camer/slow_speed_pcie_four_camer/fpga_four_camer/four_camer/05_camera_pcie_capture_40pin_fmc - 1/project/project.fdc(line number: 722)] | Port cmos2_href has been placed at location U18, whose type is share pin.
C: ConstraintEditor-2002: [E:/BaiduNetdiskDownload/RK3568/project_slow_four_camer/slow_speed_pcie_four_camer/fpga_four_camer/four_camer/05_camera_pcie_capture_40pin_fmc - 1/project/project.fdc(line number: 727)] | Port cmos2_pclk has been placed at location P16, whose type is share pin.
C: ConstraintEditor-2002: [E:/BaiduNetdiskDownload/RK3568/project_slow_four_camer/slow_speed_pcie_four_camer/fpga_four_camer/four_camer/05_camera_pcie_capture_40pin_fmc - 1/project/project.fdc(line number: 732)] | Port cmos2_vsync has been placed at location R17, whose type is share pin.
E: UserConstraintEditor-0044: [E:/BaiduNetdiskDownload/RK3568/project_slow_four_camer/slow_speed_pcie_four_camer/fpga_four_camer/four_camer/05_camera_pcie_capture_40pin_fmc - 1/project/project.fdc(line number: 45)] | DDRPHY_CPD_297_4 is invalid, value must be correct device instance.
W: ConstraintEditor-4019: Port Bus 'rxn' unspecified I/O constraint.
W: ConstraintEditor-4019: Port Bus 'rxp' unspecified I/O constraint.
W: ConstraintEditor-4019: Port Bus 'txn' unspecified I/O constraint.
W: ConstraintEditor-4019: Port Bus 'txp' unspecified I/O constraint.
W: ConstraintEditor-4019: Port 'cmos_init_done[2]' unspecified I/O constraint.
Constraint check end.

Action synthesize: Real time elapsed is 0h:0m:9s
Action synthesize: CPU time elapsed is 0h:0m:6s
Action synthesize: Process CPU time elapsed is 0h:0m:6s
Current time: Thu Apr  2 20:42:37 2026
Action synthesize: Peak memory pool usage is 324 MB
