#Build: Fabric Compiler 2022.2-SP6.4, Build 146967, Jan 31 01:39 2024
#Install: F:\PDS_2022.2-SP6.4\bin
#Application name: pds_shell.exe
#OS: Windows 10 10.0.19045
#Hostname: DESKTOP-P0E5I2S
Generated by Fabric Compiler (version 2022.2-SP6.4 build 146967) at Fri Jul  3 15:27:20 2026
Compiling verification operator library.
Compiling common defs.
Compiling prim grid devices.
Compiling gate devices.
Compiling gate operators.
Building architecture model.
Loading device packaging model.
Reading design from DB.
Start Generating Programming File...
Reading design from DB takes 3.359375 sec.
Generating architecture configuration.
The bitstream file is "C:/Users/DELL/02_pcie_image_test_1080p_v1/08_HDMI_pcie_capture_40pin_100k/project/generate_bitstream/image_pcie_capture.sbit"
Generate programming file takes 23.812500 sec.
Generating Programming File done.
Action gen_bit_stream: Real time elapsed is 0h:0m:38s
Action gen_bit_stream: CPU time elapsed is 0h:0m:35s
Action gen_bit_stream: Process CPU time elapsed is 0h:0m:36s
Current time: Fri Jul  3 15:27:56 2026
Action gen_bit_stream: Peak memory pool usage is 1,336 MB
