F13|IOBD_0_1212|BANKL3|DIFFIO_L3_G0_00P|||
F16|IOBD_0_1200|BANKL3|DIFFIO_L3_G0_01P|cmos3_sda|inout|YES
C14|IOBD_0_1188|BANKL3|DIFFIO_L3_G0_02P_DQS|||
E13|IOBD_0_1176|BANKL3|DIFFIO_L3_G0_03P|cmos3_data[3]|input|YES
E16|IOBD_0_1164|BANKL3|DIFFIO_L3_G0_04P|cmos3_data[6]|input|YES
D14|IOBD_0_1152|BANKL3|DIFFIO_L3_G0_05P|||
B15|IOBD_0_1140|BANKL3|DIFFIO_L3_G1_06P|cmos3_data[2]|input|YES
C13|IOBD_0_1128|BANKL3|DIFFIO_L3_G1_07P|||
A15|IOBD_0_1116|BANKL3|DIFFIO_L3_G1_08P_DQS|cmos3_vsync|input|YES
A13|IOBD_0_1104|BANKL3|DIFFIO_L3_G1_09P|||
B17|IOBD_0_1092|BANKL3|DIFFIO_L3_G1_10P_GSCLK|||
D17|IOBD_0_1080|BANKL3|DIFFIO_L3_G1_11P_GMCLK|||
C18|IOBD_0_1062|BANKL3|DIFFIO_L3_G2_12P_GMCLK|cmos3_pclk|input|YES
E19|IOBD_0_1050|BANKL3|DIFFIO_L3_G2_13P_GSCLK|||
F18|IOBD_0_1038|BANKL3|DIFFIO_L3_G2_14P_DQS|||
B20|IOBD_0_1026|BANKL3|DIFFIO_L3_G2_15P|||
A18|IOBD_0_1014|BANKL3|DIFFIO_L3_G2_16P|||
F19|IOBD_0_1002|BANKL3|DIFFIO_L3_G2_17P|||
D20|IOBD_0_990|BANKL3|DIFFIO_L3_G3_18P|||
C22|IOBD_0_978|BANKL3|DIFFIO_L3_G3_19P|||
B21|IOBD_0_966|BANKL3|DIFFIO_L3_G3_20P_DQS|||
E22|IOBD_0_954|BANKL3|DIFFIO_L3_G3_21P|||
E21|IOBD_0_942|BANKL3|DIFFIO_L3_G3_22P|||
G21|IOBD_0_930|BANKL3|DIFFIO_L3_G3_23P|||
F15|IOBS_0_1218|BANKL3|SIO_L3_00|||
F14|IOBS_0_1206|BANKL3|DIFFIO_L3_G0_00N|||
E17|IOBS_0_1194|BANKL3|DIFFIO_L3_G0_01N|||
C15|IOBS_0_1182|BANKL3|DIFFIO_L3_G0_02N_DQS|||
E14|IOBS_0_1170|BANKL3|DIFFIO_L3_G0_03N|cmos3_scl|inout|YES
D16|IOBS_0_1158|BANKL3|DIFFIO_L3_G0_04N|cmos3_data[7]|input|YES
D15|IOBS_0_1146|BANKL3|DIFFIO_L3_G0_05N_VREF|||
B16|IOBS_0_1134|BANKL3|DIFFIO_L3_G1_06N|cmos3_data[1]|input|YES
B13|IOBS_0_1122|BANKL3|DIFFIO_L3_G1_07N|cmos3_reset|output|YES
A16|IOBS_0_1110|BANKL3|DIFFIO_L3_G1_08N_DQS|cmos3_href|input|YES
A14|IOBS_0_1098|BANKL3|DIFFIO_L3_G1_09N|||
B18|IOBS_0_1086|BANKL3|DIFFIO_L3_G1_10N_GSCLK|||
C17|IOBS_0_1074|BANKL3|DIFFIO_L3_G1_11N_GMCLK|||
C19|IOBS_0_1056|BANKL3|DIFFIO_L3_G2_12N_GMCLK|cmos3_data[0]|input|YES
D19|IOBS_0_1044|BANKL3|DIFFIO_L3_G2_13N_GSCLK|||
E18|IOBS_0_1032|BANKL3|DIFFIO_L3_G2_14N_DQS|cmos3_data[5]|input|YES
A20|IOBS_0_1020|BANKL3|DIFFIO_L3_G2_15N|||
A19|IOBS_0_1008|BANKL3|DIFFIO_L3_G2_16N|||
F20|IOBS_0_996|BANKL3|DIFFIO_L3_G2_17N|||
C20|IOBS_0_984|BANKL3|DIFFIO_L3_G3_18N_VREF|cmos3_data[4]|input|YES
B22|IOBS_0_972|BANKL3|DIFFIO_L3_G3_19N|||
A21|IOBS_0_960|BANKL3|DIFFIO_L3_G3_20N_DQS|||
D22|IOBS_0_948|BANKL3|DIFFIO_L3_G3_21N|||
D21|IOBS_0_936|BANKL3|DIFFIO_L3_G3_22N|||
G22|IOBS_0_924|BANKL3|DIFFIO_L3_G3_23N|||
F21|IOBS_0_918|BANKL3|SIO_L3_01|||
H13|IOBD_0_906|BANKL4|DIFFIO_L4_G0_00P_VAA1P|||
G15|IOBD_0_894|BANKL4|DIFFIO_L4_G0_01P_VAA2P|||
J14|IOBD_0_882|BANKL4|DIFFIO_L4_G0_02P_DQS_VAA3P|||
G17|IOBD_0_870|BANKL4|DIFFIO_L4_G0_03P|||
J15|IOBD_0_858|BANKL4|DIFFIO_L4_G0_04P_VAA5P|||
H17|IOBD_0_846|BANKL4|DIFFIO_L4_G0_05P|||
J22|IOBD_0_834|BANKL4|DIFFIO_L4_G1_06P_VAA7P|||
H20|IOBD_0_822|BANKL4|DIFFIO_L4_G1_07P_VAA8P|||
K21|IOBD_0_810|BANKL4|DIFFIO_L4_G1_08P_DQS_VAA9P|||
M21|IOBD_0_798|BANKL4|DIFFIO_L4_G1_09P_VAA10P|||
J20|IOBD_0_786|BANKL4|DIFFIO_L4_G1_10P_GSCLK|||
J19|IOBD_0_774|BANKL4|DIFFIO_L4_G1_11P_GMCLK|||
K18|IOBD_0_756|BANKL4|DIFFIO_L4_G2_12P_GMCLK|||
L19|IOBD_0_744|BANKL4|DIFFIO_L4_G2_13P_GSCLK|||
N22|IOBD_0_732|BANKL4|DIFFIO_L4_G2_14P_DQS|||
M18|IOBD_0_720|BANKL4|DIFFIO_L4_G2_15P_A28|||
N18|IOBD_0_708|BANKL4|DIFFIO_L4_G2_16P_A26|||
N20|IOBD_0_696|BANKL4|DIFFIO_L4_G2_17P_A24|||
K13|IOBD_0_684|BANKL4|DIFFIO_L4_G3_18P_A22|||
M13|IOBD_0_672|BANKL4|DIFFIO_L4_G3_19P_A20|||
K17|IOBD_0_660|BANKL4|DIFFIO_L4_G3_20P_DQS|||
L14|IOBD_0_648|BANKL4|DIFFIO_L4_G3_21P_A17|||
L16|IOBD_0_636|BANKL4|DIFFIO_L4_G3_22P_BFOE_N|||
M15|IOBD_0_624|BANKL4|DIFFIO_L4_G3_23P_VS1|board_rst_n|input|YES
J16|IOBS_0_912|BANKL4|SIO_L4_00|cmos_init_done[1]|output|YES
G13|IOBS_0_900|BANKL4|DIFFIO_L4_G0_00N_VAA1N|||
G16|IOBS_0_888|BANKL4|DIFFIO_L4_G0_01N_VAA2N|||
H14|IOBS_0_876|BANKL4|DIFFIO_L4_G0_02N_DQS_VAA3N|||
G18|IOBS_0_864|BANKL4|DIFFIO_L4_G0_03N|||
H15|IOBS_0_852|BANKL4|DIFFIO_L4_G0_04N_VAA5N|||
H18|IOBS_0_840|BANKL4|DIFFIO_L4_G0_05N_VREF|||
H22|IOBS_0_828|BANKL4|DIFFIO_L4_G1_06N_VAA7N|||
G20|IOBS_0_816|BANKL4|DIFFIO_L4_G1_07N_VAA8N|||
K22|IOBS_0_804|BANKL4|DIFFIO_L4_G1_08N_DQS_VAA9N|||
L21|IOBS_0_792|BANKL4|DIFFIO_L4_G1_09N_VAA10N|||
J21|IOBS_0_780|BANKL4|DIFFIO_L4_G1_10N_GSCLK|||
H19|IOBS_0_768|BANKL4|DIFFIO_L4_G1_11N_GMCLK|||
K19|IOBS_0_750|BANKL4|DIFFIO_L4_G2_12N_GMCLK|||
L20|IOBS_0_738|BANKL4|DIFFIO_L4_G2_13N_GSCLK|||
M22|IOBS_0_726|BANKL4|DIFFIO_L4_G2_14N_DQS_BADRVO_N|||
L18|IOBS_0_714|BANKL4|DIFFIO_L4_G2_15N_A27|||
N19|IOBS_0_702|BANKL4|DIFFIO_L4_G2_16N_A25|||
M20|IOBS_0_690|BANKL4|DIFFIO_L4_G2_17N_A23|||
K14|IOBS_0_678|BANKL4|DIFFIO_L4_G3_18N_VREF_A21|||
L13|IOBS_0_666|BANKL4|DIFFIO_L4_G3_19N_A19|cmos1_data[4]|input|YES
J17|IOBS_0_654|BANKL4|DIFFIO_L4_G3_20N_DQS_A18|||
L15|IOBS_0_642|BANKL4|DIFFIO_L4_G3_21N_A16|||
K16|IOBS_0_630|BANKL4|DIFFIO_L4_G3_22N_BFWE_FCS2_N|||
M16|IOBS_0_618|BANKL4|DIFFIO_L4_G3_23N_VS0|||
M17|IOBS_0_612|BANKL4|SIO_L4_01|cmos_init_done[0]|output|YES
P22|IOBD_0_600|BANKL5|DIFFIO_L5_G0_00P_MOSI_D0|cmos_init_done[2]|output|NO
P21|IOBD_0_588|BANKL5|DIFFIO_L5_G0_01P_D2|||
U22|IOBD_0_576|BANKL5|DIFFIO_L5_G0_02P_DQS_IO_STATUS_C|||
T21|IOBD_0_564|BANKL5|DIFFIO_L5_G0_03P_D4|||
P19|IOBD_0_552|BANKL5|DIFFIO_L5_G0_04P_D6|||
T19|IOBD_0_540|BANKL5|DIFFIO_L5_G0_05P_FCS_N|||
W21|IOBD_0_528|BANKL5|DIFFIO_L5_G1_06P_D9|||
AA20|IOBD_0_516|BANKL5|DIFFIO_L5_G1_07P_D11|||
Y21|IOBD_0_504|BANKL5|DIFFIO_L5_G1_08P_DQS_N|||
AB21|IOBD_0_492|BANKL5|DIFFIO_L5_G1_09P_D14|cmos1_data[7]|input|YES
U20|IOBD_0_480|BANKL5|DIFFIO_L5_G1_10P_GSCLK|cmos2_scl|inout|YES
W19|IOBD_0_468|BANKL5|DIFFIO_L5_G1_11P_GMCLK|cmos2_data[4]|input|YES
Y18|IOBD_0_450|BANKL5|DIFFIO_L5_G2_12P_GMCLK|cmos1_data[0]|input|YES
V18|IOBD_0_438|BANKL5|DIFFIO_L5_G2_13P_GSCLK|cmos1_reset|output|YES
AA19|IOBD_0_426|BANKL5|DIFFIO_L5_G2_14P_DQS_RWSEL|cmos1_data[1]|input|YES
V17|IOBD_0_414|BANKL5|DIFFIO_L5_G2_15P_CS_N|||
AA18|IOBD_0_402|BANKL5|DIFFIO_L5_G2_16P_D30_A14|||
U17|IOBD_0_390|BANKL5|DIFFIO_L5_G2_17P_D28_A12|cmos2_data[0]|input|YES
P14|IOBD_0_378|BANKL5|DIFFIO_L5_G3_18P_D26_A10|cmos1_sda|inout|YES
R18|IOBD_0_366|BANKL5|DIFFIO_L5_G3_19P_D24_A8|||
N17|IOBD_0_354|BANKL5|DIFFIO_L5_G3_20P_DQS|cmos2_sda|inout|YES
P15|IOBD_0_342|BANKL5|DIFFIO_L5_G3_21P_D21_A5|cmos2_data[3]|input|YES
N13|IOBD_0_330|BANKL5|DIFFIO_L5_G3_22P_D19_A3|||
P16|IOBD_0_318|BANKL5|DIFFIO_L5_G3_23P_D17_A1|cmos2_pclk|input|YES
P20|IOBS_0_606|BANKL5|SIO_L5_00|||
R22|IOBS_0_594|BANKL5|DIFFIO_L5_G0_00N_MISO_D1_DI|||
R21|IOBS_0_582|BANKL5|DIFFIO_L5_G0_01N_D3|||
V22|IOBS_0_570|BANKL5|DIFFIO_L5_G0_02N_DQS_ECCLKIN|||
U21|IOBS_0_558|BANKL5|DIFFIO_L5_G0_03N_D5|||
R19|IOBS_0_546|BANKL5|DIFFIO_L5_G0_04N_D7|||
T20|IOBS_0_534|BANKL5|DIFFIO_L5_G0_05N_VREF_D8|||
W22|IOBS_0_522|BANKL5|DIFFIO_L5_G1_06N_D10|||
AA21|IOBS_0_510|BANKL5|DIFFIO_L5_G1_07N_D12|cmos2_reset|output|YES
Y22|IOBS_0_498|BANKL5|DIFFIO_L5_G1_08N_DQS_D13|||
AB22|IOBS_0_486|BANKL5|DIFFIO_L5_G1_09N_D15|cmos1_data[5]|input|YES
V20|IOBS_0_474|BANKL5|DIFFIO_L5_G1_10N_GSCLK|cmos2_data[1]|input|YES
W20|IOBS_0_462|BANKL5|DIFFIO_L5_G1_11N_GMCLK|cmos2_data[5]|input|YES
Y19|IOBS_0_444|BANKL5|DIFFIO_L5_G2_12N_GMCLK|cmos1_data[6]|input|YES
V19|IOBS_0_432|BANKL5|DIFFIO_L5_G2_13N_GSCLK|cmos1_data[3]|input|YES
AB20|IOBS_0_420|BANKL5|DIFFIO_L5_G2_14N_DQS_CSO_DOUT|cmos1_data[2]|input|YES
W17|IOBS_0_408|BANKL5|DIFFIO_L5_G2_15N_D31_A15|cmos1_vsync|input|YES
AB18|IOBS_0_396|BANKL5|DIFFIO_L5_G2_16N_D29_A13|cmos2_data[7]|input|YES
U18|IOBS_0_384|BANKL5|DIFFIO_L5_G2_17N_D27_A11|cmos2_href|input|YES
R14|IOBS_0_372|BANKL5|DIFFIO_L5_G3_18N_VREF_D25_A9|cmos1_scl|inout|YES
T18|IOBS_0_360|BANKL5|DIFFIO_L5_G3_19N_D23_A7|cmos1_pclk|input|YES
P17|IOBS_0_348|BANKL5|DIFFIO_L5_G3_20N_DQS_D22_A6|cmos2_data[6]|input|YES
R16|IOBS_0_336|BANKL5|DIFFIO_L5_G3_21N_D20_A4|cmos2_data[2]|input|YES
N14|IOBS_0_324|BANKL5|DIFFIO_L5_G3_22N_D18_A2|||
R17|IOBS_0_312|BANKL5|DIFFIO_L5_G3_23N_D16_A0|cmos2_vsync|input|YES
N15|IOBS_0_306|BANKL5|SIO_L5_01|cmos1_href|input|YES
Y16|IOBD_0_294|BANKL6|DIFFIO_L6_G0_00P|||
AB16|IOBD_0_282|BANKL6|DIFFIO_L6_G0_01P|||
AA13|IOBD_0_270|BANKL6|DIFFIO_L6_G0_02P_DQS|||
AA15|IOBD_0_258|BANKL6|DIFFIO_L6_G0_03P|||
Y13|IOBD_0_246|BANKL6|DIFFIO_L6_G0_04P|||
W14|IOBD_0_234|BANKL6|DIFFIO_L6_G0_05P|||
AB11|IOBD_0_222|BANKL6|DIFFIO_L6_G1_06P|||
AA9|IOBD_0_210|BANKL6|DIFFIO_L6_G1_07P|||
AA10|IOBD_0_198|BANKL6|DIFFIO_L6_G1_08P_DQS|||
V10|IOBD_0_186|BANKL6|DIFFIO_L6_G1_09P|||
Y11|IOBD_0_174|BANKL6|DIFFIO_L6_G1_10P_GSCLK|||
W11|IOBD_0_162|BANKL6|DIFFIO_L6_G1_11P_GMCLK|||
V13|IOBD_0_144|BANKL6|DIFFIO_L6_G2_12P_GMCLK|||
U15|IOBD_0_132|BANKL6|DIFFIO_L6_G2_13P_GSCLK|||
T14|IOBD_0_120|BANKL6|DIFFIO_L6_G2_14P_DQS|||
W15|IOBD_0_108|BANKL6|DIFFIO_L6_G2_15P|||
T16|IOBD_0_96|BANKL6|DIFFIO_L6_G2_16P|||
Y17|IOBS_0_300|BANKL6|SIO_L6_00|||
AA16|IOBS_0_288|BANKL6|DIFFIO_L6_G0_00N|||
AB17|IOBS_0_276|BANKL6|DIFFIO_L6_G0_01N|||
AB13|IOBS_0_264|BANKL6|DIFFIO_L6_G0_02N_DQS|||
AB15|IOBS_0_252|BANKL6|DIFFIO_L6_G0_03N|||
AA14|IOBS_0_240|BANKL6|DIFFIO_L6_G0_04N|||
Y14|IOBS_0_228|BANKL6|DIFFIO_L6_G0_05N_VREF|||
AB12|IOBS_0_216|BANKL6|DIFFIO_L6_G1_06N|||
AB10|IOBS_0_204|BANKL6|DIFFIO_L6_G1_07N|||
AA11|IOBS_0_192|BANKL6|DIFFIO_L6_G1_08N_DQS|||
W10|IOBS_0_180|BANKL6|DIFFIO_L6_G1_09N|||
Y12|IOBS_0_168|BANKL6|DIFFIO_L6_G1_10N_GSCLK|||
W12|IOBS_0_156|BANKL6|DIFFIO_L6_G1_11N_GMCLK|||
V14|IOBS_0_138|BANKL6|DIFFIO_L6_G2_12N_GMCLK|||
V15|IOBS_0_126|BANKL6|DIFFIO_L6_G2_13N_GSCLK|||
T15|IOBS_0_114|BANKL6|DIFFIO_L6_G2_14N_DQS|||
W16|IOBS_0_102|BANKL6|DIFFIO_L6_G2_15N|||
U16|IOBS_0_90|BANKL6|DIFFIO_L6_G2_16N|||
B1|IOBD_372_906|BANKR4|DIFFIO_R4_G0_00P_VAA4P|||
C2|IOBD_372_894|BANKR4|DIFFIO_R4_G0_01P_VAA6P|||
E1|IOBD_372_882|BANKR4|DIFFIO_R4_G0_02P_DQS_VAA11P|||
E2|IOBD_372_870|BANKR4|DIFFIO_R4_G0_03P|||
G1|IOBD_372_858|BANKR4|DIFFIO_R4_G0_04P_VAA12P|||
F3|IOBD_372_846|BANKR4|DIFFIO_R4_G0_05P|||
K1|IOBD_372_834|BANKR4|DIFFIO_R4_G1_06P_VAA13P|||
H2|IOBD_372_822|BANKR4|DIFFIO_R4_G1_07P_VAA14P|||
K2|IOBD_372_810|BANKR4|DIFFIO_R4_G1_08P_DQS_VAA15P|||
J5|IOBD_372_798|BANKR4|DIFFIO_R4_G1_09P_VAA0P|||
H3|IOBD_372_786|BANKR4|DIFFIO_R4_G1_10P_GSCLK|||
H4|IOBD_372_774|BANKR4|DIFFIO_R4_G1_11P_GMCLK|||
K4|IOBD_372_756|BANKR4|DIFFIO_R4_G2_12P_GMCLK|mem_dq[15]|inout|YES
L3|IOBD_372_744|BANKR4|DIFFIO_R4_G2_13P_GSCLK|mem_dq[13]|inout|YES
M1|IOBD_372_732|BANKR4|DIFFIO_R4_G2_14P_DQS|mem_dqs[1]|inout|YES
M3|IOBD_372_720|BANKR4|DIFFIO_R4_G2_15P|mem_dq[11]|inout|YES
K6|IOBD_372_708|BANKR4|DIFFIO_R4_G2_16P|mem_dq[9]|inout|YES
L5|IOBD_372_696|BANKR4|DIFFIO_R4_G2_17P|mem_dm[1]|output|YES
N4|IOBD_372_684|BANKR4|DIFFIO_R4_G3_18P|mem_dq[7]|inout|YES
R1|IOBD_372_672|BANKR4|DIFFIO_R4_G3_19P|mem_dq[6]|inout|YES
P5|IOBD_372_660|BANKR4|DIFFIO_R4_G3_20P_DQS|mem_dqs[0]|inout|YES
P2|IOBD_372_648|BANKR4|DIFFIO_R4_G3_21P|mem_dq[4]|inout|YES
M6|IOBD_372_636|BANKR4|DIFFIO_R4_G3_22P|mem_dq[2]|inout|YES
P6|IOBD_372_624|BANKR4|DIFFIO_R4_G3_23P|mem_dq[0]|inout|YES
F4|IOBS_372_912|BANKR4|SIO_R4_00|||
A1|IOBS_372_900|BANKR4|DIFFIO_R4_G0_00N_VAA4N|||
B2|IOBS_372_888|BANKR4|DIFFIO_R4_G0_01N_VAA6N|||
D1|IOBS_372_876|BANKR4|DIFFIO_R4_G0_02N_DQS_VAA11N|||
D2|IOBS_372_864|BANKR4|DIFFIO_R4_G0_03N|||
F1|IOBS_372_852|BANKR4|DIFFIO_R4_G0_04N_VAA12N|||
E3|IOBS_372_840|BANKR4|DIFFIO_R4_G0_05N_VREF|||
J1|IOBS_372_828|BANKR4|DIFFIO_R4_G1_06N_VAA13N|||
G2|IOBS_372_816|BANKR4|DIFFIO_R4_G1_07N_VAA14N|||
J2|IOBS_372_804|BANKR4|DIFFIO_R4_G1_08N_DQS_VAA15N|||
H5|IOBS_372_792|BANKR4|DIFFIO_R4_G1_09N_VAA0N|||
G3|IOBS_372_780|BANKR4|DIFFIO_R4_G1_10N_GSCLK|||
G4|IOBS_372_768|BANKR4|DIFFIO_R4_G1_11N_GMCLK|||
J4|IOBS_372_750|BANKR4|DIFFIO_R4_G2_12N_GMCLK|mem_dq[14]|inout|YES
K3|IOBS_372_738|BANKR4|DIFFIO_R4_G2_13N_GSCLK|mem_dq[12]|inout|YES
L1|IOBS_372_726|BANKR4|DIFFIO_R4_G2_14N_DQS|mem_dqs_n[1]|inout|YES
M2|IOBS_372_714|BANKR4|DIFFIO_R4_G2_15N|mem_dq[10]|inout|YES
J6|IOBS_372_702|BANKR4|DIFFIO_R4_G2_16N|mem_dq[8]|inout|YES
L4|IOBS_372_690|BANKR4|DIFFIO_R4_G2_17N|||
N3|IOBS_372_678|BANKR4|DIFFIO_R4_G3_18N_VREF|||
P1|IOBS_372_666|BANKR4|DIFFIO_R4_G3_19N|mem_dq[5]|inout|YES
P4|IOBS_372_654|BANKR4|DIFFIO_R4_G3_20N_DQS|mem_dqs_n[0]|inout|YES
N2|IOBS_372_642|BANKR4|DIFFIO_R4_G3_21N|mem_dq[3]|inout|YES
M5|IOBS_372_630|BANKR4|DIFFIO_R4_G3_22N|mem_dq[1]|inout|YES
N5|IOBS_372_618|BANKR4|DIFFIO_R4_G3_23N|mem_dm[0]|output|YES
L6|IOBS_372_612|BANKR4|SIO_R4_01|||
T1|IOBD_372_600|BANKR5|DIFFIO_R5_G0_00P|mem_a[0]|output|YES
U2|IOBD_372_588|BANKR5|DIFFIO_R5_G0_01P|mem_a[2]|output|YES
R3|IOBD_372_576|BANKR5|DIFFIO_R5_G0_02P_DQS|mem_a[4]|output|YES
W2|IOBD_372_564|BANKR5|DIFFIO_R5_G0_03P|mem_a[6]|output|YES
W1|IOBD_372_552|BANKR5|DIFFIO_R5_G0_04P|mem_a[8]|output|YES
U3|IOBD_372_540|BANKR5|DIFFIO_R5_G0_05P|mem_a[10]|output|YES
AA1|IOBD_372_528|BANKR5|DIFFIO_R5_G1_06P|mem_a[11]|output|YES
AB3|IOBD_372_516|BANKR5|DIFFIO_R5_G1_07P|mem_a[13]|output|YES
Y3|IOBD_372_504|BANKR5|DIFFIO_R5_G1_08P_DQS|||
AA5|IOBD_372_492|BANKR5|DIFFIO_R5_G1_09P|mem_ba[1]|output|YES
Y4|IOBD_372_480|BANKR5|DIFFIO_R5_G1_10P_GSCLK|mem_ck|output|YES
V4|IOBD_372_468|BANKR5|DIFFIO_R5_G1_11P_GMCLK|free_clk|input|YES
R4|IOBD_372_450|BANKR5|DIFFIO_R5_G2_12P_GMCLK|||
T5|IOBD_372_438|BANKR5|DIFFIO_R5_G2_13P_GSCLK|||
W6|IOBD_372_426|BANKR5|DIFFIO_R5_G2_14P_DQS|mem_we_n|output|YES
U6|IOBD_372_414|BANKR5|DIFFIO_R5_G2_15P|mem_cas_n|output|YES
R6|IOBD_372_402|BANKR5|DIFFIO_R5_G2_16P|mem_odt|output|YES
Y6|IOBD_372_390|BANKR5|DIFFIO_R5_G2_17P|||
V7|IOBD_372_378|BANKR5|DIFFIO_R5_G3_18P|||
AB7|IOBD_372_366|BANKR5|DIFFIO_R5_G3_19P|||
V9|IOBD_372_354|BANKR5|DIFFIO_R5_G3_20P_DQS|||
AA8|IOBD_372_342|BANKR5|DIFFIO_R5_G3_21P|||
Y8|IOBD_372_330|BANKR5|DIFFIO_R5_G3_22P|||
W9|IOBD_372_318|BANKR5|DIFFIO_R5_G3_23P|||
T3|IOBS_372_606|BANKR5|SIO_R5_00|mem_rst_n|output|YES
U1|IOBS_372_594|BANKR5|DIFFIO_R5_G0_00N|mem_a[1]|output|YES
V2|IOBS_372_582|BANKR5|DIFFIO_R5_G0_01N|mem_a[3]|output|YES
R2|IOBS_372_570|BANKR5|DIFFIO_R5_G0_02N_DQS|mem_a[5]|output|YES
Y2|IOBS_372_558|BANKR5|DIFFIO_R5_G0_03N|mem_a[7]|output|YES
Y1|IOBS_372_546|BANKR5|DIFFIO_R5_G0_04N|mem_a[9]|output|YES
V3|IOBS_372_534|BANKR5|DIFFIO_R5_G0_05N_VREF|||
AB1|IOBS_372_522|BANKR5|DIFFIO_R5_G1_06N|mem_a[12]|output|YES
AB2|IOBS_372_510|BANKR5|DIFFIO_R5_G1_07N|mem_a[14]|output|YES
AA3|IOBS_372_498|BANKR5|DIFFIO_R5_G1_08N_DQS|mem_ba[0]|output|YES
AB5|IOBS_372_486|BANKR5|DIFFIO_R5_G1_09N|mem_ba[2]|output|YES
AA4|IOBS_372_474|BANKR5|DIFFIO_R5_G1_10N_GSCLK|mem_ck_n|output|YES
W4|IOBS_372_462|BANKR5|DIFFIO_R5_G1_11N_GMCLK|mem_cke|output|YES
T4|IOBS_372_444|BANKR5|DIFFIO_R5_G2_12N_GMCLK|||
U5|IOBS_372_432|BANKR5|DIFFIO_R5_G2_13N_GSCLK|||
W5|IOBS_372_420|BANKR5|DIFFIO_R5_G2_14N_DQS|mem_ras_n|output|YES
V5|IOBS_372_408|BANKR5|DIFFIO_R5_G2_15N|mem_cs_n|output|YES
T6|IOBS_372_396|BANKR5|DIFFIO_R5_G2_16N|||
AA6|IOBS_372_384|BANKR5|DIFFIO_R5_G2_17N|||
W7|IOBS_372_372|BANKR5|DIFFIO_R5_G3_18N_VREF|||
AB6|IOBS_372_360|BANKR5|DIFFIO_R5_G3_19N|||
V8|IOBS_372_348|BANKR5|DIFFIO_R5_G3_20N_DQS|||
AB8|IOBS_372_336|BANKR5|DIFFIO_R5_G3_21N|||
Y7|IOBS_372_324|BANKR5|DIFFIO_R5_G3_22N|||
Y9|IOBS_372_312|BANKR5|DIFFIO_R5_G3_23N|||
U7|IOBS_372_306|BANKR5|SIO_R5_01|||
