#Build: Fabric Configuration 2022.2-SP6.4, Build 146967, Jan 31 01:39 2024
#Install: F:\PDS_2022.2-SP6.4\bin
#Application name: cdt_cfg.exe
#OS: Windows 10 10.0.19045
#Hostname: DESKTOP-P0E5I2S
Generated by Fabric Configuration (version 2022.2-SP6.4 build 146967) at Wed Apr 29 18:18:52 2026
M_PROCESS_FINISH_STARTED

The Start Address of bit file C:/Users/DELL/Desktop/4.28_ROI_V2.1/04_camera_pcie_capture_40pin_fmc/project/generate_bitstream/image_pcie_capture.sbit: 0x0
Connecting to server[127.0.0.1 : 65420].
Connect to server[127.0.0.1 : 65420] successfully.
COMMAND[check version information] execute successfully, takes 0.1 secs.
The cable List : 
Cable index 0:USB Cable II/fffffffffffffffe 

COMMAND[get_cable_paras] execute successfully, takes 0.8 secs.
PANGO USB CABLE II cable driver: D2XX DLL
PG2L100H
This device configure situation (done bit): 1
COMMAND[Open config cable] execute successfully, takes 2.1 secs.
COMMAND[Scan Outer SPI Flash] execute successfully, takes 6.7 secs.
The start address of operating flash is 0x0.
COMMAND[Erase Outer Flash] execute finish, takes 18.0 secs.
The start address of operating flash is 0x0.
COMMAND[Program Outer Flash] execute finish, takes 45.6 secs.
The start address of operating flash is 0x0.
COMMAND[Verify Outer Flash] execute successfully, takes 3.4 secs.
The Start Address of bit file C:/Users/DELL/Desktop/4.28_ROI_V2.1/04_camera_pcie_capture_40pin_fmc/project/generate_bitstream/image_pcie_capture.sbit: 0x0
The start address of operating flash is 0x0.
COMMAND[Erase Outer Flash] execute finish, takes 18.3 secs.
The start address of operating flash is 0x0.
COMMAND[Program Outer Flash] execute finish, takes 48.5 secs.
The start address of operating flash is 0x0.
COMMAND[Verify Outer Flash] execute successfully, takes 3.3 secs.
The Start Address of bit file C:/Users/DELL/Desktop/4.28_ROI_V2.1/04_camera_pcie_capture_40pin_fmc/project/generate_bitstream/image_pcie_capture.sbit: 0x0
The start address of operating flash is 0x0.
COMMAND[Erase Outer Flash] execute finish, takes 19.0 secs.
The start address of operating flash is 0x0.
COMMAND[Program Outer Flash] execute finish, takes 50.3 secs.
The start address of operating flash is 0x0.
COMMAND[Verify Outer Flash] execute successfully, takes 3.6 secs.
The Start Address of bit file C:/Users/DELL/Desktop/4.28_ROI_V2.1/04_camera_pcie_capture_40pin_fmc/project/generate_bitstream/image_pcie_capture.sbit: 0x0
The start address of operating flash is 0x0.
COMMAND[Erase Outer Flash] execute finish, takes 18.7 secs.
The start address of operating flash is 0x0.
COMMAND[Program Outer Flash] execute finish, takes 48.9 secs.
The start address of operating flash is 0x0.
COMMAND[Verify Outer Flash] execute successfully, takes 3.4 secs.
