#Build: Fabric Compiler 2022.2-SP6.4, Build 146967, Jan 31 01:39 2024
#Install: F:\PDS_2022.2-SP6.4\bin
#Application name: pds.exe
#OS: Windows 10 10.0.26200
#Hostname: xufei
Generated by Fabric Compiler (version 2022.2-SP6.4 build 146967) at Wed Apr 22 17:02:56 2026
Parse module hierarchy of project 'C:/Users/23694/Desktop/ziguang_project/333/04_camera_pcie_capture_40pin_fmc/project/temp_projects/Main_Flow/Main_Flow.pds' (ADS Parser)


Process "Generate Bitstream" started.
Current time: Wed Apr 22 17:08:31 2026
Compiling architecture definition.
Analyzing project file 'C:/Users/23694/Desktop/ziguang_project/333/04_camera_pcie_capture_40pin_fmc/project/project.pds'.
Compiling verification operator library.
Compiling common defs.
Compiling prim grid devices.
Compiling gate devices.
Compiling gate operators.
Building architecture model.
Loading device packaging model.
Reading design from DB.
Start Generating Programming File...
Reading design from DB takes 2.687500 sec.
Generating architecture configuration.
The bitstream file is "C:/Users/23694/Desktop/ziguang_project/333/04_camera_pcie_capture_40pin_fmc/project/generate_bitstream/image_pcie_capture.sbit"
Generate programming file takes 15.328125 sec.
Generating Programming File done.
Action gen_bit_stream: Real time elapsed is 0h:0m:28s
Action gen_bit_stream: CPU time elapsed is 0h:0m:24s
Action gen_bit_stream: Process CPU time elapsed is 0h:0m:24s
Current time: Wed Apr 22 17:08:58 2026
Action gen_bit_stream: Peak memory pool usage is 1,380 MB
Action from compile to gen_bit_stream: Total Real Time elapsed is 0h:6m:45s
Action from compile to gen_bit_stream: Total CPU time elapsed is 0h:3m:33s
Action from compile to gen_bit_stream: Total Process CPU Time elapsed is 0h:4m:13s
Process "Generate Bitstream" done.
Process exit normally.
Process exit normally.
