#Build: Fabric Compiler 2022.2-SP6.4, Build 146967, Jan 31 01:39 2024
#Install: F:\PDS_2022.2-SP6.4\bin
#Application name: pds.exe
#OS: Windows 10 10.0.26200
#Hostname: xufei
Generated by Fabric Compiler (version 2022.2-SP6.4 build 146967) at Tue Apr 21 19:19:58 2026
Parse module hierarchy of project 'C:/Users/23694/Desktop/ziguang_project/333/04_camera_pcie_capture_40pin_fmc/project/temp_projects/Main_Flow/Main_Flow.pds' (ADS Parser)


Process "Generate Bitstream" started.
Current time: Tue Apr 21 21:48:19 2026
Compiling architecture definition.
Analyzing project file 'C:/Users/23694/Desktop/ziguang_project/333/04_camera_pcie_capture_40pin_fmc/project/project.pds'.
Compiling verification operator library.
Compiling common defs.
Compiling prim grid devices.
Compiling gate devices.
Compiling gate operators.
Building architecture model.
Loading device packaging model.
Reading design from DB.
Start Generating Programming File...
Reading design from DB takes 2.500000 sec.
Generating architecture configuration.
The bitstream file is "C:/Users/23694/Desktop/ziguang_project/333/04_camera_pcie_capture_40pin_fmc/project/generate_bitstream/image_pcie_capture.sbit"
Generate programming file takes 13.750000 sec.
Generating Programming File done.
Action gen_bit_stream: Real time elapsed is 0h:0m:30s
Action gen_bit_stream: CPU time elapsed is 0h:0m:22s
Action gen_bit_stream: Process CPU time elapsed is 0h:0m:22s
Current time: Tue Apr 21 21:48:48 2026
Action gen_bit_stream: Peak memory pool usage is 1,381 MB
Action from compile to gen_bit_stream: Total Real Time elapsed is 0h:15m:19s
Action from compile to gen_bit_stream: Total CPU time elapsed is 0h:8m:2s
Action from compile to gen_bit_stream: Total Process CPU Time elapsed is 0h:9m:43s
Process "Generate Bitstream" done.
Process exit normally.


Process "Generate Bitstream" started.
Current time: Tue Apr 21 22:15:03 2026
Compiling architecture definition.
Analyzing project file 'C:/Users/23694/Desktop/ziguang_project/333/04_camera_pcie_capture_40pin_fmc/project/project.pds'.
Compiling verification operator library.
Compiling common defs.
Compiling prim grid devices.
Compiling gate devices.
Compiling gate operators.
Building architecture model.
Loading device packaging model.
Reading design from DB.
Start Generating Programming File...
Reading design from DB takes 2.015625 sec.
Generating architecture configuration.
The bitstream file is "C:/Users/23694/Desktop/ziguang_project/333/04_camera_pcie_capture_40pin_fmc/project/generate_bitstream/image_pcie_capture.sbit"
Generate programming file takes 11.453125 sec.
Generating Programming File done.
Action gen_bit_stream: Real time elapsed is 0h:0m:29s
Action gen_bit_stream: CPU time elapsed is 0h:0m:18s
Action gen_bit_stream: Process CPU time elapsed is 0h:0m:18s
Current time: Tue Apr 21 22:15:31 2026
Action gen_bit_stream: Peak memory pool usage is 1,380 MB
Action from compile to gen_bit_stream: Total Real Time elapsed is 0h:15m:18s
Action from compile to gen_bit_stream: Total CPU time elapsed is 0h:7m:58s
Action from compile to gen_bit_stream: Total Process CPU Time elapsed is 0h:9m:39s
Process "Generate Bitstream" done.
Process exit normally.
