#Build: Fabric Compiler 2022.2-SP6.4, Build 146967, Jan 31 01:39 2024
#Install: F:\PDS_2022.2-SP6.4\bin
#Application name: pds_shell.exe
#OS: Windows 10 10.0.26200
#Hostname: xufei
Generated by Fabric Compiler (version 2022.2-SP6.4 build 146967) at Wed Apr 22 10:38:07 2026
Compiling verification operator library.
Compiling common defs.
Compiling prim grid devices.
Compiling gate devices.
Compiling gate operators.
Building architecture model.
Loading device packaging model.
Reading design from DB.
Start Generating Programming File...
Reading design from DB takes 2.109375 sec.
Generating architecture configuration.
The bitstream file is "C:/Users/23694/Desktop/ziguang_project/333/04_camera_pcie_capture_40pin_fmc/project/generate_bitstream/image_pcie_capture.sbit"
Generate programming file takes 13.296875 sec.
Generating Programming File done.
Action gen_bit_stream: Real time elapsed is 0h:0m:32s
Action gen_bit_stream: CPU time elapsed is 0h:0m:21s
Action gen_bit_stream: Process CPU time elapsed is 0h:0m:21s
Current time: Wed Apr 22 10:38:37 2026
Action gen_bit_stream: Peak memory pool usage is 1,379 MB
