#Build: Fabric Compiler 2022.2-SP6.4, Build 146967, Jan 31 01:39 2024
#Install: E:\PDS2022\PDS_2022.2-SP6.4\bin
#Application name: pds_shell.exe
#OS: Windows 10 10.0.26200
#Hostname: Lenovo
Generated by Fabric Compiler (version 2022.2-SP6.4 build 146967) at Thu Apr  2 20:24:34 2026
Compiling verification operator library.
Compiling common defs.
Compiling prim grid devices.
Compiling gate devices.
Compiling gate operators.
Building architecture model.
Loading device packaging model.
Reading design from DB.
Start Generating Programming File...
Reading design from DB takes 2.671875 sec.
Generating architecture configuration.
The bitstream file is "E:/BaiduNetdiskDownload/RK3568/project_slow_four_camer/slow_speed_pcie_four_camer/fpga_four_camer/four_camer/05_camera_pcie_capture_40pin_fmc - 1/project/generate_bitstream/image_pcie_capture.sbit"
Generate programming file takes 11.125000 sec.
Generating Programming File done.
Action gen_bit_stream: Real time elapsed is 0h:0m:22s
Action gen_bit_stream: CPU time elapsed is 0h:0m:19s
Action gen_bit_stream: Process CPU time elapsed is 0h:0m:19s
Current time: Thu Apr  2 20:24:54 2026
Action gen_bit_stream: Peak memory pool usage is 1,030 MB
