#Build: Fabric Configuration 2022.2-SP6.4, Build 146967, Jan 31 01:39 2024
#Install: F:\PDS_2022.2-SP6.4\bin
#Application name: cdt_cfg.exe
#OS: Windows 10 10.0.26200
#Hostname: xufei
Generated by Fabric Configuration (version 2022.2-SP6.4 build 146967) at Tue Apr 28 16:39:42 2026
M_PROCESS_FINISH_STARTED

Connecting to server[127.0.0.1 : 65420].
Connect to server[127.0.0.1 : 65420] successfully.
COMMAND[check version information] execute successfully, takes 2.9 secs.
The cable List : 
Cable index 0:USB Cable II/fffffffffffffffe 

COMMAND[get_cable_paras] execute successfully, takes 3.4 secs.
PANGO USB CABLE II cable driver: D2XX DLL
PG2L100H
This device configure situation (done bit): 1
COMMAND[Open config cable] execute successfully, takes 44.1 secs.
The Start Address of bit file C:/Users/23694/Desktop/ziguang_project/code/code_1/04_camera_pcie_capture_40pin_fmc/project/generate_bitstream/image_pcie_capture.sbit: 0x0
COMMAND[Scan Outer SPI Flash] execute successfully, takes 1.9 secs.
The start address of operating flash is 0x0.
COMMAND[Erase Outer Flash] execute finish, takes 19.2 secs.
The start address of operating flash is 0x0.
COMMAND[Program Outer Flash] execute finish, takes 49.6 secs.
The start address of operating flash is 0x0.
COMMAND[Verify Outer Flash] execute successfully, takes 3.5 secs.
