#Build: Fabric Compiler 2022.2-SP6.4, Build 146967, Jan 31 01:39 2024
#Install: F:\PDS_2022.2-SP6.4\bin
#Application name: pds_shell.exe
#OS: Windows 10 10.0.26200
#Hostname: xufei
Generated by Fabric Compiler (version 2022.2-SP6.4 build 146967) at Mon Jul 13 01:04:20 2026
License checkout: fabric_ads from F:\license\new_pds_F4A80DA47D72.lic
Compiling verification operator library.
Compiling common defs.
Loading technology operator library.
Compiling technology operator library.
Compiling technology operator (valence) library.
Reading design from compile DB
Reading design from compile DB successfully.
Constraint check start.
Compiling prim grid devices.
Building architecture model.
Loading device packaging model.
Building architecture floorplan logic view.
Executing : get_ports free_clk
Executing : get_ports free_clk successfully.
Executing : create_clock -name ref_clk [get_ports free_clk] -period 40.000 -waveform {0.000 20.000}
Executing : create_clock -name ref_clk [get_ports free_clk] -period 40.000 -waveform {0.000 20.000} successfully.
Executing : get_clocks ddrphy_sysclk
C: SDC-2017: [C:/Users/23694/Desktop/ziguang_project/02_pcie_image_test_1080p_v1/08_HDMI_pcie_capture_40pin_100k/project/project.fdc(line number: 6)] Nothing implicitly matched 'ddrphy_sysclk'.
Executing : get_clocks ddrphy_sysclk successfully.
Executing : get_clocks phy_dq_sysclk_0
C: SDC-2017: [C:/Users/23694/Desktop/ziguang_project/02_pcie_image_test_1080p_v1/08_HDMI_pcie_capture_40pin_100k/project/project.fdc(line number: 6)] Nothing implicitly matched 'phy_dq_sysclk_0'.
Executing : get_clocks phy_dq_sysclk_0 successfully.
Executing : set_multicycle_path 2 -from [get_clocks ddrphy_sysclk] -to [get_clocks phy_dq_sysclk_0]
E: CommandTiming-0057: [C:/Users/23694/Desktop/ziguang_project/02_pcie_image_test_1080p_v1/08_HDMI_pcie_capture_40pin_100k/project/project.fdc(line number: 6)] Nothing matched for 'from_list', command 'set_multicycle_path' is aborted.
C: SDC-2023: [C:/Users/23694/Desktop/ziguang_project/02_pcie_image_test_1080p_v1/08_HDMI_pcie_capture_40pin_100k/project/project.fdc(line number: 6)] Failed to parse the val of the option 'from' for command 'set_multicycle_path'.
E: ConstraintEditor-0046: [C:/Users/23694/Desktop/ziguang_project/02_pcie_image_test_1080p_v1/08_HDMI_pcie_capture_40pin_100k/project/project.fdc(line number: 6)] Failed to import constraint "set_multicycle_path 2 -from [get_clocks ddrphy_sysclk] -to [get_clocks phy_dq_sysclk_0]".
Executing : get_clocks ddrphy_sysclk
C: SDC-2017: [C:/Users/23694/Desktop/ziguang_project/02_pcie_image_test_1080p_v1/08_HDMI_pcie_capture_40pin_100k/project/project.fdc(line number: 7)] Nothing implicitly matched 'ddrphy_sysclk'.
Executing : get_clocks ddrphy_sysclk successfully.
Executing : get_clocks phy_dq_sysclk_0
C: SDC-2017: [C:/Users/23694/Desktop/ziguang_project/02_pcie_image_test_1080p_v1/08_HDMI_pcie_capture_40pin_100k/project/project.fdc(line number: 7)] Nothing implicitly matched 'phy_dq_sysclk_0'.
Executing : get_clocks phy_dq_sysclk_0 successfully.
Executing : set_multicycle_path -hold 1 -from [get_clocks ddrphy_sysclk] -to [get_clocks phy_dq_sysclk_0]
E: CommandTiming-0057: [C:/Users/23694/Desktop/ziguang_project/02_pcie_image_test_1080p_v1/08_HDMI_pcie_capture_40pin_100k/project/project.fdc(line number: 7)] Nothing matched for 'from_list', command 'set_multicycle_path' is aborted.
C: SDC-2023: [C:/Users/23694/Desktop/ziguang_project/02_pcie_image_test_1080p_v1/08_HDMI_pcie_capture_40pin_100k/project/project.fdc(line number: 7)] Failed to parse the val of the option 'from' for command 'set_multicycle_path'.
E: ConstraintEditor-0046: [C:/Users/23694/Desktop/ziguang_project/02_pcie_image_test_1080p_v1/08_HDMI_pcie_capture_40pin_100k/project/project.fdc(line number: 7)] Failed to import constraint "set_multicycle_path -hold 1 -from [get_clocks ddrphy_sysclk] -to [get_clocks phy_dq_sysclk_0]".
Executing : get_clocks ddrphy_sysclk
C: SDC-2017: [C:/Users/23694/Desktop/ziguang_project/02_pcie_image_test_1080p_v1/08_HDMI_pcie_capture_40pin_100k/project/project.fdc(line number: 8)] Nothing implicitly matched 'ddrphy_sysclk'.
Executing : get_clocks ddrphy_sysclk successfully.
Executing : get_clocks phy_dq_sysclk_1
C: SDC-2017: [C:/Users/23694/Desktop/ziguang_project/02_pcie_image_test_1080p_v1/08_HDMI_pcie_capture_40pin_100k/project/project.fdc(line number: 8)] Nothing implicitly matched 'phy_dq_sysclk_1'.
Executing : get_clocks phy_dq_sysclk_1 successfully.
Executing : set_multicycle_path 2 -from [get_clocks ddrphy_sysclk] -to [get_clocks phy_dq_sysclk_1]
E: CommandTiming-0057: [C:/Users/23694/Desktop/ziguang_project/02_pcie_image_test_1080p_v1/08_HDMI_pcie_capture_40pin_100k/project/project.fdc(line number: 8)] Nothing matched for 'from_list', command 'set_multicycle_path' is aborted.
C: SDC-2023: [C:/Users/23694/Desktop/ziguang_project/02_pcie_image_test_1080p_v1/08_HDMI_pcie_capture_40pin_100k/project/project.fdc(line number: 8)] Failed to parse the val of the option 'from' for command 'set_multicycle_path'.
E: ConstraintEditor-0046: [C:/Users/23694/Desktop/ziguang_project/02_pcie_image_test_1080p_v1/08_HDMI_pcie_capture_40pin_100k/project/project.fdc(line number: 8)] Failed to import constraint "set_multicycle_path 2 -from [get_clocks ddrphy_sysclk] -to [get_clocks phy_dq_sysclk_1]".
Executing : get_clocks ddrphy_sysclk
C: SDC-2017: [C:/Users/23694/Desktop/ziguang_project/02_pcie_image_test_1080p_v1/08_HDMI_pcie_capture_40pin_100k/project/project.fdc(line number: 9)] Nothing implicitly matched 'ddrphy_sysclk'.
Executing : get_clocks ddrphy_sysclk successfully.
Executing : get_clocks phy_dq_sysclk_1
C: SDC-2017: [C:/Users/23694/Desktop/ziguang_project/02_pcie_image_test_1080p_v1/08_HDMI_pcie_capture_40pin_100k/project/project.fdc(line number: 9)] Nothing implicitly matched 'phy_dq_sysclk_1'.
Executing : get_clocks phy_dq_sysclk_1 successfully.
Executing : set_multicycle_path -hold 1 -from [get_clocks ddrphy_sysclk] -to [get_clocks phy_dq_sysclk_1]
E: CommandTiming-0057: [C:/Users/23694/Desktop/ziguang_project/02_pcie_image_test_1080p_v1/08_HDMI_pcie_capture_40pin_100k/project/project.fdc(line number: 9)] Nothing matched for 'from_list', command 'set_multicycle_path' is aborted.
C: SDC-2023: [C:/Users/23694/Desktop/ziguang_project/02_pcie_image_test_1080p_v1/08_HDMI_pcie_capture_40pin_100k/project/project.fdc(line number: 9)] Failed to parse the val of the option 'from' for command 'set_multicycle_path'.
E: ConstraintEditor-0046: [C:/Users/23694/Desktop/ziguang_project/02_pcie_image_test_1080p_v1/08_HDMI_pcie_capture_40pin_100k/project/project.fdc(line number: 9)] Failed to import constraint "set_multicycle_path -hold 1 -from [get_clocks ddrphy_sysclk] -to [get_clocks phy_dq_sysclk_1]".
Executing : get_clocks ddrphy_sysclk
C: SDC-2017: [C:/Users/23694/Desktop/ziguang_project/02_pcie_image_test_1080p_v1/08_HDMI_pcie_capture_40pin_100k/project/project.fdc(line number: 10)] Nothing implicitly matched 'ddrphy_sysclk'.
Executing : get_clocks ddrphy_sysclk successfully.
Executing : get_clocks phy_dq_sysclk_0
C: SDC-2017: [C:/Users/23694/Desktop/ziguang_project/02_pcie_image_test_1080p_v1/08_HDMI_pcie_capture_40pin_100k/project/project.fdc(line number: 10)] Nothing implicitly matched 'phy_dq_sysclk_0'.
Executing : get_clocks phy_dq_sysclk_0 successfully.
Executing : set_clock_uncertainty 0.4 -from [get_clocks ddrphy_sysclk] -to [get_clocks phy_dq_sysclk_0] -setup -hold
E: CommandTiming-0057: [C:/Users/23694/Desktop/ziguang_project/02_pcie_image_test_1080p_v1/08_HDMI_pcie_capture_40pin_100k/project/project.fdc(line number: 10)] Nothing matched for 'from_list', command 'set_clock_uncertainty' is aborted.
E: CommandTiming-0057: [C:/Users/23694/Desktop/ziguang_project/02_pcie_image_test_1080p_v1/08_HDMI_pcie_capture_40pin_100k/project/project.fdc(line number: 10)] Nothing matched for 'to_list', command 'set_clock_uncertainty' is aborted.
E: ConstraintEditor-0046: [C:/Users/23694/Desktop/ziguang_project/02_pcie_image_test_1080p_v1/08_HDMI_pcie_capture_40pin_100k/project/project.fdc(line number: 10)] Failed to import constraint "set_clock_uncertainty 0.4 -from [get_clocks ddrphy_sysclk] -to [get_clocks phy_dq_sysclk_0] -setup -hold".
Executing : get_clocks phy_dq_sysclk_0
C: SDC-2017: [C:/Users/23694/Desktop/ziguang_project/02_pcie_image_test_1080p_v1/08_HDMI_pcie_capture_40pin_100k/project/project.fdc(line number: 11)] Nothing implicitly matched 'phy_dq_sysclk_0'.
Executing : get_clocks phy_dq_sysclk_0 successfully.
Executing : get_clocks ddrphy_sysclk
C: SDC-2017: [C:/Users/23694/Desktop/ziguang_project/02_pcie_image_test_1080p_v1/08_HDMI_pcie_capture_40pin_100k/project/project.fdc(line number: 11)] Nothing implicitly matched 'ddrphy_sysclk'.
Executing : get_clocks ddrphy_sysclk successfully.
Executing : set_clock_uncertainty 0.4 -from [get_clocks phy_dq_sysclk_0] -to [get_clocks ddrphy_sysclk] -setup -hold
E: CommandTiming-0057: [C:/Users/23694/Desktop/ziguang_project/02_pcie_image_test_1080p_v1/08_HDMI_pcie_capture_40pin_100k/project/project.fdc(line number: 11)] Nothing matched for 'from_list', command 'set_clock_uncertainty' is aborted.
E: CommandTiming-0057: [C:/Users/23694/Desktop/ziguang_project/02_pcie_image_test_1080p_v1/08_HDMI_pcie_capture_40pin_100k/project/project.fdc(line number: 11)] Nothing matched for 'to_list', command 'set_clock_uncertainty' is aborted.
E: ConstraintEditor-0046: [C:/Users/23694/Desktop/ziguang_project/02_pcie_image_test_1080p_v1/08_HDMI_pcie_capture_40pin_100k/project/project.fdc(line number: 11)] Failed to import constraint "set_clock_uncertainty 0.4 -from [get_clocks phy_dq_sysclk_0] -to [get_clocks ddrphy_sysclk] -setup -hold".
Executing : get_clocks ddrphy_sysclk
C: SDC-2017: [C:/Users/23694/Desktop/ziguang_project/02_pcie_image_test_1080p_v1/08_HDMI_pcie_capture_40pin_100k/project/project.fdc(line number: 12)] Nothing implicitly matched 'ddrphy_sysclk'.
Executing : get_clocks ddrphy_sysclk successfully.
Executing : get_clocks phy_dq_sysclk_1
C: SDC-2017: [C:/Users/23694/Desktop/ziguang_project/02_pcie_image_test_1080p_v1/08_HDMI_pcie_capture_40pin_100k/project/project.fdc(line number: 12)] Nothing implicitly matched 'phy_dq_sysclk_1'.
Executing : get_clocks phy_dq_sysclk_1 successfully.
Executing : set_clock_uncertainty 0.4 -from [get_clocks ddrphy_sysclk] -to [get_clocks phy_dq_sysclk_1] -setup -hold
E: CommandTiming-0057: [C:/Users/23694/Desktop/ziguang_project/02_pcie_image_test_1080p_v1/08_HDMI_pcie_capture_40pin_100k/project/project.fdc(line number: 12)] Nothing matched for 'from_list', command 'set_clock_uncertainty' is aborted.
E: CommandTiming-0057: [C:/Users/23694/Desktop/ziguang_project/02_pcie_image_test_1080p_v1/08_HDMI_pcie_capture_40pin_100k/project/project.fdc(line number: 12)] Nothing matched for 'to_list', command 'set_clock_uncertainty' is aborted.
E: ConstraintEditor-0046: [C:/Users/23694/Desktop/ziguang_project/02_pcie_image_test_1080p_v1/08_HDMI_pcie_capture_40pin_100k/project/project.fdc(line number: 12)] Failed to import constraint "set_clock_uncertainty 0.4 -from [get_clocks ddrphy_sysclk] -to [get_clocks phy_dq_sysclk_1] -setup -hold".
Executing : get_clocks phy_dq_sysclk_1
C: SDC-2017: [C:/Users/23694/Desktop/ziguang_project/02_pcie_image_test_1080p_v1/08_HDMI_pcie_capture_40pin_100k/project/project.fdc(line number: 13)] Nothing implicitly matched 'phy_dq_sysclk_1'.
Executing : get_clocks phy_dq_sysclk_1 successfully.
Executing : get_clocks ddrphy_sysclk
C: SDC-2017: [C:/Users/23694/Desktop/ziguang_project/02_pcie_image_test_1080p_v1/08_HDMI_pcie_capture_40pin_100k/project/project.fdc(line number: 13)] Nothing implicitly matched 'ddrphy_sysclk'.
Executing : get_clocks ddrphy_sysclk successfully.
Executing : set_clock_uncertainty 0.4 -from [get_clocks phy_dq_sysclk_1] -to [get_clocks ddrphy_sysclk] -setup -hold
E: CommandTiming-0057: [C:/Users/23694/Desktop/ziguang_project/02_pcie_image_test_1080p_v1/08_HDMI_pcie_capture_40pin_100k/project/project.fdc(line number: 13)] Nothing matched for 'from_list', command 'set_clock_uncertainty' is aborted.
E: CommandTiming-0057: [C:/Users/23694/Desktop/ziguang_project/02_pcie_image_test_1080p_v1/08_HDMI_pcie_capture_40pin_100k/project/project.fdc(line number: 13)] Nothing matched for 'to_list', command 'set_clock_uncertainty' is aborted.
E: ConstraintEditor-0046: [C:/Users/23694/Desktop/ziguang_project/02_pcie_image_test_1080p_v1/08_HDMI_pcie_capture_40pin_100k/project/project.fdc(line number: 13)] Failed to import constraint "set_clock_uncertainty 0.4 -from [get_clocks phy_dq_sysclk_1] -to [get_clocks ddrphy_sysclk] -setup -hold".
Executing : get_clocks ref_clk
Executing : get_clocks ref_clk successfully.
Executing : set_clock_groups -name ref_clk -asynchronous -group [get_clocks ref_clk]
Executing : set_clock_groups -name ref_clk -asynchronous -group [get_clocks ref_clk] successfully.
Executing : get_clocks rst_clk
C: SDC-2017: [C:/Users/23694/Desktop/ziguang_project/02_pcie_image_test_1080p_v1/08_HDMI_pcie_capture_40pin_100k/project/project.fdc(line number: 15)] Nothing implicitly matched 'rst_clk'.
Executing : get_clocks rst_clk successfully.
Executing : set_clock_groups -name rst_clk -asynchronous -group [get_clocks rst_clk]
C: SDC-2027: [C:/Users/23694/Desktop/ziguang_project/02_pcie_image_test_1080p_v1/08_HDMI_pcie_capture_40pin_100k/project/project.fdc(line number: 15)] One or more clocks can not find in the group '[get_clocks rst_clk]', command 'set_clock_groups' is ignored.
Executing : set_clock_groups -name rst_clk -asynchronous -group [get_clocks rst_clk] successfully.
Executing : get_clocks phy_dq_clk_0
C: SDC-2017: [C:/Users/23694/Desktop/ziguang_project/02_pcie_image_test_1080p_v1/08_HDMI_pcie_capture_40pin_100k/project/project.fdc(line number: 16)] Nothing implicitly matched 'phy_dq_clk_0'.
Executing : get_clocks phy_dq_clk_0 successfully.
Executing : set_clock_groups -name phy_dq_clk_0 -asynchronous -group [get_clocks phy_dq_clk_0]
C: SDC-2027: [C:/Users/23694/Desktop/ziguang_project/02_pcie_image_test_1080p_v1/08_HDMI_pcie_capture_40pin_100k/project/project.fdc(line number: 16)] One or more clocks can not find in the group '[get_clocks phy_dq_clk_0]', command 'set_clock_groups' is ignored.
Executing : set_clock_groups -name phy_dq_clk_0 -asynchronous -group [get_clocks phy_dq_clk_0] successfully.
Executing : get_clocks phy_dq_clk_1
C: SDC-2017: [C:/Users/23694/Desktop/ziguang_project/02_pcie_image_test_1080p_v1/08_HDMI_pcie_capture_40pin_100k/project/project.fdc(line number: 17)] Nothing implicitly matched 'phy_dq_clk_1'.
Executing : get_clocks phy_dq_clk_1 successfully.
Executing : set_clock_groups -name phy_dq_clk_1 -asynchronous -group [get_clocks phy_dq_clk_1]
C: SDC-2027: [C:/Users/23694/Desktop/ziguang_project/02_pcie_image_test_1080p_v1/08_HDMI_pcie_capture_40pin_100k/project/project.fdc(line number: 17)] One or more clocks can not find in the group '[get_clocks phy_dq_clk_1]', command 'set_clock_groups' is ignored.
Executing : set_clock_groups -name phy_dq_clk_1 -asynchronous -group [get_clocks phy_dq_clk_1] successfully.
Executing : get_pins u_ips2l_pcie_wrap.U_IPS2L_PCIE_TOP.U_IPS2L_HSSTLP_PCIE_SOFT_PHY.pclk
Executing : get_pins u_ips2l_pcie_wrap.U_IPS2L_PCIE_TOP.U_IPS2L_HSSTLP_PCIE_SOFT_PHY.pclk successfully.
Executing : create_clock -name pclk [get_pins u_ips2l_pcie_wrap.U_IPS2L_PCIE_TOP.U_IPS2L_HSSTLP_PCIE_SOFT_PHY.pclk] -period 4.000 -waveform {0.000 2.000}
Executing : create_clock -name pclk [get_pins u_ips2l_pcie_wrap.U_IPS2L_PCIE_TOP.U_IPS2L_HSSTLP_PCIE_SOFT_PHY.pclk] -period 4.000 -waveform {0.000 2.000} successfully.
Executing : get_pins u_ips2l_pcie_wrap.U_IPS2L_PCIE_TOP.U_IPS2L_HSSTLP_PCIE_SOFT_PHY.pclk_div2
Executing : get_pins u_ips2l_pcie_wrap.U_IPS2L_PCIE_TOP.U_IPS2L_HSSTLP_PCIE_SOFT_PHY.pclk_div2 successfully.
Executing : create_clock -name pclk_div2 [get_pins u_ips2l_pcie_wrap.U_IPS2L_PCIE_TOP.U_IPS2L_HSSTLP_PCIE_SOFT_PHY.pclk_div2] -period 8.000 -waveform {0.000 4.000}
Executing : create_clock -name pclk_div2 [get_pins u_ips2l_pcie_wrap.U_IPS2L_PCIE_TOP.U_IPS2L_HSSTLP_PCIE_SOFT_PHY.pclk_div2] -period 8.000 -waveform {0.000 4.000} successfully.
Executing : get_pins u_ips2l_pcie_wrap.U_IPS2L_PCIE_TOP.U_IPS2L_HSSTLP_PCIE_SOFT_PHY/P_REFCK2CORE_0
Executing : get_pins u_ips2l_pcie_wrap.U_IPS2L_PCIE_TOP.U_IPS2L_HSSTLP_PCIE_SOFT_PHY/P_REFCK2CORE_0 successfully.
Executing : create_clock -name ref_clk1 [get_pins u_ips2l_pcie_wrap.U_IPS2L_PCIE_TOP.U_IPS2L_HSSTLP_PCIE_SOFT_PHY/P_REFCK2CORE_0] -period 10.000 -waveform {0.000 5.000}
Executing : create_clock -name ref_clk1 [get_pins u_ips2l_pcie_wrap.U_IPS2L_PCIE_TOP.U_IPS2L_HSSTLP_PCIE_SOFT_PHY/P_REFCK2CORE_0] -period 10.000 -waveform {0.000 5.000} successfully.
Executing : get_ports pixclk_in
Executing : get_ports pixclk_in successfully.
Executing : create_clock -name pixclk_in [get_ports pixclk_in] -period 13.468 -waveform {0.000 6.734}
Executing : create_clock -name pixclk_in [get_ports pixclk_in] -period 13.468 -waveform {0.000 6.734} successfully.
Executing : get_ports free_clk
Executing : get_ports free_clk successfully.
Executing : get_pins I_ips_ddr_top.u_ddrphy_top.rst_clk_gpll/clkout0
Executing : get_pins I_ips_ddr_top.u_ddrphy_top.rst_clk_gpll/clkout0 successfully.
Executing : get_clocks ref_clk
Executing : get_clocks ref_clk successfully.
Executing : create_generated_clock -name rst_clk -source [get_ports free_clk] [get_pins I_ips_ddr_top.u_ddrphy_top.rst_clk_gpll/clkout0] -master_clock [get_clocks ref_clk] -multiply_by 84 -divide_by 84
Executing : create_generated_clock -name rst_clk -source [get_ports free_clk] [get_pins I_ips_ddr_top.u_ddrphy_top.rst_clk_gpll/clkout0] -master_clock [get_clocks ref_clk] -multiply_by 84 -divide_by 84 successfully.
Executing : get_ports free_clk
Executing : get_ports free_clk successfully.
Executing : get_pins I_ips_ddr_top.u_ddrphy_top.ddrphy_gpll/clkout0
Executing : get_pins I_ips_ddr_top.u_ddrphy_top.ddrphy_gpll/clkout0 successfully.
Executing : get_clocks ref_clk
Executing : get_clocks ref_clk successfully.
Executing : create_generated_clock -name ddrphy_sysclk -source [get_ports free_clk] [get_pins I_ips_ddr_top.u_ddrphy_top.ddrphy_gpll/clkout0] -master_clock [get_clocks ref_clk] -multiply_by 84 -divide_by 16
Executing : create_generated_clock -name ddrphy_sysclk -source [get_ports free_clk] [get_pins I_ips_ddr_top.u_ddrphy_top.ddrphy_gpll/clkout0] -master_clock [get_clocks ref_clk] -multiply_by 84 -divide_by 16 successfully.
Executing : get_ports free_clk
Executing : get_ports free_clk successfully.
Executing : get_pins {I_ips_ddr_top.u_ddrphy_top.ddrphy_slice_top.i_dqs_bank[0].ddrphy_ppll/clkoutphy}
Executing : get_pins {I_ips_ddr_top.u_ddrphy_top.ddrphy_slice_top.i_dqs_bank[0].ddrphy_ppll/clkoutphy} successfully.
Executing : get_clocks ref_clk
Executing : get_clocks ref_clk successfully.
Executing : create_generated_clock -name phy_dq_clk_0 -source [get_ports free_clk] [get_pins {I_ips_ddr_top.u_ddrphy_top.ddrphy_slice_top.i_dqs_bank[0].ddrphy_ppll/clkoutphy}] -master_clock [get_clocks ref_clk] -multiply_by 84 -divide_by 2
Executing : create_generated_clock -name phy_dq_clk_0 -source [get_ports free_clk] [get_pins {I_ips_ddr_top.u_ddrphy_top.ddrphy_slice_top.i_dqs_bank[0].ddrphy_ppll/clkoutphy}] -master_clock [get_clocks ref_clk] -multiply_by 84 -divide_by 2 successfully.
Executing : get_pins {I_ips_ddr_top.u_ddrphy_top.ddrphy_slice_top.i_dqs_bank[0].ddrphy_ppll/clkoutphy}
Executing : get_pins {I_ips_ddr_top.u_ddrphy_top.ddrphy_slice_top.i_dqs_bank[0].ddrphy_ppll/clkoutphy} successfully.
Executing : get_pins {I_ips_ddr_top.u_ddrphy_top.ddrphy_slice_top.i_dqs_bank[0].u_ddrphy_ioclkdiv/CLKDIVOUT}
Executing : get_pins {I_ips_ddr_top.u_ddrphy_top.ddrphy_slice_top.i_dqs_bank[0].u_ddrphy_ioclkdiv/CLKDIVOUT} successfully.
Executing : get_clocks phy_dq_clk_0
Executing : get_clocks phy_dq_clk_0 successfully.
Executing : create_generated_clock -name phy_dq_sysclk_0 -source [get_pins {I_ips_ddr_top.u_ddrphy_top.ddrphy_slice_top.i_dqs_bank[0].ddrphy_ppll/clkoutphy}] [get_pins {I_ips_ddr_top.u_ddrphy_top.ddrphy_slice_top.i_dqs_bank[0].u_ddrphy_ioclkdiv/CLKDIVOUT}] -master_clock [get_clocks phy_dq_clk_0] -edges {5 13 21} -edge_shift {0 0 0}
Executing : create_generated_clock -name phy_dq_sysclk_0 -source [get_pins {I_ips_ddr_top.u_ddrphy_top.ddrphy_slice_top.i_dqs_bank[0].ddrphy_ppll/clkoutphy}] [get_pins {I_ips_ddr_top.u_ddrphy_top.ddrphy_slice_top.i_dqs_bank[0].u_ddrphy_ioclkdiv/CLKDIVOUT}] -master_clock [get_clocks phy_dq_clk_0] -edges {5 13 21} -edge_shift {0 0 0} successfully.
Executing : get_ports free_clk
Executing : get_ports free_clk successfully.
Executing : get_pins {I_ips_ddr_top.u_ddrphy_top.ddrphy_slice_top.i_dqs_bank[1].ddrphy_ppll/clkoutphy}
Executing : get_pins {I_ips_ddr_top.u_ddrphy_top.ddrphy_slice_top.i_dqs_bank[1].ddrphy_ppll/clkoutphy} successfully.
Executing : get_clocks ref_clk
Executing : get_clocks ref_clk successfully.
Executing : create_generated_clock -name phy_dq_clk_1 -source [get_ports free_clk] [get_pins {I_ips_ddr_top.u_ddrphy_top.ddrphy_slice_top.i_dqs_bank[1].ddrphy_ppll/clkoutphy}] -master_clock [get_clocks ref_clk] -multiply_by 84 -divide_by 2
Executing : create_generated_clock -name phy_dq_clk_1 -source [get_ports free_clk] [get_pins {I_ips_ddr_top.u_ddrphy_top.ddrphy_slice_top.i_dqs_bank[1].ddrphy_ppll/clkoutphy}] -master_clock [get_clocks ref_clk] -multiply_by 84 -divide_by 2 successfully.
Executing : get_pins {I_ips_ddr_top.u_ddrphy_top.ddrphy_slice_top.i_dqs_bank[1].ddrphy_ppll/clkoutphy}
Executing : get_pins {I_ips_ddr_top.u_ddrphy_top.ddrphy_slice_top.i_dqs_bank[1].ddrphy_ppll/clkoutphy} successfully.
Executing : get_pins {I_ips_ddr_top.u_ddrphy_top.ddrphy_slice_top.i_dqs_bank[1].u_ddrphy_ioclkdiv/CLKDIVOUT}
Executing : get_pins {I_ips_ddr_top.u_ddrphy_top.ddrphy_slice_top.i_dqs_bank[1].u_ddrphy_ioclkdiv/CLKDIVOUT} successfully.
Executing : get_clocks phy_dq_clk_1
Executing : get_clocks phy_dq_clk_1 successfully.
Executing : create_generated_clock -name phy_dq_sysclk_1 -source [get_pins {I_ips_ddr_top.u_ddrphy_top.ddrphy_slice_top.i_dqs_bank[1].ddrphy_ppll/clkoutphy}] [get_pins {I_ips_ddr_top.u_ddrphy_top.ddrphy_slice_top.i_dqs_bank[1].u_ddrphy_ioclkdiv/CLKDIVOUT}] -master_clock [get_clocks phy_dq_clk_1] -edges {5 13 21} -edge_shift {0 0 0}
Executing : create_generated_clock -name phy_dq_sysclk_1 -source [get_pins {I_ips_ddr_top.u_ddrphy_top.ddrphy_slice_top.i_dqs_bank[1].ddrphy_ppll/clkoutphy}] [get_pins {I_ips_ddr_top.u_ddrphy_top.ddrphy_slice_top.i_dqs_bank[1].u_ddrphy_ioclkdiv/CLKDIVOUT}] -master_clock [get_clocks phy_dq_clk_1] -edges {5 13 21} -edge_shift {0 0 0} successfully.
Executing : get_ports free_clk
Executing : get_ports free_clk successfully.
Executing : get_nets pll_inst.clkout0
Executing : get_nets pll_inst.clkout0 successfully.
Executing : get_clocks ref_clk
Executing : get_clocks ref_clk successfully.
Executing : create_generated_clock -name clk_10m -source [get_ports free_clk] [get_nets pll_inst.clkout0] -master_clock [get_clocks ref_clk] -multiply_by 2 -divide_by 5
Executing : create_generated_clock -name clk_10m -source [get_ports free_clk] [get_nets pll_inst.clkout0] -master_clock [get_clocks ref_clk] -multiply_by 2 -divide_by 5 successfully.
Executing : get_ports free_clk
Executing : get_ports free_clk successfully.
Executing : get_nets pll_inst.clkout1
Executing : get_nets pll_inst.clkout1 successfully.
Executing : get_clocks ref_clk
Executing : get_clocks ref_clk successfully.
Executing : create_generated_clock -name clk_25m -source [get_ports free_clk] [get_nets pll_inst.clkout1] -master_clock [get_clocks ref_clk] -multiply_by 1 -divide_by 1
Executing : create_generated_clock -name clk_25m -source [get_ports free_clk] [get_nets pll_inst.clkout1] -master_clock [get_clocks ref_clk] -multiply_by 1 -divide_by 1 successfully.
Executing : get_ports free_clk
Executing : get_ports free_clk successfully.
Executing : get_nets pll_inst.clkout2
Executing : get_nets pll_inst.clkout2 successfully.
Executing : get_clocks ref_clk
Executing : get_clocks ref_clk successfully.
Executing : create_generated_clock -name clk_50m -source [get_ports free_clk] [get_nets pll_inst.clkout2] -master_clock [get_clocks ref_clk] -multiply_by 2 -divide_by 1
Executing : create_generated_clock -name clk_50m -source [get_ports free_clk] [get_nets pll_inst.clkout2] -master_clock [get_clocks ref_clk] -multiply_by 2 -divide_by 1 successfully.
Executing : get_clocks ddrphy_sysclk
Executing : get_clocks ddrphy_sysclk successfully.
Executing : set_clock_uncertainty 0.010 -hold [get_clocks ddrphy_sysclk]
Executing : set_clock_uncertainty 0.010 -hold [get_clocks ddrphy_sysclk] successfully.
Executing : get_clocks pclk
Executing : get_clocks pclk successfully.
Executing : set_clock_groups -name group_1 -asynchronous -group [get_clocks pclk]
Executing : set_clock_groups -name group_1 -asynchronous -group [get_clocks pclk] successfully.
Executing : get_clocks pclk_div2
Executing : get_clocks pclk_div2 successfully.
Executing : set_clock_groups -name group_2 -asynchronous -group [get_clocks pclk_div2]
Executing : set_clock_groups -name group_2 -asynchronous -group [get_clocks pclk_div2] successfully.
Executing : get_clocks ref_clk1
Executing : get_clocks ref_clk1 successfully.
Executing : set_clock_groups -name group_3 -asynchronous -group [get_clocks ref_clk1]
Executing : set_clock_groups -name group_3 -asynchronous -group [get_clocks ref_clk1] successfully.
Executing : get_clocks pixclk_in
Executing : get_clocks pixclk_in successfully.
Executing : set_clock_groups -name group_4 -asynchronous -group [get_clocks pixclk_in]
Executing : set_clock_groups -name group_4 -asynchronous -group [get_clocks pixclk_in] successfully.
Executing : get_ports cmos1_pclk
Executing : get_ports cmos1_pclk successfully.
Executing : create_clock -name cmos1_pclk [get_ports cmos1_pclk] -period 11.900 -waveform {0.000 5.950}
Executing : create_clock -name cmos1_pclk [get_ports cmos1_pclk] -period 11.900 -waveform {0.000 5.950} successfully.
Executing : get_ports cmos2_pclk
Executing : get_ports cmos2_pclk successfully.
Executing : create_clock -name cmos2_pclk [get_ports cmos2_pclk] -period 11.900 -waveform {0.000 5.950}
Executing : create_clock -name cmos2_pclk [get_ports cmos2_pclk] -period 11.900 -waveform {0.000 5.950} successfully.
Executing : get_clocks cmos1_pclk
Executing : get_clocks cmos1_pclk successfully.
Executing : set_clock_uncertainty 0.200 [get_clocks cmos1_pclk] -setup -hold
Executing : set_clock_uncertainty 0.200 [get_clocks cmos1_pclk] -setup -hold successfully.
Executing : get_clocks cmos2_pclk
Executing : get_clocks cmos2_pclk successfully.
Executing : set_clock_uncertainty 0.200 [get_clocks cmos2_pclk] -setup -hold
Executing : set_clock_uncertainty 0.200 [get_clocks cmos2_pclk] -setup -hold successfully.
Executing : get_clocks ddrphy_sysclk
Executing : get_clocks ddrphy_sysclk successfully.
Executing : get_clocks clk_50m
Executing : get_clocks clk_50m successfully.
Executing : set_false_path -from [get_clocks ddrphy_sysclk] -to [get_clocks clk_50m]
Executing : set_false_path -from [get_clocks ddrphy_sysclk] -to [get_clocks clk_50m] successfully.
Executing : get_clocks cmos2_pclk
Executing : get_clocks cmos2_pclk successfully.
Executing : set_clock_uncertainty 0.400 [get_clocks cmos2_pclk] -setup -hold
Executing : set_clock_uncertainty 0.400 [get_clocks cmos2_pclk] -setup -hold successfully.
Executing : get_clocks cmos1_pclk
Executing : get_clocks cmos1_pclk successfully.
Executing : set_clock_groups -asynchronous -group [get_clocks cmos1_pclk]
Executing : set_clock_groups -asynchronous -group [get_clocks cmos1_pclk] successfully.
Executing : get_clocks cmos2_pclk
Executing : get_clocks cmos2_pclk successfully.
Executing : set_clock_groups -asynchronous -group [get_clocks cmos2_pclk]
Executing : set_clock_groups -asynchronous -group [get_clocks cmos2_pclk] successfully.
C: ConstraintEditor-2002: [C:/Users/23694/Desktop/ziguang_project/02_pcie_image_test_1080p_v1/08_HDMI_pcie_capture_40pin_100k/project/project.fdc(line number: 469)] | Port board_rst_n has been placed at location M15, whose type is share pin.
C: ConstraintEditor-2002: [C:/Users/23694/Desktop/ziguang_project/02_pcie_image_test_1080p_v1/08_HDMI_pcie_capture_40pin_100k/project/project.fdc(line number: 543)] | Port perst_n has been placed at location M16, whose type is share pin.
C: ConstraintEditor-2002: [C:/Users/23694/Desktop/ziguang_project/02_pcie_image_test_1080p_v1/08_HDMI_pcie_capture_40pin_100k/project/project.fdc(line number: 763)] | Port b_in[7] has been placed at location AB18, whose type is share pin.
C: ConstraintEditor-2002: [C:/Users/23694/Desktop/ziguang_project/02_pcie_image_test_1080p_v1/08_HDMI_pcie_capture_40pin_100k/project/project.fdc(line number: 768)] | Port b_in[6] has been placed at location P15, whose type is share pin.
C: ConstraintEditor-2002: [C:/Users/23694/Desktop/ziguang_project/02_pcie_image_test_1080p_v1/08_HDMI_pcie_capture_40pin_100k/project/project.fdc(line number: 778)] | Port b_in[4] has been placed at location R16, whose type is share pin.
C: ConstraintEditor-2002: [C:/Users/23694/Desktop/ziguang_project/02_pcie_image_test_1080p_v1/08_HDMI_pcie_capture_40pin_100k/project/project.fdc(line number: 788)] | Port b_in[2] has been placed at location N13, whose type is share pin.
C: ConstraintEditor-2002: [C:/Users/23694/Desktop/ziguang_project/02_pcie_image_test_1080p_v1/08_HDMI_pcie_capture_40pin_100k/project/project.fdc(line number: 798)] | Port b_in[0] has been placed at location N14, whose type is share pin.
C: ConstraintEditor-2002: [C:/Users/23694/Desktop/ziguang_project/02_pcie_image_test_1080p_v1/08_HDMI_pcie_capture_40pin_100k/project/project.fdc(line number: 805)] | Port g_in[7] has been placed at location AB20, whose type is share pin.
C: ConstraintEditor-2002: [C:/Users/23694/Desktop/ziguang_project/02_pcie_image_test_1080p_v1/08_HDMI_pcie_capture_40pin_100k/project/project.fdc(line number: 810)] | Port g_in[6] has been placed at location R18, whose type is share pin.
C: ConstraintEditor-2002: [C:/Users/23694/Desktop/ziguang_project/02_pcie_image_test_1080p_v1/08_HDMI_pcie_capture_40pin_100k/project/project.fdc(line number: 815)] | Port g_in[5] has been placed at location V17, whose type is share pin.
C: ConstraintEditor-2002: [C:/Users/23694/Desktop/ziguang_project/02_pcie_image_test_1080p_v1/08_HDMI_pcie_capture_40pin_100k/project/project.fdc(line number: 820)] | Port g_in[4] has been placed at location T18, whose type is share pin.
C: ConstraintEditor-2002: [C:/Users/23694/Desktop/ziguang_project/02_pcie_image_test_1080p_v1/08_HDMI_pcie_capture_40pin_100k/project/project.fdc(line number: 825)] | Port g_in[3] has been placed at location W17, whose type is share pin.
C: ConstraintEditor-2002: [C:/Users/23694/Desktop/ziguang_project/02_pcie_image_test_1080p_v1/08_HDMI_pcie_capture_40pin_100k/project/project.fdc(line number: 835)] | Port g_in[1] has been placed at location AA18, whose type is share pin.
C: ConstraintEditor-2002: [C:/Users/23694/Desktop/ziguang_project/02_pcie_image_test_1080p_v1/08_HDMI_pcie_capture_40pin_100k/project/project.fdc(line number: 840)] | Port g_in[0] has been placed at location P17, whose type is share pin.
C: ConstraintEditor-2002: [C:/Users/23694/Desktop/ziguang_project/02_pcie_image_test_1080p_v1/08_HDMI_pcie_capture_40pin_100k/project/project.fdc(line number: 847)] | Port r_in[7] has been placed at location AB21, whose type is share pin.
C: ConstraintEditor-2002: [C:/Users/23694/Desktop/ziguang_project/02_pcie_image_test_1080p_v1/08_HDMI_pcie_capture_40pin_100k/project/project.fdc(line number: 857)] | Port r_in[5] has been placed at location AB22, whose type is share pin.
C: ConstraintEditor-2002: [C:/Users/23694/Desktop/ziguang_project/02_pcie_image_test_1080p_v1/08_HDMI_pcie_capture_40pin_100k/project/project.fdc(line number: 877)] | Port r_in[1] has been placed at location AA19, whose type is share pin.
C: ConstraintEditor-2002: [C:/Users/23694/Desktop/ziguang_project/02_pcie_image_test_1080p_v1/08_HDMI_pcie_capture_40pin_100k/project/project.fdc(line number: 889)] | Port de_in has been placed at location P16, whose type is share pin.
C: ConstraintEditor-2002: [C:/Users/23694/Desktop/ziguang_project/02_pcie_image_test_1080p_v1/08_HDMI_pcie_capture_40pin_100k/project/project.fdc(line number: 896)] | Port hs_in has been placed at location U17, whose type is share pin.
C: ConstraintEditor-2002: [C:/Users/23694/Desktop/ziguang_project/02_pcie_image_test_1080p_v1/08_HDMI_pcie_capture_40pin_100k/project/project.fdc(line number: 903)] | Port vs_in has been placed at location R17, whose type is share pin.
C: ConstraintEditor-2002: [C:/Users/23694/Desktop/ziguang_project/02_pcie_image_test_1080p_v1/08_HDMI_pcie_capture_40pin_100k/project/project.fdc(line number: 910)] | Port hd_sda has been placed at location AA20, whose type is share pin.
C: ConstraintEditor-2002: [C:/Users/23694/Desktop/ziguang_project/02_pcie_image_test_1080p_v1/08_HDMI_pcie_capture_40pin_100k/project/project.fdc(line number: 918)] | Port hd_scl has been placed at location AA21, whose type is share pin.
W: ConstraintEditor-4019: Port Bus 'cmos1_data' unspecified I/O constraint.
W: ConstraintEditor-4019: Port Bus 'cmos2_data' unspecified I/O constraint.
W: ConstraintEditor-4019: Port Bus 'cmos_init_done' unspecified I/O constraint.
W: ConstraintEditor-4019: Port Bus 'rxn' unspecified I/O constraint.
W: ConstraintEditor-4019: Port Bus 'rxp' unspecified I/O constraint.
W: ConstraintEditor-4019: Port Bus 'txn' unspecified I/O constraint.
W: ConstraintEditor-4019: Port Bus 'txp' unspecified I/O constraint.
W: ConstraintEditor-4019: Port 'cmos1_href' unspecified I/O constraint.
W: ConstraintEditor-4019: Port 'cmos1_pclk' unspecified I/O constraint.
W: ConstraintEditor-4019: Port 'cmos1_reset' unspecified I/O constraint.
W: ConstraintEditor-4019: Port 'cmos1_scl' unspecified I/O constraint.
W: ConstraintEditor-4019: Port 'cmos1_sda' unspecified I/O constraint.
W: ConstraintEditor-4019: Port 'cmos1_vsync' unspecified I/O constraint.
W: ConstraintEditor-4019: Port 'cmos2_href' unspecified I/O constraint.
W: ConstraintEditor-4019: Port 'cmos2_pclk' unspecified I/O constraint.
W: ConstraintEditor-4019: Port 'cmos2_reset' unspecified I/O constraint.
W: ConstraintEditor-4019: Port 'cmos2_scl' unspecified I/O constraint.
W: ConstraintEditor-4019: Port 'cmos2_sda' unspecified I/O constraint.
W: ConstraintEditor-4019: Port 'cmos2_vsync' unspecified I/O constraint.
W: ConstraintEditor-4019: Port 'heart_beat_led' unspecified I/O constraint.
W: ConstraintEditor-4019: Port 'pclk_led' unspecified I/O constraint.
W: ConstraintEditor-4019: Port 'ref_led' unspecified I/O constraint.
W: ConstraintEditor-4019: Port 'rx_rst_n' unspecified I/O constraint.
Constraint check end.

Action synthesize: Real time elapsed is 0h:0m:8s
Action synthesize: CPU time elapsed is 0h:0m:6s
Action synthesize: Process CPU time elapsed is 0h:0m:6s
Current time: Mon Jul 13 01:04:26 2026
Action synthesize: Peak memory pool usage is 317 MB
