#Build: Fabric Compiler 2022.2-SP6.4, Build 146967, Jan 31 01:39 2024
#Install: F:\PDS_2022.2-SP6.4\bin
#Application name: pds_shell.exe
#OS: Windows 10 10.0.26200
#Hostname: xufei
Generated by Fabric Compiler (version 2022.2-SP6.4 build 146967) at Mon Jul 13 01:39:57 2026
Compiling verification operator library.
Compiling common defs.
Loading technology operator library.
Compiling technology operator library.
Compiling technology operator (valence) library.
Compiling operator packing rules.
Compiling prim grid devices.
Compiling gate devices.
Compiling gate operators.
Compiling tech operator impls.
Building architecture model.
Loading device packaging model.
W: ConstraintEditor-4019: Port Bus 'cmos1_data' unspecified I/O constraint.
W: ConstraintEditor-4019: Port Bus 'cmos2_data' unspecified I/O constraint.
W: ConstraintEditor-4019: Port Bus 'cmos_init_done' unspecified I/O constraint.
W: ConstraintEditor-4019: Port Bus 'rxn' unspecified I/O constraint.
W: ConstraintEditor-4019: Port Bus 'rxp' unspecified I/O constraint.
W: ConstraintEditor-4019: Port Bus 'txn' unspecified I/O constraint.
W: ConstraintEditor-4019: Port Bus 'txp' unspecified I/O constraint.
W: ConstraintEditor-4019: Port 'cmos1_href' unspecified I/O constraint.
W: ConstraintEditor-4019: Port 'cmos1_pclk' unspecified I/O constraint.
W: ConstraintEditor-4019: Port 'cmos1_reset' unspecified I/O constraint.
W: ConstraintEditor-4019: Port 'cmos1_scl' unspecified I/O constraint.
W: ConstraintEditor-4019: Port 'cmos1_sda' unspecified I/O constraint.
W: ConstraintEditor-4019: Port 'cmos1_vsync' unspecified I/O constraint.
W: ConstraintEditor-4019: Port 'cmos2_href' unspecified I/O constraint.
W: ConstraintEditor-4019: Port 'cmos2_pclk' unspecified I/O constraint.
W: ConstraintEditor-4019: Port 'cmos2_reset' unspecified I/O constraint.
W: ConstraintEditor-4019: Port 'cmos2_scl' unspecified I/O constraint.
W: ConstraintEditor-4019: Port 'cmos2_sda' unspecified I/O constraint.
W: ConstraintEditor-4019: Port 'cmos2_vsync' unspecified I/O constraint.
W: ConstraintEditor-4019: Port 'heart_beat_led' unspecified I/O constraint.
W: ConstraintEditor-4019: Port 'pclk_led' unspecified I/O constraint.
W: ConstraintEditor-4019: Port 'ref_led' unspecified I/O constraint.
W: ConstraintEditor-4019: Port 'rx_rst_n' unspecified I/O constraint.
License checkout: fabric_inserter from F:\license\new_pds_F4A80DA47D72.lic
Generating cores. Please be patient as this can take several minutes...
  >Generating core DebugCore0...
  >Running ADS for debugcore...
  >Making net connections...
Core Insertion Complete.
C: SDC-2025: Clock source 'n:coms1_reg_config/clock_20k' need a clock constraint, please use 'create_clock' or 'create_generate_clock' to generate.
Flattening design 'image_pcie_capture'
W: Public-4008: Instance 'I_ips_ddr_top/u_ddrphy_top/ddrphy_reset_ctrl/ddrphy_ioclk_gate[2]' of 'GTP_DFF_P' unit is dangling and will be cleaned.
W: Public-4008: Instance 'u_CORES/u_debug_core_0/u_hub_data_decode/conf_rden[1]' of 'GTP_DFF_C' unit is dangling and will be cleaned.
W: Public-4008: Instance 'u_CORES/u_debug_core_0/u_hub_data_decode/conf_rden[2]' of 'GTP_DFF_C' unit is dangling and will be cleaned.
W: Public-4008: Instance 'u_CORES/u_debug_core_0/u_hub_data_decode/conf_rden[3]' of 'GTP_DFF_C' unit is dangling and will be cleaned.
W: Public-4008: Instance 'u_CORES/u_debug_core_0/u_hub_data_decode/conf_rden[4]' of 'GTP_DFF_C' unit is dangling and will be cleaned.
W: Public-4008: Instance 'u_CORES/u_debug_core_0/u_hub_data_decode/conf_rden[5]' of 'GTP_DFF_C' unit is dangling and will be cleaned.
W: Public-4008: Instance 'u_CORES/u_debug_core_0/u_hub_data_decode/conf_rden[6]' of 'GTP_DFF_C' unit is dangling and will be cleaned.
W: Public-4008: Instance 'u_CORES/u_debug_core_0/u_hub_data_decode/conf_rden[7]' of 'GTP_DFF_C' unit is dangling and will be cleaned.
W: Public-4008: Instance 'u_CORES/u_debug_core_0/u_hub_data_decode/conf_rden[8]' of 'GTP_DFF_C' unit is dangling and will be cleaned.
W: Public-4008: Instance 'u_CORES/u_debug_core_0/u_hub_data_decode/conf_rden[9]' of 'GTP_DFF_C' unit is dangling and will be cleaned.
W: Public-4008: Instance 'u_CORES/u_debug_core_0/u_hub_data_decode/conf_rden[10]' of 'GTP_DFF_C' unit is dangling and will be cleaned.
W: Public-4008: Instance 'u_CORES/u_debug_core_0/u_hub_data_decode/conf_rden[11]' of 'GTP_DFF_C' unit is dangling and will be cleaned.
W: Public-4008: Instance 'u_CORES/u_debug_core_0/u_hub_data_decode/conf_rden[12]' of 'GTP_DFF_C' unit is dangling and will be cleaned.
W: Public-4008: Instance 'u_CORES/u_debug_core_0/u_hub_data_decode/conf_rden[13]' of 'GTP_DFF_C' unit is dangling and will be cleaned.
W: Public-4008: Instance 'u_CORES/u_debug_core_0/u_hub_data_decode/conf_rden[14]' of 'GTP_DFF_C' unit is dangling and will be cleaned.
W: Public-4008: Instance 'u_CORES/u_debug_core_0/u_hub_data_decode/conf_rden[15]' of 'GTP_DFF_C' unit is dangling and will be cleaned.
W: Public-4008: Instance 'u_CORES/u_debug_core_0/u_hub_data_decode/conf_rden[17]' of 'GTP_DFF_C' unit is dangling and will be cleaned.
W: Public-4008: Instance 'u_CORES/u_debug_core_0/u_hub_data_decode/conf_rden[19]' of 'GTP_DFF_C' unit is dangling and will be cleaned.
W: Public-4008: Instance 'u_CORES/u_debug_core_0/u_hub_data_decode/conf_sel_int[1]' of 'GTP_DFF_C' unit is dangling and will be cleaned.
W: Public-4008: Instance 'u_CORES/u_debug_core_0/u_hub_data_decode/conf_sel_int[2]' of 'GTP_DFF_C' unit is dangling and will be cleaned.
W: Public-4008: Instance 'u_CORES/u_debug_core_0/u_hub_data_decode/conf_sel_int[3]' of 'GTP_DFF_C' unit is dangling and will be cleaned.
W: Public-4008: Instance 'u_CORES/u_debug_core_0/u_hub_data_decode/conf_sel_int[4]' of 'GTP_DFF_C' unit is dangling and will be cleaned.
W: Public-4008: Instance 'u_CORES/u_debug_core_0/u_hub_data_decode/conf_sel_int[5]' of 'GTP_DFF_C' unit is dangling and will be cleaned.
W: Public-4008: Instance 'u_CORES/u_debug_core_0/u_hub_data_decode/conf_sel_int[6]' of 'GTP_DFF_C' unit is dangling and will be cleaned.
W: Public-4008: Instance 'u_CORES/u_debug_core_0/u_hub_data_decode/conf_sel_int[7]' of 'GTP_DFF_C' unit is dangling and will be cleaned.
W: Public-4008: Instance 'u_CORES/u_debug_core_0/u_hub_data_decode/conf_sel_int[8]' of 'GTP_DFF_C' unit is dangling and will be cleaned.
W: Public-4008: Instance 'u_CORES/u_debug_core_0/u_hub_data_decode/conf_sel_int[9]' of 'GTP_DFF_C' unit is dangling and will be cleaned.
W: Public-4008: Instance 'u_CORES/u_debug_core_0/u_hub_data_decode/conf_sel_int[10]' of 'GTP_DFF_C' unit is dangling and will be cleaned.
W: Public-4008: Instance 'u_CORES/u_debug_core_0/u_hub_data_decode/conf_sel_int[11]' of 'GTP_DFF_C' unit is dangling and will be cleaned.
W: Public-4008: Instance 'u_CORES/u_debug_core_0/u_hub_data_decode/conf_sel_int[12]' of 'GTP_DFF_C' unit is dangling and will be cleaned.
W: Public-4008: Instance 'u_CORES/u_debug_core_0/u_hub_data_decode/conf_sel_int[13]' of 'GTP_DFF_C' unit is dangling and will be cleaned.
W: Public-4008: Instance 'u_CORES/u_debug_core_0/u_hub_data_decode/conf_sel_int[14]' of 'GTP_DFF_C' unit is dangling and will be cleaned.
W: Public-4008: Instance 'u_CORES/u_debug_core_0/u_hub_data_decode/conf_sel_int[15]' of 'GTP_DFF_C' unit is dangling and will be cleaned.
W: Public-4008: Instance 'u_CORES/u_debug_core_0/u_hub_data_decode/conf_sel_int[17]' of 'GTP_DFF_C' unit is dangling and will be cleaned.
W: Public-4008: Instance 'u_CORES/u_debug_core_0/u_hub_data_decode/conf_sel_int[19]' of 'GTP_DFF_C' unit is dangling and will be cleaned.
W: Public-4008: Instance 'I_ips_ddr_top/u_ddrphy_top/ddrphy_calib_top/ddrphy_wrcal/wrcal_move_en[2]' of 'GTP_DFF_C' unit is dangling and will be cleaned.
W: Public-4008: Instance 'I_ips_ddr_top/u_ddrphy_top/ddrphy_calib_top/ddrphy_wrcal/wrcal_move_en[3]' of 'GTP_DFF_C' unit is dangling and will be cleaned.
W: Public-4008: Instance 'I_ips_ddr_top/u_ddrphy_top/ddrphy_calib_top/ddrphy_wrcal/wrcal_move_en[4]' of 'GTP_DFF_C' unit is dangling and will be cleaned.
W: Public-4008: Instance 'I_ips_ddr_top/u_ddrphy_top/ddrphy_calib_top/ddrphy_wrcal/wrcal_move_en[5]' of 'GTP_DFF_C' unit is dangling and will be cleaned.
W: Public-4008: Instance 'I_ips_ddr_top/u_ddrphy_top/ddrphy_calib_top/ddrphy_wrcal/wrcal_move_en[6]' of 'GTP_DFF_C' unit is dangling and will be cleaned.
W: Public-4008: Instance 'I_ips_ddr_top/u_ddrphy_top/ddrphy_calib_top/ddrphy_wrcal/wrcal_move_en[7]' of 'GTP_DFF_C' unit is dangling and will be cleaned.
W: Public-4008: Instance 'I_ips_ddr_top/u_ddrphy_top/ddrphy_calib_top/ddrphy_wrcal/wrcal_move_en[8]' of 'GTP_DFF_C' unit is dangling and will be cleaned.
W: Public-4008: Instance 'I_ips_ddr_top/u_ddrphy_top/ddrphy_calib_top/ddrphy_wrcal/write_calibration[2]' of 'GTP_DFF_C' unit is dangling and will be cleaned.
W: Public-4008: Instance 'I_ips_ddr_top/u_ddrphy_top/ddrphy_calib_top/ddrphy_wrcal/write_calibration[3]' of 'GTP_DFF_C' unit is dangling and will be cleaned.
W: Public-4008: Instance 'I_ips_ddr_top/u_ddrphy_top/ddrphy_calib_top/ddrphy_wrcal/write_calibration[4]' of 'GTP_DFF_C' unit is dangling and will be cleaned.
W: Public-4008: Instance 'I_ips_ddr_top/u_ddrphy_top/ddrphy_calib_top/ddrphy_wrcal/write_calibration[5]' of 'GTP_DFF_C' unit is dangling and will be cleaned.
W: Public-4008: Instance 'I_ips_ddr_top/u_ddrphy_top/ddrphy_calib_top/ddrphy_wrcal/write_calibration[6]' of 'GTP_DFF_C' unit is dangling and will be cleaned.
W: Public-4008: Instance 'I_ips_ddr_top/u_ddrphy_top/ddrphy_calib_top/ddrphy_wrcal/write_calibration[7]' of 'GTP_DFF_C' unit is dangling and will be cleaned.
W: Public-4008: Instance 'I_ips_ddr_top/u_ddrphy_top/ddrphy_calib_top/ddrphy_wrcal/write_calibration[8]' of 'GTP_DFF_C' unit is dangling and will be cleaned.
W: Public-4008: Instance 'u_axi4_ctrl/u_W_FIFO_16i_128o/U_ipm2l_fifo_W_FIFO_16i_128o/U_ipm2l_fifo_ctrl/ASYN_CTRL.rwptr1[0]' of 'GTP_DFF_C' unit is dangling and will be cleaned.
W: Public-4008: Instance 'u_axi4_ctrl/u_W_FIFO_16i_128o/U_ipm2l_fifo_W_FIFO_16i_128o/U_ipm2l_fifo_ctrl/ASYN_CTRL.rwptr1[1]' of 'GTP_DFF_C' unit is dangling and will be cleaned.
W: Public-4008: Instance 'u_axi4_ctrl/u_W_FIFO_16i_128o/U_ipm2l_fifo_W_FIFO_16i_128o/U_ipm2l_fifo_ctrl/ASYN_CTRL.rwptr1[2]' of 'GTP_DFF_C' unit is dangling and will be cleaned.
W: Public-4008: Instance 'u_axi4_ctrl/u_W_FIFO_16i_128o/U_ipm2l_fifo_W_FIFO_16i_128o/U_ipm2l_fifo_ctrl/ASYN_CTRL.wptr[0]' of 'GTP_DFF_C' unit is dangling and will be cleaned.
W: Public-4008: Instance 'u_axi4_ctrl/u_W_FIFO_16i_128o/U_ipm2l_fifo_W_FIFO_16i_128o/U_ipm2l_fifo_ctrl/ASYN_CTRL.wptr[1]' of 'GTP_DFF_C' unit is dangling and will be cleaned.
W: Public-4008: Instance 'u_axi4_ctrl/u_W_FIFO_16i_128o/U_ipm2l_fifo_W_FIFO_16i_128o/U_ipm2l_fifo_ctrl/ASYN_CTRL.wptr[2]' of 'GTP_DFF_C' unit is dangling and will be cleaned.
Device mapping started.
Optimizing circuit logic.
W: Public-4008: Instance 'cmos2_d_d0[0]' of 'GTP_DFF' unit is dangling and will be cleaned.
W: Public-4008: Instance 'cmos2_d_d0[1]' of 'GTP_DFF' unit is dangling and will be cleaned.
W: Public-4008: Instance 'cmos2_d_d0[2]' of 'GTP_DFF' unit is dangling and will be cleaned.
W: Public-4008: Instance 'cmos2_d_d0[3]' of 'GTP_DFF' unit is dangling and will be cleaned.
W: Public-4008: Instance 'cmos2_d_d0[4]' of 'GTP_DFF' unit is dangling and will be cleaned.
W: Public-4008: Instance 'cmos2_d_d0[5]' of 'GTP_DFF' unit is dangling and will be cleaned.
W: Public-4008: Instance 'cmos2_d_d0[6]' of 'GTP_DFF' unit is dangling and will be cleaned.
W: Public-4008: Instance 'cmos2_d_d0[7]' of 'GTP_DFF' unit is dangling and will be cleaned.
W: Public-4008: Instance 'cmos2_data_d1[0]' of 'GTP_DFF' unit is dangling and will be cleaned.
W: Public-4008: Instance 'cmos2_data_d1[1]' of 'GTP_DFF' unit is dangling and will be cleaned.
W: Public-4008: Instance 'cmos2_data_d1[2]' of 'GTP_DFF' unit is dangling and will be cleaned.
W: Public-4008: Instance 'cmos2_data_d1[3]' of 'GTP_DFF' unit is dangling and will be cleaned.
W: Public-4008: Instance 'cmos2_data_d1[4]' of 'GTP_DFF' unit is dangling and will be cleaned.
W: Public-4008: Instance 'cmos2_data_d1[5]' of 'GTP_DFF' unit is dangling and will be cleaned.
W: Public-4008: Instance 'cmos2_data_d1[6]' of 'GTP_DFF' unit is dangling and will be cleaned.
W: Public-4008: Instance 'cmos2_data_d1[7]' of 'GTP_DFF' unit is dangling and will be cleaned.
W: Public-4008: Instance 'cmos2_data_d2[0]' of 'GTP_DFF' unit is dangling and will be cleaned.
W: Public-4008: Instance 'cmos2_data_d2[1]' of 'GTP_DFF' unit is dangling and will be cleaned.
W: Public-4008: Instance 'cmos2_data_d2[2]' of 'GTP_DFF' unit is dangling and will be cleaned.
W: Public-4008: Instance 'cmos2_data_d2[3]' of 'GTP_DFF' unit is dangling and will be cleaned.
W: Public-4008: Instance 'cmos2_data_d2[4]' of 'GTP_DFF' unit is dangling and will be cleaned.
W: Public-4008: Instance 'cmos2_data_d2[5]' of 'GTP_DFF' unit is dangling and will be cleaned.
W: Public-4008: Instance 'cmos2_data_d2[6]' of 'GTP_DFF' unit is dangling and will be cleaned.
W: Public-4008: Instance 'cmos2_data_d2[7]' of 'GTP_DFF' unit is dangling and will be cleaned.
W: Public-4008: Instance 'cmos2_href_d0' of 'GTP_DFF' unit is dangling and will be cleaned.
W: Public-4008: Instance 'cmos2_href_d1' of 'GTP_DFF' unit is dangling and will be cleaned.
W: Public-4008: Instance 'cmos2_href_d2' of 'GTP_DFF' unit is dangling and will be cleaned.
W: Public-4008: Instance 'cmos2_vsync_d0' of 'GTP_DFF' unit is dangling and will be cleaned.
W: Public-4008: Instance 'cmos2_vsync_d1' of 'GTP_DFF' unit is dangling and will be cleaned.
W: Public-4008: Instance 'cmos2_vsync_d2' of 'GTP_DFF' unit is dangling and will be cleaned.
W: Public-4008: Instance 'cmos2_8_16bit/cnt[0]' of 'GTP_DFF_RE' unit is dangling and will be cleaned.
W: Public-4008: Instance 'cmos2_8_16bit/cnt[1]' of 'GTP_DFF_RE' unit is dangling and will be cleaned.
W: Public-4008: Instance 'cmos2_8_16bit/de_i_r' of 'GTP_DFF' unit is dangling and will be cleaned.
W: Public-4008: Instance 'cmos2_8_16bit/de_i_r1' of 'GTP_DFF' unit is dangling and will be cleaned.
W: Public-4008: Instance 'cmos2_8_16bit/de_o' of 'GTP_DFF' unit is dangling and will be cleaned.
W: Public-4008: Instance 'cmos2_8_16bit/de_out1' of 'GTP_DFF' unit is dangling and will be cleaned.
W: Public-4008: Instance 'cmos2_8_16bit/de_out2' of 'GTP_DFF' unit is dangling and will be cleaned.
W: Public-4008: Instance 'cmos2_8_16bit/de_out3' of 'GTP_DFF' unit is dangling and will be cleaned.
W: Public-4008: Instance 'cmos2_8_16bit/enble' of 'GTP_DFF' unit is dangling and will be cleaned.
W: Public-4008: Instance 'cmos2_8_16bit/pdata_i_reg[0]' of 'GTP_DFF_RE' unit is dangling and will be cleaned.
W: Public-4008: Instance 'cmos2_8_16bit/pdata_i_reg[1]' of 'GTP_DFF_RE' unit is dangling and will be cleaned.
W: Public-4008: Instance 'cmos2_8_16bit/pdata_i_reg[2]' of 'GTP_DFF_RE' unit is dangling and will be cleaned.
W: Public-4008: Instance 'cmos2_8_16bit/pdata_i_reg[3]' of 'GTP_DFF_RE' unit is dangling and will be cleaned.
W: Public-4008: Instance 'cmos2_8_16bit/pdata_i_reg[4]' of 'GTP_DFF_RE' unit is dangling and will be cleaned.
W: Public-4008: Instance 'cmos2_8_16bit/pdata_i_reg[5]' of 'GTP_DFF_RE' unit is dangling and will be cleaned.
W: Public-4008: Instance 'cmos2_8_16bit/pdata_i_reg[6]' of 'GTP_DFF_RE' unit is dangling and will be cleaned.
W: Public-4008: Instance 'cmos2_8_16bit/pdata_i_reg[7]' of 'GTP_DFF_RE' unit is dangling and will be cleaned.
W: Public-4008: Instance 'cmos2_8_16bit/pdata_o[0]' of 'GTP_DFF' unit is dangling and will be cleaned.
W: Public-4008: Instance 'cmos2_8_16bit/pdata_o[1]' of 'GTP_DFF' unit is dangling and will be cleaned.
W: Public-4008: Instance 'cmos2_8_16bit/pdata_o[2]' of 'GTP_DFF' unit is dangling and will be cleaned.
W: Public-4008: Instance 'cmos2_8_16bit/pdata_o[3]' of 'GTP_DFF' unit is dangling and will be cleaned.
W: Public-4008: Instance 'cmos2_8_16bit/pdata_o[4]' of 'GTP_DFF' unit is dangling and will be cleaned.
W: Public-4008: Instance 'cmos2_8_16bit/pdata_o[5]' of 'GTP_DFF' unit is dangling and will be cleaned.
W: Public-4008: Instance 'cmos2_8_16bit/pdata_o[6]' of 'GTP_DFF' unit is dangling and will be cleaned.
W: Public-4008: Instance 'cmos2_8_16bit/pdata_o[7]' of 'GTP_DFF' unit is dangling and will be cleaned.
W: Public-4008: Instance 'cmos2_8_16bit/pdata_o[8]' of 'GTP_DFF' unit is dangling and will be cleaned.
W: Public-4008: Instance 'cmos2_8_16bit/pdata_o[9]' of 'GTP_DFF' unit is dangling and will be cleaned.
W: Public-4008: Instance 'cmos2_8_16bit/pdata_o[10]' of 'GTP_DFF' unit is dangling and will be cleaned.
W: Public-4008: Instance 'cmos2_8_16bit/pdata_o[11]' of 'GTP_DFF' unit is dangling and will be cleaned.
W: Public-4008: Instance 'cmos2_8_16bit/pdata_o[12]' of 'GTP_DFF' unit is dangling and will be cleaned.
W: Public-4008: Instance 'cmos2_8_16bit/pdata_o[13]' of 'GTP_DFF' unit is dangling and will be cleaned.
W: Public-4008: Instance 'cmos2_8_16bit/pdata_o[14]' of 'GTP_DFF' unit is dangling and will be cleaned.
W: Public-4008: Instance 'cmos2_8_16bit/pdata_o[15]' of 'GTP_DFF' unit is dangling and will be cleaned.
W: Public-4008: Instance 'cmos2_8_16bit/pdata_out1[0]' of 'GTP_DFF_RE' unit is dangling and will be cleaned.
W: Public-4008: Instance 'cmos2_8_16bit/pdata_out1[1]' of 'GTP_DFF_RE' unit is dangling and will be cleaned.
W: Public-4008: Instance 'cmos2_8_16bit/pdata_out1[2]' of 'GTP_DFF_RE' unit is dangling and will be cleaned.
W: Public-4008: Instance 'cmos2_8_16bit/pdata_out1[3]' of 'GTP_DFF_RE' unit is dangling and will be cleaned.
W: Public-4008: Instance 'cmos2_8_16bit/pdata_out1[4]' of 'GTP_DFF_RE' unit is dangling and will be cleaned.
W: Public-4008: Instance 'cmos2_8_16bit/pdata_out1[5]' of 'GTP_DFF_RE' unit is dangling and will be cleaned.
W: Public-4008: Instance 'cmos2_8_16bit/pdata_out1[6]' of 'GTP_DFF_RE' unit is dangling and will be cleaned.
W: Public-4008: Instance 'cmos2_8_16bit/pdata_out1[7]' of 'GTP_DFF_RE' unit is dangling and will be cleaned.
W: Public-4008: Instance 'cmos2_8_16bit/pdata_out1[8]' of 'GTP_DFF_RE' unit is dangling and will be cleaned.
W: Public-4008: Instance 'cmos2_8_16bit/pdata_out1[9]' of 'GTP_DFF_RE' unit is dangling and will be cleaned.
W: Public-4008: Instance 'cmos2_8_16bit/pdata_out1[10]' of 'GTP_DFF_RE' unit is dangling and will be cleaned.
W: Public-4008: Instance 'cmos2_8_16bit/pdata_out1[11]' of 'GTP_DFF_RE' unit is dangling and will be cleaned.
W: Public-4008: Instance 'cmos2_8_16bit/pdata_out1[12]' of 'GTP_DFF_RE' unit is dangling and will be cleaned.
W: Public-4008: Instance 'cmos2_8_16bit/pdata_out1[13]' of 'GTP_DFF_RE' unit is dangling and will be cleaned.
W: Public-4008: Instance 'cmos2_8_16bit/pdata_out1[14]' of 'GTP_DFF_RE' unit is dangling and will be cleaned.
W: Public-4008: Instance 'cmos2_8_16bit/pdata_out1[15]' of 'GTP_DFF_RE' unit is dangling and will be cleaned.
W: Public-4008: Instance 'cmos2_8_16bit/pdata_out2[0]' of 'GTP_DFF' unit is dangling and will be cleaned.
W: Public-4008: Instance 'cmos2_8_16bit/pdata_out2[1]' of 'GTP_DFF' unit is dangling and will be cleaned.
W: Public-4008: Instance 'cmos2_8_16bit/pdata_out2[2]' of 'GTP_DFF' unit is dangling and will be cleaned.
W: Public-4008: Instance 'cmos2_8_16bit/pdata_out2[3]' of 'GTP_DFF' unit is dangling and will be cleaned.
W: Public-4008: Instance 'cmos2_8_16bit/pdata_out2[4]' of 'GTP_DFF' unit is dangling and will be cleaned.
W: Public-4008: Instance 'cmos2_8_16bit/pdata_out2[5]' of 'GTP_DFF' unit is dangling and will be cleaned.
W: Public-4008: Instance 'cmos2_8_16bit/pdata_out2[6]' of 'GTP_DFF' unit is dangling and will be cleaned.
W: Public-4008: Instance 'cmos2_8_16bit/pdata_out2[7]' of 'GTP_DFF' unit is dangling and will be cleaned.
W: Public-4008: Instance 'cmos2_8_16bit/pdata_out2[8]' of 'GTP_DFF' unit is dangling and will be cleaned.
W: Public-4008: Instance 'cmos2_8_16bit/pdata_out2[9]' of 'GTP_DFF' unit is dangling and will be cleaned.
W: Public-4008: Instance 'cmos2_8_16bit/pdata_out2[10]' of 'GTP_DFF' unit is dangling and will be cleaned.
W: Public-4008: Instance 'cmos2_8_16bit/pdata_out2[11]' of 'GTP_DFF' unit is dangling and will be cleaned.
W: Public-4008: Instance 'cmos2_8_16bit/pdata_out2[12]' of 'GTP_DFF' unit is dangling and will be cleaned.
W: Public-4008: Instance 'cmos2_8_16bit/pdata_out2[13]' of 'GTP_DFF' unit is dangling and will be cleaned.
W: Public-4008: Instance 'cmos2_8_16bit/pdata_out2[14]' of 'GTP_DFF' unit is dangling and will be cleaned.
W: Public-4008: Instance 'cmos2_8_16bit/pdata_out2[15]' of 'GTP_DFF' unit is dangling and will be cleaned.
W: Public-4008: Instance 'cmos2_8_16bit/pdata_out3[0]' of 'GTP_DFF' unit is dangling and will be cleaned.
W: Public-4008: Instance 'cmos2_8_16bit/pdata_out3[1]' of 'GTP_DFF' unit is dangling and will be cleaned.
W: Public-4008: Instance 'cmos2_8_16bit/pdata_out3[2]' of 'GTP_DFF' unit is dangling and will be cleaned.
W: Public-4008: Instance 'cmos2_8_16bit/pdata_out3[3]' of 'GTP_DFF' unit is dangling and will be cleaned.
W: Public-4008: Instance 'cmos2_8_16bit/pdata_out3[4]' of 'GTP_DFF' unit is dangling and will be cleaned.
W: Public-4008: Instance 'cmos2_8_16bit/pdata_out3[5]' of 'GTP_DFF' unit is dangling and will be cleaned.
W: Public-4008: Instance 'cmos2_8_16bit/pdata_out3[6]' of 'GTP_DFF' unit is dangling and will be cleaned.
W: Public-4008: Instance 'cmos2_8_16bit/pdata_out3[7]' of 'GTP_DFF' unit is dangling and will be cleaned.
W: Public-4008: Instance 'cmos2_8_16bit/pdata_out3[8]' of 'GTP_DFF' unit is dangling and will be cleaned.
W: Public-4008: Instance 'cmos2_8_16bit/pdata_out3[9]' of 'GTP_DFF' unit is dangling and will be cleaned.
W: Public-4008: Instance 'cmos2_8_16bit/pdata_out3[10]' of 'GTP_DFF' unit is dangling and will be cleaned.
W: Public-4008: Instance 'cmos2_8_16bit/pdata_out3[11]' of 'GTP_DFF' unit is dangling and will be cleaned.
W: Public-4008: Instance 'cmos2_8_16bit/pdata_out3[12]' of 'GTP_DFF' unit is dangling and will be cleaned.
W: Public-4008: Instance 'cmos2_8_16bit/pdata_out3[13]' of 'GTP_DFF' unit is dangling and will be cleaned.
W: Public-4008: Instance 'cmos2_8_16bit/pdata_out3[14]' of 'GTP_DFF' unit is dangling and will be cleaned.
W: Public-4008: Instance 'cmos2_8_16bit/pdata_out3[15]' of 'GTP_DFF' unit is dangling and will be cleaned.
W: Public-4008: Instance 'cmos2_8_16bit/vs_i_reg' of 'GTP_DFF' unit is dangling and will be cleaned.
W: Public-4008: Instance 'ms72xx_ctl/U1_ms7200_ctl/freq_rec[0]' of 'GTP_DFF_RE' unit is dangling and will be cleaned.
W: Public-4008: Instance 'ms72xx_ctl/U1_ms7200_ctl/freq_rec[1]' of 'GTP_DFF_RE' unit is dangling and will be cleaned.
W: Public-4008: Instance 'ms72xx_ctl/U1_ms7200_ctl/freq_rec_1d[0]' of 'GTP_DFF' unit is dangling and will be cleaned.
W: Public-4008: Instance 'ms72xx_ctl/U1_ms7200_ctl/freq_rec_1d[1]' of 'GTP_DFF' unit is dangling and will be cleaned.
W: Public-4008: Instance 'ms72xx_ctl/U1_ms7200_ctl/freq_rec_1d[2]' of 'GTP_DFF' unit is dangling and will be cleaned.
W: Public-4008: Instance 'ms72xx_ctl/U1_ms7200_ctl/freq_rec_1d[3]' of 'GTP_DFF' unit is dangling and will be cleaned.
W: Public-4008: Instance 'ms72xx_ctl/U1_ms7200_ctl/freq_rec_1d[4]' of 'GTP_DFF' unit is dangling and will be cleaned.
W: Public-4008: Instance 'ms72xx_ctl/U1_ms7200_ctl/freq_rec_1d[5]' of 'GTP_DFF' unit is dangling and will be cleaned.
W: Public-4008: Instance 'ms72xx_ctl/U1_ms7200_ctl/freq_rec_1d[6]' of 'GTP_DFF' unit is dangling and will be cleaned.
W: Public-4008: Instance 'ms72xx_ctl/U1_ms7200_ctl/freq_rec_1d[7]' of 'GTP_DFF' unit is dangling and will be cleaned.
W: Public-4008: Instance 'ms72xx_ctl/U1_ms7200_ctl/freq_rec_1d[8]' of 'GTP_DFF' unit is dangling and will be cleaned.
W: Public-4008: Instance 'ms72xx_ctl/U1_ms7200_ctl/freq_rec_1d[9]' of 'GTP_DFF' unit is dangling and will be cleaned.
W: Public-4008: Instance 'ms72xx_ctl/U1_ms7200_ctl/freq_rec_1d[10]' of 'GTP_DFF' unit is dangling and will be cleaned.
W: Public-4008: Instance 'ms72xx_ctl/U1_ms7200_ctl/freq_rec_1d[11]' of 'GTP_DFF' unit is dangling and will be cleaned.
W: Public-4008: Instance 'ms72xx_ctl/U1_ms7200_ctl/freq_rec_1d[12]' of 'GTP_DFF' unit is dangling and will be cleaned.
W: Public-4008: Instance 'ms72xx_ctl/U1_ms7200_ctl/freq_rec_1d[13]' of 'GTP_DFF' unit is dangling and will be cleaned.
W: Public-4008: Instance 'ms72xx_ctl/U1_ms7200_ctl/freq_rec_1d[14]' of 'GTP_DFF' unit is dangling and will be cleaned.
W: Public-4008: Instance 'ms72xx_ctl/U1_ms7200_ctl/freq_rec_1d[15]' of 'GTP_DFF' unit is dangling and will be cleaned.
W: Public-4008: Instance 'ms72xx_ctl/U1_ms7200_ctl/freq_rec_1d[18]' of 'GTP_DFF' unit is dangling and will be cleaned.
W: Public-4008: Instance 'ms72xx_ctl/U1_ms7200_ctl/freq_rec_1d[19]' of 'GTP_DFF' unit is dangling and will be cleaned.
W: Public-4008: Instance 'ms72xx_ctl/U1_ms7200_ctl/freq_rec_1d[20]' of 'GTP_DFF' unit is dangling and will be cleaned.
W: Public-4008: Instance 'ms72xx_ctl/U1_ms7200_ctl/freq_rec_1d[21]' of 'GTP_DFF' unit is dangling and will be cleaned.
W: Public-4008: Instance 'ms72xx_ctl/U1_ms7200_ctl/freq_rec_1d[22]' of 'GTP_DFF' unit is dangling and will be cleaned.
W: Public-4008: Instance 'ms72xx_ctl/U1_ms7200_ctl/freq_rec_1d[23]' of 'GTP_DFF' unit is dangling and will be cleaned.
W: Public-4008: Instance 'ms72xx_ctl/U1_ms7200_ctl/freq_rec_1d[24]' of 'GTP_DFF' unit is dangling and will be cleaned.
W: Public-4008: Instance 'ms72xx_ctl/U1_ms7200_ctl/freq_rec_1d[25]' of 'GTP_DFF' unit is dangling and will be cleaned.
W: Public-4008: Instance 'ms72xx_ctl/U1_ms7200_ctl/freq_rec_1d[26]' of 'GTP_DFF' unit is dangling and will be cleaned.
W: Public-4008: Instance 'ms72xx_ctl/U1_ms7200_ctl/freq_rec_1d[27]' of 'GTP_DFF' unit is dangling and will be cleaned.
W: Public-4008: Instance 'ms72xx_ctl/U1_ms7200_ctl/freq_rec_1d[28]' of 'GTP_DFF' unit is dangling and will be cleaned.
W: Public-4008: Instance 'ms72xx_ctl/U1_ms7200_ctl/freq_rec_1d[29]' of 'GTP_DFF' unit is dangling and will be cleaned.
W: Public-4008: Instance 'ms72xx_ctl/U1_ms7200_ctl/freq_rec_1d[30]' of 'GTP_DFF' unit is dangling and will be cleaned.
W: Public-4008: Instance 'ms72xx_ctl/U1_ms7200_ctl/freq_rec_1d[31]' of 'GTP_DFF' unit is dangling and will be cleaned.
W: Public-4008: Instance 'ms72xx_ctl/U1_ms7200_ctl/freq_rec[2]' of 'GTP_DFF_RE' unit is dangling and will be cleaned.
W: Public-4008: Instance 'ms72xx_ctl/U1_ms7200_ctl/freq_rec_2d[0]' of 'GTP_DFF_E' unit is dangling and will be cleaned.
W: Public-4008: Instance 'ms72xx_ctl/U1_ms7200_ctl/freq_rec_2d[1]' of 'GTP_DFF_E' unit is dangling and will be cleaned.
W: Public-4008: Instance 'ms72xx_ctl/U1_ms7200_ctl/freq_rec_2d[2]' of 'GTP_DFF_E' unit is dangling and will be cleaned.
W: Public-4008: Instance 'ms72xx_ctl/U1_ms7200_ctl/freq_rec_2d[3]' of 'GTP_DFF_E' unit is dangling and will be cleaned.
W: Public-4008: Instance 'ms72xx_ctl/U1_ms7200_ctl/freq_rec_2d[4]' of 'GTP_DFF_E' unit is dangling and will be cleaned.
W: Public-4008: Instance 'ms72xx_ctl/U1_ms7200_ctl/freq_rec_2d[5]' of 'GTP_DFF_E' unit is dangling and will be cleaned.
W: Public-4008: Instance 'ms72xx_ctl/U1_ms7200_ctl/freq_rec_2d[6]' of 'GTP_DFF_E' unit is dangling and will be cleaned.
W: Public-4008: Instance 'ms72xx_ctl/U1_ms7200_ctl/freq_rec_2d[7]' of 'GTP_DFF_E' unit is dangling and will be cleaned.
W: Public-4008: Instance 'ms72xx_ctl/U1_ms7200_ctl/freq_rec_2d[8]' of 'GTP_DFF_E' unit is dangling and will be cleaned.
W: Public-4008: Instance 'ms72xx_ctl/U1_ms7200_ctl/freq_rec_2d[9]' of 'GTP_DFF_E' unit is dangling and will be cleaned.
W: Public-4008: Instance 'ms72xx_ctl/U1_ms7200_ctl/freq_rec_2d[10]' of 'GTP_DFF_E' unit is dangling and will be cleaned.
W: Public-4008: Instance 'ms72xx_ctl/U1_ms7200_ctl/freq_rec_2d[11]' of 'GTP_DFF_E' unit is dangling and will be cleaned.
W: Public-4008: Instance 'ms72xx_ctl/U1_ms7200_ctl/freq_rec_2d[12]' of 'GTP_DFF_E' unit is dangling and will be cleaned.
W: Public-4008: Instance 'ms72xx_ctl/U1_ms7200_ctl/freq_rec_2d[13]' of 'GTP_DFF_E' unit is dangling and will be cleaned.
W: Public-4008: Instance 'ms72xx_ctl/U1_ms7200_ctl/freq_rec_2d[14]' of 'GTP_DFF_E' unit is dangling and will be cleaned.
W: Public-4008: Instance 'ms72xx_ctl/U1_ms7200_ctl/freq_rec_2d[15]' of 'GTP_DFF_E' unit is dangling and will be cleaned.
W: Public-4008: Instance 'ms72xx_ctl/U1_ms7200_ctl/freq_rec_2d[18]' of 'GTP_DFF_E' unit is dangling and will be cleaned.
W: Public-4008: Instance 'ms72xx_ctl/U1_ms7200_ctl/freq_rec_2d[19]' of 'GTP_DFF_E' unit is dangling and will be cleaned.
W: Public-4008: Instance 'ms72xx_ctl/U1_ms7200_ctl/freq_rec_2d[20]' of 'GTP_DFF_E' unit is dangling and will be cleaned.
W: Public-4008: Instance 'ms72xx_ctl/U1_ms7200_ctl/freq_rec_2d[21]' of 'GTP_DFF_E' unit is dangling and will be cleaned.
W: Public-4008: Instance 'ms72xx_ctl/U1_ms7200_ctl/freq_rec_2d[22]' of 'GTP_DFF_E' unit is dangling and will be cleaned.
W: Public-4008: Instance 'ms72xx_ctl/U1_ms7200_ctl/freq_rec_2d[23]' of 'GTP_DFF_E' unit is dangling and will be cleaned.
W: Public-4008: Instance 'ms72xx_ctl/U1_ms7200_ctl/freq_rec_2d[24]' of 'GTP_DFF_E' unit is dangling and will be cleaned.
W: Public-4008: Instance 'ms72xx_ctl/U1_ms7200_ctl/freq_rec_2d[25]' of 'GTP_DFF_E' unit is dangling and will be cleaned.
W: Public-4008: Instance 'ms72xx_ctl/U1_ms7200_ctl/freq_rec_2d[26]' of 'GTP_DFF_E' unit is dangling and will be cleaned.
W: Public-4008: Instance 'ms72xx_ctl/U1_ms7200_ctl/freq_rec_2d[27]' of 'GTP_DFF_E' unit is dangling and will be cleaned.
W: Public-4008: Instance 'ms72xx_ctl/U1_ms7200_ctl/freq_rec_2d[28]' of 'GTP_DFF_E' unit is dangling and will be cleaned.
W: Public-4008: Instance 'ms72xx_ctl/U1_ms7200_ctl/freq_rec_2d[29]' of 'GTP_DFF_E' unit is dangling and will be cleaned.
W: Public-4008: Instance 'ms72xx_ctl/U1_ms7200_ctl/freq_rec_2d[30]' of 'GTP_DFF_E' unit is dangling and will be cleaned.
W: Public-4008: Instance 'ms72xx_ctl/U1_ms7200_ctl/freq_rec_2d[31]' of 'GTP_DFF_E' unit is dangling and will be cleaned.
W: Public-4008: Instance 'ms72xx_ctl/U1_ms7200_ctl/freq_rec[3]' of 'GTP_DFF_RE' unit is dangling and will be cleaned.
W: Public-4008: Instance 'ms72xx_ctl/U1_ms7200_ctl/freq_rec[4]' of 'GTP_DFF_RE' unit is dangling and will be cleaned.
W: Public-4008: Instance 'ms72xx_ctl/U1_ms7200_ctl/freq_rec[5]' of 'GTP_DFF_RE' unit is dangling and will be cleaned.
W: Public-4008: Instance 'ms72xx_ctl/U1_ms7200_ctl/freq_rec[6]' of 'GTP_DFF_RE' unit is dangling and will be cleaned.
W: Public-4008: Instance 'ms72xx_ctl/U1_ms7200_ctl/freq_rec[7]' of 'GTP_DFF_RE' unit is dangling and will be cleaned.
W: Public-4008: Instance 'ms72xx_ctl/U1_ms7200_ctl/freq_rec[8]' of 'GTP_DFF_RE' unit is dangling and will be cleaned.
W: Public-4008: Instance 'ms72xx_ctl/U1_ms7200_ctl/freq_rec[9]' of 'GTP_DFF_RE' unit is dangling and will be cleaned.
W: Public-4008: Instance 'ms72xx_ctl/U1_ms7200_ctl/freq_rec[10]' of 'GTP_DFF_RE' unit is dangling and will be cleaned.
W: Public-4008: Instance 'ms72xx_ctl/U1_ms7200_ctl/freq_rec[11]' of 'GTP_DFF_RE' unit is dangling and will be cleaned.
W: Public-4008: Instance 'ms72xx_ctl/U1_ms7200_ctl/freq_rec[12]' of 'GTP_DFF_RE' unit is dangling and will be cleaned.
W: Public-4008: Instance 'ms72xx_ctl/U1_ms7200_ctl/freq_rec[13]' of 'GTP_DFF_RE' unit is dangling and will be cleaned.
W: Public-4008: Instance 'ms72xx_ctl/U1_ms7200_ctl/freq_rec[14]' of 'GTP_DFF_RE' unit is dangling and will be cleaned.
W: Public-4008: Instance 'ms72xx_ctl/U1_ms7200_ctl/freq_rec[15]' of 'GTP_DFF_RE' unit is dangling and will be cleaned.
W: Public-4008: Instance 'ms72xx_ctl/U1_ms7200_ctl/freq_rec[18]' of 'GTP_DFF_RE' unit is dangling and will be cleaned.
W: Public-4008: Instance 'ms72xx_ctl/U1_ms7200_ctl/freq_rec[19]' of 'GTP_DFF_RE' unit is dangling and will be cleaned.
W: Public-4008: Instance 'ms72xx_ctl/U1_ms7200_ctl/freq_rec[20]' of 'GTP_DFF_RE' unit is dangling and will be cleaned.
W: Public-4008: Instance 'ms72xx_ctl/U1_ms7200_ctl/freq_rec[21]' of 'GTP_DFF_RE' unit is dangling and will be cleaned.
W: Public-4008: Instance 'ms72xx_ctl/U1_ms7200_ctl/freq_rec[22]' of 'GTP_DFF_RE' unit is dangling and will be cleaned.
W: Public-4008: Instance 'ms72xx_ctl/U1_ms7200_ctl/freq_rec[23]' of 'GTP_DFF_RE' unit is dangling and will be cleaned.
W: Public-4008: Instance 'ms72xx_ctl/U1_ms7200_ctl/freq_rec[24]' of 'GTP_DFF_RE' unit is dangling and will be cleaned.
W: Public-4008: Instance 'ms72xx_ctl/U1_ms7200_ctl/freq_rec[25]' of 'GTP_DFF_RE' unit is dangling and will be cleaned.
W: Public-4008: Instance 'ms72xx_ctl/U1_ms7200_ctl/freq_rec[26]' of 'GTP_DFF_RE' unit is dangling and will be cleaned.
W: Public-4008: Instance 'ms72xx_ctl/U1_ms7200_ctl/freq_rec[27]' of 'GTP_DFF_RE' unit is dangling and will be cleaned.
W: Public-4008: Instance 'ms72xx_ctl/U1_ms7200_ctl/freq_rec[28]' of 'GTP_DFF_RE' unit is dangling and will be cleaned.
W: Public-4008: Instance 'ms72xx_ctl/U1_ms7200_ctl/freq_rec[29]' of 'GTP_DFF_RE' unit is dangling and will be cleaned.
W: Public-4008: Instance 'ms72xx_ctl/U1_ms7200_ctl/freq_rec[30]' of 'GTP_DFF_RE' unit is dangling and will be cleaned.
W: Public-4008: Instance 'ms72xx_ctl/U1_ms7200_ctl/freq_rec[31]' of 'GTP_DFF_RE' unit is dangling and will be cleaned.
Checking design netlist.
Processing tech operator.
I: The instance clkbufg_3(GTP_CLKBUFG) has been inserted on the net pclk_div2 in design, driver pin P_TCLK2FABRIC(instance u_ips2l_pcie_wrap/U_IPS2L_PCIE_TOP/U_IPS2L_HSSTLP_PCIE_SOFT_PHY/x2.GTP_HSST_2LANE_TOP/U_GTP_HSSTLP_WRAPPER/CHANNEL0_ENABLE.U_GTP_HSSTLP_LANE0) -> load pin CLK(instance ch0_rframe_req).
I: The instance clkbufg_4(GTP_CLKBUFG) has been inserted on the net nt_pixclk_in in design, driver pin O(instance pixclk_in_ibuf) -> load pin CLK(instance b_in_d0[0]).
I: The instance clkbufg_5(GTP_CLKBUFG) has been inserted on the net u_CORES/drck_o in design, driver pin TCK_USER(instance u_CORES/u_GTP_SCANCHAIN_PG) -> load pin CLK(instance u_CORES/u_debug_core_0/u0_trig_unit/conf_reg[0]).
I: The instance clkbufg_6(GTP_CLKBUFG) has been inserted on the net pclk in design, driver pin P_TCLK2FABRIC(instance u_ips2l_pcie_wrap/U_IPS2L_PCIE_TOP/U_IPS2L_HSSTLP_PCIE_SOFT_PHY/x2.GTP_HSST_2LANE_TOP/U_GTP_HSSTLP_WRAPPER/CHANNEL1_ENABLE.U_GTP_HSSTLP_LANE1) -> load pin CLK(instance pclk_led).
I: The instance clkbufg_7(GTP_CLKBUFG) has been inserted on the net clk_10m in design, driver pin CLKOUT0(instance pll_inst/u_gpll) -> load pin CLKA(instance ms72xx_ctl/U1_ms7200_ctl/N1219_3_concat_3).
I: The instance clkbufg_8(GTP_CLKBUFG) has been inserted on the net clk_50m in design, driver pin CLKOUT2(instance pll_inst/u_gpll) -> load pin CLK(instance coms1_reg_config/clock_20k).
Converting tech operator to gate operator.
Processing gate operator.
I: Infer CARRY group, base inst: N20_0_1/gateop, insts:13.
I: Infer CARRY group, base inst: N40_0_1/gateop, insts:12.
I: Infer CARRY group, base inst: N46_0_1/gateop, insts:12.
I: Infer CARRY group, base inst: N85_0_1/gateop, insts:24.
I: Infer CARRY group, base inst: N161_0_1/gateop, insts:22.
I: Infer CARRY group, base inst: N173_0_1/gateop, insts:26.
I: Infer CARRY group, base inst: N245_0_1/gateop, insts:11.
I: Infer CARRY group, base inst: coms1_reg_config/N11_2_1/gateop, insts:10.
I: Infer CARRY group, base inst: power_on_delay_inst/N5_1_1/gateop, insts:18.
I: Infer CARRY group, base inst: power_on_delay_inst/N15_mux15_11/gateop, insts:2.
I: Infer CARRY group, base inst: power_on_delay_inst/N17_1_1/gateop, insts:15.
I: Infer CARRY group, base inst: u_axi4_ctrl/N85_1_1/gateop, insts:13.
I: Infer CARRY group, base inst: u_axi4_ctrl/N220_1_1/gateop, insts:13.
I: Infer CARRY group, base inst: u_refclk_perstn_debounce/N15_1_1/gateop, insts:15.
I: Infer CARRY group, base inst: ms72xx_ctl/U1_ms7200_ctl/N37/gateop, insts:2.
I: Infer CARRY group, base inst: ms72xx_ctl/U1_ms7200_ctl/N40_7/gateop, insts:2.
I: Infer CARRY group, base inst: ms72xx_ctl/U1_ms7200_ctl/N1339_1/gateop, insts:2.
I: Infer CARRY group, base inst: ms72xx_ctl/U1_ms7200_ctl/N1388/gateop, insts:2.
I: Infer CARRY group, base inst: ms72xx_ctl/U1_ms7200_ctl/N1879_6/gateop, insts:3.
I: Infer CARRY group, base inst: ms72xx_ctl/U1_ms7200_ctl/N1954_1_or[1]_2/gateop, insts:2.
I: Infer CARRY group, base inst: ms72xx_ctl/iic_dri/N310_7/gateop, insts:2.
I: Infer CARRY group, base inst: ms72xx_ctl/iic_dri/N316_3/gateop, insts:2.
I: Infer CARRY group, base inst: ms72xx_ctl/iic_dri/N461_8_or[0]_3/gateop, insts:2.
I: Infer CARRY group, base inst: u_ips2l_pcie_dma/u_ips2l_pcie_dma_controller/N124_1_1/gateop, insts:9.
I: Infer CARRY group, base inst: u_ips2l_pcie_dma/u_ips2l_pcie_dma_controller/N235_1_1/gateop, insts:11.
I: Infer CARRY group, base inst: I_ips_ddr_top/u_ddrphy_top/ddrphy_cpd_ctrl/N166_1_1/gateop, insts:9.
I: Infer CARRY group, base inst: I_ips_ddr_top/u_ddrphy_top/ddrphy_dll_update_ctrl/N64_1_1/gateop, insts:18.
I: Infer CARRY group, base inst: I_ips_ddr_top/u_ddrphy_top/ddrphy_dll_update_ctrl/N103/gateop, insts:2.
I: Infer CARRY group, base inst: I_ips_ddr_top/u_ddrphy_top/ddrphy_reset_ctrl/N250_10/gateop, insts:2.
I: Infer CARRY group, base inst: I_ips_ddr_top/u_ddrphy_top/u_ips2l_ddrphy_rst_clk_phase_adj/N81_1_1/gateop, insts:9.
I: Infer CARRY group, base inst: I_ips_ddr_top/u_ips_ddrc_top/mcdq_ui_axi/N185.eq_0/gateop, insts:7.
I: Infer CARRY group, base inst: u_CORES/u_debug_core_0/u_Storage_Condition/N299_1_1/gateop, insts:12.
I: Infer CARRY group, base inst: u_CORES/u_debug_core_0/u_Storage_Condition/N318_1.fsub_1/gateop, insts:12.
I: Infer CARRY group, base inst: u_CORES/u_debug_core_0/u_Storage_Condition/N351_1_1/gateop, insts:12.
I: Infer CARRY group, base inst: u_CORES/u_debug_core_0/u_Storage_Condition/N360_1_1/gateop, insts:12.
I: Infer CARRY group, base inst: u_CORES/u_debug_core_0/u_rd_addr_gen/N38_1_1/gateop, insts:12.
I: Infer CARRY group, base inst: u_ips2l_pcie_dma/u_ips2l_pcie_dma_tx_top/u_ips2l_pcie_dma_cpld_tx_ctrl/N49_1_1/gateop, insts:14.
I: Infer CARRY group, base inst: u_ips2l_pcie_dma/u_ips2l_pcie_dma_tx_top/u_ips2l_pcie_dma_cpld_tx_ctrl/N63.fsub_0/gateop, insts:11.
I: Infer CARRY group, base inst: u_ips2l_pcie_dma/u_ips2l_pcie_dma_tx_top/u_ips2l_pcie_dma_cpld_tx_ctrl/N71.lt_0/gateop, insts:4.
I: Infer CARRY group, base inst: u_ips2l_pcie_dma/u_ips2l_pcie_dma_tx_top/u_ips2l_pcie_dma_cpld_tx_ctrl/N78_1.fsub_0/gateop, insts:9.
I: Infer CARRY group, base inst: u_ips2l_pcie_dma/u_ips2l_pcie_dma_tx_top/u_ips2l_pcie_dma_cpld_tx_ctrl/N83.lt_0/gateop, insts:4.
I: Infer CARRY group, base inst: u_ips2l_pcie_dma/u_ips2l_pcie_dma_tx_top/u_ips2l_pcie_dma_cpld_tx_ctrl/N92_5.fsub_1/gateop, insts:9.
I: Infer CARRY group, base inst: u_ips2l_pcie_dma/u_ips2l_pcie_dma_tx_top/u_ips2l_pcie_dma_cpld_tx_ctrl/N93_6[0]/gateop, insts:2.
I: Infer CARRY group, base inst: u_ips2l_pcie_dma/u_ips2l_pcie_dma_tx_top/u_ips2l_pcie_dma_cpld_tx_ctrl/N93_6[1]/gateop, insts:2.
I: Infer CARRY group, base inst: u_ips2l_pcie_dma/u_ips2l_pcie_dma_tx_top/u_ips2l_pcie_dma_mrd_tx_ctrl/N26.lt_0/gateop, insts:4.
I: Infer CARRY group, base inst: u_ips2l_pcie_dma/u_ips2l_pcie_dma_tx_top/u_ips2l_pcie_dma_mrd_tx_ctrl/N29_1.fsub_0/gateop, insts:9.
I: Infer CARRY group, base inst: u_ips2l_pcie_dma/u_ips2l_pcie_dma_tx_top/u_ips2l_pcie_dma_mrd_tx_ctrl/N43.lt_0/gateop, insts:4.
I: Infer CARRY group, base inst: u_ips2l_pcie_dma/u_ips2l_pcie_dma_tx_top/u_ips2l_pcie_dma_mrd_tx_ctrl/N56_1_1/gateop, insts:60.
I: Infer CARRY group, base inst: u_ips2l_pcie_dma/u_ips2l_pcie_dma_tx_top/u_ips2l_pcie_dma_mwr_tx_ctrl/N29.lt_0/gateop, insts:4.
I: Infer CARRY group, base inst: u_ips2l_pcie_dma/u_ips2l_pcie_dma_tx_top/u_ips2l_pcie_dma_mwr_tx_ctrl/N35_1.fsub_1/gateop, insts:8.
I: Infer CARRY group, base inst: u_ips2l_pcie_dma/u_ips2l_pcie_dma_tx_top/u_ips2l_pcie_dma_mwr_tx_ctrl/N60_1_0/gateop, insts:61.
I: Infer CARRY group, base inst: u_ips2l_pcie_dma/u_ips2l_pcie_dma_tx_top/u_ips2l_pcie_dma_tx_mwr_rd_ctrl/N37_3_0/gateop, insts:12.
I: Infer CARRY group, base inst: I_ips_ddr_top/u_ddrphy_top/ddrphy_calib_top/ddrphy_init/N4_1_1/gateop, insts:19.
I: Infer CARRY group, base inst: I_ips_ddr_top/u_ddrphy_top/ddrphy_calib_top/ddrphy_init/N24_1_1/gateop, insts:19.
I: Infer CARRY group, base inst: I_ips_ddr_top/u_ddrphy_top/ddrphy_calib_top/ddrphy_init/N116_1_1/gateop, insts:9.
I: Infer CARRY group, base inst: I_ips_ddr_top/u_ddrphy_top/ddrphy_calib_top/ddrphy_wrcal/N30_1_1/gateop, insts:17.
I: Infer CARRY group, base inst: I_ips_ddr_top/u_ddrphy_top/ddrphy_reset_ctrl/ddrphy_pll_lock_debounce/N11_1_1/gateop, insts:18.
I: Infer CARRY group, base inst: I_ips_ddr_top/u_ddrphy_top/ddrphy_reset_ctrl/ddrphy_pll_lock_debounce/N43_1/gateop, insts:2.
I: Infer CARRY group, base inst: I_ips_ddr_top/u_ips_ddrc_top/mcdq_dcd_top/mcdq_dcd_bm/N37_1_1/gateop, insts:12.
I: Infer CARRY group, base inst: u_axi4_ctrl/u_R_FIFO_128i_128o/U_ipm2l_fifo_R_FIFO_128i_128o/U_ipm2l_fifo_ctrl/N2_1/gateop, insts:11.
I: Infer CARRY group, base inst: u_axi4_ctrl/u_R_FIFO_128i_128o/U_ipm2l_fifo_R_FIFO_128i_128o/U_ipm2l_fifo_ctrl/N79_1/gateop, insts:11.
I: Infer CARRY group, base inst: u_axi4_ctrl/u_R_FIFO_128i_128o/U_ipm2l_fifo_R_FIFO_128i_128o/U_ipm2l_fifo_ctrl/N157.eq_0/gateop, insts:5.
I: Infer CARRY group, base inst: u_axi4_ctrl/u_R_FIFO_128i_128o/U_ipm2l_fifo_R_FIFO_128i_128o/U_ipm2l_fifo_ctrl/N160.eq_0/gateop, insts:6.
I: Infer CARRY group, base inst: u_axi4_ctrl/u_R_FIFO_128i_128o/U_ipm2l_fifo_R_FIFO_128i_128o/U_ipm2l_fifo_ctrl/N286_5.fsub_1/gateop, insts:11.
I: Infer CARRY group, base inst: u_axi4_ctrl/u_W_FIFO_16i_128o/U_ipm2l_fifo_W_FIFO_16i_128o/U_ipm2l_fifo_ctrl/N2_1/gateop, insts:14.
I: Infer CARRY group, base inst: u_axi4_ctrl/u_W_FIFO_16i_128o/U_ipm2l_fifo_W_FIFO_16i_128o/U_ipm2l_fifo_ctrl/N79_1/gateop, insts:11.
I: Infer CARRY group, base inst: u_axi4_ctrl/u_W_FIFO_16i_128o/U_ipm2l_fifo_W_FIFO_16i_128o/U_ipm2l_fifo_ctrl/N173.eq_0/gateop, insts:7.
I: Infer CARRY group, base inst: u_axi4_ctrl/u_W_FIFO_16i_128o/U_ipm2l_fifo_W_FIFO_16i_128o/U_ipm2l_fifo_ctrl/N176.eq_0/gateop, insts:6.
I: Infer CARRY group, base inst: u_axi4_ctrl/u_W_FIFO_16i_128o/U_ipm2l_fifo_W_FIFO_16i_128o/U_ipm2l_fifo_ctrl/N338_5.fsub_0/gateop, insts:12.
I: Infer CARRY group, base inst: u_ips2l_pcie_dma/u_ips2l_pcie_dma_rx_top/u_mwr_wr_ctrl/ips2l_pcie_dma_mwr_wr_ctrl/N133_1_0/gateop, insts:12.
I: Infer CARRY group, base inst: u_ips2l_pcie_dma/u_ips2l_pcie_dma_rx_top/u_mwr_wr_ctrl/ips2l_pcie_dma_mwr_wr_ctrl/N206_3_0/gateop, insts:10.
I: Infer CARRY group, base inst: u_ips2l_pcie_dma/u_ips2l_pcie_dma_tx_top/u_ips2l_pcie_dma_tx_cpld_rd_ctrl/u_ips2l_pcie_dma_cpld_rd_ctrl/N32_1_0/gateop, insts:12.
I: Infer CARRY group, base inst: u_ips2l_pcie_dma/u_ips2l_pcie_dma_tx_top/u_ips2l_pcie_dma_tx_cpld_rd_ctrl/u_ips2l_pcie_dma_cpld_rd_ctrl/N121_1_sum6_6/gateop, insts:2.
I: Infer CARRY group, base inst: u_ips2l_pcie_dma/u_ips2l_pcie_dma_tx_top/u_ips2l_pcie_dma_tx_cpld_rd_ctrl/u_ips2l_pcie_dma_cpld_rd_ctrl/N153_7_0/gateop, insts:12.
I: Infer CARRY group, base inst: u_ips2l_pcie_dma/u_ips2l_pcie_dma_tx_top/u_ips2l_pcie_dma_tx_cpld_rd_ctrl/u_ips2l_pcie_dma_cpld_rd_ctrl/N194_7/gateop, insts:2.
I: Infer CARRY group, base inst: u_ips2l_pcie_dma/u_ips2l_pcie_dma_tx_top/u_ips2l_pcie_dma_tx_mwr_rd_ctrl/u_ips2l_pcie_dma_mwr_rd_ctrl/N32_1_0/gateop, insts:12.
I: Infer CARRY group, base inst: u_ips2l_pcie_dma/u_ips2l_pcie_dma_tx_top/u_ips2l_pcie_dma_tx_mwr_rd_ctrl/u_ips2l_pcie_dma_mwr_rd_ctrl/N121_1_maj1_1/gateop, insts:2.
I: Infer CARRY group, base inst: u_ips2l_pcie_dma/u_ips2l_pcie_dma_tx_top/u_ips2l_pcie_dma_tx_mwr_rd_ctrl/u_ips2l_pcie_dma_mwr_rd_ctrl/N153_7_0/gateop, insts:12.
I: Infer CARRY group, base inst: I_ips_ddr_top/u_ddrphy_top/ddrphy_slice_top/i_dqs_group[0].ddrphy_data_slice/ddrphy_data_slice_wrcal/N196_1/gateop, insts:9.
I: Infer CARRY group, base inst: I_ips_ddr_top/u_ddrphy_top/ddrphy_slice_top/i_dqs_group[0].ddrphy_data_slice/ddrphy_data_slice_wrcal/N263_1_1/gateop, insts:9.
I: Infer CARRY group, base inst: I_ips_ddr_top/u_ddrphy_top/ddrphy_slice_top/i_dqs_group[0].ddrphy_data_slice/ddrphy_dqsi_rdel_cal/N277_1/gateop, insts:9.
I: Infer CARRY group, base inst: I_ips_ddr_top/u_ddrphy_top/ddrphy_slice_top/i_dqs_group[0].ddrphy_data_slice/ddrphy_dqsi_rdel_cal/N392_1/gateop, insts:9.
I: Infer CARRY group, base inst: I_ips_ddr_top/u_ddrphy_top/ddrphy_slice_top/i_dqs_group[0].ddrphy_data_slice/ddrphy_dqsi_rdel_cal/N415.lt_0/gateop, insts:4.
I: Infer CARRY group, base inst: I_ips_ddr_top/u_ddrphy_top/ddrphy_slice_top/i_dqs_group[0].ddrphy_data_slice/ddrphy_dqsi_rdel_cal/N875_7_0/gateop, insts:9.
I: Infer CARRY group, base inst: I_ips_ddr_top/u_ddrphy_top/ddrphy_slice_top/i_dqs_group[0].ddrphy_data_slice/ddrphy_dqsi_rdel_cal/N975_7_0/gateop, insts:9.
I: Infer CARRY group, base inst: I_ips_ddr_top/u_ddrphy_top/ddrphy_slice_top/i_dqs_group[1].ddrphy_data_slice/ddrphy_data_slice_wrcal/N196_1/gateop, insts:9.
I: Infer CARRY group, base inst: I_ips_ddr_top/u_ddrphy_top/ddrphy_slice_top/i_dqs_group[1].ddrphy_data_slice/ddrphy_data_slice_wrcal/N263_1_1/gateop, insts:9.
I: Infer CARRY group, base inst: I_ips_ddr_top/u_ddrphy_top/ddrphy_slice_top/i_dqs_group[1].ddrphy_data_slice/ddrphy_dqsi_rdel_cal/N277_1/gateop, insts:9.
I: Infer CARRY group, base inst: I_ips_ddr_top/u_ddrphy_top/ddrphy_slice_top/i_dqs_group[1].ddrphy_data_slice/ddrphy_dqsi_rdel_cal/N392_1/gateop, insts:9.
I: Infer CARRY group, base inst: I_ips_ddr_top/u_ddrphy_top/ddrphy_slice_top/i_dqs_group[1].ddrphy_data_slice/ddrphy_dqsi_rdel_cal/N415.lt_0/gateop, insts:4.
I: Infer CARRY group, base inst: I_ips_ddr_top/u_ddrphy_top/ddrphy_slice_top/i_dqs_group[1].ddrphy_data_slice/ddrphy_dqsi_rdel_cal/N875_7_0/gateop, insts:9.
I: Infer CARRY group, base inst: I_ips_ddr_top/u_ddrphy_top/ddrphy_slice_top/i_dqs_group[1].ddrphy_data_slice/ddrphy_dqsi_rdel_cal/N975_7_0/gateop, insts:9.
I: Infer CARRY group, base inst: I_ips_ddr_top/u_ips_ddrc_top/mcdq_dcp_top/mcdq_dcp_back_ctrl/timing_act_pass/N77_7_maj3/gateop, insts:2.
I: Infer CARRY group, base inst: u_ips2l_pcie_wrap/U_IPS2L_PCIE_TOP/U_IPS2L_HSSTLP_PCIE_SOFT_PHY/hsst_pciex4_rst/ext_rstn_debounce/N15_1_1/gateop, insts:15.
I: Infer CARRY group, base inst: I_ips_ddr_top/u_ddrphy_top/ddrphy_slice_top/i_dqs_group[0].ddrphy_data_slice/ddrphy_data_slice_dqs_gate_cal/ddrphy_gatecal/N40_14[0]/gateop, insts:2.
I: Infer CARRY group, base inst: I_ips_ddr_top/u_ddrphy_top/ddrphy_slice_top/i_dqs_group[0].ddrphy_data_slice/ddrphy_data_slice_dqs_gate_cal/ddrphy_gatecal/N40_16[2]_4/gateop, insts:2.
I: Infer CARRY group, base inst: I_ips_ddr_top/u_ddrphy_top/ddrphy_slice_top/i_dqs_group[0].ddrphy_data_slice/ddrphy_data_slice_dqs_gate_cal/ddrphy_gatecal/N220/gateop, insts:2.
I: Infer CARRY group, base inst: I_ips_ddr_top/u_ddrphy_top/ddrphy_slice_top/i_dqs_group[0].ddrphy_data_slice/ddrphy_data_slice_dqs_gate_cal/ddrphy_gatecal/N223_7_ac2/gateop, insts:2.
I: Infer CARRY group, base inst: I_ips_ddr_top/u_ddrphy_top/ddrphy_slice_top/i_dqs_group[0].ddrphy_data_slice/ddrphy_data_slice_dqs_gate_cal/ddrphy_gatecal/N245_7_0/gateop, insts:8.
I: Infer CARRY group, base inst: I_ips_ddr_top/u_ddrphy_top/ddrphy_slice_top/i_dqs_group[0].ddrphy_data_slice/ddrphy_data_slice_dqs_gate_cal/ddrphy_gatecal/gate_state_fsm[2:0]_27/gateop, insts:2.
I: Infer CARRY group, base inst: I_ips_ddr_top/u_ddrphy_top/ddrphy_slice_top/i_dqs_group[1].ddrphy_data_slice/ddrphy_data_slice_dqs_gate_cal/ddrphy_gatecal/N40_14[0]/gateop, insts:2.
I: Infer CARRY group, base inst: I_ips_ddr_top/u_ddrphy_top/ddrphy_slice_top/i_dqs_group[1].ddrphy_data_slice/ddrphy_data_slice_dqs_gate_cal/ddrphy_gatecal/N220/gateop, insts:2.
I: Infer CARRY group, base inst: I_ips_ddr_top/u_ddrphy_top/ddrphy_slice_top/i_dqs_group[1].ddrphy_data_slice/ddrphy_data_slice_dqs_gate_cal/ddrphy_gatecal/N223_7_ac2/gateop, insts:2.
I: Infer CARRY group, base inst: I_ips_ddr_top/u_ddrphy_top/ddrphy_slice_top/i_dqs_group[1].ddrphy_data_slice/ddrphy_data_slice_dqs_gate_cal/ddrphy_gatecal/N245_7_0/gateop, insts:8.
I: Infer CARRY group, base inst: u_ips2l_pcie_wrap/U_IPS2L_PCIE_TOP/U_IPS2L_HSSTLP_PCIE_SOFT_PHY/hsst_pciex4_rst/hsst_rx_rst_mcrsw/rx_rst_fsm_multi_sw_lane/N36_1_1/gateop, insts:15.
I: Infer CARRY group, base inst: u_ips2l_pcie_wrap/U_IPS2L_PCIE_TOP/U_IPS2L_HSSTLP_PCIE_SOFT_PHY/hsst_pciex4_rst/hsst_rx_rst_mcrsw/rx_rst_fsm_multi_sw_lane/N62_14/gateop, insts:2.
I: Infer CARRY group, base inst: u_ips2l_pcie_wrap/U_IPS2L_PCIE_TOP/U_IPS2L_HSSTLP_PCIE_SOFT_PHY/hsst_pciex4_rst/hsst_rx_rst_mcrsw/rx_rst_fsm_multi_sw_lane/N64_1_0/gateop, insts:10.
I: Infer CARRY group, base inst: u_ips2l_pcie_wrap/U_IPS2L_PCIE_TOP/U_IPS2L_HSSTLP_PCIE_SOFT_PHY/hsst_pciex4_rst/hsst_rx_rst_mcrsw/rx_rst_fsm_multi_sw_lane/N323_2/gateop, insts:2.
I: Infer CARRY group, base inst: u_ips2l_pcie_wrap/U_IPS2L_PCIE_TOP/U_IPS2L_HSSTLP_PCIE_SOFT_PHY/hsst_pciex4_rst/hsst_rx_rst_mcrsw/rx_rst_fsm_multi_sw_lane/main_done_fsm[3:0]_42/gateop, insts:2.
I: Infer CARRY group, base inst: u_ips2l_pcie_wrap/U_IPS2L_PCIE_TOP/U_IPS2L_HSSTLP_PCIE_SOFT_PHY/hsst_pciex4_rst/hsst_tx_rst_mcrsw/pll_lock_multi_sw_deb/N13_1_1/gateop, insts:11.
I: Infer CARRY group, base inst: u_ips2l_pcie_wrap/U_IPS2L_PCIE_TOP/U_IPS2L_HSSTLP_PCIE_SOFT_PHY/hsst_pciex4_rst/hsst_tx_rst_mcrsw/pll_lock_multi_sw_wtchdg/N6_1_1/gateop, insts:9.
I: Infer CARRY group, base inst: u_ips2l_pcie_wrap/U_IPS2L_PCIE_TOP/U_IPS2L_HSSTLP_PCIE_SOFT_PHY/hsst_pciex4_rst/hsst_tx_rst_mcrsw/pll_lock_multi_sw_wtchdg/N16_1_1/gateop, insts:9.
I: Infer CARRY group, base inst: u_ips2l_pcie_wrap/U_IPS2L_PCIE_TOP/U_IPS2L_HSSTLP_PCIE_SOFT_PHY/hsst_pciex4_rst/hsst_tx_rst_mcrsw/tx_rst_fsm_multi_sw_lane/N19_1_1/gateop, insts:11.
I: Infer CARRY group, base inst: u_ips2l_pcie_wrap/U_IPS2L_PCIE_TOP/U_IPS2L_HSSTLP_PCIE_SOFT_PHY/hsst_pciex4_rst/hsst_tx_rst_mcrsw/tx_rst_fsm_multi_sw_lane/N310_3/gateop, insts:2.
I: Infer CARRY group, base inst: u_ips2l_pcie_wrap/U_IPS2L_PCIE_TOP/U_IPS2L_HSSTLP_PCIE_SOFT_PHY/hsst_pciex4_rst/hsst_tx_rst_mcrsw/tx_rst_fsm_multi_sw_lane/N412_8/gateop, insts:2.
I: Infer CARRY group, base inst: u_ips2l_pcie_wrap/U_IPS2L_PCIE_TOP/U_IPS2L_HSSTLP_PCIE_SOFT_PHY/hsst_pciex4_rst/hsst_tx_rst_mcrsw/tx_rst_fsm_multi_sw_lane/N463_46/gateop, insts:2.
I: Infer CARRY group, base inst: u_ips2l_pcie_wrap/U_IPS2L_PCIE_TOP/U_IPS2L_HSSTLP_PCIE_SOFT_PHY/hsst_pciex4_rst/hsst_tx_rst_mcrsw/tx_rst_fsm_multi_sw_lane/hsst_fsm_fsm[3:0]_69/gateop, insts:2.
I: Infer CARRY group, base inst: I_ips_ddr_top/u_ips_ddrc_top/mcdq_dcp_top/mcdq_dcp_buf/A_ips2l_distributed_fifo/u_ips2l_distributed_fifo_distributed_fifo_v1_0/u_ips2l_distributed_fifo_ctr/N24_1.fsub_0/gateop, insts:7.
I: Infer CARRY group, base inst: I_ips_ddr_top/u_ips_ddrc_top/mcdq_dcp_top/mcdq_dcp_buf/A_ips2l_distributed_fifo/u_ips2l_distributed_fifo_distributed_fifo_v1_0/u_ips2l_distributed_fifo_ctr/N30.fsub_0/gateop, insts:7.
I: Infer CARRY group, base inst: I_ips_ddr_top/u_ips_ddrc_top/mcdq_dcp_top/mcdq_dcp_buf/B_ips2l_distributed_fifo/u_ips2l_distributed_fifo_distributed_fifo_v1_0/u_ips2l_distributed_fifo_ctr/N24_1.fsub_0/gateop, insts:7.
I: Infer CARRY group, base inst: I_ips_ddr_top/u_ips_ddrc_top/mcdq_dcp_top/mcdq_dcp_buf/B_ips2l_distributed_fifo/u_ips2l_distributed_fifo_distributed_fifo_v1_0/u_ips2l_distributed_fifo_ctr/N30.fsub_0/gateop, insts:7.
I: Infer CARRY group, base inst: I_ips_ddr_top/u_ips_ddrc_top/mcdq_rdatapath/mcdq_prefetch_fifo/ips2l_distributed_fifo/u_ips2l_distributed_fifo_distributed_fifo_v1_0/u_ips2l_distributed_fifo_ctr/N36.eq_0/gateop, insts:3.
I: Infer CARRY group, base inst: u_ips2l_pcie_wrap/U_IPS2L_PCIE_TOP/U_IPS2L_HSSTLP_PCIE_SOFT_PHY/hsst_pciex4_rst/hsst_rx_rst_mcrsw/genblk1[0].hsst_rst4mcrsw_rx_init/rx_rst_initfsm_multi_sw_lane/N58_9/gateop, insts:2.
I: Infer HSSTLP group, base inst: u_ips2l_pcie_wrap/U_IPS2L_PCIE_TOP/U_IPS2L_HSSTLP_PCIE_SOFT_PHY/x2.GTP_HSST_2LANE_TOP/U_GTP_HSSTLP_WRAPPER/CHANNEL0_ENABLE.U_GTP_HSSTLP_LANE0/gophsst, insts:2.
I: Adm-6003: Trying to disconnect un-connected pin 'D_DLY' of instance 'I_ips_ddr_top/u_ddrphy_top/ddrphy_slice_top/i_mem_addr_0[3].u_odelay_addr/iodelay_inst'.
I: ODLAY of "I_ips_ddr_top/u_ddrphy_top/ddrphy_slice_top/i_mem_addr_0[3].u_odelay_addr/iodelay_inst" has been packed in "ODLAY" of IOL "I_ips_ddr_top/u_ddrphy_top/ddrphy_slice_top/i_mem_addr_0[3].u_outbuft_addr0/opit_1" success.
I: Adm-6003: Trying to disconnect un-connected pin 'D_DLY' of instance 'I_ips_ddr_top/u_ddrphy_top/ddrphy_slice_top/i_mem_addr_0[4].u_odelay_addr/iodelay_inst'.
I: ODLAY of "I_ips_ddr_top/u_ddrphy_top/ddrphy_slice_top/i_mem_addr_0[4].u_odelay_addr/iodelay_inst" has been packed in "ODLAY" of IOL "I_ips_ddr_top/u_ddrphy_top/ddrphy_slice_top/i_mem_addr_0[4].u_outbuft_addr0/opit_1" success.
I: Adm-6003: Trying to disconnect un-connected pin 'D_DLY' of instance 'I_ips_ddr_top/u_ddrphy_top/ddrphy_slice_top/i_mem_addr_0[5].u_odelay_addr/iodelay_inst'.
I: ODLAY of "I_ips_ddr_top/u_ddrphy_top/ddrphy_slice_top/i_mem_addr_0[5].u_odelay_addr/iodelay_inst" has been packed in "ODLAY" of IOL "I_ips_ddr_top/u_ddrphy_top/ddrphy_slice_top/i_mem_addr_0[5].u_outbuft_addr0/opit_1" success.
I: Adm-6003: Trying to disconnect un-connected pin 'D_DLY' of instance 'I_ips_ddr_top/u_ddrphy_top/ddrphy_slice_top/i_mem_addr_0[6].u_odelay_addr/iodelay_inst'.
I: ODLAY of "I_ips_ddr_top/u_ddrphy_top/ddrphy_slice_top/i_mem_addr_0[6].u_odelay_addr/iodelay_inst" has been packed in "ODLAY" of IOL "I_ips_ddr_top/u_ddrphy_top/ddrphy_slice_top/i_mem_addr_0[6].u_outbuft_addr0/opit_1" success.
I: Adm-6003: Trying to disconnect un-connected pin 'D_DLY' of instance 'I_ips_ddr_top/u_ddrphy_top/ddrphy_slice_top/i_mem_addr_0[7].u_odelay_addr/iodelay_inst'.
I: ODLAY of "I_ips_ddr_top/u_ddrphy_top/ddrphy_slice_top/i_mem_addr_0[7].u_odelay_addr/iodelay_inst" has been packed in "ODLAY" of IOL "I_ips_ddr_top/u_ddrphy_top/ddrphy_slice_top/i_mem_addr_0[7].u_outbuft_addr0/opit_1" success.
I: Adm-6003: Trying to disconnect un-connected pin 'D_DLY' of instance 'I_ips_ddr_top/u_ddrphy_top/ddrphy_slice_top/i_mem_addr_0[8].u_odelay_addr/iodelay_inst'.
I: ODLAY of "I_ips_ddr_top/u_ddrphy_top/ddrphy_slice_top/i_mem_addr_0[8].u_odelay_addr/iodelay_inst" has been packed in "ODLAY" of IOL "I_ips_ddr_top/u_ddrphy_top/ddrphy_slice_top/i_mem_addr_0[8].u_outbuft_addr0/opit_1" success.
I: Adm-6003: Trying to disconnect un-connected pin 'D_DLY' of instance 'I_ips_ddr_top/u_ddrphy_top/ddrphy_slice_top/i_mem_addr_0[9].u_odelay_addr/iodelay_inst'.
I: ODLAY of "I_ips_ddr_top/u_ddrphy_top/ddrphy_slice_top/i_mem_addr_0[9].u_odelay_addr/iodelay_inst" has been packed in "ODLAY" of IOL "I_ips_ddr_top/u_ddrphy_top/ddrphy_slice_top/i_mem_addr_0[9].u_outbuft_addr0/opit_1" success.
I: Adm-6003: Trying to disconnect un-connected pin 'D_DLY' of instance 'I_ips_ddr_top/u_ddrphy_top/ddrphy_slice_top/i_mem_addr_0[10].u_odelay_addr/iodelay_inst'.
I: ODLAY of "I_ips_ddr_top/u_ddrphy_top/ddrphy_slice_top/i_mem_addr_0[10].u_odelay_addr/iodelay_inst" has been packed in "ODLAY" of IOL "I_ips_ddr_top/u_ddrphy_top/ddrphy_slice_top/i_mem_addr_0[10].u_outbuft_addr0/opit_1" success.
I: Adm-6003: Trying to disconnect un-connected pin 'D_DLY' of instance 'I_ips_ddr_top/u_ddrphy_top/ddrphy_slice_top/i_mem_addr_0[11].u_odelay_addr/iodelay_inst'.
I: ODLAY of "I_ips_ddr_top/u_ddrphy_top/ddrphy_slice_top/i_mem_addr_0[11].u_odelay_addr/iodelay_inst" has been packed in "ODLAY" of IOL "I_ips_ddr_top/u_ddrphy_top/ddrphy_slice_top/i_mem_addr_0[11].u_outbuft_addr0/opit_1" success.
I: Adm-6003: Trying to disconnect un-connected pin 'D_DLY' of instance 'I_ips_ddr_top/u_ddrphy_top/ddrphy_slice_top/i_mem_addr_0[12].u_odelay_addr/iodelay_inst'.
I: ODLAY of "I_ips_ddr_top/u_ddrphy_top/ddrphy_slice_top/i_mem_addr_0[12].u_odelay_addr/iodelay_inst" has been packed in "ODLAY" of IOL "I_ips_ddr_top/u_ddrphy_top/ddrphy_slice_top/i_mem_addr_0[12].u_outbuft_addr0/opit_1" success.
I: Adm-6003: Trying to disconnect un-connected pin 'D_DLY' of instance 'I_ips_ddr_top/u_ddrphy_top/ddrphy_slice_top/i_mem_addr_0[13].u_odelay_addr/iodelay_inst'.
I: ODLAY of "I_ips_ddr_top/u_ddrphy_top/ddrphy_slice_top/i_mem_addr_0[13].u_odelay_addr/iodelay_inst" has been packed in "ODLAY" of IOL "I_ips_ddr_top/u_ddrphy_top/ddrphy_slice_top/i_mem_addr_0[13].u_outbuft_addr0/opit_1" success.
I: Adm-6003: Trying to disconnect un-connected pin 'D_DLY' of instance 'I_ips_ddr_top/u_ddrphy_top/ddrphy_slice_top/i_mem_addr_0[14].u_odelay_addr/iodelay_inst'.
I: ODLAY of "I_ips_ddr_top/u_ddrphy_top/ddrphy_slice_top/i_mem_addr_0[14].u_odelay_addr/iodelay_inst" has been packed in "ODLAY" of IOL "I_ips_ddr_top/u_ddrphy_top/ddrphy_slice_top/i_mem_addr_0[14].u_outbuft_addr0/opit_1" success.
I: Adm-6003: Trying to disconnect un-connected pin 'D_DLY' of instance 'I_ips_ddr_top/u_ddrphy_top/ddrphy_slice_top/k_mem_ba[0].u_odelay_ba/iodelay_inst'.
I: ODLAY of "I_ips_ddr_top/u_ddrphy_top/ddrphy_slice_top/k_mem_ba[0].u_odelay_ba/iodelay_inst" has been packed in "ODLAY" of IOL "I_ips_ddr_top/u_ddrphy_top/ddrphy_slice_top/k_mem_ba[0].u_outbuft_ba/opit_1" success.
I: Adm-6003: Trying to disconnect un-connected pin 'D_DLY' of instance 'I_ips_ddr_top/u_ddrphy_top/ddrphy_slice_top/k_mem_ba[1].u_odelay_ba/iodelay_inst'.
I: ODLAY of "I_ips_ddr_top/u_ddrphy_top/ddrphy_slice_top/k_mem_ba[1].u_odelay_ba/iodelay_inst" has been packed in "ODLAY" of IOL "I_ips_ddr_top/u_ddrphy_top/ddrphy_slice_top/k_mem_ba[1].u_outbuft_ba/opit_1" success.
I: Adm-6003: Trying to disconnect un-connected pin 'D_DLY' of instance 'I_ips_ddr_top/u_ddrphy_top/ddrphy_slice_top/k_mem_ba[2].u_odelay_ba/iodelay_inst'.
I: ODLAY of "I_ips_ddr_top/u_ddrphy_top/ddrphy_slice_top/k_mem_ba[2].u_odelay_ba/iodelay_inst" has been packed in "ODLAY" of IOL "I_ips_ddr_top/u_ddrphy_top/ddrphy_slice_top/k_mem_ba[2].u_outbuft_ba/opit_1" success.
I: Adm-6003: Trying to disconnect un-connected pin 'D_DLY' of instance 'I_ips_ddr_top/u_ddrphy_top/ddrphy_slice_top/u_odelay_casn/iodelay_inst'.
I: ODLAY of "I_ips_ddr_top/u_ddrphy_top/ddrphy_slice_top/u_odelay_casn/iodelay_inst" has been packed in "ODLAY" of IOL "I_ips_ddr_top/u_ddrphy_top/ddrphy_slice_top/u_outbuft_casn/opit_1" success.
I: Adm-6003: Trying to disconnect un-connected pin 'D_DLY' of instance 'I_ips_ddr_top/u_ddrphy_top/ddrphy_slice_top/u_odelay_cke/iodelay_inst'.
I: ODLAY of "I_ips_ddr_top/u_ddrphy_top/ddrphy_slice_top/u_odelay_cke/iodelay_inst" has been packed in "ODLAY" of IOL "I_ips_ddr_top/u_ddrphy_top/ddrphy_slice_top/u_outbuft_cke/opit_1" success.
I: Adm-6003: Trying to disconnect un-connected pin 'D_DLY' of instance 'I_ips_ddr_top/u_ddrphy_top/ddrphy_slice_top/u_odelay_csn/iodelay_inst'.
I: ODLAY of "I_ips_ddr_top/u_ddrphy_top/ddrphy_slice_top/u_odelay_csn/iodelay_inst" has been packed in "ODLAY" of IOL "I_ips_ddr_top/u_ddrphy_top/ddrphy_slice_top/u_outbuft_csn/opit_1" success.
I: Adm-6003: Trying to disconnect un-connected pin 'D_DLY' of instance 'I_ips_ddr_top/u_ddrphy_top/ddrphy_slice_top/u_odelay_odt/iodelay_inst'.
I: ODLAY of "I_ips_ddr_top/u_ddrphy_top/ddrphy_slice_top/u_odelay_odt/iodelay_inst" has been packed in "ODLAY" of IOL "I_ips_ddr_top/u_ddrphy_top/ddrphy_slice_top/u_outbuft_odt/opit_1" success.
I: Adm-6003: Trying to disconnect un-connected pin 'D_DLY' of instance 'I_ips_ddr_top/u_ddrphy_top/ddrphy_slice_top/u_odelay_rasn/iodelay_inst'.
I: ODLAY of "I_ips_ddr_top/u_ddrphy_top/ddrphy_slice_top/u_odelay_rasn/iodelay_inst" has been packed in "ODLAY" of IOL "I_ips_ddr_top/u_ddrphy_top/ddrphy_slice_top/u_outbuft_rasn/opit_1" success.
I: Adm-6003: Trying to disconnect un-connected pin 'D_DLY' of instance 'I_ips_ddr_top/u_ddrphy_top/ddrphy_slice_top/u_odelay_wen/iodelay_inst'.
I: ODLAY of "I_ips_ddr_top/u_ddrphy_top/ddrphy_slice_top/u_odelay_wen/iodelay_inst" has been packed in "ODLAY" of IOL "I_ips_ddr_top/u_ddrphy_top/ddrphy_slice_top/u_outbuft_wen/opit_1" success.
I: Adm-6003: Trying to disconnect un-connected pin 'D_DLY' of instance 'I_ips_ddr_top/u_ddrphy_top/ddrphy_slice_top/u_iodelay_dq/iodelay_inst'.
I: ODLAY of "I_ips_ddr_top/u_ddrphy_top/ddrphy_slice_top/u_iodelay_dq/iodelay_inst" has been packed in "ODLAY" of IOL "I_ips_ddr_top/u_ddrphy_top/ddrphy_slice_top/u_outbuftco_ck/opit_3" success.
I: IDLAY of "I_ips_ddr_top/u_ddrphy_top/ddrphy_slice_top/i_dqs_group[0].ddrphy_data_slice/dq_loop[0].u_iodelay_dq/iodelay_inst" has been packed in "IDLAY" of IOL "I_ips_ddr_top/u_ddrphy_top/ddrphy_slice_top/i_dqs_group[0].ddrphy_data_slice/dq_loop[0].u_iobuf_dq/opit_1" success.
I: IDLAY of "I_ips_ddr_top/u_ddrphy_top/ddrphy_slice_top/i_dqs_group[0].ddrphy_data_slice/dq_loop[1].u_iodelay_dq/iodelay_inst" has been packed in "IDLAY" of IOL "I_ips_ddr_top/u_ddrphy_top/ddrphy_slice_top/i_dqs_group[0].ddrphy_data_slice/dq_loop[1].u_iobuf_dq/opit_1" success.
I: IDLAY of "I_ips_ddr_top/u_ddrphy_top/ddrphy_slice_top/i_dqs_group[0].ddrphy_data_slice/dq_loop[2].u_iodelay_dq/iodelay_inst" has been packed in "IDLAY" of IOL "I_ips_ddr_top/u_ddrphy_top/ddrphy_slice_top/i_dqs_group[0].ddrphy_data_slice/dq_loop[2].u_iobuf_dq/opit_1" success.
I: IDLAY of "I_ips_ddr_top/u_ddrphy_top/ddrphy_slice_top/i_dqs_group[0].ddrphy_data_slice/dq_loop[3].u_iodelay_dq/iodelay_inst" has been packed in "IDLAY" of IOL "I_ips_ddr_top/u_ddrphy_top/ddrphy_slice_top/i_dqs_group[0].ddrphy_data_slice/dq_loop[3].u_iobuf_dq/opit_1" success.
I: IDLAY of "I_ips_ddr_top/u_ddrphy_top/ddrphy_slice_top/i_dqs_group[0].ddrphy_data_slice/dq_loop[4].u_iodelay_dq/iodelay_inst" has been packed in "IDLAY" of IOL "I_ips_ddr_top/u_ddrphy_top/ddrphy_slice_top/i_dqs_group[0].ddrphy_data_slice/dq_loop[4].u_iobuf_dq/opit_1" success.
I: IDLAY of "I_ips_ddr_top/u_ddrphy_top/ddrphy_slice_top/i_dqs_group[0].ddrphy_data_slice/dq_loop[5].u_iodelay_dq/iodelay_inst" has been packed in "IDLAY" of IOL "I_ips_ddr_top/u_ddrphy_top/ddrphy_slice_top/i_dqs_group[0].ddrphy_data_slice/dq_loop[5].u_iobuf_dq/opit_1" success.
I: IDLAY of "I_ips_ddr_top/u_ddrphy_top/ddrphy_slice_top/i_dqs_group[0].ddrphy_data_slice/dq_loop[6].u_iodelay_dq/iodelay_inst" has been packed in "IDLAY" of IOL "I_ips_ddr_top/u_ddrphy_top/ddrphy_slice_top/i_dqs_group[0].ddrphy_data_slice/dq_loop[6].u_iobuf_dq/opit_1" success.
I: IDLAY of "I_ips_ddr_top/u_ddrphy_top/ddrphy_slice_top/i_dqs_group[0].ddrphy_data_slice/dq_loop[7].u_iodelay_dq/iodelay_inst" has been packed in "IDLAY" of IOL "I_ips_ddr_top/u_ddrphy_top/ddrphy_slice_top/i_dqs_group[0].ddrphy_data_slice/dq_loop[7].u_iobuf_dq/opit_1" success.
I: Adm-6003: Trying to disconnect un-connected pin 'D_DLY' of instance 'I_ips_ddr_top/u_ddrphy_top/ddrphy_slice_top/i_mem_addr_0[2].u_odelay_addr/iodelay_inst'.
I: ODLAY of "I_ips_ddr_top/u_ddrphy_top/ddrphy_slice_top/i_mem_addr_0[2].u_odelay_addr/iodelay_inst" has been packed in "ODLAY" of IOL "I_ips_ddr_top/u_ddrphy_top/ddrphy_slice_top/i_mem_addr_0[2].u_outbuft_addr0/opit_1" success.
I: Adm-6003: Trying to disconnect un-connected pin 'D_DLY' of instance 'I_ips_ddr_top/u_ddrphy_top/ddrphy_slice_top/i_mem_addr_0[0].u_odelay_addr/iodelay_inst'.
I: ODLAY of "I_ips_ddr_top/u_ddrphy_top/ddrphy_slice_top/i_mem_addr_0[0].u_odelay_addr/iodelay_inst" has been packed in "ODLAY" of IOL "I_ips_ddr_top/u_ddrphy_top/ddrphy_slice_top/i_mem_addr_0[0].u_outbuft_addr0/opit_1" success.
I: Adm-6003: Trying to disconnect un-connected pin 'D_DLY' of instance 'I_ips_ddr_top/u_ddrphy_top/ddrphy_slice_top/i_mem_addr_0[1].u_odelay_addr/iodelay_inst'.
I: ODLAY of "I_ips_ddr_top/u_ddrphy_top/ddrphy_slice_top/i_mem_addr_0[1].u_odelay_addr/iodelay_inst" has been packed in "ODLAY" of IOL "I_ips_ddr_top/u_ddrphy_top/ddrphy_slice_top/i_mem_addr_0[1].u_outbuft_addr0/opit_1" success.
I: IDLAY of "I_ips_ddr_top/u_ddrphy_top/ddrphy_slice_top/i_dqs_group[1].ddrphy_data_slice/dq_loop[0].u_iodelay_dq/iodelay_inst" has been packed in "IDLAY" of IOL "I_ips_ddr_top/u_ddrphy_top/ddrphy_slice_top/i_dqs_group[1].ddrphy_data_slice/dq_loop[0].u_iobuf_dq/opit_1" success.
I: IDLAY of "I_ips_ddr_top/u_ddrphy_top/ddrphy_slice_top/i_dqs_group[1].ddrphy_data_slice/dq_loop[1].u_iodelay_dq/iodelay_inst" has been packed in "IDLAY" of IOL "I_ips_ddr_top/u_ddrphy_top/ddrphy_slice_top/i_dqs_group[1].ddrphy_data_slice/dq_loop[1].u_iobuf_dq/opit_1" success.
I: IDLAY of "I_ips_ddr_top/u_ddrphy_top/ddrphy_slice_top/i_dqs_group[1].ddrphy_data_slice/dq_loop[2].u_iodelay_dq/iodelay_inst" has been packed in "IDLAY" of IOL "I_ips_ddr_top/u_ddrphy_top/ddrphy_slice_top/i_dqs_group[1].ddrphy_data_slice/dq_loop[2].u_iobuf_dq/opit_1" success.
I: IDLAY of "I_ips_ddr_top/u_ddrphy_top/ddrphy_slice_top/i_dqs_group[1].ddrphy_data_slice/dq_loop[3].u_iodelay_dq/iodelay_inst" has been packed in "IDLAY" of IOL "I_ips_ddr_top/u_ddrphy_top/ddrphy_slice_top/i_dqs_group[1].ddrphy_data_slice/dq_loop[3].u_iobuf_dq/opit_1" success.
I: IDLAY of "I_ips_ddr_top/u_ddrphy_top/ddrphy_slice_top/i_dqs_group[1].ddrphy_data_slice/dq_loop[4].u_iodelay_dq/iodelay_inst" has been packed in "IDLAY" of IOL "I_ips_ddr_top/u_ddrphy_top/ddrphy_slice_top/i_dqs_group[1].ddrphy_data_slice/dq_loop[4].u_iobuf_dq/opit_1" success.
I: IDLAY of "I_ips_ddr_top/u_ddrphy_top/ddrphy_slice_top/i_dqs_group[1].ddrphy_data_slice/dq_loop[5].u_iodelay_dq/iodelay_inst" has been packed in "IDLAY" of IOL "I_ips_ddr_top/u_ddrphy_top/ddrphy_slice_top/i_dqs_group[1].ddrphy_data_slice/dq_loop[5].u_iobuf_dq/opit_1" success.
I: IDLAY of "I_ips_ddr_top/u_ddrphy_top/ddrphy_slice_top/i_dqs_group[1].ddrphy_data_slice/dq_loop[6].u_iodelay_dq/iodelay_inst" has been packed in "IDLAY" of IOL "I_ips_ddr_top/u_ddrphy_top/ddrphy_slice_top/i_dqs_group[1].ddrphy_data_slice/dq_loop[6].u_iobuf_dq/opit_1" success.
I: IDLAY of "I_ips_ddr_top/u_ddrphy_top/ddrphy_slice_top/i_dqs_group[1].ddrphy_data_slice/dq_loop[7].u_iodelay_dq/iodelay_inst" has been packed in "IDLAY" of IOL "I_ips_ddr_top/u_ddrphy_top/ddrphy_slice_top/i_dqs_group[1].ddrphy_data_slice/dq_loop[7].u_iobuf_dq/opit_1" success.
I: OSERDES "I_ips_ddr_top/u_ddrphy_top/ddrphy_slice_top/i_mem_addr_0[3].u_oserdes_addr/oserdes_inst" has been packed in "ODDR" of IOL "I_ips_ddr_top/u_ddrphy_top/ddrphy_slice_top/i_mem_addr_0[3].u_outbuft_addr0/opit_1" success.
I: OSERDES "I_ips_ddr_top/u_ddrphy_top/ddrphy_slice_top/i_mem_addr_0[4].u_oserdes_addr/oserdes_inst" has been packed in "ODDR" of IOL "I_ips_ddr_top/u_ddrphy_top/ddrphy_slice_top/i_mem_addr_0[4].u_outbuft_addr0/opit_1" success.
I: OSERDES "I_ips_ddr_top/u_ddrphy_top/ddrphy_slice_top/i_mem_addr_0[5].u_oserdes_addr/oserdes_inst" has been packed in "ODDR" of IOL "I_ips_ddr_top/u_ddrphy_top/ddrphy_slice_top/i_mem_addr_0[5].u_outbuft_addr0/opit_1" success.
I: OSERDES "I_ips_ddr_top/u_ddrphy_top/ddrphy_slice_top/i_mem_addr_0[6].u_oserdes_addr/oserdes_inst" has been packed in "ODDR" of IOL "I_ips_ddr_top/u_ddrphy_top/ddrphy_slice_top/i_mem_addr_0[6].u_outbuft_addr0/opit_1" success.
I: OSERDES "I_ips_ddr_top/u_ddrphy_top/ddrphy_slice_top/i_mem_addr_0[7].u_oserdes_addr/oserdes_inst" has been packed in "ODDR" of IOL "I_ips_ddr_top/u_ddrphy_top/ddrphy_slice_top/i_mem_addr_0[7].u_outbuft_addr0/opit_1" success.
I: OSERDES "I_ips_ddr_top/u_ddrphy_top/ddrphy_slice_top/i_mem_addr_0[8].u_oserdes_addr/oserdes_inst" has been packed in "ODDR" of IOL "I_ips_ddr_top/u_ddrphy_top/ddrphy_slice_top/i_mem_addr_0[8].u_outbuft_addr0/opit_1" success.
I: OSERDES "I_ips_ddr_top/u_ddrphy_top/ddrphy_slice_top/i_mem_addr_0[9].u_oserdes_addr/oserdes_inst" has been packed in "ODDR" of IOL "I_ips_ddr_top/u_ddrphy_top/ddrphy_slice_top/i_mem_addr_0[9].u_outbuft_addr0/opit_1" success.
I: OSERDES "I_ips_ddr_top/u_ddrphy_top/ddrphy_slice_top/i_mem_addr_0[10].u_oserdes_addr/oserdes_inst" has been packed in "ODDR" of IOL "I_ips_ddr_top/u_ddrphy_top/ddrphy_slice_top/i_mem_addr_0[10].u_outbuft_addr0/opit_1" success.
I: OSERDES "I_ips_ddr_top/u_ddrphy_top/ddrphy_slice_top/i_mem_addr_0[11].u_oserdes_addr/oserdes_inst" has been packed in "ODDR" of IOL "I_ips_ddr_top/u_ddrphy_top/ddrphy_slice_top/i_mem_addr_0[11].u_outbuft_addr0/opit_1" success.
I: OSERDES "I_ips_ddr_top/u_ddrphy_top/ddrphy_slice_top/i_mem_addr_0[12].u_oserdes_addr/oserdes_inst" has been packed in "ODDR" of IOL "I_ips_ddr_top/u_ddrphy_top/ddrphy_slice_top/i_mem_addr_0[12].u_outbuft_addr0/opit_1" success.
I: OSERDES "I_ips_ddr_top/u_ddrphy_top/ddrphy_slice_top/i_mem_addr_0[13].u_oserdes_addr/oserdes_inst" has been packed in "ODDR" of IOL "I_ips_ddr_top/u_ddrphy_top/ddrphy_slice_top/i_mem_addr_0[13].u_outbuft_addr0/opit_1" success.
I: OSERDES "I_ips_ddr_top/u_ddrphy_top/ddrphy_slice_top/i_mem_addr_0[14].u_oserdes_addr/oserdes_inst" has been packed in "ODDR" of IOL "I_ips_ddr_top/u_ddrphy_top/ddrphy_slice_top/i_mem_addr_0[14].u_outbuft_addr0/opit_1" success.
I: OSERDES "I_ips_ddr_top/u_ddrphy_top/ddrphy_slice_top/k_mem_ba[0].u_oserdes_ba/oserdes_inst" has been packed in "ODDR" of IOL "I_ips_ddr_top/u_ddrphy_top/ddrphy_slice_top/k_mem_ba[0].u_outbuft_ba/opit_1" success.
I: OSERDES "I_ips_ddr_top/u_ddrphy_top/ddrphy_slice_top/k_mem_ba[1].u_oserdes_ba/oserdes_inst" has been packed in "ODDR" of IOL "I_ips_ddr_top/u_ddrphy_top/ddrphy_slice_top/k_mem_ba[1].u_outbuft_ba/opit_1" success.
I: OSERDES "I_ips_ddr_top/u_ddrphy_top/ddrphy_slice_top/k_mem_ba[2].u_oserdes_ba/oserdes_inst" has been packed in "ODDR" of IOL "I_ips_ddr_top/u_ddrphy_top/ddrphy_slice_top/k_mem_ba[2].u_outbuft_ba/opit_1" success.
I: OSERDES "I_ips_ddr_top/u_ddrphy_top/ddrphy_slice_top/u_oserdes_casn/oserdes_inst" has been packed in "ODDR" of IOL "I_ips_ddr_top/u_ddrphy_top/ddrphy_slice_top/u_outbuft_casn/opit_1" success.
I: OSERDES "I_ips_ddr_top/u_ddrphy_top/ddrphy_slice_top/u_oserdes_cke/oserdes_inst" has been packed in "ODDR" of IOL "I_ips_ddr_top/u_ddrphy_top/ddrphy_slice_top/u_outbuft_cke/opit_1" success.
I: OSERDES "I_ips_ddr_top/u_ddrphy_top/ddrphy_slice_top/u_oserdes_csn/oserdes_inst" has been packed in "ODDR" of IOL "I_ips_ddr_top/u_ddrphy_top/ddrphy_slice_top/u_outbuft_csn/opit_1" success.
I: OSERDES "I_ips_ddr_top/u_ddrphy_top/ddrphy_slice_top/u_oserdes_odt/oserdes_inst" has been packed in "ODDR" of IOL "I_ips_ddr_top/u_ddrphy_top/ddrphy_slice_top/u_outbuft_odt/opit_1" success.
I: OSERDES "I_ips_ddr_top/u_ddrphy_top/ddrphy_slice_top/u_oserdes_rasn/oserdes_inst" has been packed in "ODDR" of IOL "I_ips_ddr_top/u_ddrphy_top/ddrphy_slice_top/u_outbuft_rasn/opit_1" success.
I: OSERDES "I_ips_ddr_top/u_ddrphy_top/ddrphy_slice_top/u_oserdes_wen/oserdes_inst" has been packed in "ODDR" of IOL "I_ips_ddr_top/u_ddrphy_top/ddrphy_slice_top/u_outbuft_wen/opit_1" success.
I: OSERDES "I_ips_ddr_top/u_ddrphy_top/ddrphy_slice_top/u_oserdes_ck/oserdes_inst" has been packed in "ODDR" of IOL "I_ips_ddr_top/u_ddrphy_top/ddrphy_slice_top/u_outbuftco_ck/opit_3" success.
I: ISERDES "I_ips_ddr_top/u_ddrphy_top/ddrphy_slice_top/i_dqs_group[0].ddrphy_data_slice/dq_loop[0].u_iserdes_dq/iserdes_inst" has been packed in "IDDR" of IOL "I_ips_ddr_top/u_ddrphy_top/ddrphy_slice_top/i_dqs_group[0].ddrphy_data_slice/dq_loop[0].u_iobuf_dq/opit_1" success.
I: OSERDES "I_ips_ddr_top/u_ddrphy_top/ddrphy_slice_top/i_dqs_group[0].ddrphy_data_slice/dq_loop[0].u_oserdes_dq/oserdes_inst" has been packed in "ODDR" of IOL "I_ips_ddr_top/u_ddrphy_top/ddrphy_slice_top/i_dqs_group[0].ddrphy_data_slice/dq_loop[0].u_iobuf_dq/opit_1" success.
I: ISERDES "I_ips_ddr_top/u_ddrphy_top/ddrphy_slice_top/i_dqs_group[0].ddrphy_data_slice/dq_loop[1].u_iserdes_dq/iserdes_inst" has been packed in "IDDR" of IOL "I_ips_ddr_top/u_ddrphy_top/ddrphy_slice_top/i_dqs_group[0].ddrphy_data_slice/dq_loop[1].u_iobuf_dq/opit_1" success.
I: OSERDES "I_ips_ddr_top/u_ddrphy_top/ddrphy_slice_top/i_dqs_group[0].ddrphy_data_slice/dq_loop[1].u_oserdes_dq/oserdes_inst" has been packed in "ODDR" of IOL "I_ips_ddr_top/u_ddrphy_top/ddrphy_slice_top/i_dqs_group[0].ddrphy_data_slice/dq_loop[1].u_iobuf_dq/opit_1" success.
I: ISERDES "I_ips_ddr_top/u_ddrphy_top/ddrphy_slice_top/i_dqs_group[0].ddrphy_data_slice/dq_loop[2].u_iserdes_dq/iserdes_inst" has been packed in "IDDR" of IOL "I_ips_ddr_top/u_ddrphy_top/ddrphy_slice_top/i_dqs_group[0].ddrphy_data_slice/dq_loop[2].u_iobuf_dq/opit_1" success.
I: OSERDES "I_ips_ddr_top/u_ddrphy_top/ddrphy_slice_top/i_dqs_group[0].ddrphy_data_slice/dq_loop[2].u_oserdes_dq/oserdes_inst" has been packed in "ODDR" of IOL "I_ips_ddr_top/u_ddrphy_top/ddrphy_slice_top/i_dqs_group[0].ddrphy_data_slice/dq_loop[2].u_iobuf_dq/opit_1" success.
I: ISERDES "I_ips_ddr_top/u_ddrphy_top/ddrphy_slice_top/i_dqs_group[0].ddrphy_data_slice/dq_loop[3].u_iserdes_dq/iserdes_inst" has been packed in "IDDR" of IOL "I_ips_ddr_top/u_ddrphy_top/ddrphy_slice_top/i_dqs_group[0].ddrphy_data_slice/dq_loop[3].u_iobuf_dq/opit_1" success.
I: OSERDES "I_ips_ddr_top/u_ddrphy_top/ddrphy_slice_top/i_dqs_group[0].ddrphy_data_slice/dq_loop[3].u_oserdes_dq/oserdes_inst" has been packed in "ODDR" of IOL "I_ips_ddr_top/u_ddrphy_top/ddrphy_slice_top/i_dqs_group[0].ddrphy_data_slice/dq_loop[3].u_iobuf_dq/opit_1" success.
I: ISERDES "I_ips_ddr_top/u_ddrphy_top/ddrphy_slice_top/i_dqs_group[0].ddrphy_data_slice/dq_loop[4].u_iserdes_dq/iserdes_inst" has been packed in "IDDR" of IOL "I_ips_ddr_top/u_ddrphy_top/ddrphy_slice_top/i_dqs_group[0].ddrphy_data_slice/dq_loop[4].u_iobuf_dq/opit_1" success.
I: OSERDES "I_ips_ddr_top/u_ddrphy_top/ddrphy_slice_top/i_dqs_group[0].ddrphy_data_slice/dq_loop[4].u_oserdes_dq/oserdes_inst" has been packed in "ODDR" of IOL "I_ips_ddr_top/u_ddrphy_top/ddrphy_slice_top/i_dqs_group[0].ddrphy_data_slice/dq_loop[4].u_iobuf_dq/opit_1" success.
I: OSERDES "I_ips_ddr_top/u_ddrphy_top/ddrphy_slice_top/i_dqs_group[1].ddrphy_data_slice/u_oserdes_dqs/oserdes_inst" has been packed in "ODDR" of IOL "I_ips_ddr_top/u_ddrphy_top/ddrphy_slice_top/i_dqs_group[1].ddrphy_data_slice/genblk1.u_iobufco_dqs/opit_2" success.
I: OSERDES "I_ips_ddr_top/u_ddrphy_top/ddrphy_slice_top/i_dqs_group[1].ddrphy_data_slice/u_oserdes_dm/oserdes_inst" has been packed in "ODDR" of IOL "I_ips_ddr_top/u_ddrphy_top/ddrphy_slice_top/i_dqs_group[1].ddrphy_data_slice/u_outbuft_dm/opit_1" success.
I: ISERDES "I_ips_ddr_top/u_ddrphy_top/ddrphy_slice_top/i_dqs_group[0].ddrphy_data_slice/dq_loop[5].u_iserdes_dq/iserdes_inst" has been packed in "IDDR" of IOL "I_ips_ddr_top/u_ddrphy_top/ddrphy_slice_top/i_dqs_group[0].ddrphy_data_slice/dq_loop[5].u_iobuf_dq/opit_1" success.
I: OSERDES "I_ips_ddr_top/u_ddrphy_top/ddrphy_slice_top/i_dqs_group[0].ddrphy_data_slice/dq_loop[5].u_oserdes_dq/oserdes_inst" has been packed in "ODDR" of IOL "I_ips_ddr_top/u_ddrphy_top/ddrphy_slice_top/i_dqs_group[0].ddrphy_data_slice/dq_loop[5].u_iobuf_dq/opit_1" success.
I: ISERDES "I_ips_ddr_top/u_ddrphy_top/ddrphy_slice_top/i_dqs_group[0].ddrphy_data_slice/dq_loop[6].u_iserdes_dq/iserdes_inst" has been packed in "IDDR" of IOL "I_ips_ddr_top/u_ddrphy_top/ddrphy_slice_top/i_dqs_group[0].ddrphy_data_slice/dq_loop[6].u_iobuf_dq/opit_1" success.
I: OSERDES "I_ips_ddr_top/u_ddrphy_top/ddrphy_slice_top/i_dqs_group[0].ddrphy_data_slice/dq_loop[6].u_oserdes_dq/oserdes_inst" has been packed in "ODDR" of IOL "I_ips_ddr_top/u_ddrphy_top/ddrphy_slice_top/i_dqs_group[0].ddrphy_data_slice/dq_loop[6].u_iobuf_dq/opit_1" success.
I: ISERDES "I_ips_ddr_top/u_ddrphy_top/ddrphy_slice_top/i_dqs_group[0].ddrphy_data_slice/dq_loop[7].u_iserdes_dq/iserdes_inst" has been packed in "IDDR" of IOL "I_ips_ddr_top/u_ddrphy_top/ddrphy_slice_top/i_dqs_group[0].ddrphy_data_slice/dq_loop[7].u_iobuf_dq/opit_1" success.
I: OSERDES "I_ips_ddr_top/u_ddrphy_top/ddrphy_slice_top/i_dqs_group[0].ddrphy_data_slice/dq_loop[7].u_oserdes_dq/oserdes_inst" has been packed in "ODDR" of IOL "I_ips_ddr_top/u_ddrphy_top/ddrphy_slice_top/i_dqs_group[0].ddrphy_data_slice/dq_loop[7].u_iobuf_dq/opit_1" success.
I: OSERDES "I_ips_ddr_top/u_ddrphy_top/ddrphy_slice_top/i_mem_addr_0[2].u_oserdes_addr/oserdes_inst" has been packed in "ODDR" of IOL "I_ips_ddr_top/u_ddrphy_top/ddrphy_slice_top/i_mem_addr_0[2].u_outbuft_addr0/opit_1" success.
I: OSERDES "I_ips_ddr_top/u_ddrphy_top/ddrphy_slice_top/i_mem_addr_0[0].u_oserdes_addr/oserdes_inst" has been packed in "ODDR" of IOL "I_ips_ddr_top/u_ddrphy_top/ddrphy_slice_top/i_mem_addr_0[0].u_outbuft_addr0/opit_1" success.
I: OSERDES "I_ips_ddr_top/u_ddrphy_top/ddrphy_slice_top/i_mem_addr_0[1].u_oserdes_addr/oserdes_inst" has been packed in "ODDR" of IOL "I_ips_ddr_top/u_ddrphy_top/ddrphy_slice_top/i_mem_addr_0[1].u_outbuft_addr0/opit_1" success.
I: OSERDES "I_ips_ddr_top/u_ddrphy_top/ddrphy_slice_top/i_dqs_group[0].ddrphy_data_slice/u_oserdes_dqs/oserdes_inst" has been packed in "ODDR" of IOL "I_ips_ddr_top/u_ddrphy_top/ddrphy_slice_top/i_dqs_group[0].ddrphy_data_slice/genblk1.u_iobufco_dqs/opit_2" success.
I: OSERDES "I_ips_ddr_top/u_ddrphy_top/ddrphy_slice_top/i_dqs_group[0].ddrphy_data_slice/u_oserdes_dm/oserdes_inst" has been packed in "ODDR" of IOL "I_ips_ddr_top/u_ddrphy_top/ddrphy_slice_top/i_dqs_group[0].ddrphy_data_slice/u_outbuft_dm/opit_1" success.
I: ISERDES "I_ips_ddr_top/u_ddrphy_top/ddrphy_slice_top/i_dqs_group[1].ddrphy_data_slice/dq_loop[0].u_iserdes_dq/iserdes_inst" has been packed in "IDDR" of IOL "I_ips_ddr_top/u_ddrphy_top/ddrphy_slice_top/i_dqs_group[1].ddrphy_data_slice/dq_loop[0].u_iobuf_dq/opit_1" success.
I: OSERDES "I_ips_ddr_top/u_ddrphy_top/ddrphy_slice_top/i_dqs_group[1].ddrphy_data_slice/dq_loop[0].u_oserdes_dq/oserdes_inst" has been packed in "ODDR" of IOL "I_ips_ddr_top/u_ddrphy_top/ddrphy_slice_top/i_dqs_group[1].ddrphy_data_slice/dq_loop[0].u_iobuf_dq/opit_1" success.
I: ISERDES "I_ips_ddr_top/u_ddrphy_top/ddrphy_slice_top/i_dqs_group[1].ddrphy_data_slice/dq_loop[1].u_iserdes_dq/iserdes_inst" has been packed in "IDDR" of IOL "I_ips_ddr_top/u_ddrphy_top/ddrphy_slice_top/i_dqs_group[1].ddrphy_data_slice/dq_loop[1].u_iobuf_dq/opit_1" success.
I: OSERDES "I_ips_ddr_top/u_ddrphy_top/ddrphy_slice_top/i_dqs_group[1].ddrphy_data_slice/dq_loop[1].u_oserdes_dq/oserdes_inst" has been packed in "ODDR" of IOL "I_ips_ddr_top/u_ddrphy_top/ddrphy_slice_top/i_dqs_group[1].ddrphy_data_slice/dq_loop[1].u_iobuf_dq/opit_1" success.
I: ISERDES "I_ips_ddr_top/u_ddrphy_top/ddrphy_slice_top/i_dqs_group[1].ddrphy_data_slice/dq_loop[2].u_iserdes_dq/iserdes_inst" has been packed in "IDDR" of IOL "I_ips_ddr_top/u_ddrphy_top/ddrphy_slice_top/i_dqs_group[1].ddrphy_data_slice/dq_loop[2].u_iobuf_dq/opit_1" success.
I: OSERDES "I_ips_ddr_top/u_ddrphy_top/ddrphy_slice_top/i_dqs_group[1].ddrphy_data_slice/dq_loop[2].u_oserdes_dq/oserdes_inst" has been packed in "ODDR" of IOL "I_ips_ddr_top/u_ddrphy_top/ddrphy_slice_top/i_dqs_group[1].ddrphy_data_slice/dq_loop[2].u_iobuf_dq/opit_1" success.
I: ISERDES "I_ips_ddr_top/u_ddrphy_top/ddrphy_slice_top/i_dqs_group[1].ddrphy_data_slice/dq_loop[3].u_iserdes_dq/iserdes_inst" has been packed in "IDDR" of IOL "I_ips_ddr_top/u_ddrphy_top/ddrphy_slice_top/i_dqs_group[1].ddrphy_data_slice/dq_loop[3].u_iobuf_dq/opit_1" success.
I: OSERDES "I_ips_ddr_top/u_ddrphy_top/ddrphy_slice_top/i_dqs_group[1].ddrphy_data_slice/dq_loop[3].u_oserdes_dq/oserdes_inst" has been packed in "ODDR" of IOL "I_ips_ddr_top/u_ddrphy_top/ddrphy_slice_top/i_dqs_group[1].ddrphy_data_slice/dq_loop[3].u_iobuf_dq/opit_1" success.
I: ISERDES "I_ips_ddr_top/u_ddrphy_top/ddrphy_slice_top/i_dqs_group[1].ddrphy_data_slice/dq_loop[4].u_iserdes_dq/iserdes_inst" has been packed in "IDDR" of IOL "I_ips_ddr_top/u_ddrphy_top/ddrphy_slice_top/i_dqs_group[1].ddrphy_data_slice/dq_loop[4].u_iobuf_dq/opit_1" success.
I: OSERDES "I_ips_ddr_top/u_ddrphy_top/ddrphy_slice_top/i_dqs_group[1].ddrphy_data_slice/dq_loop[4].u_oserdes_dq/oserdes_inst" has been packed in "ODDR" of IOL "I_ips_ddr_top/u_ddrphy_top/ddrphy_slice_top/i_dqs_group[1].ddrphy_data_slice/dq_loop[4].u_iobuf_dq/opit_1" success.
I: ISERDES "I_ips_ddr_top/u_ddrphy_top/ddrphy_slice_top/i_dqs_group[1].ddrphy_data_slice/dq_loop[5].u_iserdes_dq/iserdes_inst" has been packed in "IDDR" of IOL "I_ips_ddr_top/u_ddrphy_top/ddrphy_slice_top/i_dqs_group[1].ddrphy_data_slice/dq_loop[5].u_iobuf_dq/opit_1" success.
I: OSERDES "I_ips_ddr_top/u_ddrphy_top/ddrphy_slice_top/i_dqs_group[1].ddrphy_data_slice/dq_loop[5].u_oserdes_dq/oserdes_inst" has been packed in "ODDR" of IOL "I_ips_ddr_top/u_ddrphy_top/ddrphy_slice_top/i_dqs_group[1].ddrphy_data_slice/dq_loop[5].u_iobuf_dq/opit_1" success.
I: ISERDES "I_ips_ddr_top/u_ddrphy_top/ddrphy_slice_top/i_dqs_group[1].ddrphy_data_slice/dq_loop[6].u_iserdes_dq/iserdes_inst" has been packed in "IDDR" of IOL "I_ips_ddr_top/u_ddrphy_top/ddrphy_slice_top/i_dqs_group[1].ddrphy_data_slice/dq_loop[6].u_iobuf_dq/opit_1" success.
I: OSERDES "I_ips_ddr_top/u_ddrphy_top/ddrphy_slice_top/i_dqs_group[1].ddrphy_data_slice/dq_loop[6].u_oserdes_dq/oserdes_inst" has been packed in "ODDR" of IOL "I_ips_ddr_top/u_ddrphy_top/ddrphy_slice_top/i_dqs_group[1].ddrphy_data_slice/dq_loop[6].u_iobuf_dq/opit_1" success.
I: ISERDES "I_ips_ddr_top/u_ddrphy_top/ddrphy_slice_top/i_dqs_group[1].ddrphy_data_slice/dq_loop[7].u_iserdes_dq/iserdes_inst" has been packed in "IDDR" of IOL "I_ips_ddr_top/u_ddrphy_top/ddrphy_slice_top/i_dqs_group[1].ddrphy_data_slice/dq_loop[7].u_iobuf_dq/opit_1" success.
I: OSERDES "I_ips_ddr_top/u_ddrphy_top/ddrphy_slice_top/i_dqs_group[1].ddrphy_data_slice/dq_loop[7].u_oserdes_dq/oserdes_inst" has been packed in "ODDR" of IOL "I_ips_ddr_top/u_ddrphy_top/ddrphy_slice_top/i_dqs_group[1].ddrphy_data_slice/dq_loop[7].u_iobuf_dq/opit_1" success.
Device Utilization Summary:
+------------------------------------------------------------------------+
| Logic Utilization     | Used     | Available     | Utilization(%)     
+------------------------------------------------------------------------+
| APM                   | 0        | 240           | 0                  
| FF                    | 8495     | 133200        | 7                  
| LUT                   | 7507     | 66600         | 12                 
| Distributed RAM       | 604      | 19900         | 4                  
| DRM                   | 55       | 155           | 36                 
| IO                    | 94       | 285           | 33                 
| RCKB                  | 2        | 24            | 9                  
| SCANCHAIN             | 1        | 1             | 100                
| USCM                  | 9        | 32            | 29                 
| CCS                   | 1        | 1             | 100                
| ADC                   | 0        | 1             | 0                  
| DDR_PHY               | 5        | 24            | 21                 
| HSSTLP                | 0.5      | 1             | 50                 
| GPLL                  | 3        | 6             | 50                 
| PPLL                  | 2        | 6             | 34                 
| DDRPHY_CPD            | 1        | 12            | 9                  
| HCKB                  | 0        | 96            | 0                  
| IOCKB                 | 0        | 24            | 0                  
| MRCKB                 | 1        | 12            | 9                  
| PCIE                  | 1        | 1             | 100                
| DDRPHY_IOCLK_DIV      | 2        | 6             | 34                 
| ANALOG                | 0        | 1             | 0                  
| TSERDES               | 10       | 48            | 21                 
| KEYRAM                | 0        | 1             | 0                  
+------------------------------------------------------------------------+

Device mapping done.
Total device mapping takes 1.98 sec.

Design 'image_pcie_capture' has been successfully mapped to architecture-specific objects.
Saving design to DB.
W: Public-4010: Pcf file C:/Users/23694/Desktop/ziguang_project/02_pcie_image_test_1080p_v1/08_HDMI_pcie_capture_40pin_100k/project/device_map/image_pcie_capture.pcf has been covered.
Action dev_map: Real time elapsed is 0h:0m:36s
Action dev_map: CPU time elapsed is 0h:0m:14s
Action dev_map: Process CPU time elapsed is 0h:0m:15s
Current time: Mon Jul 13 01:40:31 2026
Action dev_map: Peak memory pool usage is 559 MB
