#Build: Fabric Compiler 2022.2-SP6.4, Build 146967, Jan 31 01:39 2024
#Install: F:\PDS_2022.2-SP6.4\bin
#Application name: pds_shell.exe
#OS: Windows 10 10.0.19045
#Hostname: DESKTOP-P0E5I2S
Generated by Fabric Compiler (version 2022.2-SP6.4 build 146967) at Wed Apr 29 19:52:59 2026
Compiling verification operator library.
Compiling common defs.
Compiling prim grid devices.
Compiling gate devices.
Compiling gate operators.
Building architecture model.
Loading device packaging model.
pnr strategy configuration : 
strategy name : 0
Building architecture floorplan logic view.
Constraint check start.
Executing : def_port {cmos1_scl} LOC=R14 VCCIO=3.3 IOSTANDARD=LVCMOS33 DRIVE=8 SLEW=SLOW NONE=TRUE
C: ConstraintEditor-2002: [C:/Users/DELL/Desktop/4.28_ROI_V2.1/04_camera_pcie_capture_40pin_fmc/project/device_map/image_pcie_capture.pcf(line number: 3)] | Port cmos1_scl has been placed at location R14, whose type is share pin.
Executing : def_port {cmos1_scl} LOC=R14 VCCIO=3.3 IOSTANDARD=LVCMOS33 DRIVE=8 SLEW=SLOW NONE=TRUE successfully
Executing : def_port {cmos1_sda} LOC=P14 VCCIO=3.3 IOSTANDARD=LVCMOS33 DRIVE=8 SLEW=SLOW NONE=TRUE
C: ConstraintEditor-2002: [C:/Users/DELL/Desktop/4.28_ROI_V2.1/04_camera_pcie_capture_40pin_fmc/project/device_map/image_pcie_capture.pcf(line number: 4)] | Port cmos1_sda has been placed at location P14, whose type is share pin.
Executing : def_port {cmos1_sda} LOC=P14 VCCIO=3.3 IOSTANDARD=LVCMOS33 DRIVE=8 SLEW=SLOW NONE=TRUE successfully
Executing : def_port {cmos2_scl} LOC=U20 VCCIO=3.3 IOSTANDARD=LVCMOS33 DRIVE=8 SLEW=SLOW NONE=TRUE
Executing : def_port {cmos2_scl} LOC=U20 VCCIO=3.3 IOSTANDARD=LVCMOS33 DRIVE=8 SLEW=SLOW NONE=TRUE successfully
Executing : def_port {cmos2_sda} LOC=N17 VCCIO=3.3 IOSTANDARD=LVCMOS33 DRIVE=8 SLEW=SLOW NONE=TRUE
Executing : def_port {cmos2_sda} LOC=N17 VCCIO=3.3 IOSTANDARD=LVCMOS33 DRIVE=8 SLEW=SLOW NONE=TRUE successfully
Executing : def_port {cmos3_scl} LOC=E14 VCCIO=3.3 IOSTANDARD=LVCMOS33 DRIVE=8 SLEW=SLOW NONE=TRUE
Executing : def_port {cmos3_scl} LOC=E14 VCCIO=3.3 IOSTANDARD=LVCMOS33 DRIVE=8 SLEW=SLOW NONE=TRUE successfully
Executing : def_port {cmos3_sda} LOC=F16 VCCIO=3.3 IOSTANDARD=LVCMOS33 DRIVE=8 SLEW=SLOW NONE=TRUE
Executing : def_port {cmos3_sda} LOC=F16 VCCIO=3.3 IOSTANDARD=LVCMOS33 DRIVE=8 SLEW=SLOW NONE=TRUE successfully
Executing : def_port {mem_dq[0]} LOC=P6 VCCIO=1.5 IOSTANDARD=SSTL15_I DRIVE=8.9 SLEW=FAST VREF_MODE=INT VREF_MODE_VALUE=0.5 DDR_TERM_MODE=ON UNUSED=TRUE
Executing : def_port {mem_dq[0]} LOC=P6 VCCIO=1.5 IOSTANDARD=SSTL15_I DRIVE=8.9 SLEW=FAST VREF_MODE=INT VREF_MODE_VALUE=0.5 DDR_TERM_MODE=ON UNUSED=TRUE successfully
Executing : def_port {mem_dq[1]} LOC=M5 VCCIO=1.5 IOSTANDARD=SSTL15_I DRIVE=8.9 SLEW=FAST VREF_MODE=INT VREF_MODE_VALUE=0.5 DDR_TERM_MODE=ON UNUSED=TRUE
Executing : def_port {mem_dq[1]} LOC=M5 VCCIO=1.5 IOSTANDARD=SSTL15_I DRIVE=8.9 SLEW=FAST VREF_MODE=INT VREF_MODE_VALUE=0.5 DDR_TERM_MODE=ON UNUSED=TRUE successfully
Executing : def_port {mem_dq[2]} LOC=M6 VCCIO=1.5 IOSTANDARD=SSTL15_I DRIVE=8.9 SLEW=FAST VREF_MODE=INT VREF_MODE_VALUE=0.5 DDR_TERM_MODE=ON UNUSED=TRUE
Executing : def_port {mem_dq[2]} LOC=M6 VCCIO=1.5 IOSTANDARD=SSTL15_I DRIVE=8.9 SLEW=FAST VREF_MODE=INT VREF_MODE_VALUE=0.5 DDR_TERM_MODE=ON UNUSED=TRUE successfully
Executing : def_port {mem_dq[3]} LOC=N2 VCCIO=1.5 IOSTANDARD=SSTL15_I DRIVE=8.9 SLEW=FAST VREF_MODE=INT VREF_MODE_VALUE=0.5 DDR_TERM_MODE=ON UNUSED=TRUE
Executing : def_port {mem_dq[3]} LOC=N2 VCCIO=1.5 IOSTANDARD=SSTL15_I DRIVE=8.9 SLEW=FAST VREF_MODE=INT VREF_MODE_VALUE=0.5 DDR_TERM_MODE=ON UNUSED=TRUE successfully
Executing : def_port {mem_dq[4]} LOC=P2 VCCIO=1.5 IOSTANDARD=SSTL15_I DRIVE=8.9 SLEW=FAST VREF_MODE=INT VREF_MODE_VALUE=0.5 DDR_TERM_MODE=ON UNUSED=TRUE
Executing : def_port {mem_dq[4]} LOC=P2 VCCIO=1.5 IOSTANDARD=SSTL15_I DRIVE=8.9 SLEW=FAST VREF_MODE=INT VREF_MODE_VALUE=0.5 DDR_TERM_MODE=ON UNUSED=TRUE successfully
Executing : def_port {mem_dq[5]} LOC=P1 VCCIO=1.5 IOSTANDARD=SSTL15_I DRIVE=8.9 SLEW=FAST VREF_MODE=INT VREF_MODE_VALUE=0.5 DDR_TERM_MODE=ON UNUSED=TRUE
Executing : def_port {mem_dq[5]} LOC=P1 VCCIO=1.5 IOSTANDARD=SSTL15_I DRIVE=8.9 SLEW=FAST VREF_MODE=INT VREF_MODE_VALUE=0.5 DDR_TERM_MODE=ON UNUSED=TRUE successfully
Executing : def_port {mem_dq[6]} LOC=R1 VCCIO=1.5 IOSTANDARD=SSTL15_I DRIVE=8.9 SLEW=FAST VREF_MODE=INT VREF_MODE_VALUE=0.5 DDR_TERM_MODE=ON UNUSED=TRUE
Executing : def_port {mem_dq[6]} LOC=R1 VCCIO=1.5 IOSTANDARD=SSTL15_I DRIVE=8.9 SLEW=FAST VREF_MODE=INT VREF_MODE_VALUE=0.5 DDR_TERM_MODE=ON UNUSED=TRUE successfully
Executing : def_port {mem_dq[7]} LOC=N4 VCCIO=1.5 IOSTANDARD=SSTL15_I DRIVE=8.9 SLEW=FAST VREF_MODE=INT VREF_MODE_VALUE=0.5 DDR_TERM_MODE=ON UNUSED=TRUE
Executing : def_port {mem_dq[7]} LOC=N4 VCCIO=1.5 IOSTANDARD=SSTL15_I DRIVE=8.9 SLEW=FAST VREF_MODE=INT VREF_MODE_VALUE=0.5 DDR_TERM_MODE=ON UNUSED=TRUE successfully
Executing : def_port {mem_dq[8]} LOC=J6 VCCIO=1.5 IOSTANDARD=SSTL15_I DRIVE=8.9 SLEW=FAST VREF_MODE=INT VREF_MODE_VALUE=0.5 DDR_TERM_MODE=ON UNUSED=TRUE
Executing : def_port {mem_dq[8]} LOC=J6 VCCIO=1.5 IOSTANDARD=SSTL15_I DRIVE=8.9 SLEW=FAST VREF_MODE=INT VREF_MODE_VALUE=0.5 DDR_TERM_MODE=ON UNUSED=TRUE successfully
Executing : def_port {mem_dq[9]} LOC=K6 VCCIO=1.5 IOSTANDARD=SSTL15_I DRIVE=8.9 SLEW=FAST VREF_MODE=INT VREF_MODE_VALUE=0.5 DDR_TERM_MODE=ON UNUSED=TRUE
Executing : def_port {mem_dq[9]} LOC=K6 VCCIO=1.5 IOSTANDARD=SSTL15_I DRIVE=8.9 SLEW=FAST VREF_MODE=INT VREF_MODE_VALUE=0.5 DDR_TERM_MODE=ON UNUSED=TRUE successfully
Executing : def_port {mem_dq[10]} LOC=M2 VCCIO=1.5 IOSTANDARD=SSTL15_I DRIVE=8.9 SLEW=FAST VREF_MODE=INT VREF_MODE_VALUE=0.5 DDR_TERM_MODE=ON UNUSED=TRUE
Executing : def_port {mem_dq[10]} LOC=M2 VCCIO=1.5 IOSTANDARD=SSTL15_I DRIVE=8.9 SLEW=FAST VREF_MODE=INT VREF_MODE_VALUE=0.5 DDR_TERM_MODE=ON UNUSED=TRUE successfully
Executing : def_port {mem_dq[11]} LOC=M3 VCCIO=1.5 IOSTANDARD=SSTL15_I DRIVE=8.9 SLEW=FAST VREF_MODE=INT VREF_MODE_VALUE=0.5 DDR_TERM_MODE=ON UNUSED=TRUE
Executing : def_port {mem_dq[11]} LOC=M3 VCCIO=1.5 IOSTANDARD=SSTL15_I DRIVE=8.9 SLEW=FAST VREF_MODE=INT VREF_MODE_VALUE=0.5 DDR_TERM_MODE=ON UNUSED=TRUE successfully
Executing : def_port {mem_dq[12]} LOC=K3 VCCIO=1.5 IOSTANDARD=SSTL15_I DRIVE=8.9 SLEW=FAST VREF_MODE=INT VREF_MODE_VALUE=0.5 DDR_TERM_MODE=ON UNUSED=TRUE
Executing : def_port {mem_dq[12]} LOC=K3 VCCIO=1.5 IOSTANDARD=SSTL15_I DRIVE=8.9 SLEW=FAST VREF_MODE=INT VREF_MODE_VALUE=0.5 DDR_TERM_MODE=ON UNUSED=TRUE successfully
Executing : def_port {mem_dq[13]} LOC=L3 VCCIO=1.5 IOSTANDARD=SSTL15_I DRIVE=8.9 SLEW=FAST VREF_MODE=INT VREF_MODE_VALUE=0.5 DDR_TERM_MODE=ON UNUSED=TRUE
Executing : def_port {mem_dq[13]} LOC=L3 VCCIO=1.5 IOSTANDARD=SSTL15_I DRIVE=8.9 SLEW=FAST VREF_MODE=INT VREF_MODE_VALUE=0.5 DDR_TERM_MODE=ON UNUSED=TRUE successfully
Executing : def_port {mem_dq[14]} LOC=J4 VCCIO=1.5 IOSTANDARD=SSTL15_I DRIVE=8.9 SLEW=FAST VREF_MODE=INT VREF_MODE_VALUE=0.5 DDR_TERM_MODE=ON UNUSED=TRUE
Executing : def_port {mem_dq[14]} LOC=J4 VCCIO=1.5 IOSTANDARD=SSTL15_I DRIVE=8.9 SLEW=FAST VREF_MODE=INT VREF_MODE_VALUE=0.5 DDR_TERM_MODE=ON UNUSED=TRUE successfully
Executing : def_port {mem_dq[15]} LOC=K4 VCCIO=1.5 IOSTANDARD=SSTL15_I DRIVE=8.9 SLEW=FAST VREF_MODE=INT VREF_MODE_VALUE=0.5 DDR_TERM_MODE=ON UNUSED=TRUE
Executing : def_port {mem_dq[15]} LOC=K4 VCCIO=1.5 IOSTANDARD=SSTL15_I DRIVE=8.9 SLEW=FAST VREF_MODE=INT VREF_MODE_VALUE=0.5 DDR_TERM_MODE=ON UNUSED=TRUE successfully
Executing : def_port {mem_dqs[0]} LOC=P5 VCCIO=1.5 IOSTANDARD=SSTL15D_I DRIVE=8.9 SLEW=FAST VREF_MODE=INT VREF_MODE_VALUE=0.5 DDR_TERM_MODE=ON DDR_RES=60 CP_DYN_TERM=ON UNUSED=TRUE
Executing : def_port {mem_dqs[0]} LOC=P5 VCCIO=1.5 IOSTANDARD=SSTL15D_I DRIVE=8.9 SLEW=FAST VREF_MODE=INT VREF_MODE_VALUE=0.5 DDR_TERM_MODE=ON DDR_RES=60 CP_DYN_TERM=ON UNUSED=TRUE successfully
Executing : def_port {mem_dqs[1]} LOC=M1 VCCIO=1.5 IOSTANDARD=SSTL15D_I DRIVE=8.9 SLEW=FAST VREF_MODE=INT VREF_MODE_VALUE=0.5 DDR_TERM_MODE=ON DDR_RES=60 CP_DYN_TERM=ON UNUSED=TRUE
Executing : def_port {mem_dqs[1]} LOC=M1 VCCIO=1.5 IOSTANDARD=SSTL15D_I DRIVE=8.9 SLEW=FAST VREF_MODE=INT VREF_MODE_VALUE=0.5 DDR_TERM_MODE=ON DDR_RES=60 CP_DYN_TERM=ON UNUSED=TRUE successfully
Executing : def_port {mem_dqs_n[0]} LOC=P4 VCCIO=1.5 IOSTANDARD=SSTL15D_I DRIVE=8.9 SLEW=FAST VREF_MODE=INT VREF_MODE_VALUE=0.5 DDR_TERM_MODE=ON DDR_RES=60 CP_DYN_TERM=ON UNUSED=TRUE
Executing : def_port {mem_dqs_n[0]} LOC=P4 VCCIO=1.5 IOSTANDARD=SSTL15D_I DRIVE=8.9 SLEW=FAST VREF_MODE=INT VREF_MODE_VALUE=0.5 DDR_TERM_MODE=ON DDR_RES=60 CP_DYN_TERM=ON UNUSED=TRUE successfully
Executing : def_port {mem_dqs_n[1]} LOC=L1 VCCIO=1.5 IOSTANDARD=SSTL15D_I DRIVE=8.9 SLEW=FAST VREF_MODE=INT VREF_MODE_VALUE=0.5 DDR_TERM_MODE=ON DDR_RES=60 CP_DYN_TERM=ON UNUSED=TRUE
Executing : def_port {mem_dqs_n[1]} LOC=L1 VCCIO=1.5 IOSTANDARD=SSTL15D_I DRIVE=8.9 SLEW=FAST VREF_MODE=INT VREF_MODE_VALUE=0.5 DDR_TERM_MODE=ON DDR_RES=60 CP_DYN_TERM=ON UNUSED=TRUE successfully
Executing : def_port {cmos1_reset} LOC=V18 VCCIO=3.3 IOSTANDARD=LVCMOS33 DRIVE=8 SLEW=SLOW NONE=TRUE
Executing : def_port {cmos1_reset} LOC=V18 VCCIO=3.3 IOSTANDARD=LVCMOS33 DRIVE=8 SLEW=SLOW NONE=TRUE successfully
Executing : def_port {cmos2_reset} LOC=AA21 VCCIO=3.3 IOSTANDARD=LVCMOS33 DRIVE=8 SLEW=SLOW NONE=TRUE
C: ConstraintEditor-2002: [C:/Users/DELL/Desktop/4.28_ROI_V2.1/04_camera_pcie_capture_40pin_fmc/project/device_map/image_pcie_capture.pcf(line number: 30)] | Port cmos2_reset has been placed at location AA21, whose type is share pin.
Executing : def_port {cmos2_reset} LOC=AA21 VCCIO=3.3 IOSTANDARD=LVCMOS33 DRIVE=8 SLEW=SLOW NONE=TRUE successfully
Executing : def_port {cmos3_reset} LOC=B13 VCCIO=3.3 IOSTANDARD=LVCMOS33 DRIVE=8 SLEW=SLOW NONE=TRUE
Executing : def_port {cmos3_reset} LOC=B13 VCCIO=3.3 IOSTANDARD=LVCMOS33 DRIVE=8 SLEW=SLOW NONE=TRUE successfully
Executing : def_port {cmos_init_done[0]} LOC=M17 VCCIO=1.8 IOSTANDARD=LVCMOS18 DRIVE=4 SLEW=FAST NONE=TRUE
Executing : def_port {cmos_init_done[0]} LOC=M17 VCCIO=1.8 IOSTANDARD=LVCMOS18 DRIVE=4 SLEW=FAST NONE=TRUE successfully
Executing : def_port {cmos_init_done[1]} LOC=J16 VCCIO=1.8 IOSTANDARD=LVCMOS18 DRIVE=4 SLEW=FAST NONE=TRUE
Executing : def_port {cmos_init_done[1]} LOC=J16 VCCIO=1.8 IOSTANDARD=LVCMOS18 DRIVE=4 SLEW=FAST NONE=TRUE successfully
Executing : def_port {mem_a[0]} LOC=T1 VCCIO=1.5 IOSTANDARD=SSTL15_I DRIVE=8.9 SLEW=FAST UNUSED=TRUE
Executing : def_port {mem_a[0]} LOC=T1 VCCIO=1.5 IOSTANDARD=SSTL15_I DRIVE=8.9 SLEW=FAST UNUSED=TRUE successfully
Executing : def_port {mem_a[1]} LOC=U1 VCCIO=1.5 IOSTANDARD=SSTL15_I DRIVE=8.9 SLEW=FAST UNUSED=TRUE
Executing : def_port {mem_a[1]} LOC=U1 VCCIO=1.5 IOSTANDARD=SSTL15_I DRIVE=8.9 SLEW=FAST UNUSED=TRUE successfully
Executing : def_port {mem_a[2]} LOC=U2 VCCIO=1.5 IOSTANDARD=SSTL15_I DRIVE=8.9 SLEW=FAST UNUSED=TRUE
Executing : def_port {mem_a[2]} LOC=U2 VCCIO=1.5 IOSTANDARD=SSTL15_I DRIVE=8.9 SLEW=FAST UNUSED=TRUE successfully
Executing : def_port {mem_a[3]} LOC=V2 VCCIO=1.5 IOSTANDARD=SSTL15_I DRIVE=8.9 SLEW=FAST UNUSED=TRUE
Executing : def_port {mem_a[3]} LOC=V2 VCCIO=1.5 IOSTANDARD=SSTL15_I DRIVE=8.9 SLEW=FAST UNUSED=TRUE successfully
Executing : def_port {mem_a[4]} LOC=R3 VCCIO=1.5 IOSTANDARD=SSTL15_I DRIVE=8.9 SLEW=FAST UNUSED=TRUE
Executing : def_port {mem_a[4]} LOC=R3 VCCIO=1.5 IOSTANDARD=SSTL15_I DRIVE=8.9 SLEW=FAST UNUSED=TRUE successfully
Executing : def_port {mem_a[5]} LOC=R2 VCCIO=1.5 IOSTANDARD=SSTL15_I DRIVE=8.9 SLEW=FAST UNUSED=TRUE
Executing : def_port {mem_a[5]} LOC=R2 VCCIO=1.5 IOSTANDARD=SSTL15_I DRIVE=8.9 SLEW=FAST UNUSED=TRUE successfully
Executing : def_port {mem_a[6]} LOC=W2 VCCIO=1.5 IOSTANDARD=SSTL15_I DRIVE=8.9 SLEW=FAST UNUSED=TRUE
Executing : def_port {mem_a[6]} LOC=W2 VCCIO=1.5 IOSTANDARD=SSTL15_I DRIVE=8.9 SLEW=FAST UNUSED=TRUE successfully
Executing : def_port {mem_a[7]} LOC=Y2 VCCIO=1.5 IOSTANDARD=SSTL15_I DRIVE=8.9 SLEW=FAST UNUSED=TRUE
Executing : def_port {mem_a[7]} LOC=Y2 VCCIO=1.5 IOSTANDARD=SSTL15_I DRIVE=8.9 SLEW=FAST UNUSED=TRUE successfully
Executing : def_port {mem_a[8]} LOC=W1 VCCIO=1.5 IOSTANDARD=SSTL15_I DRIVE=8.9 SLEW=FAST UNUSED=TRUE
Executing : def_port {mem_a[8]} LOC=W1 VCCIO=1.5 IOSTANDARD=SSTL15_I DRIVE=8.9 SLEW=FAST UNUSED=TRUE successfully
Executing : def_port {mem_a[9]} LOC=Y1 VCCIO=1.5 IOSTANDARD=SSTL15_I DRIVE=8.9 SLEW=FAST UNUSED=TRUE
Executing : def_port {mem_a[9]} LOC=Y1 VCCIO=1.5 IOSTANDARD=SSTL15_I DRIVE=8.9 SLEW=FAST UNUSED=TRUE successfully
Executing : def_port {mem_a[10]} LOC=U3 VCCIO=1.5 IOSTANDARD=SSTL15_I DRIVE=8.9 SLEW=FAST UNUSED=TRUE
Executing : def_port {mem_a[10]} LOC=U3 VCCIO=1.5 IOSTANDARD=SSTL15_I DRIVE=8.9 SLEW=FAST UNUSED=TRUE successfully
Executing : def_port {mem_a[11]} LOC=AA1 VCCIO=1.5 IOSTANDARD=SSTL15_I DRIVE=8.9 SLEW=FAST UNUSED=TRUE
Executing : def_port {mem_a[11]} LOC=AA1 VCCIO=1.5 IOSTANDARD=SSTL15_I DRIVE=8.9 SLEW=FAST UNUSED=TRUE successfully
Executing : def_port {mem_a[12]} LOC=AB1 VCCIO=1.5 IOSTANDARD=SSTL15_I DRIVE=8.9 SLEW=FAST UNUSED=TRUE
Executing : def_port {mem_a[12]} LOC=AB1 VCCIO=1.5 IOSTANDARD=SSTL15_I DRIVE=8.9 SLEW=FAST UNUSED=TRUE successfully
Executing : def_port {mem_a[13]} LOC=AB3 VCCIO=1.5 IOSTANDARD=SSTL15_I DRIVE=8.9 SLEW=FAST UNUSED=TRUE
Executing : def_port {mem_a[13]} LOC=AB3 VCCIO=1.5 IOSTANDARD=SSTL15_I DRIVE=8.9 SLEW=FAST UNUSED=TRUE successfully
Executing : def_port {mem_a[14]} LOC=AB2 VCCIO=1.5 IOSTANDARD=SSTL15_I DRIVE=8.9 SLEW=FAST UNUSED=TRUE
Executing : def_port {mem_a[14]} LOC=AB2 VCCIO=1.5 IOSTANDARD=SSTL15_I DRIVE=8.9 SLEW=FAST UNUSED=TRUE successfully
Executing : def_port {mem_ba[0]} LOC=AA3 VCCIO=1.5 IOSTANDARD=SSTL15_I DRIVE=8.9 SLEW=FAST UNUSED=TRUE
Executing : def_port {mem_ba[0]} LOC=AA3 VCCIO=1.5 IOSTANDARD=SSTL15_I DRIVE=8.9 SLEW=FAST UNUSED=TRUE successfully
Executing : def_port {mem_ba[1]} LOC=AA5 VCCIO=1.5 IOSTANDARD=SSTL15_I DRIVE=8.9 SLEW=FAST UNUSED=TRUE
Executing : def_port {mem_ba[1]} LOC=AA5 VCCIO=1.5 IOSTANDARD=SSTL15_I DRIVE=8.9 SLEW=FAST UNUSED=TRUE successfully
Executing : def_port {mem_ba[2]} LOC=AB5 VCCIO=1.5 IOSTANDARD=SSTL15_I DRIVE=8.9 SLEW=FAST UNUSED=TRUE
Executing : def_port {mem_ba[2]} LOC=AB5 VCCIO=1.5 IOSTANDARD=SSTL15_I DRIVE=8.9 SLEW=FAST UNUSED=TRUE successfully
Executing : def_port {mem_cas_n} LOC=U6 VCCIO=1.5 IOSTANDARD=SSTL15_I DRIVE=8.9 SLEW=FAST UNUSED=TRUE
Executing : def_port {mem_cas_n} LOC=U6 VCCIO=1.5 IOSTANDARD=SSTL15_I DRIVE=8.9 SLEW=FAST UNUSED=TRUE successfully
Executing : def_port {mem_ck} LOC=Y4 VCCIO=1.5 IOSTANDARD=SSTL15D_I DRIVE=8.9 SLEW=FAST UNUSED=TRUE
Executing : def_port {mem_ck} LOC=Y4 VCCIO=1.5 IOSTANDARD=SSTL15D_I DRIVE=8.9 SLEW=FAST UNUSED=TRUE successfully
Executing : def_port {mem_ck_n} LOC=AA4 VCCIO=1.5 IOSTANDARD=SSTL15D_I DRIVE=8.9 SLEW=FAST UNUSED=TRUE
Executing : def_port {mem_ck_n} LOC=AA4 VCCIO=1.5 IOSTANDARD=SSTL15D_I DRIVE=8.9 SLEW=FAST UNUSED=TRUE successfully
Executing : def_port {mem_cke} LOC=W4 VCCIO=1.5 IOSTANDARD=SSTL15_I DRIVE=8.9 SLEW=FAST UNUSED=TRUE
Executing : def_port {mem_cke} LOC=W4 VCCIO=1.5 IOSTANDARD=SSTL15_I DRIVE=8.9 SLEW=FAST UNUSED=TRUE successfully
Executing : def_port {mem_cs_n} LOC=V5 VCCIO=1.5 IOSTANDARD=SSTL15_I DRIVE=8.9 SLEW=FAST UNUSED=TRUE
Executing : def_port {mem_cs_n} LOC=V5 VCCIO=1.5 IOSTANDARD=SSTL15_I DRIVE=8.9 SLEW=FAST UNUSED=TRUE successfully
Executing : def_port {mem_dm[0]} LOC=N5 VCCIO=1.5 IOSTANDARD=SSTL15_I DRIVE=8.9 SLEW=FAST UNUSED=TRUE
Executing : def_port {mem_dm[0]} LOC=N5 VCCIO=1.5 IOSTANDARD=SSTL15_I DRIVE=8.9 SLEW=FAST UNUSED=TRUE successfully
Executing : def_port {mem_dm[1]} LOC=L5 VCCIO=1.5 IOSTANDARD=SSTL15_I DRIVE=8.9 SLEW=FAST UNUSED=TRUE
Executing : def_port {mem_dm[1]} LOC=L5 VCCIO=1.5 IOSTANDARD=SSTL15_I DRIVE=8.9 SLEW=FAST UNUSED=TRUE successfully
Executing : def_port {mem_odt} LOC=R6 VCCIO=1.5 IOSTANDARD=SSTL15_I DRIVE=8.9 SLEW=FAST UNUSED=TRUE
Executing : def_port {mem_odt} LOC=R6 VCCIO=1.5 IOSTANDARD=SSTL15_I DRIVE=8.9 SLEW=FAST UNUSED=TRUE successfully
Executing : def_port {mem_ras_n} LOC=W5 VCCIO=1.5 IOSTANDARD=SSTL15_I DRIVE=8.9 SLEW=FAST UNUSED=TRUE
Executing : def_port {mem_ras_n} LOC=W5 VCCIO=1.5 IOSTANDARD=SSTL15_I DRIVE=8.9 SLEW=FAST UNUSED=TRUE successfully
Executing : def_port {mem_rst_n} LOC=T3 VCCIO=1.5 IOSTANDARD=SSTL15_I DRIVE=8.9 SLEW=FAST UNUSED=TRUE
Executing : def_port {mem_rst_n} LOC=T3 VCCIO=1.5 IOSTANDARD=SSTL15_I DRIVE=8.9 SLEW=FAST UNUSED=TRUE successfully
Executing : def_port {mem_we_n} LOC=W6 VCCIO=1.5 IOSTANDARD=SSTL15_I DRIVE=8.9 SLEW=FAST UNUSED=TRUE
Executing : def_port {mem_we_n} LOC=W6 VCCIO=1.5 IOSTANDARD=SSTL15_I DRIVE=8.9 SLEW=FAST UNUSED=TRUE successfully
Executing : def_port {board_rst_n} LOC=M15 VCCIO=1.8 IOSTANDARD=LVCMOS18 UNUSED=TRUE
C: ConstraintEditor-2002: [C:/Users/DELL/Desktop/4.28_ROI_V2.1/04_camera_pcie_capture_40pin_fmc/project/device_map/image_pcie_capture.pcf(line number: 63)] | Port board_rst_n has been placed at location M15, whose type is share pin.
Executing : def_port {board_rst_n} LOC=M15 VCCIO=1.8 IOSTANDARD=LVCMOS18 UNUSED=TRUE successfully
Executing : def_port {cmos1_pclk} LOC=T18 VCCIO=3.3 IOSTANDARD=LVCMOS33 NONE=TRUE
C: ConstraintEditor-2002: [C:/Users/DELL/Desktop/4.28_ROI_V2.1/04_camera_pcie_capture_40pin_fmc/project/device_map/image_pcie_capture.pcf(line number: 64)] | Port cmos1_pclk has been placed at location T18, whose type is share pin.
Executing : def_port {cmos1_pclk} LOC=T18 VCCIO=3.3 IOSTANDARD=LVCMOS33 NONE=TRUE successfully
Executing : def_port {cmos1_vsync} LOC=W17 VCCIO=3.3 IOSTANDARD=LVCMOS33 NONE=TRUE
C: ConstraintEditor-2002: [C:/Users/DELL/Desktop/4.28_ROI_V2.1/04_camera_pcie_capture_40pin_fmc/project/device_map/image_pcie_capture.pcf(line number: 65)] | Port cmos1_vsync has been placed at location W17, whose type is share pin.
Executing : def_port {cmos1_vsync} LOC=W17 VCCIO=3.3 IOSTANDARD=LVCMOS33 NONE=TRUE successfully
Executing : def_port {cmos2_data[0]} LOC=U17 VCCIO=3.3 IOSTANDARD=LVCMOS33 NONE=TRUE
C: ConstraintEditor-2002: [C:/Users/DELL/Desktop/4.28_ROI_V2.1/04_camera_pcie_capture_40pin_fmc/project/device_map/image_pcie_capture.pcf(line number: 66)] | Port cmos2_data[0] has been placed at location U17, whose type is share pin.
Executing : def_port {cmos2_data[0]} LOC=U17 VCCIO=3.3 IOSTANDARD=LVCMOS33 NONE=TRUE successfully
Executing : def_port {cmos2_data[1]} LOC=V20 VCCIO=3.3 IOSTANDARD=LVCMOS33 NONE=TRUE
Executing : def_port {cmos2_data[1]} LOC=V20 VCCIO=3.3 IOSTANDARD=LVCMOS33 NONE=TRUE successfully
Executing : def_port {cmos2_data[2]} LOC=R16 VCCIO=3.3 IOSTANDARD=LVCMOS33 NONE=TRUE
C: ConstraintEditor-2002: [C:/Users/DELL/Desktop/4.28_ROI_V2.1/04_camera_pcie_capture_40pin_fmc/project/device_map/image_pcie_capture.pcf(line number: 68)] | Port cmos2_data[2] has been placed at location R16, whose type is share pin.
Executing : def_port {cmos2_data[2]} LOC=R16 VCCIO=3.3 IOSTANDARD=LVCMOS33 NONE=TRUE successfully
Executing : def_port {cmos2_data[3]} LOC=P15 VCCIO=3.3 IOSTANDARD=LVCMOS33 NONE=TRUE
C: ConstraintEditor-2002: [C:/Users/DELL/Desktop/4.28_ROI_V2.1/04_camera_pcie_capture_40pin_fmc/project/device_map/image_pcie_capture.pcf(line number: 69)] | Port cmos2_data[3] has been placed at location P15, whose type is share pin.
Executing : def_port {cmos2_data[3]} LOC=P15 VCCIO=3.3 IOSTANDARD=LVCMOS33 NONE=TRUE successfully
Executing : def_port {cmos2_data[4]} LOC=W19 VCCIO=3.3 IOSTANDARD=LVCMOS33 NONE=TRUE
Executing : def_port {cmos2_data[4]} LOC=W19 VCCIO=3.3 IOSTANDARD=LVCMOS33 NONE=TRUE successfully
Executing : def_port {cmos2_data[5]} LOC=W20 VCCIO=3.3 IOSTANDARD=LVCMOS33 NONE=TRUE
Executing : def_port {cmos2_data[5]} LOC=W20 VCCIO=3.3 IOSTANDARD=LVCMOS33 NONE=TRUE successfully
Executing : def_port {cmos2_data[6]} LOC=P17 VCCIO=3.3 IOSTANDARD=LVCMOS18 NONE=TRUE
C: ConstraintEditor-2002: [C:/Users/DELL/Desktop/4.28_ROI_V2.1/04_camera_pcie_capture_40pin_fmc/project/device_map/image_pcie_capture.pcf(line number: 72)] | Port cmos2_data[6] has been placed at location P17, whose type is share pin.
Executing : def_port {cmos2_data[6]} LOC=P17 VCCIO=3.3 IOSTANDARD=LVCMOS18 NONE=TRUE successfully
Executing : def_port {cmos2_data[7]} LOC=AB18 VCCIO=3.3 IOSTANDARD=LVCMOS33 NONE=TRUE
C: ConstraintEditor-2002: [C:/Users/DELL/Desktop/4.28_ROI_V2.1/04_camera_pcie_capture_40pin_fmc/project/device_map/image_pcie_capture.pcf(line number: 73)] | Port cmos2_data[7] has been placed at location AB18, whose type is share pin.
Executing : def_port {cmos2_data[7]} LOC=AB18 VCCIO=3.3 IOSTANDARD=LVCMOS33 NONE=TRUE successfully
Executing : def_port {cmos2_href} LOC=U18 VCCIO=3.3 IOSTANDARD=LVCMOS33 NONE=TRUE
C: ConstraintEditor-2002: [C:/Users/DELL/Desktop/4.28_ROI_V2.1/04_camera_pcie_capture_40pin_fmc/project/device_map/image_pcie_capture.pcf(line number: 74)] | Port cmos2_href has been placed at location U18, whose type is share pin.
Executing : def_port {cmos2_href} LOC=U18 VCCIO=3.3 IOSTANDARD=LVCMOS33 NONE=TRUE successfully
Executing : def_port {cmos2_pclk} LOC=P16 VCCIO=3.3 IOSTANDARD=LVCMOS33 NONE=TRUE
C: ConstraintEditor-2002: [C:/Users/DELL/Desktop/4.28_ROI_V2.1/04_camera_pcie_capture_40pin_fmc/project/device_map/image_pcie_capture.pcf(line number: 75)] | Port cmos2_pclk has been placed at location P16, whose type is share pin.
Executing : def_port {cmos2_pclk} LOC=P16 VCCIO=3.3 IOSTANDARD=LVCMOS33 NONE=TRUE successfully
Executing : def_port {cmos2_vsync} LOC=R17 VCCIO=3.3 IOSTANDARD=LVCMOS33 NONE=TRUE
C: ConstraintEditor-2002: [C:/Users/DELL/Desktop/4.28_ROI_V2.1/04_camera_pcie_capture_40pin_fmc/project/device_map/image_pcie_capture.pcf(line number: 76)] | Port cmos2_vsync has been placed at location R17, whose type is share pin.
Executing : def_port {cmos2_vsync} LOC=R17 VCCIO=3.3 IOSTANDARD=LVCMOS33 NONE=TRUE successfully
Executing : def_port {cmos3_pclk} LOC=C18 VCCIO=3.3 IOSTANDARD=LVCMOS33 NONE=TRUE
Executing : def_port {cmos3_pclk} LOC=C18 VCCIO=3.3 IOSTANDARD=LVCMOS33 NONE=TRUE successfully
Executing : def_port {cmos3_vsync} LOC=A15 VCCIO=3.3 IOSTANDARD=LVCMOS33 NONE=TRUE
Executing : def_port {cmos3_vsync} LOC=A15 VCCIO=3.3 IOSTANDARD=LVCMOS33 NONE=TRUE successfully
Executing : def_port {free_clk} LOC=V4 VCCIO=1.5 IOSTANDARD=LVCMOS15 UNUSED=TRUE
Executing : def_port {free_clk} LOC=V4 VCCIO=1.5 IOSTANDARD=LVCMOS15 UNUSED=TRUE successfully
Executing : def_port {perst_n} LOC=M16 VCCIO=1.8 IOSTANDARD=LVCMOS18 NONE=TRUE
C: ConstraintEditor-2002: [C:/Users/DELL/Desktop/4.28_ROI_V2.1/04_camera_pcie_capture_40pin_fmc/project/device_map/image_pcie_capture.pcf(line number: 80)] | Port perst_n has been placed at location M16, whose type is share pin.
Executing : def_port {perst_n} LOC=M16 VCCIO=1.8 IOSTANDARD=LVCMOS18 NONE=TRUE successfully
Executing : def_port {ref_clk_n} LOC=E6
Executing : def_port {ref_clk_n} LOC=E6 successfully
Executing : def_port {ref_clk_p} LOC=F6
Executing : def_port {ref_clk_p} LOC=F6 successfully
Executing : def_inst_site {I_ips_ddr_top/u_ddrphy_top/ddrphy_reset_ctrl/ddrphy_ioclk_gate[0]/opit_0_inv} CLMA_285_54 FF3
Executing : def_inst_site {I_ips_ddr_top/u_ddrphy_top/ddrphy_reset_ctrl/ddrphy_ioclk_gate[0]/opit_0_inv} CLMA_285_54 FF3 successfully
Executing : def_inst_site {I_ips_ddr_top/u_ddrphy_top/ddrphy_reset_ctrl/ddrphy_ioclk_gate[1]/opit_0_inv} CLMA_285_360 FF3
Executing : def_inst_site {I_ips_ddr_top/u_ddrphy_top/ddrphy_reset_ctrl/ddrphy_ioclk_gate[1]/opit_0_inv} CLMA_285_360 FF3 successfully
Executing : def_inst_site {u_ips2l_pcie_wrap/U_IPS2L_PCIE_TOP/U_IPS2L_HSSTLP_PCIE_SOFT_PHY/x2.GTP_HSST_2LANE_TOP/U_GTP_HSSTLP_WRAPPER/CHANNEL0_ENABLE.U_GTP_HSSTLP_LANE0/gophsst} HSSTLP_364_918 U0_HSSTLP_LANE
Executing : def_inst_site {u_ips2l_pcie_wrap/U_IPS2L_PCIE_TOP/U_IPS2L_HSSTLP_PCIE_SOFT_PHY/x2.GTP_HSST_2LANE_TOP/U_GTP_HSSTLP_WRAPPER/CHANNEL0_ENABLE.U_GTP_HSSTLP_LANE0/gophsst} HSSTLP_364_918 U0_HSSTLP_LANE successfully
Executing : def_inst_site {u_ips2l_pcie_wrap/U_IPS2L_PCIE_TOP/U_IPS2L_HSSTLP_PCIE_SOFT_PHY/x2.GTP_HSST_2LANE_TOP/U_GTP_HSSTLP_WRAPPER/CHANNEL1_ENABLE.U_GTP_HSSTLP_LANE1/gophsst} HSSTLP_364_918 U1_HSSTLP_LANE
Executing : def_inst_site {u_ips2l_pcie_wrap/U_IPS2L_PCIE_TOP/U_IPS2L_HSSTLP_PCIE_SOFT_PHY/x2.GTP_HSST_2LANE_TOP/U_GTP_HSSTLP_WRAPPER/CHANNEL1_ENABLE.U_GTP_HSSTLP_LANE1/gophsst} HSSTLP_364_918 U1_HSSTLP_LANE successfully
Executing : def_inst_site {u_ips2l_pcie_wrap/U_IPS2L_PCIE_TOP/U_IPS2L_HSSTLP_PCIE_SOFT_PHY/x2.GTP_HSST_2LANE_TOP/U_GTP_HSSTLP_WRAPPER/PLL0_ENABLE.U_GTP_HSSTLP_PLL0/gophsst} HSSTLP_364_918 U0_HSSTLP_PLL
Executing : def_inst_site {u_ips2l_pcie_wrap/U_IPS2L_PCIE_TOP/U_IPS2L_HSSTLP_PCIE_SOFT_PHY/x2.GTP_HSST_2LANE_TOP/U_GTP_HSSTLP_WRAPPER/PLL0_ENABLE.U_GTP_HSSTLP_PLL0/gophsst} HSSTLP_364_918 U0_HSSTLP_PLL successfully
W: ConstraintEditor-4019: Port Bus 'cmos1_data' unspecified I/O constraint.
W: ConstraintEditor-4019: Port Bus 'cmos3_data' unspecified I/O constraint.
W: ConstraintEditor-4019: Port Bus 'rxn' unspecified I/O constraint.
W: ConstraintEditor-4019: Port Bus 'rxp' unspecified I/O constraint.
W: ConstraintEditor-4019: Port Bus 'txn' unspecified I/O constraint.
W: ConstraintEditor-4019: Port Bus 'txp' unspecified I/O constraint.
W: ConstraintEditor-4019: Port 'cmos1_href' unspecified I/O constraint.
W: ConstraintEditor-4019: Port 'cmos3_href' unspecified I/O constraint.
W: ConstraintEditor-4019: Port 'cmos_init_done[2]' unspecified I/O constraint.
W: ConstraintEditor-4019: Port 'uart_rxd' unspecified I/O constraint.
W: ConstraintEditor-4019: Port 'uart_txd' unspecified I/O constraint.
Constraint check end.
I: Column Clock Check open.
Read Column Clock Map.

Placement started.
Phase 1 Pre global placement started.
Mapping instance GRS_INST/grs_ccs to CCS_87_316.
Mapping instance u_ips2l_pcie_wrap/U_IPS2L_PCIE_TOP/U_IPS2L_PCIE_HARD_CTRL/u_gtp_pcie/gateop to PCIE_315_918.
Mapping instance I_ips_ddr_top/u_ddrphy_top/ddrphy_gpll/u_gpll/gpll_inst to GPLL_367_463.
Mapping instance I_ips_ddr_top/u_ddrphy_top/ddrphy_slice_top/i_dqs_bank[0].u_ddrphy_ioclkdiv/ddrphy_ioclk_div_inst to DDRPHY_IOCLK_DIV_368_310.
Mapping instance I_ips_ddr_top/u_ddrphy_top/ddrphy_slice_top/i_dqs_bank[0].ddrphy_ppll/u_ppll/ppll_inst to PPLL_367_307.
Mapping instance I_ips_ddr_top/u_ddrphy_top/ddrphy_slice_top/i_ca_group[0].u_ddc_ca/ddc_inst to DDR_PHY_369_465.
Mapping instance I_ips_ddr_top/u_ddrphy_top/ddrphy_slice_top/i_ca_group[1].u_ddc_ca/ddc_inst to DDR_PHY_369_463.
Mapping instance I_ips_ddr_top/u_ddrphy_top/ddrphy_slice_top/i_ca_group[2].u_ddc_ca/ddc_inst to DDR_PHY_369_309.
Mapping instance I_ips_ddr_top/u_ddrphy_top/ddrphy_slice_top/i_dqs_bank[1].u_ddrphy_ioclkdiv/ddrphy_ioclk_div_inst to DDRPHY_IOCLK_DIV_368_616.
Mapping instance I_ips_ddr_top/u_ddrphy_top/ddrphy_slice_top/i_dqs_bank[1].ddrphy_ppll/u_ppll/ppll_inst to PPLL_367_613.
Mapping instance I_ips_ddr_top/u_ddrphy_top/ddrphy_slice_top/i_dqs_group[0].ddrphy_data_slice/u_ddc_dq/ddc_inst_PHY to DDR_PHY_369_613.
Mapping instance I_ips_ddr_top/u_ddrphy_top/ddrphy_slice_top/i_dqs_group[1].ddrphy_data_slice/u_ddc_dq/ddc_inst_PHY to DDR_PHY_369_615.
Phase 1.1 1st GP placement started.
Design Utilization : 14%.
First map gop timing takes 2.91 sec
Worst slack after clock region global placement is -2953
Wirelength after clock region global placement is 318052 and checksum is 4174E9022E7CF5D0.
1st GP placement takes 13.59 sec.

Phase 1.2 Clock placement started.
Mapping instance I_ips_ddr_top/u_ddrphy_top/ddrphy_slice_top/i_dqs_bank[0].u_clkbufr/goprclk to RCKB_363_456.
Mapping instance I_ips_ddr_top/u_ddrphy_top/ddrphy_slice_top/i_dqs_bank[1].u_clkbufr/goprclk to RCKB_363_762.
Mapping instance I_ips_ddr_top/u_ddrphy_top/u_clkbufm/clkbufm_inst to MRCKB_361_456.
C: Place-2028: REGION_CLOCK: the driver cmos2_pclk_ibuf/opit_1 fixed at IOLHR_16_318 is unreasonable. Sub-optimal placement for a clock source and a clock buffer.
Mapping instance cmos2_8_16bit/u_GTP_IOCLKDIV/iockdiv_inst to RCKB_9_150.
C: Place-2028: REGION_CLOCK: the driver cmos1_pclk_ibuf/opit_1 fixed at IOLHR_16_360 is unreasonable. Sub-optimal placement for a clock source and a clock buffer.
Mapping instance cmos1_8_16bit/u_GTP_IOCLKDIV/iockdiv_inst to RCKB_9_151.
Mapping instance cmos2_8_16bit_fmc/U_CLKBUFG/gopclkbufg to USCM_215_669.
Mapping instance cmos2_8_16bit_fmc/u_GTP_IOCLKDIV/iockdiv_inst to RCKB_9_1068.
Mapping instance clkbufg_0/gopclkbufg to USCM_215_624.
Mapping instance I_ips_ddr_top/u_ddrphy_top/u_sysclk_bufg/gopclkbufg to USCM_215_576.
Mapping instance u_ips2l_pcie_wrap/U_IPS2L_PCIE_TOP/U_IPS2L_HSSTLP_PCIE_SOFT_PHY/u_clkbufg/gopclkbufg to USCM_215_627.
Mapping instance clkbufg_1/gopclkbufg to USCM_215_630.
Mapping instance I_ips_ddr_top/u_ddrphy_top/rst_clk_gpll/u_gpll/gpll_inst to GPLL_7_463.
Mapping instance I_ips_ddr_top/u_ddrphy_top/u_rst_clk_bufg/gopclkbufg to USCM_215_579.
Mapping instance pll_inst/u_gpll/gpll_inst to GPLL_7_157.
Mapping instance clkbufg_3/gopclkbufg to USCM_215_582.
C: Place-2028: GLOBAL_CLOCK: the driver cmos2_pclk_ibuf/opit_1 fixed at IOLHR_16_318 is unreasonable. Sub-optimal placement for a clock source and a clock buffer.
Mapping instance clkbufg_2/gopclkbufg to USCM_215_585.
C: Place-2028: GLOBAL_CLOCK: the driver cmos1_pclk_ibuf/opit_1 fixed at IOLHR_16_360 is unreasonable. Sub-optimal placement for a clock source and a clock buffer.
Mapping instance clkbufg_4/gopclkbufg to USCM_215_588.
Mapping instance clkbufg_5/gopclkbufg to USCM_215_633.
Clock placement takes 0.44 sec.

Wirelength after Pre Global Placement is 318052 and checksum is 4174E9022E7CF5D0.
Pre global placement takes 15.11 sec.

Phase 2 Global placement started.
Phase 2.1 Fixed placement started.
Placed fixed group with base inst I_ips_ddr_top/u_ddrphy_top/ddrphy_slice_top/i_dqs_group[0].ddrphy_data_slice/dq_loop[0].u_iobuf_dq/opit_1 on IOLHR_364_624.
Placed fixed group with base inst I_ips_ddr_top/u_ddrphy_top/ddrphy_slice_top/i_dqs_group[0].ddrphy_data_slice/dq_loop[1].u_iobuf_dq/opit_1 on IOLHR_364_630.
Placed fixed group with base inst I_ips_ddr_top/u_ddrphy_top/ddrphy_slice_top/i_dqs_group[0].ddrphy_data_slice/dq_loop[2].u_iobuf_dq/opit_1 on IOLHR_364_636.
Placed fixed group with base inst I_ips_ddr_top/u_ddrphy_top/ddrphy_slice_top/i_dqs_group[0].ddrphy_data_slice/dq_loop[3].u_iobuf_dq/opit_1 on IOLHR_364_642.
Placed fixed group with base inst I_ips_ddr_top/u_ddrphy_top/ddrphy_slice_top/i_dqs_group[0].ddrphy_data_slice/dq_loop[4].u_iobuf_dq/opit_1 on IOLHR_364_648.
Placed fixed group with base inst I_ips_ddr_top/u_ddrphy_top/ddrphy_slice_top/i_dqs_group[0].ddrphy_data_slice/dq_loop[5].u_iobuf_dq/opit_1 on IOLHR_364_666.
Placed fixed group with base inst I_ips_ddr_top/u_ddrphy_top/ddrphy_slice_top/i_dqs_group[0].ddrphy_data_slice/dq_loop[6].u_iobuf_dq/opit_1 on IOLHR_364_672.
Placed fixed group with base inst I_ips_ddr_top/u_ddrphy_top/ddrphy_slice_top/i_dqs_group[0].ddrphy_data_slice/dq_loop[7].u_iobuf_dq/opit_1 on IOLHR_364_684.
Placed fixed group with base inst I_ips_ddr_top/u_ddrphy_top/ddrphy_slice_top/i_dqs_group[0].ddrphy_data_slice/genblk1.u_iobufco_dqs/opit_2 on IOLHR_364_660.
Placed fixed group with base inst I_ips_ddr_top/u_ddrphy_top/ddrphy_slice_top/i_dqs_group[0].ddrphy_data_slice/u_outbuft_dm/opit_1 on IOLHR_364_618.
Placed fixed group with base inst I_ips_ddr_top/u_ddrphy_top/ddrphy_slice_top/i_dqs_group[1].ddrphy_data_slice/dq_loop[0].u_iobuf_dq/opit_1 on IOLHR_364_702.
Placed fixed group with base inst I_ips_ddr_top/u_ddrphy_top/ddrphy_slice_top/i_dqs_group[1].ddrphy_data_slice/dq_loop[1].u_iobuf_dq/opit_1 on IOLHR_364_708.
Placed fixed group with base inst I_ips_ddr_top/u_ddrphy_top/ddrphy_slice_top/i_dqs_group[1].ddrphy_data_slice/dq_loop[2].u_iobuf_dq/opit_1 on IOLHR_364_714.
Placed fixed group with base inst I_ips_ddr_top/u_ddrphy_top/ddrphy_slice_top/i_dqs_group[1].ddrphy_data_slice/dq_loop[3].u_iobuf_dq/opit_1 on IOLHR_364_720.
Placed fixed group with base inst I_ips_ddr_top/u_ddrphy_top/ddrphy_slice_top/i_dqs_group[1].ddrphy_data_slice/dq_loop[4].u_iobuf_dq/opit_1 on IOLHR_364_738.
Placed fixed group with base inst I_ips_ddr_top/u_ddrphy_top/ddrphy_slice_top/i_dqs_group[1].ddrphy_data_slice/dq_loop[5].u_iobuf_dq/opit_1 on IOLHR_364_744.
Placed fixed group with base inst I_ips_ddr_top/u_ddrphy_top/ddrphy_slice_top/i_dqs_group[1].ddrphy_data_slice/dq_loop[6].u_iobuf_dq/opit_1 on IOLHR_364_750.
Placed fixed group with base inst I_ips_ddr_top/u_ddrphy_top/ddrphy_slice_top/i_dqs_group[1].ddrphy_data_slice/dq_loop[7].u_iobuf_dq/opit_1 on IOLHR_364_756.
Placed fixed group with base inst I_ips_ddr_top/u_ddrphy_top/ddrphy_slice_top/i_dqs_group[1].ddrphy_data_slice/genblk1.u_iobufco_dqs/opit_2 on IOLHR_364_732.
Placed fixed group with base inst I_ips_ddr_top/u_ddrphy_top/ddrphy_slice_top/i_dqs_group[1].ddrphy_data_slice/u_outbuft_dm/opit_1 on IOLHR_364_696.
Placed fixed group with base inst I_ips_ddr_top/u_ddrphy_top/ddrphy_slice_top/i_mem_addr_0[0].u_outbuft_addr0/opit_1 on IOLHR_364_600.
Placed fixed group with base inst I_ips_ddr_top/u_ddrphy_top/ddrphy_slice_top/i_mem_addr_0[1].u_outbuft_addr0/opit_1 on IOLHR_364_594.
Placed fixed group with base inst I_ips_ddr_top/u_ddrphy_top/ddrphy_slice_top/i_mem_addr_0[2].u_outbuft_addr0/opit_1 on IOLHR_364_588.
Placed fixed group with base inst I_ips_ddr_top/u_ddrphy_top/ddrphy_slice_top/i_mem_addr_0[3].u_outbuft_addr0/opit_1 on IOLHR_364_582.
Placed fixed group with base inst I_ips_ddr_top/u_ddrphy_top/ddrphy_slice_top/i_mem_addr_0[4].u_outbuft_addr0/opit_1 on IOLHR_364_576.
Placed fixed group with base inst I_ips_ddr_top/u_ddrphy_top/ddrphy_slice_top/i_mem_addr_0[5].u_outbuft_addr0/opit_1 on IOLHR_364_570.
Placed fixed group with base inst I_ips_ddr_top/u_ddrphy_top/ddrphy_slice_top/i_mem_addr_0[6].u_outbuft_addr0/opit_1 on IOLHR_364_564.
Placed fixed group with base inst I_ips_ddr_top/u_ddrphy_top/ddrphy_slice_top/i_mem_addr_0[7].u_outbuft_addr0/opit_1 on IOLHR_364_558.
Placed fixed group with base inst I_ips_ddr_top/u_ddrphy_top/ddrphy_slice_top/i_mem_addr_0[8].u_outbuft_addr0/opit_1 on IOLHR_364_552.
Placed fixed group with base inst I_ips_ddr_top/u_ddrphy_top/ddrphy_slice_top/i_mem_addr_0[9].u_outbuft_addr0/opit_1 on IOLHR_364_546.
Placed fixed group with base inst I_ips_ddr_top/u_ddrphy_top/ddrphy_slice_top/i_mem_addr_0[10].u_outbuft_addr0/opit_1 on IOLHR_364_540.
Placed fixed group with base inst I_ips_ddr_top/u_ddrphy_top/ddrphy_slice_top/i_mem_addr_0[11].u_outbuft_addr0/opit_1 on IOLHR_364_528.
Placed fixed group with base inst I_ips_ddr_top/u_ddrphy_top/ddrphy_slice_top/i_mem_addr_0[12].u_outbuft_addr0/opit_1 on IOLHR_364_522.
Placed fixed group with base inst I_ips_ddr_top/u_ddrphy_top/ddrphy_slice_top/i_mem_addr_0[13].u_outbuft_addr0/opit_1 on IOLHR_364_516.
Placed fixed group with base inst I_ips_ddr_top/u_ddrphy_top/ddrphy_slice_top/i_mem_addr_0[14].u_outbuft_addr0/opit_1 on IOLHR_364_510.
Placed fixed group with base inst I_ips_ddr_top/u_ddrphy_top/ddrphy_slice_top/k_mem_ba[0].u_outbuft_ba/opit_1 on IOLHR_364_498.
Placed fixed group with base inst I_ips_ddr_top/u_ddrphy_top/ddrphy_slice_top/k_mem_ba[1].u_outbuft_ba/opit_1 on IOLHR_364_492.
Placed fixed group with base inst I_ips_ddr_top/u_ddrphy_top/ddrphy_slice_top/k_mem_ba[2].u_outbuft_ba/opit_1 on IOLHR_364_486.
Placed fixed group with base inst I_ips_ddr_top/u_ddrphy_top/ddrphy_slice_top/u_outbuft_casn/opit_1 on IOLHR_364_414.
Placed fixed group with base inst I_ips_ddr_top/u_ddrphy_top/ddrphy_slice_top/u_outbuft_cke/opit_1 on IOLHR_364_462.
Placed fixed group with base inst I_ips_ddr_top/u_ddrphy_top/ddrphy_slice_top/u_outbuft_csn/opit_1 on IOLHR_364_408.
Placed fixed group with base inst I_ips_ddr_top/u_ddrphy_top/ddrphy_slice_top/u_outbuft_odt/opit_1 on IOLHR_364_402.
Placed fixed group with base inst I_ips_ddr_top/u_ddrphy_top/ddrphy_slice_top/u_outbuft_rasn/opit_1 on IOLHR_364_420.
Placed fixed group with base inst I_ips_ddr_top/u_ddrphy_top/ddrphy_slice_top/u_outbuft_wen/opit_1 on IOLHR_364_426.
Placed fixed group with base inst I_ips_ddr_top/u_ddrphy_top/ddrphy_slice_top/u_outbuftco_ck/opit_3 on IOLHR_364_480.
Placed fixed group with base inst board_rst_n_ibuf/opit_1 on IOLHR_16_624.
Placed fixed group with base inst cmos1_pclk_ibuf/opit_1 on IOLHR_16_360.
Placed fixed group with base inst cmos1_reset_obuf/opit_1 on IOLHR_16_438.
Placed fixed group with base inst cmos1_scl_iobuf/opit_1 on IOLHR_16_372.
Placed fixed group with base inst cmos1_vsync_ibuf/opit_1 on IOLHR_16_408.
Placed fixed group with base inst cmos2_data_ibuf[0]/opit_1 on IOLHR_16_390.
Placed fixed group with base inst cmos2_data_ibuf[1]/opit_1 on IOLHR_16_474.
Placed fixed group with base inst cmos2_data_ibuf[2]/opit_1 on IOLHR_16_336.
Placed fixed group with base inst cmos2_data_ibuf[3]/opit_1 on IOLHR_16_342.
Placed fixed group with base inst cmos2_data_ibuf[4]/opit_1 on IOLHR_16_468.
Placed fixed group with base inst cmos2_data_ibuf[5]/opit_1 on IOLHR_16_462.
Placed fixed group with base inst cmos2_data_ibuf[6]/opit_1 on IOLHR_16_348.
Placed fixed group with base inst cmos2_data_ibuf[7]/opit_1 on IOLHR_16_396.
Placed fixed group with base inst cmos2_href_ibuf/opit_1 on IOLHR_16_384.
Placed fixed group with base inst cmos2_pclk_ibuf/opit_1 on IOLHR_16_318.
Placed fixed group with base inst cmos2_reset_obuf/opit_1 on IOLHR_16_510.
Placed fixed group with base inst cmos2_scl_iobuf/opit_1 on IOLHR_16_480.
Placed fixed group with base inst cmos2_vsync_ibuf/opit_1 on IOLHR_16_312.
Placed fixed group with base inst cmos3_pclk_ibuf/opit_1 on IOLHR_16_1062.
Placed fixed group with base inst cmos3_reset_obuf/opit_1 on IOLHR_16_1122.
Placed fixed group with base inst cmos3_scl_iobuf/opit_1 on IOLHR_16_1170.
Placed fixed group with base inst cmos3_vsync_ibuf/opit_1 on IOLHR_16_1116.
Placed fixed group with base inst cmos_init_done_obuf[0]/opit_1 on IOLHR_16_612.
Placed fixed group with base inst cmos_init_done_obuf[1]/opit_1 on IOLHR_16_912.
Placed fixed group with base inst coms1_reg_config.u1.i2c_sdat_tri/opit_1 on IOLHR_16_378.
Placed fixed group with base inst coms2_reg_config.u1.i2c_sdat_tri/opit_1 on IOLHR_16_354.
Placed fixed group with base inst coms3_reg_config.u1.i2c_sdat_tri/opit_1 on IOLHR_16_1200.
Placed fixed group with base inst free_clk_ibuf/opit_1 on IOLHR_364_468.
Placed fixed group with base inst mem_rst_n_obuf/opit_1 on IOLHR_364_606.
Placed fixed group with base inst perst_n_ibuf/opit_1 on IOLHR_16_618.
Placed fixed group with base inst u_ips2l_pcie_wrap/U_IPS2L_PCIE_TOP/U_IPS2L_HSSTLP_PCIE_SOFT_PHY/x2.GTP_HSST_2LANE_TOP/U_GTP_HSSTLP_WRAPPER/CHANNEL0_ENABLE.U_GTP_HSSTLP_LANE0/gophsst on HSSTLP_364_918.
Placed fixed instance I_ips_ddr_top/u_ddrphy_top/ddrphy_reset_ctrl/ddrphy_ioclk_gate[0]/opit_0_inv on CLMA_285_54.
Placed fixed instance I_ips_ddr_top/u_ddrphy_top/ddrphy_reset_ctrl/ddrphy_ioclk_gate[1]/opit_0_inv on CLMA_285_360.
Placed fixed instance u_ips2l_pcie_wrap/U_IPS2L_PCIE_TOP/U_IPS2L_HSSTLP_PCIE_SOFT_PHY/x2.GTP_HSST_2LANE_TOP/U_GTP_HSSTLP_WRAPPER/PLL0_ENABLE.U_GTP_HSSTLP_PLL0/gophsst on HSSTLP_364_918.
Placed fixed instance GRS_INST/grs_ccs on CCS_87_316.
Placed fixed instance I_ips_ddr_top/u_ddrphy_top/ddrphy_gpll/u_gpll/gpll_inst on GPLL_367_463.
Placed fixed instance I_ips_ddr_top/u_ddrphy_top/ddrphy_slice_top/i_ca_group[0].u_ddc_ca/ddc_inst on DDR_PHY_369_465.
Placed fixed instance I_ips_ddr_top/u_ddrphy_top/ddrphy_slice_top/i_ca_group[1].u_ddc_ca/ddc_inst on DDR_PHY_369_463.
Placed fixed instance I_ips_ddr_top/u_ddrphy_top/ddrphy_slice_top/i_ca_group[2].u_ddc_ca/ddc_inst on DDR_PHY_369_309.
Placed fixed instance I_ips_ddr_top/u_ddrphy_top/ddrphy_slice_top/i_dqs_bank[0].ddrphy_ppll/u_ppll/ppll_inst on PPLL_367_307.
Placed fixed instance I_ips_ddr_top/u_ddrphy_top/ddrphy_slice_top/i_dqs_bank[0].u_clkbufr/goprclk on RCKB_363_456.
Placed fixed instance I_ips_ddr_top/u_ddrphy_top/ddrphy_slice_top/i_dqs_bank[0].u_ddrphy_ioclkdiv/ddrphy_ioclk_div_inst on DDRPHY_IOCLK_DIV_368_310.
Placed fixed instance I_ips_ddr_top/u_ddrphy_top/ddrphy_slice_top/i_dqs_bank[1].ddrphy_ppll/u_ppll/ppll_inst on PPLL_367_613.
Placed fixed instance I_ips_ddr_top/u_ddrphy_top/ddrphy_slice_top/i_dqs_bank[1].u_clkbufr/goprclk on RCKB_363_762.
Placed fixed instance I_ips_ddr_top/u_ddrphy_top/ddrphy_slice_top/i_dqs_bank[1].u_ddrphy_ioclkdiv/ddrphy_ioclk_div_inst on DDRPHY_IOCLK_DIV_368_616.
Placed fixed instance I_ips_ddr_top/u_ddrphy_top/ddrphy_slice_top/i_dqs_group[0].ddrphy_data_slice/u_ddc_dq/ddc_inst_PHY on DDR_PHY_369_613.
Placed fixed instance I_ips_ddr_top/u_ddrphy_top/ddrphy_slice_top/i_dqs_group[1].ddrphy_data_slice/u_ddc_dq/ddc_inst_PHY on DDR_PHY_369_615.
Placed fixed instance I_ips_ddr_top/u_ddrphy_top/rst_clk_gpll/u_gpll/gpll_inst on GPLL_7_463.
Placed fixed instance I_ips_ddr_top/u_ddrphy_top/u_clkbufm/clkbufm_inst on MRCKB_361_456.
Placed fixed instance I_ips_ddr_top/u_ddrphy_top/u_rst_clk_bufg/gopclkbufg on USCM_215_579.
Placed fixed instance I_ips_ddr_top/u_ddrphy_top/u_sysclk_bufg/gopclkbufg on USCM_215_576.
Placed fixed instance clkbufg_0/gopclkbufg on USCM_215_624.
Placed fixed instance clkbufg_1/gopclkbufg on USCM_215_630.
Placed fixed instance clkbufg_2/gopclkbufg on USCM_215_585.
Placed fixed instance clkbufg_3/gopclkbufg on USCM_215_582.
Placed fixed instance clkbufg_4/gopclkbufg on USCM_215_588.
Placed fixed instance clkbufg_5/gopclkbufg on USCM_215_633.
Placed fixed instance cmos1_8_16bit/u_GTP_IOCLKDIV/iockdiv_inst on RCKB_9_151.
Placed fixed instance cmos2_8_16bit/u_GTP_IOCLKDIV/iockdiv_inst on RCKB_9_150.
Placed fixed instance cmos2_8_16bit_fmc/U_CLKBUFG/gopclkbufg on USCM_215_669.
Placed fixed instance cmos2_8_16bit_fmc/u_GTP_IOCLKDIV/iockdiv_inst on RCKB_9_1068.
Placed fixed instance pll_inst/u_gpll/gpll_inst on GPLL_7_157.
Placed fixed instance ref_clk_n_ibuf_hsst on SPAD_363_922.
Placed fixed instance ref_clk_p_ibuf_hsst on SPAD_363_921.
Placed fixed instance u_ips2l_pcie_wrap/U_IPS2L_PCIE_TOP/U_IPS2L_HSSTLP_PCIE_SOFT_PHY/u_clkbufg/gopclkbufg on USCM_215_627.
Placed fixed instance u_ips2l_pcie_wrap/U_IPS2L_PCIE_TOP/U_IPS2L_PCIE_HARD_CTRL/u_gtp_pcie/gateop on PCIE_315_918.
Placed fixed instance BKCL_auto_0 on BKCL_1_952.
Placed fixed instance BKCL_auto_1 on BKCL_1_646.
Placed fixed instance BKCL_auto_2 on BKCL_1_340.
Placed fixed instance BKCL_auto_3 on BKCL_373_646.
Placed fixed instance BKCL_auto_4 on BKCL_373_340.
Fixed placement takes 0.48 sec.

Phase 2.2 Process placement started.
I: The IO driver of I_ips_ddr_top/u_ddrphy_top/rst_clk_gpll/u_gpll/gpll_inst(CLKIN1) is not constraint at pllpad, its clock path will pass through SRB.
I: The IO driver of pll_inst/u_gpll/gpll_inst(CLKIN1) is not constraint at pllpad, its clock path will pass through SRB.
Process placement takes 0.00 sec.

Phase 2.3 IO placement started.
IO placement takes 0.12 sec.

Phase 2.4 2nd GP placement started.
Run super clustering :
	Initial slack -3411.
	3 iterations finished.
	Final slack -2451.
Super clustering done.
Design Utilization : 14%.
Worst slack after global placement is 1255
2nd GP placement takes 19.78 sec.

Wirelength after global placement is 158723 and checksum is FCCCD64ADDF18FA4.
Global placement takes 20.41 sec.

Phase 3 Post global placement started.
Packing LUT6D started.
I: LUT6D pack result: There are 4091 LUT6 in collection, pack success:165
Packing LUT6D takes 2.81 sec.
Phase 3.1 Macro cell placement started.
I: Process macros using "Greedy".
Wirelength after macro cell placement is 181653 and checksum is F83ABA70DE692289.
Macro cell placement takes 0.12 sec.

Phase 3.2 3rd GP placement started.
Run super clustering :
	Initial slack -3696.
	4 iterations finished.
	Final slack -2528.
Super clustering done.
Design Utilization : 14%.
Worst slack after post global placement is 616
3rd GP placement takes 7.20 sec.

Wirelength after post global placement is 150642 and checksum is A891F489834BE3DB.
Packing LUT6D started.
I: LUT6D pack result: There are 3761 LUT6 in collection, pack success:8
Packing LUT6D takes 2.70 sec.
Post global placement takes 12.89 sec.

Phase 4 Legalization started.
The average distance in LP is 1.362271.
Wirelength after legalization is 193719 and checksum is E2A13A7A83E5B981.
Legalization takes 2.44 sec.

Phase 5 Timing-driven detailed placement started.
Phase 5.1 Replication placement started.
Worst slack before Replication Place is 441.
Replication placement takes 0.70 sec.

Wirelength after replication placement is 193719 and checksum is E2A13A7A83E5B981.
Phase 5.2 Swapping placement started.
Worst slack before detailed placement is 441, TNS before detailed placement is 0. 
Cost at Swap iteration 0 : 441, wslk 700, tns 0, takes 0.42 sec.
Cost at DP iteration 0 : 700, wslk 863, tns 0, takes 0.03 sec.
Cost at Swap iteration 1 : 863, wslk 922, tns 0, takes 0.17 sec.
Cost at Swap iteration 2 : 922, wslk 1068, tns 0, takes 0.23 sec.
Cost at DP iteration 2 : 1068, wslk 1129, tns 0, takes 0.02 sec.
Worst slack after detailed placement is 1129, TNS after detailed placement is 0. 
Swapping placement takes 1.52 sec.

Wirelength after detailed placement is 194991 and checksum is EA483BA56E6E957E.
Timing-driven detailed placement takes 2.27 sec.

Worst slack is 1128, TNS after placement is 0.
Placement done.
Total placement takes 59.61 sec.
Finished placement.

Routing started.
Building routing graph takes 4.50 sec.
Worst slack is 1128, TNS before global route is 0.
Processing design graph takes 2.59 sec.
Total memory for routing:
	229.982661 M.
Total nets for routing : 22357.
Global Routing step 1 processed 0 nets, it takes 2.75 sec.
Rcf routing step 1 processed 0 nets, it takes 0.00 sec.
Rcf routing step 2 processed 0 nets, it takes 0.00 sec.
Rcf routing step 3 processed 0 nets, it takes 0.00 sec.
Unrouted nets 0 at the end of iteration 0.
Global Routing step 1 processed 19 nets, it takes 0.05 sec.
Unrouted nets 176 at the end of iteration 0.
Unrouted nets 81 at the end of iteration 1.
Unrouted nets 62 at the end of iteration 2.
Unrouted nets 37 at the end of iteration 3.
Unrouted nets 18 at the end of iteration 4.
Unrouted nets 14 at the end of iteration 5.
Unrouted nets 9 at the end of iteration 6.
Unrouted nets 8 at the end of iteration 7.
Unrouted nets 7 at the end of iteration 8.
Unrouted nets 7 at the end of iteration 9.
Unrouted nets 6 at the end of iteration 10.
Unrouted nets 4 at the end of iteration 11.
Unrouted nets 1 at the end of iteration 12.
Unrouted nets 1 at the end of iteration 13.
Unrouted nets 1 at the end of iteration 14.
Unrouted nets 1 at the end of iteration 15.
Unrouted nets 1 at the end of iteration 16.
Unrouted nets 1 at the end of iteration 17.
Unrouted nets 1 at the end of iteration 18.
Unrouted nets 1 at the end of iteration 19.
Unrouted nets 1 at the end of iteration 20.
Unrouted nets 1 at the end of iteration 21.
Unrouted nets 0 at the end of iteration 22.
Global Routing step 2 processed 399 nets, it takes 2.11 sec.
Unrouted nets 2 at the end of iteration 0.
Unrouted nets 0 at the end of iteration 1.
Global Routing step 3 processed 6 nets, it takes 0.05 sec.
Unrouted nets 568 at the end of iteration 0.
Unrouted nets 370 at the end of iteration 1.
Unrouted nets 256 at the end of iteration 2.
Unrouted nets 152 at the end of iteration 3.
Unrouted nets 118 at the end of iteration 4.
Unrouted nets 76 at the end of iteration 5.
Unrouted nets 59 at the end of iteration 6.
Unrouted nets 38 at the end of iteration 7.
Unrouted nets 32 at the end of iteration 8.
Unrouted nets 23 at the end of iteration 9.
Unrouted nets 20 at the end of iteration 10.
Unrouted nets 13 at the end of iteration 11.
Unrouted nets 7 at the end of iteration 12.
Unrouted nets 9 at the end of iteration 13.
Unrouted nets 8 at the end of iteration 14.
Unrouted nets 10 at the end of iteration 15.
Unrouted nets 7 at the end of iteration 16.
Unrouted nets 6 at the end of iteration 17.
Unrouted nets 5 at the end of iteration 18.
Unrouted nets 5 at the end of iteration 19.
Unrouted nets 5 at the end of iteration 20.
Unrouted nets 5 at the end of iteration 21.
Unrouted nets 5 at the end of iteration 22.
Unrouted nets 5 at the end of iteration 23.
Unrouted nets 1 at the end of iteration 24.
Unrouted nets 1 at the end of iteration 25.
Unrouted nets 1 at the end of iteration 26.
Unrouted nets 1 at the end of iteration 27.
Unrouted nets 1 at the end of iteration 28.
Unrouted nets 1 at the end of iteration 29.
Unrouted nets 1 at the end of iteration 30.
Unrouted nets 1 at the end of iteration 31.
Unrouted nets 1 at the end of iteration 32.
Unrouted nets 1 at the end of iteration 33.
Unrouted nets 3 at the end of iteration 34.
Unrouted nets 1 at the end of iteration 35.
Unrouted nets 1 at the end of iteration 36.
Unrouted nets 1 at the end of iteration 37.
Unrouted nets 1 at the end of iteration 38.
Unrouted nets 1 at the end of iteration 39.
Unrouted nets 1 at the end of iteration 40.
Unrouted nets 1 at the end of iteration 41.
Unrouted nets 1 at the end of iteration 42.
Unrouted nets 1 at the end of iteration 43.
Unrouted nets 1 at the end of iteration 44.
Unrouted nets 1 at the end of iteration 45.
Unrouted nets 1 at the end of iteration 46.
Unrouted nets 0 at the end of iteration 47.
Global Routing step 4 processed 970 nets, it takes 7.39 sec.
Global routing takes 9.72 sec.
Total 24837 subnets.
    forward max bucket size 46355 , backward 691.
        Unrouted nets 16448 at the end of iteration 0.
    route iteration 0, CPU time elapsed 5.500000 sec.
    forward max bucket size 26695 , backward 433.
        Unrouted nets 14864 at the end of iteration 1.
    route iteration 1, CPU time elapsed 4.015625 sec.
    forward max bucket size 16527 , backward 506.
        Unrouted nets 13317 at the end of iteration 2.
    route iteration 2, CPU time elapsed 3.718750 sec.
    forward max bucket size 31822 , backward 626.
        Unrouted nets 11940 at the end of iteration 3.
    route iteration 3, CPU time elapsed 3.796875 sec.
    forward max bucket size 34200 , backward 592.
        Unrouted nets 10817 at the end of iteration 4.
    route iteration 4, CPU time elapsed 3.625000 sec.
    forward max bucket size 23770 , backward 411.
        Unrouted nets 9743 at the end of iteration 5.
    route iteration 5, CPU time elapsed 3.031250 sec.
    forward max bucket size 23694 , backward 500.
        Unrouted nets 8486 at the end of iteration 6.
    route iteration 6, CPU time elapsed 2.531250 sec.
    forward max bucket size 548 , backward 503.
        Unrouted nets 7367 at the end of iteration 7.
    route iteration 7, CPU time elapsed 2.218750 sec.
    forward max bucket size 315 , backward 373.
        Unrouted nets 6433 at the end of iteration 8.
    route iteration 8, CPU time elapsed 2.046875 sec.
    forward max bucket size 296 , backward 318.
        Unrouted nets 5694 at the end of iteration 9.
    route iteration 9, CPU time elapsed 1.781250 sec.
    forward max bucket size 30596 , backward 302.
        Unrouted nets 5016 at the end of iteration 10.
    route iteration 10, CPU time elapsed 1.921875 sec.
    forward max bucket size 345 , backward 302.
        Unrouted nets 4536 at the end of iteration 11.
    route iteration 11, CPU time elapsed 1.484375 sec.
    forward max bucket size 352 , backward 355.
        Unrouted nets 4058 at the end of iteration 12.
    route iteration 12, CPU time elapsed 1.328125 sec.
    forward max bucket size 339 , backward 211.
        Unrouted nets 3712 at the end of iteration 13.
    route iteration 13, CPU time elapsed 1.218750 sec.
    forward max bucket size 396 , backward 263.
        Unrouted nets 3299 at the end of iteration 14.
    route iteration 14, CPU time elapsed 1.093750 sec.
    forward max bucket size 381 , backward 260.
        Unrouted nets 2968 at the end of iteration 15.
    route iteration 15, CPU time elapsed 1.046875 sec.
    forward max bucket size 394 , backward 412.
        Unrouted nets 2760 at the end of iteration 16.
    route iteration 16, CPU time elapsed 0.906250 sec.
    forward max bucket size 383 , backward 291.
        Unrouted nets 2530 at the end of iteration 17.
    route iteration 17, CPU time elapsed 0.875000 sec.
    forward max bucket size 317 , backward 269.
        Unrouted nets 2296 at the end of iteration 18.
    route iteration 18, CPU time elapsed 0.828125 sec.
    forward max bucket size 413 , backward 209.
        Unrouted nets 2120 at the end of iteration 19.
    route iteration 19, CPU time elapsed 0.750000 sec.
    forward max bucket size 365 , backward 207.
        Unrouted nets 1958 at the end of iteration 20.
    route iteration 20, CPU time elapsed 0.718750 sec.
    forward max bucket size 511 , backward 253.
        Unrouted nets 1821 at the end of iteration 21.
    route iteration 21, CPU time elapsed 0.671875 sec.
    forward max bucket size 481 , backward 269.
        Unrouted nets 1610 at the end of iteration 22.
    route iteration 22, CPU time elapsed 0.593750 sec.
    forward max bucket size 356 , backward 158.
        Unrouted nets 1528 at the end of iteration 23.
    route iteration 23, CPU time elapsed 0.578125 sec.
    forward max bucket size 297 , backward 288.
        Unrouted nets 1409 at the end of iteration 24.
    route iteration 24, CPU time elapsed 0.546875 sec.
    forward max bucket size 344 , backward 302.
        Unrouted nets 1269 at the end of iteration 25.
    route iteration 25, CPU time elapsed 0.515625 sec.
    forward max bucket size 347 , backward 216.
        Unrouted nets 1214 at the end of iteration 26.
    route iteration 26, CPU time elapsed 0.500000 sec.
    forward max bucket size 418 , backward 190.
        Unrouted nets 1074 at the end of iteration 27.
    route iteration 27, CPU time elapsed 0.453125 sec.
    forward max bucket size 391 , backward 228.
        Unrouted nets 1007 at the end of iteration 28.
    route iteration 28, CPU time elapsed 0.421875 sec.
    forward max bucket size 218 , backward 155.
        Unrouted nets 976 at the end of iteration 29.
    route iteration 29, CPU time elapsed 0.375000 sec.
    forward max bucket size 219 , backward 213.
        Unrouted nets 920 at the end of iteration 30.
    route iteration 30, CPU time elapsed 0.375000 sec.
    forward max bucket size 209 , backward 213.
        Unrouted nets 882 at the end of iteration 31.
    route iteration 31, CPU time elapsed 0.359375 sec.
    forward max bucket size 377 , backward 237.
        Unrouted nets 827 at the end of iteration 32.
    route iteration 32, CPU time elapsed 0.343750 sec.
    forward max bucket size 390 , backward 185.
        Unrouted nets 775 at the end of iteration 33.
    route iteration 33, CPU time elapsed 0.328125 sec.
    forward max bucket size 373 , backward 178.
        Unrouted nets 771 at the end of iteration 34.
    route iteration 34, CPU time elapsed 0.328125 sec.
    forward max bucket size 319 , backward 272.
        Unrouted nets 780 at the end of iteration 35.
    route iteration 35, CPU time elapsed 0.328125 sec.
    forward max bucket size 325 , backward 415.
        Unrouted nets 731 at the end of iteration 36.
    route iteration 36, CPU time elapsed 0.328125 sec.
    forward max bucket size 363 , backward 228.
        Unrouted nets 679 at the end of iteration 37.
    route iteration 37, CPU time elapsed 0.296875 sec.
    forward max bucket size 378 , backward 294.
        Unrouted nets 690 at the end of iteration 38.
    route iteration 38, CPU time elapsed 0.312500 sec.
    forward max bucket size 271 , backward 150.
        Unrouted nets 625 at the end of iteration 39.
    route iteration 39, CPU time elapsed 0.281250 sec.
    forward max bucket size 296 , backward 163.
        Unrouted nets 623 at the end of iteration 40.
    route iteration 40, CPU time elapsed 0.265625 sec.
    forward max bucket size 199 , backward 220.
        Unrouted nets 596 at the end of iteration 41.
    route iteration 41, CPU time elapsed 0.281250 sec.
    forward max bucket size 231 , backward 229.
        Unrouted nets 558 at the end of iteration 42.
    route iteration 42, CPU time elapsed 0.265625 sec.
    forward max bucket size 434 , backward 259.
        Unrouted nets 559 at the end of iteration 43.
    route iteration 43, CPU time elapsed 0.265625 sec.
    forward max bucket size 460 , backward 237.
        Unrouted nets 505 at the end of iteration 44.
    route iteration 44, CPU time elapsed 0.250000 sec.
    forward max bucket size 450 , backward 259.
        Unrouted nets 497 at the end of iteration 45.
    route iteration 45, CPU time elapsed 0.234375 sec.
    forward max bucket size 418 , backward 189.
        Unrouted nets 480 at the end of iteration 46.
    route iteration 46, CPU time elapsed 0.234375 sec.
    forward max bucket size 400 , backward 192.
        Unrouted nets 416 at the end of iteration 47.
    route iteration 47, CPU time elapsed 0.234375 sec.
    forward max bucket size 430 , backward 163.
        Unrouted nets 399 at the end of iteration 48.
    route iteration 48, CPU time elapsed 0.203125 sec.
    forward max bucket size 389 , backward 161.
        Unrouted nets 392 at the end of iteration 49.
    route iteration 49, CPU time elapsed 0.203125 sec.
    forward max bucket size 279 , backward 175.
        Unrouted nets 356 at the end of iteration 50.
    route iteration 50, CPU time elapsed 0.187500 sec.
    forward max bucket size 220 , backward 180.
        Unrouted nets 328 at the end of iteration 51.
    route iteration 51, CPU time elapsed 0.171875 sec.
    forward max bucket size 255 , backward 140.
        Unrouted nets 321 at the end of iteration 52.
    route iteration 52, CPU time elapsed 0.187500 sec.
    forward max bucket size 231 , backward 180.
        Unrouted nets 278 at the end of iteration 53.
    route iteration 53, CPU time elapsed 0.171875 sec.
    forward max bucket size 168 , backward 130.
        Unrouted nets 257 at the end of iteration 54.
    route iteration 54, CPU time elapsed 0.171875 sec.
    forward max bucket size 185 , backward 162.
        Unrouted nets 258 at the end of iteration 55.
    route iteration 55, CPU time elapsed 0.171875 sec.
    forward max bucket size 201 , backward 182.
        Unrouted nets 241 at the end of iteration 56.
    route iteration 56, CPU time elapsed 0.156250 sec.
    forward max bucket size 224 , backward 126.
        Unrouted nets 234 at the end of iteration 57.
    route iteration 57, CPU time elapsed 0.140625 sec.
    forward max bucket size 219 , backward 111.
        Unrouted nets 223 at the end of iteration 58.
    route iteration 58, CPU time elapsed 0.156250 sec.
    forward max bucket size 195 , backward 113.
        Unrouted nets 177 at the end of iteration 59.
    route iteration 59, CPU time elapsed 0.140625 sec.
    forward max bucket size 154 , backward 137.
        Unrouted nets 171 at the end of iteration 60.
    route iteration 60, CPU time elapsed 0.140625 sec.
    forward max bucket size 165 , backward 101.
        Unrouted nets 163 at the end of iteration 61.
    route iteration 61, CPU time elapsed 0.125000 sec.
    forward max bucket size 143 , backward 100.
        Unrouted nets 170 at the end of iteration 62.
    route iteration 62, CPU time elapsed 0.125000 sec.
    forward max bucket size 155 , backward 147.
        Unrouted nets 174 at the end of iteration 63.
    route iteration 63, CPU time elapsed 0.140625 sec.
    forward max bucket size 304 , backward 180.
        Unrouted nets 180 at the end of iteration 64.
    route iteration 64, CPU time elapsed 0.140625 sec.
    forward max bucket size 336 , backward 188.
        Unrouted nets 154 at the end of iteration 65.
    route iteration 65, CPU time elapsed 0.125000 sec.
    forward max bucket size 339 , backward 115.
        Unrouted nets 155 at the end of iteration 66.
    route iteration 66, CPU time elapsed 0.125000 sec.
    forward max bucket size 252 , backward 160.
        Unrouted nets 145 at the end of iteration 67.
    route iteration 67, CPU time elapsed 0.109375 sec.
    forward max bucket size 331 , backward 124.
        Unrouted nets 137 at the end of iteration 68.
    route iteration 68, CPU time elapsed 0.125000 sec.
    forward max bucket size 314 , backward 143.
        Unrouted nets 122 at the end of iteration 69.
    route iteration 69, CPU time elapsed 0.109375 sec.
    forward max bucket size 485 , backward 120.
        Unrouted nets 111 at the end of iteration 70.
    route iteration 70, CPU time elapsed 0.109375 sec.
    forward max bucket size 187 , backward 176.
        Unrouted nets 92 at the end of iteration 71.
    route iteration 71, CPU time elapsed 0.109375 sec.
    forward max bucket size 180 , backward 71.
        Unrouted nets 77 at the end of iteration 72.
    route iteration 72, CPU time elapsed 0.109375 sec.
    forward max bucket size 258 , backward 65.
        Unrouted nets 71 at the end of iteration 73.
    route iteration 73, CPU time elapsed 0.093750 sec.
    forward max bucket size 206 , backward 151.
        Unrouted nets 65 at the end of iteration 74.
    route iteration 74, CPU time elapsed 0.093750 sec.
    forward max bucket size 285 , backward 146.
        Unrouted nets 59 at the end of iteration 75.
    route iteration 75, CPU time elapsed 0.093750 sec.
    forward max bucket size 287 , backward 127.
        Unrouted nets 55 at the end of iteration 76.
    route iteration 76, CPU time elapsed 0.093750 sec.
    forward max bucket size 319 , backward 63.
        Unrouted nets 60 at the end of iteration 77.
    route iteration 77, CPU time elapsed 0.078125 sec.
    forward max bucket size 422 , backward 138.
        Unrouted nets 39 at the end of iteration 78.
    route iteration 78, CPU time elapsed 0.093750 sec.
    forward max bucket size 115 , backward 54.
        Unrouted nets 40 at the end of iteration 79.
    route iteration 79, CPU time elapsed 0.093750 sec.
    forward max bucket size 70 , backward 45.
        Unrouted nets 48 at the end of iteration 80.
    route iteration 80, CPU time elapsed 0.093750 sec.
    forward max bucket size 142 , backward 91.
        Unrouted nets 54 at the end of iteration 81.
    route iteration 81, CPU time elapsed 0.093750 sec.
    forward max bucket size 86 , backward 48.
        Unrouted nets 42 at the end of iteration 82.
    route iteration 82, CPU time elapsed 0.078125 sec.
    forward max bucket size 92 , backward 62.
        Unrouted nets 36 at the end of iteration 83.
    route iteration 83, CPU time elapsed 0.078125 sec.
    forward max bucket size 154 , backward 62.
        Unrouted nets 49 at the end of iteration 84.
    route iteration 84, CPU time elapsed 0.078125 sec.
    forward max bucket size 372 , backward 54.
        Unrouted nets 55 at the end of iteration 85.
    route iteration 85, CPU time elapsed 0.093750 sec.
    forward max bucket size 188 , backward 64.
        Unrouted nets 60 at the end of iteration 86.
    route iteration 86, CPU time elapsed 0.093750 sec.
    forward max bucket size 97 , backward 64.
        Unrouted nets 60 at the end of iteration 87.
    route iteration 87, CPU time elapsed 0.093750 sec.
    forward max bucket size 131 , backward 64.
        Unrouted nets 55 at the end of iteration 88.
    route iteration 88, CPU time elapsed 0.093750 sec.
    forward max bucket size 147 , backward 45.
        Unrouted nets 49 at the end of iteration 89.
    route iteration 89, CPU time elapsed 0.093750 sec.
    forward max bucket size 66 , backward 23.
        Unrouted nets 54 at the end of iteration 90.
    route iteration 90, CPU time elapsed 0.093750 sec.
    forward max bucket size 86 , backward 21.
        Unrouted nets 51 at the end of iteration 91.
    route iteration 91, CPU time elapsed 0.093750 sec.
    forward max bucket size 67 , backward 21.
        Unrouted nets 55 at the end of iteration 92.
    route iteration 92, CPU time elapsed 0.093750 sec.
    forward max bucket size 70 , backward 25.
        Unrouted nets 56 at the end of iteration 93.
    route iteration 93, CPU time elapsed 0.093750 sec.
    forward max bucket size 47 , backward 26.
        Unrouted nets 53 at the end of iteration 94.
    route iteration 94, CPU time elapsed 0.093750 sec.
    forward max bucket size 68 , backward 24.
        Unrouted nets 53 at the end of iteration 95.
    route iteration 95, CPU time elapsed 0.093750 sec.
    forward max bucket size 82 , backward 55.
        Unrouted nets 41 at the end of iteration 96.
    route iteration 96, CPU time elapsed 0.093750 sec.
    forward max bucket size 120 , backward 118.
        Unrouted nets 47 at the end of iteration 97.
    route iteration 97, CPU time elapsed 0.093750 sec.
    forward max bucket size 168 , backward 67.
        Unrouted nets 46 at the end of iteration 98.
    route iteration 98, CPU time elapsed 0.093750 sec.
    forward max bucket size 356 , backward 113.
        Unrouted nets 47 at the end of iteration 99.
    route iteration 99, CPU time elapsed 0.093750 sec.
    forward max bucket size 238 , backward 151.
        Unrouted nets 57 at the end of iteration 100.
    route iteration 100, CPU time elapsed 0.093750 sec.
    forward max bucket size 355 , backward 117.
        Unrouted nets 55 at the end of iteration 101.
    route iteration 101, CPU time elapsed 0.093750 sec.
    forward max bucket size 296 , backward 155.
        Unrouted nets 63 at the end of iteration 102.
    route iteration 102, CPU time elapsed 0.093750 sec.
    forward max bucket size 216 , backward 302.
        Unrouted nets 50 at the end of iteration 103.
    route iteration 103, CPU time elapsed 0.093750 sec.
    forward max bucket size 220 , backward 280.
        Unrouted nets 62 at the end of iteration 104.
    route iteration 104, CPU time elapsed 0.093750 sec.
    forward max bucket size 260 , backward 220.
        Unrouted nets 43 at the end of iteration 105.
    route iteration 105, CPU time elapsed 0.093750 sec.
    forward max bucket size 139 , backward 107.
        Unrouted nets 35 at the end of iteration 106.
    route iteration 106, CPU time elapsed 0.093750 sec.
    forward max bucket size 114 , backward 68.
        Unrouted nets 23 at the end of iteration 107.
    route iteration 107, CPU time elapsed 0.093750 sec.
    forward max bucket size 216 , backward 57.
        Unrouted nets 27 at the end of iteration 108.
    route iteration 108, CPU time elapsed 0.078125 sec.
    forward max bucket size 287 , backward 70.
        Unrouted nets 35 at the end of iteration 109.
    route iteration 109, CPU time elapsed 0.078125 sec.
    forward max bucket size 196 , backward 36.
        Unrouted nets 30 at the end of iteration 110.
    route iteration 110, CPU time elapsed 0.093750 sec.
    forward max bucket size 208 , backward 76.
        Unrouted nets 27 at the end of iteration 111.
    route iteration 111, CPU time elapsed 0.078125 sec.
    forward max bucket size 170 , backward 76.
        Unrouted nets 29 at the end of iteration 112.
    route iteration 112, CPU time elapsed 0.078125 sec.
    forward max bucket size 195 , backward 83.
        Unrouted nets 21 at the end of iteration 113.
    route iteration 113, CPU time elapsed 0.078125 sec.
    forward max bucket size 134 , backward 27.
        Unrouted nets 17 at the end of iteration 114.
    route iteration 114, CPU time elapsed 0.093750 sec.
    forward max bucket size 184 , backward 41.
        Unrouted nets 22 at the end of iteration 115.
    route iteration 115, CPU time elapsed 0.078125 sec.
    forward max bucket size 181 , backward 47.
        Unrouted nets 20 at the end of iteration 116.
    route iteration 116, CPU time elapsed 0.078125 sec.
    forward max bucket size 51 , backward 56.
        Unrouted nets 15 at the end of iteration 117.
    route iteration 117, CPU time elapsed 0.078125 sec.
    forward max bucket size 37 , backward 46.
        Unrouted nets 10 at the end of iteration 118.
    route iteration 118, CPU time elapsed 0.093750 sec.
    forward max bucket size 37 , backward 13.
        Unrouted nets 7 at the end of iteration 119.
    route iteration 119, CPU time elapsed 0.078125 sec.
    forward max bucket size 56 , backward 13.
        Unrouted nets 9 at the end of iteration 120.
    route iteration 120, CPU time elapsed 0.078125 sec.
    forward max bucket size 37 , backward 28.
        Unrouted nets 8 at the end of iteration 121.
    route iteration 121, CPU time elapsed 0.078125 sec.
    forward max bucket size 37 , backward 15.
        Unrouted nets 8 at the end of iteration 122.
    route iteration 122, CPU time elapsed 0.078125 sec.
    forward max bucket size 63 , backward 31.
        Unrouted nets 14 at the end of iteration 123.
    route iteration 123, CPU time elapsed 0.078125 sec.
    forward max bucket size 63 , backward 21.
        Unrouted nets 8 at the end of iteration 124.
    route iteration 124, CPU time elapsed 0.078125 sec.
    forward max bucket size 95 , backward 31.
        Unrouted nets 11 at the end of iteration 125.
    route iteration 125, CPU time elapsed 0.078125 sec.
    forward max bucket size 71 , backward 12.
        Unrouted nets 13 at the end of iteration 126.
    route iteration 126, CPU time elapsed 0.078125 sec.
    forward max bucket size 104 , backward 21.
        Unrouted nets 12 at the end of iteration 127.
    route iteration 127, CPU time elapsed 0.078125 sec.
    forward max bucket size 56 , backward 29.
        Unrouted nets 11 at the end of iteration 128.
    route iteration 128, CPU time elapsed 0.078125 sec.
    forward max bucket size 56 , backward 26.
        Unrouted nets 18 at the end of iteration 129.
    route iteration 129, CPU time elapsed 0.078125 sec.
    forward max bucket size 28 , backward 47.
        Unrouted nets 13 at the end of iteration 130.
    route iteration 130, CPU time elapsed 0.078125 sec.
    forward max bucket size 22 , backward 28.
        Unrouted nets 17 at the end of iteration 131.
    route iteration 131, CPU time elapsed 0.093750 sec.
    forward max bucket size 51 , backward 70.
        Unrouted nets 16 at the end of iteration 132.
    route iteration 132, CPU time elapsed 0.078125 sec.
    forward max bucket size 39 , backward 36.
        Unrouted nets 10 at the end of iteration 133.
    route iteration 133, CPU time elapsed 0.078125 sec.
    forward max bucket size 184 , backward 71.
        Unrouted nets 14 at the end of iteration 134.
    route iteration 134, CPU time elapsed 0.078125 sec.
    forward max bucket size 86 , backward 171.
        Unrouted nets 8 at the end of iteration 135.
    route iteration 135, CPU time elapsed 0.078125 sec.
    forward max bucket size 20 , backward 129.
        Unrouted nets 6 at the end of iteration 136.
    route iteration 136, CPU time elapsed 0.078125 sec.
    forward max bucket size 71 , backward 76.
        Unrouted nets 12 at the end of iteration 137.
    route iteration 137, CPU time elapsed 0.078125 sec.
    forward max bucket size 87 , backward 167.
        Unrouted nets 19 at the end of iteration 138.
    route iteration 138, CPU time elapsed 0.078125 sec.
    forward max bucket size 196 , backward 164.
        Unrouted nets 23 at the end of iteration 139.
    route iteration 139, CPU time elapsed 0.078125 sec.
    forward max bucket size 254 , backward 63.
        Unrouted nets 24 at the end of iteration 140.
    route iteration 140, CPU time elapsed 0.078125 sec.
    forward max bucket size 196 , backward 52.
        Unrouted nets 27 at the end of iteration 141.
    route iteration 141, CPU time elapsed 0.078125 sec.
    forward max bucket size 275 , backward 37.
        Unrouted nets 12 at the end of iteration 142.
    route iteration 142, CPU time elapsed 0.078125 sec.
    forward max bucket size 94 , backward 24.
        Unrouted nets 6 at the end of iteration 143.
    route iteration 143, CPU time elapsed 0.078125 sec.
    forward max bucket size 96 , backward 60.
        Unrouted nets 4 at the end of iteration 144.
    route iteration 144, CPU time elapsed 0.062500 sec.
    forward max bucket size 138 , backward 113.
        Unrouted nets 8 at the end of iteration 145.
    route iteration 145, CPU time elapsed 0.078125 sec.
    forward max bucket size 14 , backward 20.
        Unrouted nets 6 at the end of iteration 146.
    route iteration 146, CPU time elapsed 0.078125 sec.
    forward max bucket size 85 , backward 34.
        Unrouted nets 2 at the end of iteration 147.
    route iteration 147, CPU time elapsed 0.078125 sec.
    forward max bucket size 11 , backward 12.
        Unrouted nets 2 at the end of iteration 148.
    route iteration 148, CPU time elapsed 0.062500 sec.
    forward max bucket size 16 , backward 13.
        Unrouted nets 2 at the end of iteration 149.
    route iteration 149, CPU time elapsed 0.062500 sec.
    forward max bucket size 8 , backward 12.
        Unrouted nets 0 at the end of iteration 150.
    route iteration 150, CPU time elapsed 0.078125 sec.
Detailed routing takes 150 iterations
I: Design net ntclkbufg_5 is routed by general path.
C: Route-2036: The clock path from clkbufg_5/gopclkbufg:CLKOUT to cmos3_vsync_d1/opit_0_srl:CLK is routed by SRB.
I: Design net nt_cmos2_pclk is routed by general path.
C: Route-2036: The clock path from cmos2_pclk_ibuf/opit_1:DI_TO_CLK to clkbufg_2/gopclkbufg:CLK is routed by SRB.
I: Design net nt_cmos3_pclk is routed by general path.
C: Route-2036: The clock path from cmos3_pclk_ibuf/opit_1:DI_TO_CLK to clkbufg_5/gopclkbufg:CLK is routed by SRB.
I: Design net nt_cmos1_pclk is routed by general path.
C: Route-2036: The clock path from cmos1_pclk_ibuf/opit_1:DI_TO_CLK to clkbufg_4/gopclkbufg:CLK is routed by SRB.
I: Design net ntclkbufg_4 is routed by general path.
C: Route-2036: The clock path from clkbufg_4/gopclkbufg:CLKOUT to cmos1_8_16bit/vs_i_reg/opit_0:CLK is routed by SRB.
I: Design net coms1_reg_config/clock_20k is routed by general path.
C: Route-2036: The clock path from coms1_reg_config/clock_20k_cnt[0]/opit_0_inv_L6QL5Q:L6Q to coms1_reg_config/config_step_reg[1]/opit_0_inv_srl:CLK is routed by SRB.
I: Design net ntclkbufg_2 is routed by general path.
C: Route-2036: The clock path from clkbufg_2/gopclkbufg:CLKOUT to cmos2_8_16bit/cnt[1]/opit_0_L6QL5Q1:CLK is routed by SRB.
Detailed routing takes 70.33 sec.
Start fix hold violation.
Build tmp routing results takes 0.27 sec.
Timing analysis takes 0.28 sec.
Hold violation fix iter 0 takes 1.36 sec, total_step_forward 89994.
Incremental timing analysis takes 0.23 sec.
Hold violation fix iter 1 takes 0.02 sec, total_step_forward 512.
Incremental timing analysis takes 0.25 sec.
Hold violation fix iter 2 takes 0.00 sec, total_step_forward 0.
Hold Violation Fix in router takes 3 iterations.
Fix hold violation Finished.
Hold Violation Fix in router takes 5.06 sec.

Dispose routing result:
    Collect routing result.
    Delete unused device instances.
    Annotate routing result.
    Change LUT configuration.
    Dispose misc instances.
    Annotate routing result again.
Finish routing takes 1.53 sec.
Used SRB routing arc is 192677.
Cleanup routing takes 0.02 sec.
Routing done.
Total routing takes 98.23 sec.

C: Place-2025: The VCCIO 3.3 in BANK BANKR4 is incompatible.

Device Utilization Summary :
+------------------------------------------------------------------------------+
| Logic Utilization           | Used     | Available     | Utilization(%)     
+------------------------------------------------------------------------------+
| Use of ADC                  | 0        | 1             | 0                  
| Use of ANALOG               | 0        | 1             | 0                  
| Use of APM                  | 0        | 240           | 0                  
| Use of BKCL                 | 5        | 6             | 84                 
| Use of CCS                  | 1        | 1             | 100                
| Use of CLMA                 | 2398     | 11675         | 21                 
|   FF                        | 7782     | 93400         | 9                  
|   LUT                       | 6145     | 46700         | 14                 
|   LUT-FF pairs              | 3479     | 46700         | 8                  
| Use of CLMS                 | 1027     | 4975          | 21                 
|   FF                        | 3001     | 39800         | 8                  
|   LUT                       | 2661     | 19900         | 14                 
|   LUT-FF pairs              | 1209     | 19900         | 7                  
|   Distributed RAM           | 613      | 19900         | 4                  
| Use of DDRPHY_CPD           | 1        | 12            | 9                  
| Use of DDRPHY_IOCLK_DIV     | 2        | 6             | 34                 
| Use of DDR_PHY              | 5        | 24            | 21                 
| Use of DRM                  | 38       | 155           | 25                 
| Use of GPLL                 | 3        | 6             | 50                 
| Use of GSEB                 | 0        | 218           | 0                  
| Use of HARD0                | 1334     | 10550         | 13                 
| Use of HCKB                 | 27       | 96            | 29                 
|  HCKB dataused              | 1        | 96            | 2                  
| Use of HCKMUX_TEST          | 0        | 8             | 0                  
| Use of HSSTLP               | 0.5      | 1             | 50                 
| Use of IO                   | 81       | 285           | 29                 
|   IOBD                      | 39       | 137           | 29                 
|   IOBS                      | 42       | 148           | 29                 
| Use of IOCKB                | 0        | 24            | 0                  
| Use of IOCKMUX_TEST         | 0        | 6             | 0                  
| Use of IOLHR                | 81       | 300           | 27                 
| Use of KEYRAM               | 0        | 1             | 0                  
| Use of MFG_TEST             | 0        | 1             | 0                  
| Use of MRCKB                | 1        | 12            | 9                  
| Use of MRCKMUX_TEST         | 0        | 6             | 0                  
| Use of MRPOSTMUX_TEST       | 0        | 6             | 0                  
| Use of PCIE                 | 1        | 1             | 100                
| Use of PCKMUX_TEST          | 0        | 12            | 0                  
| Use of PLLMRMUX_TEST        | 0        | 6             | 0                  
| Use of PLLREFMUX_TEST       | 0        | 6             | 0                  
| Use of PPLL                 | 2        | 6             | 34                 
| Use of PREGMUXC_TEST        | 0        | 4             | 0                  
| Use of PREGMUXLR_TEST       | 0        | 6             | 0                  
| Use of RCKB                 | 5        | 24            | 21                 
|  RCKB dataused              | 0        | 24            | 0                  
| Use of RCKMUX_TEST          | 0        | 6             | 0                  
| Use of SCANCHAIN            | 0        | 1             | 0                  
| Use of SCKMUX_TEST          | 0        | 12            | 0                  
| Use of SFB                  | 0        | 2225          | 0                  
| Use of SPAD                 | 2        | 4             | 50                 
| Use of TSERDES              | 10       | 48            | 21                 
| Use of USCM                 | 11       | 32            | 35                 
|  USCM dataused              | 0        | 32            | 0                  
| Use of USCMMUX_TEST         | 0        | 32            | 0                  
+------------------------------------------------------------------------------+

Finished routing.
Design 'image_pcie_capture' has been placed and routed successfully.
Saving design to DB.
Finished placement and routing.
Action pnr: Real time elapsed is 0h:3m:48s
Action pnr: CPU time elapsed is 0h:3m:42s
Action pnr: Process CPU time elapsed is 0h:4m:46s
Current time: Wed Apr 29 19:56:45 2026
Action pnr: Peak memory pool usage is 2,205 MB
