#Build: Fabric Compiler 2022.2-SP6.4, Build 146967, Jan 31 01:39 2024
#Install: F:\PDS_2022.2-SP6.4\bin
#Application name: pds_shell.exe
#OS: Windows 10 10.0.19045
#Hostname: DESKTOP-P0E5I2S
Generated by Fabric Compiler (version 2022.2-SP6.4 build 146967) at Wed Apr 29 17:13:32 2026
Compiling verification operator library.
Compiling common defs.
Compiling prim grid devices.
Compiling gate devices.
Compiling gate operators.
Building architecture model.
Loading device packaging model.
pnr strategy configuration : 
strategy name : 0
Building architecture floorplan logic view.
Constraint check start.
Executing : def_port {cmos1_scl} LOC=R14 VCCIO=3.3 IOSTANDARD=LVCMOS33 DRIVE=8 SLEW=SLOW NONE=TRUE
C: ConstraintEditor-2002: [C:/Users/DELL/Desktop/4.28_ROI_V2.1/04_camera_pcie_capture_40pin_fmc/project/device_map/image_pcie_capture.pcf(line number: 3)] | Port cmos1_scl has been placed at location R14, whose type is share pin.
Executing : def_port {cmos1_scl} LOC=R14 VCCIO=3.3 IOSTANDARD=LVCMOS33 DRIVE=8 SLEW=SLOW NONE=TRUE successfully
Executing : def_port {cmos1_sda} LOC=P14 VCCIO=3.3 IOSTANDARD=LVCMOS33 DRIVE=8 SLEW=SLOW NONE=TRUE
C: ConstraintEditor-2002: [C:/Users/DELL/Desktop/4.28_ROI_V2.1/04_camera_pcie_capture_40pin_fmc/project/device_map/image_pcie_capture.pcf(line number: 4)] | Port cmos1_sda has been placed at location P14, whose type is share pin.
Executing : def_port {cmos1_sda} LOC=P14 VCCIO=3.3 IOSTANDARD=LVCMOS33 DRIVE=8 SLEW=SLOW NONE=TRUE successfully
Executing : def_port {cmos2_scl} LOC=U20 VCCIO=3.3 IOSTANDARD=LVCMOS33 DRIVE=8 SLEW=SLOW NONE=TRUE
Executing : def_port {cmos2_scl} LOC=U20 VCCIO=3.3 IOSTANDARD=LVCMOS33 DRIVE=8 SLEW=SLOW NONE=TRUE successfully
Executing : def_port {cmos2_sda} LOC=N17 VCCIO=3.3 IOSTANDARD=LVCMOS33 DRIVE=8 SLEW=SLOW NONE=TRUE
Executing : def_port {cmos2_sda} LOC=N17 VCCIO=3.3 IOSTANDARD=LVCMOS33 DRIVE=8 SLEW=SLOW NONE=TRUE successfully
Executing : def_port {cmos3_scl} LOC=E14 VCCIO=3.3 IOSTANDARD=LVCMOS33 DRIVE=8 SLEW=SLOW NONE=TRUE
Executing : def_port {cmos3_scl} LOC=E14 VCCIO=3.3 IOSTANDARD=LVCMOS33 DRIVE=8 SLEW=SLOW NONE=TRUE successfully
Executing : def_port {cmos3_sda} LOC=F16 VCCIO=3.3 IOSTANDARD=LVCMOS33 DRIVE=8 SLEW=SLOW NONE=TRUE
Executing : def_port {cmos3_sda} LOC=F16 VCCIO=3.3 IOSTANDARD=LVCMOS33 DRIVE=8 SLEW=SLOW NONE=TRUE successfully
Executing : def_port {mem_dq[0]} LOC=P6 VCCIO=1.5 IOSTANDARD=SSTL15_I DRIVE=8.9 SLEW=FAST VREF_MODE=INT VREF_MODE_VALUE=0.5 DDR_TERM_MODE=ON UNUSED=TRUE
Executing : def_port {mem_dq[0]} LOC=P6 VCCIO=1.5 IOSTANDARD=SSTL15_I DRIVE=8.9 SLEW=FAST VREF_MODE=INT VREF_MODE_VALUE=0.5 DDR_TERM_MODE=ON UNUSED=TRUE successfully
Executing : def_port {mem_dq[1]} LOC=M5 VCCIO=1.5 IOSTANDARD=SSTL15_I DRIVE=8.9 SLEW=FAST VREF_MODE=INT VREF_MODE_VALUE=0.5 DDR_TERM_MODE=ON UNUSED=TRUE
Executing : def_port {mem_dq[1]} LOC=M5 VCCIO=1.5 IOSTANDARD=SSTL15_I DRIVE=8.9 SLEW=FAST VREF_MODE=INT VREF_MODE_VALUE=0.5 DDR_TERM_MODE=ON UNUSED=TRUE successfully
Executing : def_port {mem_dq[2]} LOC=M6 VCCIO=1.5 IOSTANDARD=SSTL15_I DRIVE=8.9 SLEW=FAST VREF_MODE=INT VREF_MODE_VALUE=0.5 DDR_TERM_MODE=ON UNUSED=TRUE
Executing : def_port {mem_dq[2]} LOC=M6 VCCIO=1.5 IOSTANDARD=SSTL15_I DRIVE=8.9 SLEW=FAST VREF_MODE=INT VREF_MODE_VALUE=0.5 DDR_TERM_MODE=ON UNUSED=TRUE successfully
Executing : def_port {mem_dq[3]} LOC=N2 VCCIO=1.5 IOSTANDARD=SSTL15_I DRIVE=8.9 SLEW=FAST VREF_MODE=INT VREF_MODE_VALUE=0.5 DDR_TERM_MODE=ON UNUSED=TRUE
Executing : def_port {mem_dq[3]} LOC=N2 VCCIO=1.5 IOSTANDARD=SSTL15_I DRIVE=8.9 SLEW=FAST VREF_MODE=INT VREF_MODE_VALUE=0.5 DDR_TERM_MODE=ON UNUSED=TRUE successfully
Executing : def_port {mem_dq[4]} LOC=P2 VCCIO=1.5 IOSTANDARD=SSTL15_I DRIVE=8.9 SLEW=FAST VREF_MODE=INT VREF_MODE_VALUE=0.5 DDR_TERM_MODE=ON UNUSED=TRUE
Executing : def_port {mem_dq[4]} LOC=P2 VCCIO=1.5 IOSTANDARD=SSTL15_I DRIVE=8.9 SLEW=FAST VREF_MODE=INT VREF_MODE_VALUE=0.5 DDR_TERM_MODE=ON UNUSED=TRUE successfully
Executing : def_port {mem_dq[5]} LOC=P1 VCCIO=1.5 IOSTANDARD=SSTL15_I DRIVE=8.9 SLEW=FAST VREF_MODE=INT VREF_MODE_VALUE=0.5 DDR_TERM_MODE=ON UNUSED=TRUE
Executing : def_port {mem_dq[5]} LOC=P1 VCCIO=1.5 IOSTANDARD=SSTL15_I DRIVE=8.9 SLEW=FAST VREF_MODE=INT VREF_MODE_VALUE=0.5 DDR_TERM_MODE=ON UNUSED=TRUE successfully
Executing : def_port {mem_dq[6]} LOC=R1 VCCIO=1.5 IOSTANDARD=SSTL15_I DRIVE=8.9 SLEW=FAST VREF_MODE=INT VREF_MODE_VALUE=0.5 DDR_TERM_MODE=ON UNUSED=TRUE
Executing : def_port {mem_dq[6]} LOC=R1 VCCIO=1.5 IOSTANDARD=SSTL15_I DRIVE=8.9 SLEW=FAST VREF_MODE=INT VREF_MODE_VALUE=0.5 DDR_TERM_MODE=ON UNUSED=TRUE successfully
Executing : def_port {mem_dq[7]} LOC=N4 VCCIO=1.5 IOSTANDARD=SSTL15_I DRIVE=8.9 SLEW=FAST VREF_MODE=INT VREF_MODE_VALUE=0.5 DDR_TERM_MODE=ON UNUSED=TRUE
Executing : def_port {mem_dq[7]} LOC=N4 VCCIO=1.5 IOSTANDARD=SSTL15_I DRIVE=8.9 SLEW=FAST VREF_MODE=INT VREF_MODE_VALUE=0.5 DDR_TERM_MODE=ON UNUSED=TRUE successfully
Executing : def_port {mem_dq[8]} LOC=J6 VCCIO=1.5 IOSTANDARD=SSTL15_I DRIVE=8.9 SLEW=FAST VREF_MODE=INT VREF_MODE_VALUE=0.5 DDR_TERM_MODE=ON UNUSED=TRUE
Executing : def_port {mem_dq[8]} LOC=J6 VCCIO=1.5 IOSTANDARD=SSTL15_I DRIVE=8.9 SLEW=FAST VREF_MODE=INT VREF_MODE_VALUE=0.5 DDR_TERM_MODE=ON UNUSED=TRUE successfully
Executing : def_port {mem_dq[9]} LOC=K6 VCCIO=1.5 IOSTANDARD=SSTL15_I DRIVE=8.9 SLEW=FAST VREF_MODE=INT VREF_MODE_VALUE=0.5 DDR_TERM_MODE=ON UNUSED=TRUE
Executing : def_port {mem_dq[9]} LOC=K6 VCCIO=1.5 IOSTANDARD=SSTL15_I DRIVE=8.9 SLEW=FAST VREF_MODE=INT VREF_MODE_VALUE=0.5 DDR_TERM_MODE=ON UNUSED=TRUE successfully
Executing : def_port {mem_dq[10]} LOC=M2 VCCIO=1.5 IOSTANDARD=SSTL15_I DRIVE=8.9 SLEW=FAST VREF_MODE=INT VREF_MODE_VALUE=0.5 DDR_TERM_MODE=ON UNUSED=TRUE
Executing : def_port {mem_dq[10]} LOC=M2 VCCIO=1.5 IOSTANDARD=SSTL15_I DRIVE=8.9 SLEW=FAST VREF_MODE=INT VREF_MODE_VALUE=0.5 DDR_TERM_MODE=ON UNUSED=TRUE successfully
Executing : def_port {mem_dq[11]} LOC=M3 VCCIO=1.5 IOSTANDARD=SSTL15_I DRIVE=8.9 SLEW=FAST VREF_MODE=INT VREF_MODE_VALUE=0.5 DDR_TERM_MODE=ON UNUSED=TRUE
Executing : def_port {mem_dq[11]} LOC=M3 VCCIO=1.5 IOSTANDARD=SSTL15_I DRIVE=8.9 SLEW=FAST VREF_MODE=INT VREF_MODE_VALUE=0.5 DDR_TERM_MODE=ON UNUSED=TRUE successfully
Executing : def_port {mem_dq[12]} LOC=K3 VCCIO=1.5 IOSTANDARD=SSTL15_I DRIVE=8.9 SLEW=FAST VREF_MODE=INT VREF_MODE_VALUE=0.5 DDR_TERM_MODE=ON UNUSED=TRUE
Executing : def_port {mem_dq[12]} LOC=K3 VCCIO=1.5 IOSTANDARD=SSTL15_I DRIVE=8.9 SLEW=FAST VREF_MODE=INT VREF_MODE_VALUE=0.5 DDR_TERM_MODE=ON UNUSED=TRUE successfully
Executing : def_port {mem_dq[13]} LOC=L3 VCCIO=1.5 IOSTANDARD=SSTL15_I DRIVE=8.9 SLEW=FAST VREF_MODE=INT VREF_MODE_VALUE=0.5 DDR_TERM_MODE=ON UNUSED=TRUE
Executing : def_port {mem_dq[13]} LOC=L3 VCCIO=1.5 IOSTANDARD=SSTL15_I DRIVE=8.9 SLEW=FAST VREF_MODE=INT VREF_MODE_VALUE=0.5 DDR_TERM_MODE=ON UNUSED=TRUE successfully
Executing : def_port {mem_dq[14]} LOC=J4 VCCIO=1.5 IOSTANDARD=SSTL15_I DRIVE=8.9 SLEW=FAST VREF_MODE=INT VREF_MODE_VALUE=0.5 DDR_TERM_MODE=ON UNUSED=TRUE
Executing : def_port {mem_dq[14]} LOC=J4 VCCIO=1.5 IOSTANDARD=SSTL15_I DRIVE=8.9 SLEW=FAST VREF_MODE=INT VREF_MODE_VALUE=0.5 DDR_TERM_MODE=ON UNUSED=TRUE successfully
Executing : def_port {mem_dq[15]} LOC=K4 VCCIO=1.5 IOSTANDARD=SSTL15_I DRIVE=8.9 SLEW=FAST VREF_MODE=INT VREF_MODE_VALUE=0.5 DDR_TERM_MODE=ON UNUSED=TRUE
Executing : def_port {mem_dq[15]} LOC=K4 VCCIO=1.5 IOSTANDARD=SSTL15_I DRIVE=8.9 SLEW=FAST VREF_MODE=INT VREF_MODE_VALUE=0.5 DDR_TERM_MODE=ON UNUSED=TRUE successfully
Executing : def_port {mem_dqs[0]} LOC=P5 VCCIO=1.5 IOSTANDARD=SSTL15D_I DRIVE=8.9 SLEW=FAST VREF_MODE=INT VREF_MODE_VALUE=0.5 DDR_TERM_MODE=ON DDR_RES=60 CP_DYN_TERM=ON UNUSED=TRUE
Executing : def_port {mem_dqs[0]} LOC=P5 VCCIO=1.5 IOSTANDARD=SSTL15D_I DRIVE=8.9 SLEW=FAST VREF_MODE=INT VREF_MODE_VALUE=0.5 DDR_TERM_MODE=ON DDR_RES=60 CP_DYN_TERM=ON UNUSED=TRUE successfully
Executing : def_port {mem_dqs[1]} LOC=M1 VCCIO=1.5 IOSTANDARD=SSTL15D_I DRIVE=8.9 SLEW=FAST VREF_MODE=INT VREF_MODE_VALUE=0.5 DDR_TERM_MODE=ON DDR_RES=60 CP_DYN_TERM=ON UNUSED=TRUE
Executing : def_port {mem_dqs[1]} LOC=M1 VCCIO=1.5 IOSTANDARD=SSTL15D_I DRIVE=8.9 SLEW=FAST VREF_MODE=INT VREF_MODE_VALUE=0.5 DDR_TERM_MODE=ON DDR_RES=60 CP_DYN_TERM=ON UNUSED=TRUE successfully
Executing : def_port {mem_dqs_n[0]} LOC=P4 VCCIO=1.5 IOSTANDARD=SSTL15D_I DRIVE=8.9 SLEW=FAST VREF_MODE=INT VREF_MODE_VALUE=0.5 DDR_TERM_MODE=ON DDR_RES=60 CP_DYN_TERM=ON UNUSED=TRUE
Executing : def_port {mem_dqs_n[0]} LOC=P4 VCCIO=1.5 IOSTANDARD=SSTL15D_I DRIVE=8.9 SLEW=FAST VREF_MODE=INT VREF_MODE_VALUE=0.5 DDR_TERM_MODE=ON DDR_RES=60 CP_DYN_TERM=ON UNUSED=TRUE successfully
Executing : def_port {mem_dqs_n[1]} LOC=L1 VCCIO=1.5 IOSTANDARD=SSTL15D_I DRIVE=8.9 SLEW=FAST VREF_MODE=INT VREF_MODE_VALUE=0.5 DDR_TERM_MODE=ON DDR_RES=60 CP_DYN_TERM=ON UNUSED=TRUE
Executing : def_port {mem_dqs_n[1]} LOC=L1 VCCIO=1.5 IOSTANDARD=SSTL15D_I DRIVE=8.9 SLEW=FAST VREF_MODE=INT VREF_MODE_VALUE=0.5 DDR_TERM_MODE=ON DDR_RES=60 CP_DYN_TERM=ON UNUSED=TRUE successfully
Executing : def_port {cmos1_reset} LOC=V18 VCCIO=3.3 IOSTANDARD=LVCMOS33 DRIVE=8 SLEW=SLOW NONE=TRUE
Executing : def_port {cmos1_reset} LOC=V18 VCCIO=3.3 IOSTANDARD=LVCMOS33 DRIVE=8 SLEW=SLOW NONE=TRUE successfully
Executing : def_port {cmos2_reset} LOC=AA21 VCCIO=3.3 IOSTANDARD=LVCMOS33 DRIVE=8 SLEW=SLOW NONE=TRUE
C: ConstraintEditor-2002: [C:/Users/DELL/Desktop/4.28_ROI_V2.1/04_camera_pcie_capture_40pin_fmc/project/device_map/image_pcie_capture.pcf(line number: 30)] | Port cmos2_reset has been placed at location AA21, whose type is share pin.
Executing : def_port {cmos2_reset} LOC=AA21 VCCIO=3.3 IOSTANDARD=LVCMOS33 DRIVE=8 SLEW=SLOW NONE=TRUE successfully
Executing : def_port {cmos3_reset} LOC=B13 VCCIO=3.3 IOSTANDARD=LVCMOS33 DRIVE=8 SLEW=SLOW NONE=TRUE
Executing : def_port {cmos3_reset} LOC=B13 VCCIO=3.3 IOSTANDARD=LVCMOS33 DRIVE=8 SLEW=SLOW NONE=TRUE successfully
Executing : def_port {cmos_init_done[0]} LOC=M17 VCCIO=1.8 IOSTANDARD=LVCMOS18 DRIVE=4 SLEW=FAST NONE=TRUE
Executing : def_port {cmos_init_done[0]} LOC=M17 VCCIO=1.8 IOSTANDARD=LVCMOS18 DRIVE=4 SLEW=FAST NONE=TRUE successfully
Executing : def_port {cmos_init_done[1]} LOC=J16 VCCIO=1.8 IOSTANDARD=LVCMOS18 DRIVE=4 SLEW=FAST NONE=TRUE
Executing : def_port {cmos_init_done[1]} LOC=J16 VCCIO=1.8 IOSTANDARD=LVCMOS18 DRIVE=4 SLEW=FAST NONE=TRUE successfully
Executing : def_port {mem_a[0]} LOC=T1 VCCIO=1.5 IOSTANDARD=SSTL15_I DRIVE=8.9 SLEW=FAST UNUSED=TRUE
Executing : def_port {mem_a[0]} LOC=T1 VCCIO=1.5 IOSTANDARD=SSTL15_I DRIVE=8.9 SLEW=FAST UNUSED=TRUE successfully
Executing : def_port {mem_a[1]} LOC=U1 VCCIO=1.5 IOSTANDARD=SSTL15_I DRIVE=8.9 SLEW=FAST UNUSED=TRUE
Executing : def_port {mem_a[1]} LOC=U1 VCCIO=1.5 IOSTANDARD=SSTL15_I DRIVE=8.9 SLEW=FAST UNUSED=TRUE successfully
Executing : def_port {mem_a[2]} LOC=U2 VCCIO=1.5 IOSTANDARD=SSTL15_I DRIVE=8.9 SLEW=FAST UNUSED=TRUE
Executing : def_port {mem_a[2]} LOC=U2 VCCIO=1.5 IOSTANDARD=SSTL15_I DRIVE=8.9 SLEW=FAST UNUSED=TRUE successfully
Executing : def_port {mem_a[3]} LOC=V2 VCCIO=1.5 IOSTANDARD=SSTL15_I DRIVE=8.9 SLEW=FAST UNUSED=TRUE
Executing : def_port {mem_a[3]} LOC=V2 VCCIO=1.5 IOSTANDARD=SSTL15_I DRIVE=8.9 SLEW=FAST UNUSED=TRUE successfully
Executing : def_port {mem_a[4]} LOC=R3 VCCIO=1.5 IOSTANDARD=SSTL15_I DRIVE=8.9 SLEW=FAST UNUSED=TRUE
Executing : def_port {mem_a[4]} LOC=R3 VCCIO=1.5 IOSTANDARD=SSTL15_I DRIVE=8.9 SLEW=FAST UNUSED=TRUE successfully
Executing : def_port {mem_a[5]} LOC=R2 VCCIO=1.5 IOSTANDARD=SSTL15_I DRIVE=8.9 SLEW=FAST UNUSED=TRUE
Executing : def_port {mem_a[5]} LOC=R2 VCCIO=1.5 IOSTANDARD=SSTL15_I DRIVE=8.9 SLEW=FAST UNUSED=TRUE successfully
Executing : def_port {mem_a[6]} LOC=W2 VCCIO=1.5 IOSTANDARD=SSTL15_I DRIVE=8.9 SLEW=FAST UNUSED=TRUE
Executing : def_port {mem_a[6]} LOC=W2 VCCIO=1.5 IOSTANDARD=SSTL15_I DRIVE=8.9 SLEW=FAST UNUSED=TRUE successfully
Executing : def_port {mem_a[7]} LOC=Y2 VCCIO=1.5 IOSTANDARD=SSTL15_I DRIVE=8.9 SLEW=FAST UNUSED=TRUE
Executing : def_port {mem_a[7]} LOC=Y2 VCCIO=1.5 IOSTANDARD=SSTL15_I DRIVE=8.9 SLEW=FAST UNUSED=TRUE successfully
Executing : def_port {mem_a[8]} LOC=W1 VCCIO=1.5 IOSTANDARD=SSTL15_I DRIVE=8.9 SLEW=FAST UNUSED=TRUE
Executing : def_port {mem_a[8]} LOC=W1 VCCIO=1.5 IOSTANDARD=SSTL15_I DRIVE=8.9 SLEW=FAST UNUSED=TRUE successfully
Executing : def_port {mem_a[9]} LOC=Y1 VCCIO=1.5 IOSTANDARD=SSTL15_I DRIVE=8.9 SLEW=FAST UNUSED=TRUE
Executing : def_port {mem_a[9]} LOC=Y1 VCCIO=1.5 IOSTANDARD=SSTL15_I DRIVE=8.9 SLEW=FAST UNUSED=TRUE successfully
Executing : def_port {mem_a[10]} LOC=U3 VCCIO=1.5 IOSTANDARD=SSTL15_I DRIVE=8.9 SLEW=FAST UNUSED=TRUE
Executing : def_port {mem_a[10]} LOC=U3 VCCIO=1.5 IOSTANDARD=SSTL15_I DRIVE=8.9 SLEW=FAST UNUSED=TRUE successfully
Executing : def_port {mem_a[11]} LOC=AA1 VCCIO=1.5 IOSTANDARD=SSTL15_I DRIVE=8.9 SLEW=FAST UNUSED=TRUE
Executing : def_port {mem_a[11]} LOC=AA1 VCCIO=1.5 IOSTANDARD=SSTL15_I DRIVE=8.9 SLEW=FAST UNUSED=TRUE successfully
Executing : def_port {mem_a[12]} LOC=AB1 VCCIO=1.5 IOSTANDARD=SSTL15_I DRIVE=8.9 SLEW=FAST UNUSED=TRUE
Executing : def_port {mem_a[12]} LOC=AB1 VCCIO=1.5 IOSTANDARD=SSTL15_I DRIVE=8.9 SLEW=FAST UNUSED=TRUE successfully
Executing : def_port {mem_a[13]} LOC=AB3 VCCIO=1.5 IOSTANDARD=SSTL15_I DRIVE=8.9 SLEW=FAST UNUSED=TRUE
Executing : def_port {mem_a[13]} LOC=AB3 VCCIO=1.5 IOSTANDARD=SSTL15_I DRIVE=8.9 SLEW=FAST UNUSED=TRUE successfully
Executing : def_port {mem_a[14]} LOC=AB2 VCCIO=1.5 IOSTANDARD=SSTL15_I DRIVE=8.9 SLEW=FAST UNUSED=TRUE
Executing : def_port {mem_a[14]} LOC=AB2 VCCIO=1.5 IOSTANDARD=SSTL15_I DRIVE=8.9 SLEW=FAST UNUSED=TRUE successfully
Executing : def_port {mem_ba[0]} LOC=AA3 VCCIO=1.5 IOSTANDARD=SSTL15_I DRIVE=8.9 SLEW=FAST UNUSED=TRUE
Executing : def_port {mem_ba[0]} LOC=AA3 VCCIO=1.5 IOSTANDARD=SSTL15_I DRIVE=8.9 SLEW=FAST UNUSED=TRUE successfully
Executing : def_port {mem_ba[1]} LOC=AA5 VCCIO=1.5 IOSTANDARD=SSTL15_I DRIVE=8.9 SLEW=FAST UNUSED=TRUE
Executing : def_port {mem_ba[1]} LOC=AA5 VCCIO=1.5 IOSTANDARD=SSTL15_I DRIVE=8.9 SLEW=FAST UNUSED=TRUE successfully
Executing : def_port {mem_ba[2]} LOC=AB5 VCCIO=1.5 IOSTANDARD=SSTL15_I DRIVE=8.9 SLEW=FAST UNUSED=TRUE
Executing : def_port {mem_ba[2]} LOC=AB5 VCCIO=1.5 IOSTANDARD=SSTL15_I DRIVE=8.9 SLEW=FAST UNUSED=TRUE successfully
Executing : def_port {mem_cas_n} LOC=U6 VCCIO=1.5 IOSTANDARD=SSTL15_I DRIVE=8.9 SLEW=FAST UNUSED=TRUE
Executing : def_port {mem_cas_n} LOC=U6 VCCIO=1.5 IOSTANDARD=SSTL15_I DRIVE=8.9 SLEW=FAST UNUSED=TRUE successfully
Executing : def_port {mem_ck} LOC=Y4 VCCIO=1.5 IOSTANDARD=SSTL15D_I DRIVE=8.9 SLEW=FAST UNUSED=TRUE
Executing : def_port {mem_ck} LOC=Y4 VCCIO=1.5 IOSTANDARD=SSTL15D_I DRIVE=8.9 SLEW=FAST UNUSED=TRUE successfully
Executing : def_port {mem_ck_n} LOC=AA4 VCCIO=1.5 IOSTANDARD=SSTL15D_I DRIVE=8.9 SLEW=FAST UNUSED=TRUE
Executing : def_port {mem_ck_n} LOC=AA4 VCCIO=1.5 IOSTANDARD=SSTL15D_I DRIVE=8.9 SLEW=FAST UNUSED=TRUE successfully
Executing : def_port {mem_cke} LOC=W4 VCCIO=1.5 IOSTANDARD=SSTL15_I DRIVE=8.9 SLEW=FAST UNUSED=TRUE
Executing : def_port {mem_cke} LOC=W4 VCCIO=1.5 IOSTANDARD=SSTL15_I DRIVE=8.9 SLEW=FAST UNUSED=TRUE successfully
Executing : def_port {mem_cs_n} LOC=V5 VCCIO=1.5 IOSTANDARD=SSTL15_I DRIVE=8.9 SLEW=FAST UNUSED=TRUE
Executing : def_port {mem_cs_n} LOC=V5 VCCIO=1.5 IOSTANDARD=SSTL15_I DRIVE=8.9 SLEW=FAST UNUSED=TRUE successfully
Executing : def_port {mem_dm[0]} LOC=N5 VCCIO=1.5 IOSTANDARD=SSTL15_I DRIVE=8.9 SLEW=FAST UNUSED=TRUE
Executing : def_port {mem_dm[0]} LOC=N5 VCCIO=1.5 IOSTANDARD=SSTL15_I DRIVE=8.9 SLEW=FAST UNUSED=TRUE successfully
Executing : def_port {mem_dm[1]} LOC=L5 VCCIO=1.5 IOSTANDARD=SSTL15_I DRIVE=8.9 SLEW=FAST UNUSED=TRUE
Executing : def_port {mem_dm[1]} LOC=L5 VCCIO=1.5 IOSTANDARD=SSTL15_I DRIVE=8.9 SLEW=FAST UNUSED=TRUE successfully
Executing : def_port {mem_odt} LOC=R6 VCCIO=1.5 IOSTANDARD=SSTL15_I DRIVE=8.9 SLEW=FAST UNUSED=TRUE
Executing : def_port {mem_odt} LOC=R6 VCCIO=1.5 IOSTANDARD=SSTL15_I DRIVE=8.9 SLEW=FAST UNUSED=TRUE successfully
Executing : def_port {mem_ras_n} LOC=W5 VCCIO=1.5 IOSTANDARD=SSTL15_I DRIVE=8.9 SLEW=FAST UNUSED=TRUE
Executing : def_port {mem_ras_n} LOC=W5 VCCIO=1.5 IOSTANDARD=SSTL15_I DRIVE=8.9 SLEW=FAST UNUSED=TRUE successfully
Executing : def_port {mem_rst_n} LOC=T3 VCCIO=1.5 IOSTANDARD=SSTL15_I DRIVE=8.9 SLEW=FAST UNUSED=TRUE
Executing : def_port {mem_rst_n} LOC=T3 VCCIO=1.5 IOSTANDARD=SSTL15_I DRIVE=8.9 SLEW=FAST UNUSED=TRUE successfully
Executing : def_port {mem_we_n} LOC=W6 VCCIO=1.5 IOSTANDARD=SSTL15_I DRIVE=8.9 SLEW=FAST UNUSED=TRUE
Executing : def_port {mem_we_n} LOC=W6 VCCIO=1.5 IOSTANDARD=SSTL15_I DRIVE=8.9 SLEW=FAST UNUSED=TRUE successfully
Executing : def_port {board_rst_n} LOC=M15 VCCIO=1.8 IOSTANDARD=LVCMOS18 UNUSED=TRUE
C: ConstraintEditor-2002: [C:/Users/DELL/Desktop/4.28_ROI_V2.1/04_camera_pcie_capture_40pin_fmc/project/device_map/image_pcie_capture.pcf(line number: 63)] | Port board_rst_n has been placed at location M15, whose type is share pin.
Executing : def_port {board_rst_n} LOC=M15 VCCIO=1.8 IOSTANDARD=LVCMOS18 UNUSED=TRUE successfully
Executing : def_port {cmos1_pclk} LOC=T18 VCCIO=3.3 IOSTANDARD=LVCMOS33 NONE=TRUE
C: ConstraintEditor-2002: [C:/Users/DELL/Desktop/4.28_ROI_V2.1/04_camera_pcie_capture_40pin_fmc/project/device_map/image_pcie_capture.pcf(line number: 64)] | Port cmos1_pclk has been placed at location T18, whose type is share pin.
Executing : def_port {cmos1_pclk} LOC=T18 VCCIO=3.3 IOSTANDARD=LVCMOS33 NONE=TRUE successfully
Executing : def_port {cmos1_vsync} LOC=W17 VCCIO=3.3 IOSTANDARD=LVCMOS33 NONE=TRUE
C: ConstraintEditor-2002: [C:/Users/DELL/Desktop/4.28_ROI_V2.1/04_camera_pcie_capture_40pin_fmc/project/device_map/image_pcie_capture.pcf(line number: 65)] | Port cmos1_vsync has been placed at location W17, whose type is share pin.
Executing : def_port {cmos1_vsync} LOC=W17 VCCIO=3.3 IOSTANDARD=LVCMOS33 NONE=TRUE successfully
Executing : def_port {cmos2_data[0]} LOC=U17 VCCIO=3.3 IOSTANDARD=LVCMOS33 NONE=TRUE
C: ConstraintEditor-2002: [C:/Users/DELL/Desktop/4.28_ROI_V2.1/04_camera_pcie_capture_40pin_fmc/project/device_map/image_pcie_capture.pcf(line number: 66)] | Port cmos2_data[0] has been placed at location U17, whose type is share pin.
Executing : def_port {cmos2_data[0]} LOC=U17 VCCIO=3.3 IOSTANDARD=LVCMOS33 NONE=TRUE successfully
Executing : def_port {cmos2_data[1]} LOC=V20 VCCIO=3.3 IOSTANDARD=LVCMOS33 NONE=TRUE
Executing : def_port {cmos2_data[1]} LOC=V20 VCCIO=3.3 IOSTANDARD=LVCMOS33 NONE=TRUE successfully
Executing : def_port {cmos2_data[2]} LOC=R16 VCCIO=3.3 IOSTANDARD=LVCMOS33 NONE=TRUE
C: ConstraintEditor-2002: [C:/Users/DELL/Desktop/4.28_ROI_V2.1/04_camera_pcie_capture_40pin_fmc/project/device_map/image_pcie_capture.pcf(line number: 68)] | Port cmos2_data[2] has been placed at location R16, whose type is share pin.
Executing : def_port {cmos2_data[2]} LOC=R16 VCCIO=3.3 IOSTANDARD=LVCMOS33 NONE=TRUE successfully
Executing : def_port {cmos2_data[3]} LOC=P15 VCCIO=3.3 IOSTANDARD=LVCMOS33 NONE=TRUE
C: ConstraintEditor-2002: [C:/Users/DELL/Desktop/4.28_ROI_V2.1/04_camera_pcie_capture_40pin_fmc/project/device_map/image_pcie_capture.pcf(line number: 69)] | Port cmos2_data[3] has been placed at location P15, whose type is share pin.
Executing : def_port {cmos2_data[3]} LOC=P15 VCCIO=3.3 IOSTANDARD=LVCMOS33 NONE=TRUE successfully
Executing : def_port {cmos2_data[4]} LOC=W19 VCCIO=3.3 IOSTANDARD=LVCMOS33 NONE=TRUE
Executing : def_port {cmos2_data[4]} LOC=W19 VCCIO=3.3 IOSTANDARD=LVCMOS33 NONE=TRUE successfully
Executing : def_port {cmos2_data[5]} LOC=W20 VCCIO=3.3 IOSTANDARD=LVCMOS33 NONE=TRUE
Executing : def_port {cmos2_data[5]} LOC=W20 VCCIO=3.3 IOSTANDARD=LVCMOS33 NONE=TRUE successfully
Executing : def_port {cmos2_data[6]} LOC=P17 VCCIO=3.3 IOSTANDARD=LVCMOS18 NONE=TRUE
C: ConstraintEditor-2002: [C:/Users/DELL/Desktop/4.28_ROI_V2.1/04_camera_pcie_capture_40pin_fmc/project/device_map/image_pcie_capture.pcf(line number: 72)] | Port cmos2_data[6] has been placed at location P17, whose type is share pin.
Executing : def_port {cmos2_data[6]} LOC=P17 VCCIO=3.3 IOSTANDARD=LVCMOS18 NONE=TRUE successfully
Executing : def_port {cmos2_data[7]} LOC=AB18 VCCIO=3.3 IOSTANDARD=LVCMOS33 NONE=TRUE
C: ConstraintEditor-2002: [C:/Users/DELL/Desktop/4.28_ROI_V2.1/04_camera_pcie_capture_40pin_fmc/project/device_map/image_pcie_capture.pcf(line number: 73)] | Port cmos2_data[7] has been placed at location AB18, whose type is share pin.
Executing : def_port {cmos2_data[7]} LOC=AB18 VCCIO=3.3 IOSTANDARD=LVCMOS33 NONE=TRUE successfully
Executing : def_port {cmos2_href} LOC=U18 VCCIO=3.3 IOSTANDARD=LVCMOS33 NONE=TRUE
C: ConstraintEditor-2002: [C:/Users/DELL/Desktop/4.28_ROI_V2.1/04_camera_pcie_capture_40pin_fmc/project/device_map/image_pcie_capture.pcf(line number: 74)] | Port cmos2_href has been placed at location U18, whose type is share pin.
Executing : def_port {cmos2_href} LOC=U18 VCCIO=3.3 IOSTANDARD=LVCMOS33 NONE=TRUE successfully
Executing : def_port {cmos2_pclk} LOC=P16 VCCIO=3.3 IOSTANDARD=LVCMOS33 NONE=TRUE
C: ConstraintEditor-2002: [C:/Users/DELL/Desktop/4.28_ROI_V2.1/04_camera_pcie_capture_40pin_fmc/project/device_map/image_pcie_capture.pcf(line number: 75)] | Port cmos2_pclk has been placed at location P16, whose type is share pin.
Executing : def_port {cmos2_pclk} LOC=P16 VCCIO=3.3 IOSTANDARD=LVCMOS33 NONE=TRUE successfully
Executing : def_port {cmos2_vsync} LOC=R17 VCCIO=3.3 IOSTANDARD=LVCMOS33 NONE=TRUE
C: ConstraintEditor-2002: [C:/Users/DELL/Desktop/4.28_ROI_V2.1/04_camera_pcie_capture_40pin_fmc/project/device_map/image_pcie_capture.pcf(line number: 76)] | Port cmos2_vsync has been placed at location R17, whose type is share pin.
Executing : def_port {cmos2_vsync} LOC=R17 VCCIO=3.3 IOSTANDARD=LVCMOS33 NONE=TRUE successfully
Executing : def_port {cmos3_pclk} LOC=C18 VCCIO=3.3 IOSTANDARD=LVCMOS33 NONE=TRUE
Executing : def_port {cmos3_pclk} LOC=C18 VCCIO=3.3 IOSTANDARD=LVCMOS33 NONE=TRUE successfully
Executing : def_port {cmos3_vsync} LOC=A15 VCCIO=3.3 IOSTANDARD=LVCMOS33 NONE=TRUE
Executing : def_port {cmos3_vsync} LOC=A15 VCCIO=3.3 IOSTANDARD=LVCMOS33 NONE=TRUE successfully
Executing : def_port {free_clk} LOC=V4 VCCIO=1.5 IOSTANDARD=LVCMOS15 UNUSED=TRUE
Executing : def_port {free_clk} LOC=V4 VCCIO=1.5 IOSTANDARD=LVCMOS15 UNUSED=TRUE successfully
Executing : def_port {perst_n} LOC=M16 VCCIO=1.8 IOSTANDARD=LVCMOS18 NONE=TRUE
C: ConstraintEditor-2002: [C:/Users/DELL/Desktop/4.28_ROI_V2.1/04_camera_pcie_capture_40pin_fmc/project/device_map/image_pcie_capture.pcf(line number: 80)] | Port perst_n has been placed at location M16, whose type is share pin.
Executing : def_port {perst_n} LOC=M16 VCCIO=1.8 IOSTANDARD=LVCMOS18 NONE=TRUE successfully
Executing : def_port {ref_clk_n} LOC=E6
Executing : def_port {ref_clk_n} LOC=E6 successfully
Executing : def_port {ref_clk_p} LOC=F6
Executing : def_port {ref_clk_p} LOC=F6 successfully
Executing : def_inst_site {I_ips_ddr_top/u_ddrphy_top/ddrphy_reset_ctrl/ddrphy_ioclk_gate[0]/opit_0_inv} CLMA_285_54 FF3
Executing : def_inst_site {I_ips_ddr_top/u_ddrphy_top/ddrphy_reset_ctrl/ddrphy_ioclk_gate[0]/opit_0_inv} CLMA_285_54 FF3 successfully
Executing : def_inst_site {I_ips_ddr_top/u_ddrphy_top/ddrphy_reset_ctrl/ddrphy_ioclk_gate[1]/opit_0_inv} CLMA_285_360 FF3
Executing : def_inst_site {I_ips_ddr_top/u_ddrphy_top/ddrphy_reset_ctrl/ddrphy_ioclk_gate[1]/opit_0_inv} CLMA_285_360 FF3 successfully
Executing : def_inst_site {u_ips2l_pcie_wrap/U_IPS2L_PCIE_TOP/U_IPS2L_HSSTLP_PCIE_SOFT_PHY/x2.GTP_HSST_2LANE_TOP/U_GTP_HSSTLP_WRAPPER/CHANNEL0_ENABLE.U_GTP_HSSTLP_LANE0/gophsst} HSSTLP_364_918 U0_HSSTLP_LANE
Executing : def_inst_site {u_ips2l_pcie_wrap/U_IPS2L_PCIE_TOP/U_IPS2L_HSSTLP_PCIE_SOFT_PHY/x2.GTP_HSST_2LANE_TOP/U_GTP_HSSTLP_WRAPPER/CHANNEL0_ENABLE.U_GTP_HSSTLP_LANE0/gophsst} HSSTLP_364_918 U0_HSSTLP_LANE successfully
Executing : def_inst_site {u_ips2l_pcie_wrap/U_IPS2L_PCIE_TOP/U_IPS2L_HSSTLP_PCIE_SOFT_PHY/x2.GTP_HSST_2LANE_TOP/U_GTP_HSSTLP_WRAPPER/CHANNEL1_ENABLE.U_GTP_HSSTLP_LANE1/gophsst} HSSTLP_364_918 U1_HSSTLP_LANE
Executing : def_inst_site {u_ips2l_pcie_wrap/U_IPS2L_PCIE_TOP/U_IPS2L_HSSTLP_PCIE_SOFT_PHY/x2.GTP_HSST_2LANE_TOP/U_GTP_HSSTLP_WRAPPER/CHANNEL1_ENABLE.U_GTP_HSSTLP_LANE1/gophsst} HSSTLP_364_918 U1_HSSTLP_LANE successfully
Executing : def_inst_site {u_ips2l_pcie_wrap/U_IPS2L_PCIE_TOP/U_IPS2L_HSSTLP_PCIE_SOFT_PHY/x2.GTP_HSST_2LANE_TOP/U_GTP_HSSTLP_WRAPPER/PLL0_ENABLE.U_GTP_HSSTLP_PLL0/gophsst} HSSTLP_364_918 U0_HSSTLP_PLL
Executing : def_inst_site {u_ips2l_pcie_wrap/U_IPS2L_PCIE_TOP/U_IPS2L_HSSTLP_PCIE_SOFT_PHY/x2.GTP_HSST_2LANE_TOP/U_GTP_HSSTLP_WRAPPER/PLL0_ENABLE.U_GTP_HSSTLP_PLL0/gophsst} HSSTLP_364_918 U0_HSSTLP_PLL successfully
W: ConstraintEditor-4019: Port Bus 'cmos1_data' unspecified I/O constraint.
W: ConstraintEditor-4019: Port Bus 'cmos3_data' unspecified I/O constraint.
W: ConstraintEditor-4019: Port Bus 'rxn' unspecified I/O constraint.
W: ConstraintEditor-4019: Port Bus 'rxp' unspecified I/O constraint.
W: ConstraintEditor-4019: Port Bus 'txn' unspecified I/O constraint.
W: ConstraintEditor-4019: Port Bus 'txp' unspecified I/O constraint.
W: ConstraintEditor-4019: Port 'cmos1_href' unspecified I/O constraint.
W: ConstraintEditor-4019: Port 'cmos3_href' unspecified I/O constraint.
W: ConstraintEditor-4019: Port 'cmos_init_done[2]' unspecified I/O constraint.
W: ConstraintEditor-4019: Port 'uart_rxd' unspecified I/O constraint.
W: ConstraintEditor-4019: Port 'uart_txd' unspecified I/O constraint.
Constraint check end.
I: Column Clock Check open.
Read Column Clock Map.

Placement started.
Phase 1 Pre global placement started.
Mapping instance GRS_INST/grs_ccs to CCS_87_316.
Mapping instance u_ips2l_pcie_wrap/U_IPS2L_PCIE_TOP/U_IPS2L_PCIE_HARD_CTRL/u_gtp_pcie/gateop to PCIE_315_918.
Mapping instance I_ips_ddr_top/u_ddrphy_top/ddrphy_gpll/u_gpll/gpll_inst to GPLL_367_463.
Mapping instance I_ips_ddr_top/u_ddrphy_top/ddrphy_slice_top/i_dqs_bank[0].u_ddrphy_ioclkdiv/ddrphy_ioclk_div_inst to DDRPHY_IOCLK_DIV_368_310.
Mapping instance I_ips_ddr_top/u_ddrphy_top/ddrphy_slice_top/i_dqs_bank[0].ddrphy_ppll/u_ppll/ppll_inst to PPLL_367_307.
Mapping instance I_ips_ddr_top/u_ddrphy_top/ddrphy_slice_top/i_ca_group[0].u_ddc_ca/ddc_inst to DDR_PHY_369_465.
Mapping instance I_ips_ddr_top/u_ddrphy_top/ddrphy_slice_top/i_ca_group[1].u_ddc_ca/ddc_inst to DDR_PHY_369_463.
Mapping instance I_ips_ddr_top/u_ddrphy_top/ddrphy_slice_top/i_ca_group[2].u_ddc_ca/ddc_inst to DDR_PHY_369_309.
Mapping instance I_ips_ddr_top/u_ddrphy_top/ddrphy_slice_top/i_dqs_bank[1].u_ddrphy_ioclkdiv/ddrphy_ioclk_div_inst to DDRPHY_IOCLK_DIV_368_616.
Mapping instance I_ips_ddr_top/u_ddrphy_top/ddrphy_slice_top/i_dqs_bank[1].ddrphy_ppll/u_ppll/ppll_inst to PPLL_367_613.
Mapping instance I_ips_ddr_top/u_ddrphy_top/ddrphy_slice_top/i_dqs_group[0].ddrphy_data_slice/u_ddc_dq/ddc_inst_PHY to DDR_PHY_369_613.
Mapping instance I_ips_ddr_top/u_ddrphy_top/ddrphy_slice_top/i_dqs_group[1].ddrphy_data_slice/u_ddc_dq/ddc_inst_PHY to DDR_PHY_369_615.
Phase 1.1 1st GP placement started.
Design Utilization : 14%.
First map gop timing takes 3.00 sec
Worst slack after clock region global placement is -2817
Wirelength after clock region global placement is 299289 and checksum is 888DF282E96A61E1.
1st GP placement takes 13.70 sec.

Phase 1.2 Clock placement started.
Mapping instance I_ips_ddr_top/u_ddrphy_top/ddrphy_slice_top/i_dqs_bank[0].u_clkbufr/goprclk to RCKB_363_456.
Mapping instance I_ips_ddr_top/u_ddrphy_top/ddrphy_slice_top/i_dqs_bank[1].u_clkbufr/goprclk to RCKB_363_762.
Mapping instance I_ips_ddr_top/u_ddrphy_top/u_clkbufm/clkbufm_inst to MRCKB_361_456.
C: Place-2028: REGION_CLOCK: the driver cmos2_pclk_ibuf/opit_1 fixed at IOLHR_16_318 is unreasonable. Sub-optimal placement for a clock source and a clock buffer.
Mapping instance cmos2_8_16bit/u_GTP_IOCLKDIV/iockdiv_inst to RCKB_9_150.
C: Place-2028: REGION_CLOCK: the driver cmos1_pclk_ibuf/opit_1 fixed at IOLHR_16_360 is unreasonable. Sub-optimal placement for a clock source and a clock buffer.
Mapping instance cmos1_8_16bit/u_GTP_IOCLKDIV/iockdiv_inst to RCKB_9_151.
Mapping instance cmos2_8_16bit_fmc/U_CLKBUFG/gopclkbufg to USCM_215_669.
Mapping instance cmos2_8_16bit_fmc/u_GTP_IOCLKDIV/iockdiv_inst to RCKB_9_1068.
Mapping instance clkbufg_0/gopclkbufg to USCM_215_624.
Mapping instance I_ips_ddr_top/u_ddrphy_top/u_sysclk_bufg/gopclkbufg to USCM_215_576.
Mapping instance u_ips2l_pcie_wrap/U_IPS2L_PCIE_TOP/U_IPS2L_HSSTLP_PCIE_SOFT_PHY/u_clkbufg/gopclkbufg to USCM_215_627.
Mapping instance clkbufg_1/gopclkbufg to USCM_215_630.
Mapping instance I_ips_ddr_top/u_ddrphy_top/rst_clk_gpll/u_gpll/gpll_inst to GPLL_7_463.
Mapping instance I_ips_ddr_top/u_ddrphy_top/u_rst_clk_bufg/gopclkbufg to USCM_215_579.
Mapping instance pll_inst/u_gpll/gpll_inst to GPLL_7_157.
Mapping instance clkbufg_3/gopclkbufg to USCM_215_582.
C: Place-2028: GLOBAL_CLOCK: the driver cmos2_pclk_ibuf/opit_1 fixed at IOLHR_16_318 is unreasonable. Sub-optimal placement for a clock source and a clock buffer.
Mapping instance clkbufg_2/gopclkbufg to USCM_215_585.
C: Place-2028: GLOBAL_CLOCK: the driver cmos1_pclk_ibuf/opit_1 fixed at IOLHR_16_360 is unreasonable. Sub-optimal placement for a clock source and a clock buffer.
Mapping instance clkbufg_4/gopclkbufg to USCM_215_588.
Mapping instance clkbufg_5/gopclkbufg to USCM_215_633.
Clock placement takes 0.45 sec.

Wirelength after Pre Global Placement is 299289 and checksum is 888DF282E96A61E1.
Pre global placement takes 15.19 sec.

Phase 2 Global placement started.
Phase 2.1 Fixed placement started.
Placed fixed group with base inst I_ips_ddr_top/u_ddrphy_top/ddrphy_slice_top/i_dqs_group[0].ddrphy_data_slice/dq_loop[0].u_iobuf_dq/opit_1 on IOLHR_364_624.
Placed fixed group with base inst I_ips_ddr_top/u_ddrphy_top/ddrphy_slice_top/i_dqs_group[0].ddrphy_data_slice/dq_loop[1].u_iobuf_dq/opit_1 on IOLHR_364_630.
Placed fixed group with base inst I_ips_ddr_top/u_ddrphy_top/ddrphy_slice_top/i_dqs_group[0].ddrphy_data_slice/dq_loop[2].u_iobuf_dq/opit_1 on IOLHR_364_636.
Placed fixed group with base inst I_ips_ddr_top/u_ddrphy_top/ddrphy_slice_top/i_dqs_group[0].ddrphy_data_slice/dq_loop[3].u_iobuf_dq/opit_1 on IOLHR_364_642.
Placed fixed group with base inst I_ips_ddr_top/u_ddrphy_top/ddrphy_slice_top/i_dqs_group[0].ddrphy_data_slice/dq_loop[4].u_iobuf_dq/opit_1 on IOLHR_364_648.
Placed fixed group with base inst I_ips_ddr_top/u_ddrphy_top/ddrphy_slice_top/i_dqs_group[0].ddrphy_data_slice/dq_loop[5].u_iobuf_dq/opit_1 on IOLHR_364_666.
Placed fixed group with base inst I_ips_ddr_top/u_ddrphy_top/ddrphy_slice_top/i_dqs_group[0].ddrphy_data_slice/dq_loop[6].u_iobuf_dq/opit_1 on IOLHR_364_672.
Placed fixed group with base inst I_ips_ddr_top/u_ddrphy_top/ddrphy_slice_top/i_dqs_group[0].ddrphy_data_slice/dq_loop[7].u_iobuf_dq/opit_1 on IOLHR_364_684.
Placed fixed group with base inst I_ips_ddr_top/u_ddrphy_top/ddrphy_slice_top/i_dqs_group[0].ddrphy_data_slice/genblk1.u_iobufco_dqs/opit_2 on IOLHR_364_660.
Placed fixed group with base inst I_ips_ddr_top/u_ddrphy_top/ddrphy_slice_top/i_dqs_group[0].ddrphy_data_slice/u_outbuft_dm/opit_1 on IOLHR_364_618.
Placed fixed group with base inst I_ips_ddr_top/u_ddrphy_top/ddrphy_slice_top/i_dqs_group[1].ddrphy_data_slice/dq_loop[0].u_iobuf_dq/opit_1 on IOLHR_364_702.
Placed fixed group with base inst I_ips_ddr_top/u_ddrphy_top/ddrphy_slice_top/i_dqs_group[1].ddrphy_data_slice/dq_loop[1].u_iobuf_dq/opit_1 on IOLHR_364_708.
Placed fixed group with base inst I_ips_ddr_top/u_ddrphy_top/ddrphy_slice_top/i_dqs_group[1].ddrphy_data_slice/dq_loop[2].u_iobuf_dq/opit_1 on IOLHR_364_714.
Placed fixed group with base inst I_ips_ddr_top/u_ddrphy_top/ddrphy_slice_top/i_dqs_group[1].ddrphy_data_slice/dq_loop[3].u_iobuf_dq/opit_1 on IOLHR_364_720.
Placed fixed group with base inst I_ips_ddr_top/u_ddrphy_top/ddrphy_slice_top/i_dqs_group[1].ddrphy_data_slice/dq_loop[4].u_iobuf_dq/opit_1 on IOLHR_364_738.
Placed fixed group with base inst I_ips_ddr_top/u_ddrphy_top/ddrphy_slice_top/i_dqs_group[1].ddrphy_data_slice/dq_loop[5].u_iobuf_dq/opit_1 on IOLHR_364_744.
Placed fixed group with base inst I_ips_ddr_top/u_ddrphy_top/ddrphy_slice_top/i_dqs_group[1].ddrphy_data_slice/dq_loop[6].u_iobuf_dq/opit_1 on IOLHR_364_750.
Placed fixed group with base inst I_ips_ddr_top/u_ddrphy_top/ddrphy_slice_top/i_dqs_group[1].ddrphy_data_slice/dq_loop[7].u_iobuf_dq/opit_1 on IOLHR_364_756.
Placed fixed group with base inst I_ips_ddr_top/u_ddrphy_top/ddrphy_slice_top/i_dqs_group[1].ddrphy_data_slice/genblk1.u_iobufco_dqs/opit_2 on IOLHR_364_732.
Placed fixed group with base inst I_ips_ddr_top/u_ddrphy_top/ddrphy_slice_top/i_dqs_group[1].ddrphy_data_slice/u_outbuft_dm/opit_1 on IOLHR_364_696.
Placed fixed group with base inst I_ips_ddr_top/u_ddrphy_top/ddrphy_slice_top/i_mem_addr_0[0].u_outbuft_addr0/opit_1 on IOLHR_364_600.
Placed fixed group with base inst I_ips_ddr_top/u_ddrphy_top/ddrphy_slice_top/i_mem_addr_0[1].u_outbuft_addr0/opit_1 on IOLHR_364_594.
Placed fixed group with base inst I_ips_ddr_top/u_ddrphy_top/ddrphy_slice_top/i_mem_addr_0[2].u_outbuft_addr0/opit_1 on IOLHR_364_588.
Placed fixed group with base inst I_ips_ddr_top/u_ddrphy_top/ddrphy_slice_top/i_mem_addr_0[3].u_outbuft_addr0/opit_1 on IOLHR_364_582.
Placed fixed group with base inst I_ips_ddr_top/u_ddrphy_top/ddrphy_slice_top/i_mem_addr_0[4].u_outbuft_addr0/opit_1 on IOLHR_364_576.
Placed fixed group with base inst I_ips_ddr_top/u_ddrphy_top/ddrphy_slice_top/i_mem_addr_0[5].u_outbuft_addr0/opit_1 on IOLHR_364_570.
Placed fixed group with base inst I_ips_ddr_top/u_ddrphy_top/ddrphy_slice_top/i_mem_addr_0[6].u_outbuft_addr0/opit_1 on IOLHR_364_564.
Placed fixed group with base inst I_ips_ddr_top/u_ddrphy_top/ddrphy_slice_top/i_mem_addr_0[7].u_outbuft_addr0/opit_1 on IOLHR_364_558.
Placed fixed group with base inst I_ips_ddr_top/u_ddrphy_top/ddrphy_slice_top/i_mem_addr_0[8].u_outbuft_addr0/opit_1 on IOLHR_364_552.
Placed fixed group with base inst I_ips_ddr_top/u_ddrphy_top/ddrphy_slice_top/i_mem_addr_0[9].u_outbuft_addr0/opit_1 on IOLHR_364_546.
Placed fixed group with base inst I_ips_ddr_top/u_ddrphy_top/ddrphy_slice_top/i_mem_addr_0[10].u_outbuft_addr0/opit_1 on IOLHR_364_540.
Placed fixed group with base inst I_ips_ddr_top/u_ddrphy_top/ddrphy_slice_top/i_mem_addr_0[11].u_outbuft_addr0/opit_1 on IOLHR_364_528.
Placed fixed group with base inst I_ips_ddr_top/u_ddrphy_top/ddrphy_slice_top/i_mem_addr_0[12].u_outbuft_addr0/opit_1 on IOLHR_364_522.
Placed fixed group with base inst I_ips_ddr_top/u_ddrphy_top/ddrphy_slice_top/i_mem_addr_0[13].u_outbuft_addr0/opit_1 on IOLHR_364_516.
Placed fixed group with base inst I_ips_ddr_top/u_ddrphy_top/ddrphy_slice_top/i_mem_addr_0[14].u_outbuft_addr0/opit_1 on IOLHR_364_510.
Placed fixed group with base inst I_ips_ddr_top/u_ddrphy_top/ddrphy_slice_top/k_mem_ba[0].u_outbuft_ba/opit_1 on IOLHR_364_498.
Placed fixed group with base inst I_ips_ddr_top/u_ddrphy_top/ddrphy_slice_top/k_mem_ba[1].u_outbuft_ba/opit_1 on IOLHR_364_492.
Placed fixed group with base inst I_ips_ddr_top/u_ddrphy_top/ddrphy_slice_top/k_mem_ba[2].u_outbuft_ba/opit_1 on IOLHR_364_486.
Placed fixed group with base inst I_ips_ddr_top/u_ddrphy_top/ddrphy_slice_top/u_outbuft_casn/opit_1 on IOLHR_364_414.
Placed fixed group with base inst I_ips_ddr_top/u_ddrphy_top/ddrphy_slice_top/u_outbuft_cke/opit_1 on IOLHR_364_462.
Placed fixed group with base inst I_ips_ddr_top/u_ddrphy_top/ddrphy_slice_top/u_outbuft_csn/opit_1 on IOLHR_364_408.
Placed fixed group with base inst I_ips_ddr_top/u_ddrphy_top/ddrphy_slice_top/u_outbuft_odt/opit_1 on IOLHR_364_402.
Placed fixed group with base inst I_ips_ddr_top/u_ddrphy_top/ddrphy_slice_top/u_outbuft_rasn/opit_1 on IOLHR_364_420.
Placed fixed group with base inst I_ips_ddr_top/u_ddrphy_top/ddrphy_slice_top/u_outbuft_wen/opit_1 on IOLHR_364_426.
Placed fixed group with base inst I_ips_ddr_top/u_ddrphy_top/ddrphy_slice_top/u_outbuftco_ck/opit_3 on IOLHR_364_480.
Placed fixed group with base inst board_rst_n_ibuf/opit_1 on IOLHR_16_624.
Placed fixed group with base inst cmos1_pclk_ibuf/opit_1 on IOLHR_16_360.
Placed fixed group with base inst cmos1_reset_obuf/opit_1 on IOLHR_16_438.
Placed fixed group with base inst cmos1_scl_iobuf/opit_1 on IOLHR_16_372.
Placed fixed group with base inst cmos1_vsync_ibuf/opit_1 on IOLHR_16_408.
Placed fixed group with base inst cmos2_data_ibuf[0]/opit_1 on IOLHR_16_390.
Placed fixed group with base inst cmos2_data_ibuf[1]/opit_1 on IOLHR_16_474.
Placed fixed group with base inst cmos2_data_ibuf[2]/opit_1 on IOLHR_16_336.
Placed fixed group with base inst cmos2_data_ibuf[3]/opit_1 on IOLHR_16_342.
Placed fixed group with base inst cmos2_data_ibuf[4]/opit_1 on IOLHR_16_468.
Placed fixed group with base inst cmos2_data_ibuf[5]/opit_1 on IOLHR_16_462.
Placed fixed group with base inst cmos2_data_ibuf[6]/opit_1 on IOLHR_16_348.
Placed fixed group with base inst cmos2_data_ibuf[7]/opit_1 on IOLHR_16_396.
Placed fixed group with base inst cmos2_href_ibuf/opit_1 on IOLHR_16_384.
Placed fixed group with base inst cmos2_pclk_ibuf/opit_1 on IOLHR_16_318.
Placed fixed group with base inst cmos2_reset_obuf/opit_1 on IOLHR_16_510.
Placed fixed group with base inst cmos2_scl_iobuf/opit_1 on IOLHR_16_480.
Placed fixed group with base inst cmos2_vsync_ibuf/opit_1 on IOLHR_16_312.
Placed fixed group with base inst cmos3_pclk_ibuf/opit_1 on IOLHR_16_1062.
Placed fixed group with base inst cmos3_reset_obuf/opit_1 on IOLHR_16_1122.
Placed fixed group with base inst cmos3_scl_iobuf/opit_1 on IOLHR_16_1170.
Placed fixed group with base inst cmos3_vsync_ibuf/opit_1 on IOLHR_16_1116.
Placed fixed group with base inst cmos_init_done_obuf[0]/opit_1 on IOLHR_16_612.
Placed fixed group with base inst cmos_init_done_obuf[1]/opit_1 on IOLHR_16_912.
Placed fixed group with base inst coms1_reg_config.u1.i2c_sdat_tri/opit_1 on IOLHR_16_378.
Placed fixed group with base inst coms2_reg_config.u1.i2c_sdat_tri/opit_1 on IOLHR_16_354.
Placed fixed group with base inst coms3_reg_config.u1.i2c_sdat_tri/opit_1 on IOLHR_16_1200.
Placed fixed group with base inst free_clk_ibuf/opit_1 on IOLHR_364_468.
Placed fixed group with base inst mem_rst_n_obuf/opit_1 on IOLHR_364_606.
Placed fixed group with base inst perst_n_ibuf/opit_1 on IOLHR_16_618.
Placed fixed group with base inst u_ips2l_pcie_wrap/U_IPS2L_PCIE_TOP/U_IPS2L_HSSTLP_PCIE_SOFT_PHY/x2.GTP_HSST_2LANE_TOP/U_GTP_HSSTLP_WRAPPER/CHANNEL0_ENABLE.U_GTP_HSSTLP_LANE0/gophsst on HSSTLP_364_918.
Placed fixed instance I_ips_ddr_top/u_ddrphy_top/ddrphy_reset_ctrl/ddrphy_ioclk_gate[0]/opit_0_inv on CLMA_285_54.
Placed fixed instance I_ips_ddr_top/u_ddrphy_top/ddrphy_reset_ctrl/ddrphy_ioclk_gate[1]/opit_0_inv on CLMA_285_360.
Placed fixed instance u_ips2l_pcie_wrap/U_IPS2L_PCIE_TOP/U_IPS2L_HSSTLP_PCIE_SOFT_PHY/x2.GTP_HSST_2LANE_TOP/U_GTP_HSSTLP_WRAPPER/PLL0_ENABLE.U_GTP_HSSTLP_PLL0/gophsst on HSSTLP_364_918.
Placed fixed instance GRS_INST/grs_ccs on CCS_87_316.
Placed fixed instance I_ips_ddr_top/u_ddrphy_top/ddrphy_gpll/u_gpll/gpll_inst on GPLL_367_463.
Placed fixed instance I_ips_ddr_top/u_ddrphy_top/ddrphy_slice_top/i_ca_group[0].u_ddc_ca/ddc_inst on DDR_PHY_369_465.
Placed fixed instance I_ips_ddr_top/u_ddrphy_top/ddrphy_slice_top/i_ca_group[1].u_ddc_ca/ddc_inst on DDR_PHY_369_463.
Placed fixed instance I_ips_ddr_top/u_ddrphy_top/ddrphy_slice_top/i_ca_group[2].u_ddc_ca/ddc_inst on DDR_PHY_369_309.
Placed fixed instance I_ips_ddr_top/u_ddrphy_top/ddrphy_slice_top/i_dqs_bank[0].ddrphy_ppll/u_ppll/ppll_inst on PPLL_367_307.
Placed fixed instance I_ips_ddr_top/u_ddrphy_top/ddrphy_slice_top/i_dqs_bank[0].u_clkbufr/goprclk on RCKB_363_456.
Placed fixed instance I_ips_ddr_top/u_ddrphy_top/ddrphy_slice_top/i_dqs_bank[0].u_ddrphy_ioclkdiv/ddrphy_ioclk_div_inst on DDRPHY_IOCLK_DIV_368_310.
Placed fixed instance I_ips_ddr_top/u_ddrphy_top/ddrphy_slice_top/i_dqs_bank[1].ddrphy_ppll/u_ppll/ppll_inst on PPLL_367_613.
Placed fixed instance I_ips_ddr_top/u_ddrphy_top/ddrphy_slice_top/i_dqs_bank[1].u_clkbufr/goprclk on RCKB_363_762.
Placed fixed instance I_ips_ddr_top/u_ddrphy_top/ddrphy_slice_top/i_dqs_bank[1].u_ddrphy_ioclkdiv/ddrphy_ioclk_div_inst on DDRPHY_IOCLK_DIV_368_616.
Placed fixed instance I_ips_ddr_top/u_ddrphy_top/ddrphy_slice_top/i_dqs_group[0].ddrphy_data_slice/u_ddc_dq/ddc_inst_PHY on DDR_PHY_369_613.
Placed fixed instance I_ips_ddr_top/u_ddrphy_top/ddrphy_slice_top/i_dqs_group[1].ddrphy_data_slice/u_ddc_dq/ddc_inst_PHY on DDR_PHY_369_615.
Placed fixed instance I_ips_ddr_top/u_ddrphy_top/rst_clk_gpll/u_gpll/gpll_inst on GPLL_7_463.
Placed fixed instance I_ips_ddr_top/u_ddrphy_top/u_clkbufm/clkbufm_inst on MRCKB_361_456.
Placed fixed instance I_ips_ddr_top/u_ddrphy_top/u_rst_clk_bufg/gopclkbufg on USCM_215_579.
Placed fixed instance I_ips_ddr_top/u_ddrphy_top/u_sysclk_bufg/gopclkbufg on USCM_215_576.
Placed fixed instance clkbufg_0/gopclkbufg on USCM_215_624.
Placed fixed instance clkbufg_1/gopclkbufg on USCM_215_630.
Placed fixed instance clkbufg_2/gopclkbufg on USCM_215_585.
Placed fixed instance clkbufg_3/gopclkbufg on USCM_215_582.
Placed fixed instance clkbufg_4/gopclkbufg on USCM_215_588.
Placed fixed instance clkbufg_5/gopclkbufg on USCM_215_633.
Placed fixed instance cmos1_8_16bit/u_GTP_IOCLKDIV/iockdiv_inst on RCKB_9_151.
Placed fixed instance cmos2_8_16bit/u_GTP_IOCLKDIV/iockdiv_inst on RCKB_9_150.
Placed fixed instance cmos2_8_16bit_fmc/U_CLKBUFG/gopclkbufg on USCM_215_669.
Placed fixed instance cmos2_8_16bit_fmc/u_GTP_IOCLKDIV/iockdiv_inst on RCKB_9_1068.
Placed fixed instance pll_inst/u_gpll/gpll_inst on GPLL_7_157.
Placed fixed instance ref_clk_n_ibuf_hsst on SPAD_363_922.
Placed fixed instance ref_clk_p_ibuf_hsst on SPAD_363_921.
Placed fixed instance u_ips2l_pcie_wrap/U_IPS2L_PCIE_TOP/U_IPS2L_HSSTLP_PCIE_SOFT_PHY/u_clkbufg/gopclkbufg on USCM_215_627.
Placed fixed instance u_ips2l_pcie_wrap/U_IPS2L_PCIE_TOP/U_IPS2L_PCIE_HARD_CTRL/u_gtp_pcie/gateop on PCIE_315_918.
Placed fixed instance BKCL_auto_0 on BKCL_1_952.
Placed fixed instance BKCL_auto_1 on BKCL_1_646.
Placed fixed instance BKCL_auto_2 on BKCL_1_340.
Placed fixed instance BKCL_auto_3 on BKCL_373_646.
Placed fixed instance BKCL_auto_4 on BKCL_373_340.
Fixed placement takes 0.50 sec.

Phase 2.2 Process placement started.
I: The IO driver of I_ips_ddr_top/u_ddrphy_top/rst_clk_gpll/u_gpll/gpll_inst(CLKIN1) is not constraint at pllpad, its clock path will pass through SRB.
I: The IO driver of pll_inst/u_gpll/gpll_inst(CLKIN1) is not constraint at pllpad, its clock path will pass through SRB.
Process placement takes 0.02 sec.

Phase 2.3 IO placement started.
IO placement takes 0.16 sec.

Phase 2.4 2nd GP placement started.
Run super clustering :
	Initial slack -3429.
	6 iterations finished.
	Final slack -2111.
Super clustering done.
Design Utilization : 14%.
Worst slack after global placement is 670
2nd GP placement takes 14.42 sec.

Wirelength after global placement is 153895 and checksum is 733AC43F69CCA311.
Global placement takes 15.11 sec.

Phase 3 Post global placement started.
Packing LUT6D started.
I: LUT6D pack result: There are 4091 LUT6 in collection, pack success:165
Packing LUT6D takes 3.14 sec.
Phase 3.1 Macro cell placement started.
I: Process macros using "Greedy".
Wirelength after macro cell placement is 172663 and checksum is 504F4BCE99367A8F.
Macro cell placement takes 0.09 sec.

Phase 3.2 3rd GP placement started.
Run super clustering :
	Initial slack -3620.
	9 iterations finished.
	Final slack -1063.
Super clustering done.
Design Utilization : 14%.
Worst slack after post global placement is 481
3rd GP placement takes 7.45 sec.

Wirelength after post global placement is 145548 and checksum is 3F829D0FA8976409.
Packing LUT6D started.
I: LUT6D pack result: There are 3761 LUT6 in collection, pack success:7
Packing LUT6D takes 3.27 sec.
Post global placement takes 14.00 sec.

Phase 4 Legalization started.
The average distance in LP is 1.231716.
Wirelength after legalization is 183662 and checksum is 76A82493BED1315B.
Legalization takes 2.30 sec.

Phase 5 Timing-driven detailed placement started.
Phase 5.1 Replication placement started.
Worst slack before Replication Place is 1349.
Replication placement takes 0.69 sec.

Wirelength after replication placement is 183662 and checksum is 76A82493BED1315B.
Phase 5.2 Swapping placement started.
Worst slack before detailed placement is 1349, TNS before detailed placement is 0. 
Worst slack after detailed placement is 1349, TNS after detailed placement is 0. 
Swapping placement takes 0.55 sec.

Wirelength after detailed placement is 183662 and checksum is 76A82493BED1315B.
Timing-driven detailed placement takes 1.27 sec.

Worst slack is 1349, TNS after placement is 0.
Placement done.
Total placement takes 54.73 sec.
Finished placement.

Routing started.
Building routing graph takes 5.36 sec.
Worst slack is 1349, TNS before global route is 0.
Processing design graph takes 2.94 sec.
Total memory for routing:
	229.818255 M.
Total nets for routing : 22091.
Global Routing step 1 processed 0 nets, it takes 4.48 sec.
Rcf routing step 1 processed 0 nets, it takes 0.00 sec.
Rcf routing step 2 processed 0 nets, it takes 0.00 sec.
Rcf routing step 3 processed 0 nets, it takes 0.00 sec.
Unrouted nets 0 at the end of iteration 0.
Global Routing step 1 processed 20 nets, it takes 0.09 sec.
Unrouted nets 183 at the end of iteration 0.
Unrouted nets 93 at the end of iteration 1.
Unrouted nets 57 at the end of iteration 2.
Unrouted nets 35 at the end of iteration 3.
Unrouted nets 17 at the end of iteration 4.
Unrouted nets 16 at the end of iteration 5.
Unrouted nets 7 at the end of iteration 6.
Unrouted nets 6 at the end of iteration 7.
Unrouted nets 4 at the end of iteration 8.
Unrouted nets 1 at the end of iteration 9.
Unrouted nets 1 at the end of iteration 10.
Unrouted nets 2 at the end of iteration 11.
Unrouted nets 0 at the end of iteration 12.
Global Routing step 2 processed 477 nets, it takes 2.75 sec.
Unrouted nets 4 at the end of iteration 0.
Unrouted nets 2 at the end of iteration 1.
Unrouted nets 0 at the end of iteration 2.
Global Routing step 3 processed 8 nets, it takes 0.08 sec.
Unrouted nets 537 at the end of iteration 0.
Unrouted nets 297 at the end of iteration 1.
Unrouted nets 203 at the end of iteration 2.
Unrouted nets 117 at the end of iteration 3.
Unrouted nets 84 at the end of iteration 4.
Unrouted nets 56 at the end of iteration 5.
Unrouted nets 37 at the end of iteration 6.
Unrouted nets 24 at the end of iteration 7.
Unrouted nets 20 at the end of iteration 8.
Unrouted nets 19 at the end of iteration 9.
Unrouted nets 21 at the end of iteration 10.
Unrouted nets 13 at the end of iteration 11.
Unrouted nets 8 at the end of iteration 12.
Unrouted nets 5 at the end of iteration 13.
Unrouted nets 4 at the end of iteration 14.
Unrouted nets 2 at the end of iteration 15.
Unrouted nets 2 at the end of iteration 16.
Unrouted nets 2 at the end of iteration 17.
Unrouted nets 2 at the end of iteration 18.
Unrouted nets 0 at the end of iteration 19.
Global Routing step 4 processed 947 nets, it takes 4.42 sec.
Global routing takes 7.50 sec.
Total 24586 subnets.
    forward max bucket size 48487 , backward 614.
        Unrouted nets 16344 at the end of iteration 0.
    route iteration 0, CPU time elapsed 7.250000 sec.
    forward max bucket size 6499 , backward 585.
        Unrouted nets 14742 at the end of iteration 1.
    route iteration 1, CPU time elapsed 4.671875 sec.
    forward max bucket size 26628 , backward 389.
        Unrouted nets 13254 at the end of iteration 2.
    route iteration 2, CPU time elapsed 4.421875 sec.
    forward max bucket size 27416 , backward 277.
        Unrouted nets 11957 at the end of iteration 3.
    route iteration 3, CPU time elapsed 4.203125 sec.
    forward max bucket size 30381 , backward 365.
        Unrouted nets 10302 at the end of iteration 4.
    route iteration 4, CPU time elapsed 3.187500 sec.
    forward max bucket size 32060 , backward 382.
        Unrouted nets 8996 at the end of iteration 5.
    route iteration 5, CPU time elapsed 3.109375 sec.
    forward max bucket size 16242 , backward 617.
        Unrouted nets 7853 at the end of iteration 6.
    route iteration 6, CPU time elapsed 2.390625 sec.
    forward max bucket size 30301 , backward 278.
        Unrouted nets 6829 at the end of iteration 7.
    route iteration 7, CPU time elapsed 2.390625 sec.
    forward max bucket size 33251 , backward 309.
        Unrouted nets 6074 at the end of iteration 8.
    route iteration 8, CPU time elapsed 2.328125 sec.
    forward max bucket size 30250 , backward 450.
        Unrouted nets 5451 at the end of iteration 9.
    route iteration 9, CPU time elapsed 2.078125 sec.
    forward max bucket size 909 , backward 450.
        Unrouted nets 4920 at the end of iteration 10.
    route iteration 10, CPU time elapsed 1.656250 sec.
    forward max bucket size 969 , backward 450.
        Unrouted nets 4352 at the end of iteration 11.
    route iteration 11, CPU time elapsed 1.531250 sec.
    forward max bucket size 978 , backward 531.
        Unrouted nets 4012 at the end of iteration 12.
    route iteration 12, CPU time elapsed 1.406250 sec.
    forward max bucket size 924 , backward 376.
        Unrouted nets 3744 at the end of iteration 13.
    route iteration 13, CPU time elapsed 1.343750 sec.
    forward max bucket size 1081 , backward 366.
        Unrouted nets 3321 at the end of iteration 14.
    route iteration 14, CPU time elapsed 1.218750 sec.
    forward max bucket size 976 , backward 397.
        Unrouted nets 3091 at the end of iteration 15.
    route iteration 15, CPU time elapsed 1.156250 sec.
    forward max bucket size 1069 , backward 264.
        Unrouted nets 2879 at the end of iteration 16.
    route iteration 16, CPU time elapsed 1.109375 sec.
    forward max bucket size 805 , backward 321.
        Unrouted nets 2634 at the end of iteration 17.
    route iteration 17, CPU time elapsed 1.046875 sec.
    forward max bucket size 571 , backward 248.
        Unrouted nets 2497 at the end of iteration 18.
    route iteration 18, CPU time elapsed 1.031250 sec.
    forward max bucket size 966 , backward 434.
        Unrouted nets 2273 at the end of iteration 19.
    route iteration 19, CPU time elapsed 0.953125 sec.
    forward max bucket size 976 , backward 337.
        Unrouted nets 2149 at the end of iteration 20.
    route iteration 20, CPU time elapsed 0.859375 sec.
    forward max bucket size 962 , backward 318.
        Unrouted nets 1986 at the end of iteration 21.
    route iteration 21, CPU time elapsed 0.875000 sec.
    forward max bucket size 581 , backward 238.
        Unrouted nets 1833 at the end of iteration 22.
    route iteration 22, CPU time elapsed 0.875000 sec.
    forward max bucket size 956 , backward 280.
        Unrouted nets 1748 at the end of iteration 23.
    route iteration 23, CPU time elapsed 0.875000 sec.
    forward max bucket size 1081 , backward 381.
        Unrouted nets 1647 at the end of iteration 24.
    route iteration 24, CPU time elapsed 0.812500 sec.
    forward max bucket size 1084 , backward 377.
        Unrouted nets 1518 at the end of iteration 25.
    route iteration 25, CPU time elapsed 0.812500 sec.
    forward max bucket size 792 , backward 375.
        Unrouted nets 1448 at the end of iteration 26.
    route iteration 26, CPU time elapsed 0.750000 sec.
    forward max bucket size 794 , backward 200.
        Unrouted nets 1351 at the end of iteration 27.
    route iteration 27, CPU time elapsed 0.671875 sec.
    forward max bucket size 365 , backward 195.
        Unrouted nets 1255 at the end of iteration 28.
    route iteration 28, CPU time elapsed 0.562500 sec.
    forward max bucket size 478 , backward 429.
        Unrouted nets 1229 at the end of iteration 29.
    route iteration 29, CPU time elapsed 0.609375 sec.
    forward max bucket size 440 , backward 323.
        Unrouted nets 1147 at the end of iteration 30.
    route iteration 30, CPU time elapsed 0.515625 sec.
    forward max bucket size 289 , backward 282.
        Unrouted nets 1020 at the end of iteration 31.
    route iteration 31, CPU time elapsed 0.453125 sec.
    forward max bucket size 291 , backward 190.
        Unrouted nets 962 at the end of iteration 32.
    route iteration 32, CPU time elapsed 0.437500 sec.
    forward max bucket size 320 , backward 300.
        Unrouted nets 899 at the end of iteration 33.
    route iteration 33, CPU time elapsed 0.437500 sec.
    forward max bucket size 250 , backward 206.
        Unrouted nets 792 at the end of iteration 34.
    route iteration 34, CPU time elapsed 0.421875 sec.
    forward max bucket size 301 , backward 146.
        Unrouted nets 725 at the end of iteration 35.
    route iteration 35, CPU time elapsed 0.359375 sec.
    forward max bucket size 368 , backward 224.
        Unrouted nets 737 at the end of iteration 36.
    route iteration 36, CPU time elapsed 0.359375 sec.
    forward max bucket size 478 , backward 271.
        Unrouted nets 703 at the end of iteration 37.
    route iteration 37, CPU time elapsed 0.375000 sec.
    forward max bucket size 488 , backward 353.
        Unrouted nets 634 at the end of iteration 38.
    route iteration 38, CPU time elapsed 0.359375 sec.
    forward max bucket size 547 , backward 218.
        Unrouted nets 642 at the end of iteration 39.
    route iteration 39, CPU time elapsed 0.343750 sec.
    forward max bucket size 489 , backward 364.
        Unrouted nets 588 at the end of iteration 40.
    route iteration 40, CPU time elapsed 0.343750 sec.
    forward max bucket size 537 , backward 348.
        Unrouted nets 515 at the end of iteration 41.
    route iteration 41, CPU time elapsed 0.328125 sec.
    forward max bucket size 702 , backward 379.
        Unrouted nets 487 at the end of iteration 42.
    route iteration 42, CPU time elapsed 0.281250 sec.
    forward max bucket size 200 , backward 96.
        Unrouted nets 482 at the end of iteration 43.
    route iteration 43, CPU time elapsed 0.296875 sec.
    forward max bucket size 315 , backward 121.
        Unrouted nets 469 at the end of iteration 44.
    route iteration 44, CPU time elapsed 0.281250 sec.
    forward max bucket size 238 , backward 129.
        Unrouted nets 500 at the end of iteration 45.
    route iteration 45, CPU time elapsed 0.296875 sec.
    forward max bucket size 263 , backward 277.
        Unrouted nets 513 at the end of iteration 46.
    route iteration 46, CPU time elapsed 0.328125 sec.
    forward max bucket size 554 , backward 163.
        Unrouted nets 466 at the end of iteration 47.
    route iteration 47, CPU time elapsed 0.296875 sec.
    forward max bucket size 319 , backward 139.
        Unrouted nets 479 at the end of iteration 48.
    route iteration 48, CPU time elapsed 0.281250 sec.
    forward max bucket size 531 , backward 171.
        Unrouted nets 432 at the end of iteration 49.
    route iteration 49, CPU time elapsed 0.281250 sec.
    forward max bucket size 310 , backward 96.
        Unrouted nets 395 at the end of iteration 50.
    route iteration 50, CPU time elapsed 0.265625 sec.
    forward max bucket size 221 , backward 154.
        Unrouted nets 384 at the end of iteration 51.
    route iteration 51, CPU time elapsed 0.265625 sec.
    forward max bucket size 313 , backward 197.
        Unrouted nets 380 at the end of iteration 52.
    route iteration 52, CPU time elapsed 0.250000 sec.
    forward max bucket size 340 , backward 215.
        Unrouted nets 328 at the end of iteration 53.
    route iteration 53, CPU time elapsed 0.250000 sec.
    forward max bucket size 247 , backward 138.
        Unrouted nets 363 at the end of iteration 54.
    route iteration 54, CPU time elapsed 0.250000 sec.
    forward max bucket size 421 , backward 104.
        Unrouted nets 391 at the end of iteration 55.
    route iteration 55, CPU time elapsed 0.250000 sec.
    forward max bucket size 186 , backward 125.
        Unrouted nets 364 at the end of iteration 56.
    route iteration 56, CPU time elapsed 0.218750 sec.
    forward max bucket size 572 , backward 96.
        Unrouted nets 314 at the end of iteration 57.
    route iteration 57, CPU time elapsed 0.234375 sec.
    forward max bucket size 281 , backward 178.
        Unrouted nets 293 at the end of iteration 58.
    route iteration 58, CPU time elapsed 0.234375 sec.
    forward max bucket size 232 , backward 152.
        Unrouted nets 284 at the end of iteration 59.
    route iteration 59, CPU time elapsed 0.218750 sec.
    forward max bucket size 224 , backward 406.
        Unrouted nets 286 at the end of iteration 60.
    route iteration 60, CPU time elapsed 0.234375 sec.
    forward max bucket size 376 , backward 135.
        Unrouted nets 261 at the end of iteration 61.
    route iteration 61, CPU time elapsed 0.250000 sec.
    forward max bucket size 221 , backward 180.
        Unrouted nets 226 at the end of iteration 62.
    route iteration 62, CPU time elapsed 0.203125 sec.
    forward max bucket size 152 , backward 162.
        Unrouted nets 226 at the end of iteration 63.
    route iteration 63, CPU time elapsed 0.203125 sec.
    forward max bucket size 206 , backward 148.
        Unrouted nets 215 at the end of iteration 64.
    route iteration 64, CPU time elapsed 0.203125 sec.
    forward max bucket size 184 , backward 91.
        Unrouted nets 204 at the end of iteration 65.
    route iteration 65, CPU time elapsed 0.218750 sec.
    forward max bucket size 130 , backward 75.
        Unrouted nets 207 at the end of iteration 66.
    route iteration 66, CPU time elapsed 0.203125 sec.
    forward max bucket size 373 , backward 181.
        Unrouted nets 254 at the end of iteration 67.
    route iteration 67, CPU time elapsed 0.203125 sec.
    forward max bucket size 155 , backward 181.
        Unrouted nets 236 at the end of iteration 68.
    route iteration 68, CPU time elapsed 0.187500 sec.
    forward max bucket size 169 , backward 97.
        Unrouted nets 223 at the end of iteration 69.
    route iteration 69, CPU time elapsed 0.250000 sec.
    forward max bucket size 185 , backward 171.
        Unrouted nets 198 at the end of iteration 70.
    route iteration 70, CPU time elapsed 0.187500 sec.
    forward max bucket size 592 , backward 172.
        Unrouted nets 212 at the end of iteration 71.
    route iteration 71, CPU time elapsed 0.203125 sec.
    forward max bucket size 189 , backward 204.
        Unrouted nets 209 at the end of iteration 72.
    route iteration 72, CPU time elapsed 0.187500 sec.
    forward max bucket size 339 , backward 204.
        Unrouted nets 198 at the end of iteration 73.
    route iteration 73, CPU time elapsed 0.203125 sec.
    forward max bucket size 225 , backward 190.
        Unrouted nets 203 at the end of iteration 74.
    route iteration 74, CPU time elapsed 0.203125 sec.
    forward max bucket size 178 , backward 177.
        Unrouted nets 192 at the end of iteration 75.
    route iteration 75, CPU time elapsed 0.203125 sec.
    forward max bucket size 143 , backward 380.
        Unrouted nets 194 at the end of iteration 76.
    route iteration 76, CPU time elapsed 0.203125 sec.
    forward max bucket size 153 , backward 177.
        Unrouted nets 219 at the end of iteration 77.
    route iteration 77, CPU time elapsed 0.203125 sec.
    forward max bucket size 300 , backward 135.
        Unrouted nets 214 at the end of iteration 78.
    route iteration 78, CPU time elapsed 0.218750 sec.
    forward max bucket size 237 , backward 128.
        Unrouted nets 223 at the end of iteration 79.
    route iteration 79, CPU time elapsed 0.234375 sec.
    forward max bucket size 212 , backward 146.
        Unrouted nets 195 at the end of iteration 80.
    route iteration 80, CPU time elapsed 0.234375 sec.
    forward max bucket size 281 , backward 156.
        Unrouted nets 182 at the end of iteration 81.
    route iteration 81, CPU time elapsed 0.203125 sec.
    forward max bucket size 220 , backward 172.
        Unrouted nets 158 at the end of iteration 82.
    route iteration 82, CPU time elapsed 0.187500 sec.
    forward max bucket size 177 , backward 115.
        Unrouted nets 141 at the end of iteration 83.
    route iteration 83, CPU time elapsed 0.140625 sec.
    forward max bucket size 251 , backward 124.
        Unrouted nets 129 at the end of iteration 84.
    route iteration 84, CPU time elapsed 0.156250 sec.
    forward max bucket size 250 , backward 80.
        Unrouted nets 105 at the end of iteration 85.
    route iteration 85, CPU time elapsed 0.171875 sec.
    forward max bucket size 191 , backward 93.
        Unrouted nets 117 at the end of iteration 86.
    route iteration 86, CPU time elapsed 0.187500 sec.
    forward max bucket size 190 , backward 102.
        Unrouted nets 124 at the end of iteration 87.
    route iteration 87, CPU time elapsed 0.171875 sec.
    forward max bucket size 182 , backward 99.
        Unrouted nets 142 at the end of iteration 88.
    route iteration 88, CPU time elapsed 0.171875 sec.
    forward max bucket size 173 , backward 125.
        Unrouted nets 151 at the end of iteration 89.
    route iteration 89, CPU time elapsed 0.171875 sec.
    forward max bucket size 104 , backward 111.
        Unrouted nets 147 at the end of iteration 90.
    route iteration 90, CPU time elapsed 0.187500 sec.
    forward max bucket size 353 , backward 267.
        Unrouted nets 140 at the end of iteration 91.
    route iteration 91, CPU time elapsed 0.187500 sec.
    forward max bucket size 326 , backward 142.
        Unrouted nets 133 at the end of iteration 92.
    route iteration 92, CPU time elapsed 0.187500 sec.
    forward max bucket size 247 , backward 158.
        Unrouted nets 120 at the end of iteration 93.
    route iteration 93, CPU time elapsed 0.203125 sec.
    forward max bucket size 327 , backward 131.
        Unrouted nets 99 at the end of iteration 94.
    route iteration 94, CPU time elapsed 0.156250 sec.
    forward max bucket size 326 , backward 47.
        Unrouted nets 83 at the end of iteration 95.
    route iteration 95, CPU time elapsed 0.171875 sec.
    forward max bucket size 256 , backward 38.
        Unrouted nets 79 at the end of iteration 96.
    route iteration 96, CPU time elapsed 0.156250 sec.
    forward max bucket size 160 , backward 76.
        Unrouted nets 77 at the end of iteration 97.
    route iteration 97, CPU time elapsed 0.140625 sec.
    forward max bucket size 107 , backward 110.
        Unrouted nets 77 at the end of iteration 98.
    route iteration 98, CPU time elapsed 0.171875 sec.
    forward max bucket size 235 , backward 82.
        Unrouted nets 64 at the end of iteration 99.
    route iteration 99, CPU time elapsed 0.140625 sec.
    forward max bucket size 265 , backward 31.
        Unrouted nets 61 at the end of iteration 100.
    route iteration 100, CPU time elapsed 0.156250 sec.
    forward max bucket size 259 , backward 62.
        Unrouted nets 80 at the end of iteration 101.
    route iteration 101, CPU time elapsed 0.156250 sec.
    forward max bucket size 262 , backward 63.
        Unrouted nets 68 at the end of iteration 102.
    route iteration 102, CPU time elapsed 0.156250 sec.
    forward max bucket size 261 , backward 67.
        Unrouted nets 47 at the end of iteration 103.
    route iteration 103, CPU time elapsed 0.140625 sec.
    forward max bucket size 276 , backward 61.
        Unrouted nets 39 at the end of iteration 104.
    route iteration 104, CPU time elapsed 0.140625 sec.
    forward max bucket size 286 , backward 57.
        Unrouted nets 31 at the end of iteration 105.
    route iteration 105, CPU time elapsed 0.140625 sec.
    forward max bucket size 285 , backward 56.
        Unrouted nets 35 at the end of iteration 106.
    route iteration 106, CPU time elapsed 0.140625 sec.
    forward max bucket size 299 , backward 52.
        Unrouted nets 36 at the end of iteration 107.
    route iteration 107, CPU time elapsed 0.140625 sec.
    forward max bucket size 147 , backward 33.
        Unrouted nets 40 at the end of iteration 108.
    route iteration 108, CPU time elapsed 0.156250 sec.
    forward max bucket size 122 , backward 25.
        Unrouted nets 33 at the end of iteration 109.
    route iteration 109, CPU time elapsed 0.125000 sec.
    forward max bucket size 40 , backward 94.
        Unrouted nets 27 at the end of iteration 110.
    route iteration 110, CPU time elapsed 0.140625 sec.
    forward max bucket size 93 , backward 15.
        Unrouted nets 25 at the end of iteration 111.
    route iteration 111, CPU time elapsed 0.140625 sec.
    forward max bucket size 110 , backward 18.
        Unrouted nets 26 at the end of iteration 112.
    route iteration 112, CPU time elapsed 0.140625 sec.
    forward max bucket size 106 , backward 24.
        Unrouted nets 22 at the end of iteration 113.
    route iteration 113, CPU time elapsed 0.140625 sec.
    forward max bucket size 105 , backward 151.
        Unrouted nets 22 at the end of iteration 114.
    route iteration 114, CPU time elapsed 0.125000 sec.
    forward max bucket size 107 , backward 77.
        Unrouted nets 28 at the end of iteration 115.
    route iteration 115, CPU time elapsed 0.140625 sec.
    forward max bucket size 94 , backward 23.
        Unrouted nets 26 at the end of iteration 116.
    route iteration 116, CPU time elapsed 0.125000 sec.
    forward max bucket size 105 , backward 43.
        Unrouted nets 20 at the end of iteration 117.
    route iteration 117, CPU time elapsed 0.140625 sec.
    forward max bucket size 106 , backward 20.
        Unrouted nets 19 at the end of iteration 118.
    route iteration 118, CPU time elapsed 0.140625 sec.
    forward max bucket size 59 , backward 16.
        Unrouted nets 21 at the end of iteration 119.
    route iteration 119, CPU time elapsed 0.125000 sec.
    forward max bucket size 105 , backward 40.
        Unrouted nets 21 at the end of iteration 120.
    route iteration 120, CPU time elapsed 0.140625 sec.
    forward max bucket size 106 , backward 53.
        Unrouted nets 20 at the end of iteration 121.
    route iteration 121, CPU time elapsed 0.125000 sec.
    forward max bucket size 89 , backward 76.
        Unrouted nets 19 at the end of iteration 122.
    route iteration 122, CPU time elapsed 0.140625 sec.
    forward max bucket size 43 , backward 32.
        Unrouted nets 21 at the end of iteration 123.
    route iteration 123, CPU time elapsed 0.140625 sec.
    forward max bucket size 64 , backward 21.
        Unrouted nets 20 at the end of iteration 124.
    route iteration 124, CPU time elapsed 0.140625 sec.
    forward max bucket size 64 , backward 15.
        Unrouted nets 15 at the end of iteration 125.
    route iteration 125, CPU time elapsed 0.125000 sec.
    forward max bucket size 41 , backward 25.
        Unrouted nets 20 at the end of iteration 126.
    route iteration 126, CPU time elapsed 0.140625 sec.
    forward max bucket size 41 , backward 25.
        Unrouted nets 20 at the end of iteration 127.
    route iteration 127, CPU time elapsed 0.125000 sec.
    forward max bucket size 37 , backward 19.
        Unrouted nets 9 at the end of iteration 128.
    route iteration 128, CPU time elapsed 0.140625 sec.
    forward max bucket size 35 , backward 12.
        Unrouted nets 13 at the end of iteration 129.
    route iteration 129, CPU time elapsed 0.140625 sec.
    forward max bucket size 63 , backward 60.
        Unrouted nets 19 at the end of iteration 130.
    route iteration 130, CPU time elapsed 0.140625 sec.
    forward max bucket size 39 , backward 22.
        Unrouted nets 14 at the end of iteration 131.
    route iteration 131, CPU time elapsed 0.187500 sec.
    forward max bucket size 32 , backward 17.
        Unrouted nets 13 at the end of iteration 132.
    route iteration 132, CPU time elapsed 0.156250 sec.
    forward max bucket size 32 , backward 21.
        Unrouted nets 8 at the end of iteration 133.
    route iteration 133, CPU time elapsed 0.156250 sec.
    forward max bucket size 46 , backward 20.
        Unrouted nets 12 at the end of iteration 134.
    route iteration 134, CPU time elapsed 0.156250 sec.
    forward max bucket size 33 , backward 28.
        Unrouted nets 10 at the end of iteration 135.
    route iteration 135, CPU time elapsed 0.140625 sec.
    forward max bucket size 26 , backward 27.
        Unrouted nets 6 at the end of iteration 136.
    route iteration 136, CPU time elapsed 0.140625 sec.
    forward max bucket size 28 , backward 18.
        Unrouted nets 6 at the end of iteration 137.
    route iteration 137, CPU time elapsed 0.125000 sec.
    forward max bucket size 22 , backward 14.
        Unrouted nets 4 at the end of iteration 138.
    route iteration 138, CPU time elapsed 0.125000 sec.
    forward max bucket size 19 , backward 14.
        Unrouted nets 2 at the end of iteration 139.
    route iteration 139, CPU time elapsed 0.140625 sec.
    forward max bucket size 10 , backward 12.
        Unrouted nets 2 at the end of iteration 140.
    route iteration 140, CPU time elapsed 0.125000 sec.
    forward max bucket size 17 , backward 12.
        Unrouted nets 2 at the end of iteration 141.
    route iteration 141, CPU time elapsed 0.140625 sec.
    forward max bucket size 11 , backward 5.
        Unrouted nets 0 at the end of iteration 142.
    route iteration 142, CPU time elapsed 0.140625 sec.
Detailed routing takes 142 iterations
I: Design net nt_cmos2_pclk is routed by general path.
C: Route-2036: The clock path from cmos2_pclk_ibuf/opit_1:DI_TO_CLK to clkbufg_2/gopclkbufg:CLK is routed by SRB.
I: Design net nt_cmos3_pclk is routed by general path.
C: Route-2036: The clock path from cmos3_pclk_ibuf/opit_1:DI_TO_CLK to clkbufg_5/gopclkbufg:CLK is routed by SRB.
I: Design net nt_cmos1_pclk is routed by general path.
C: Route-2036: The clock path from cmos1_pclk_ibuf/opit_1:DI_TO_CLK to clkbufg_4/gopclkbufg:CLK is routed by SRB.
I: Design net ntclkbufg_5 is routed by general path.
C: Route-2036: The clock path from clkbufg_5/gopclkbufg:CLKOUT to cmos3_vsync_d0/opit_0_srl:CLK is routed by SRB.
I: Design net ntclkbufg_4 is routed by general path.
C: Route-2036: The clock path from clkbufg_4/gopclkbufg:CLKOUT to cmos1_vsync_d2/opit_0_srl:CLK is routed by SRB.
I: Design net coms1_reg_config/clock_20k is routed by general path.
C: Route-2036: The clock path from coms1_reg_config/clock_20k_cnt[0]/opit_0_inv_L6QL5Q:L6Q to coms1_reg_config/config_step_reg[1]/opit_0_inv_srl:CLK is routed by SRB.
I: Design net ntclkbufg_2 is routed by general path.
C: Route-2036: The clock path from clkbufg_2/gopclkbufg:CLKOUT to cmos2_8_16bit/de_out1/opit_0_L6Q:CLK is routed by SRB.
Detailed routing takes 84.78 sec.
Start fix hold violation.
Build tmp routing results takes 0.27 sec.
Timing analysis takes 0.42 sec.
Hold violation fix iter 0 takes 2.16 sec, total_step_forward 146767.
Incremental timing analysis takes 0.28 sec.
Hold violation fix iter 1 takes 0.02 sec, total_step_forward 141.
Incremental timing analysis takes 0.30 sec.
Hold violation fix iter 2 takes 0.02 sec, total_step_forward 42.
Incremental timing analysis takes 0.28 sec.
Hold violation fix iter 3 takes 0.02 sec, total_step_forward 0.
Hold Violation Fix in router takes 4 iterations.
Fix hold violation Finished.
Hold Violation Fix in router takes 6.70 sec.

Dispose routing result:
    Collect routing result.
    Delete unused device instances.
    Annotate routing result.
    Change LUT configuration.
    Dispose misc instances.
    Annotate routing result again.
Finish routing takes 1.81 sec.
Used SRB routing arc is 190053.
Cleanup routing takes 0.06 sec.
Routing done.
Total routing takes 115.56 sec.

C: Place-2025: The VCCIO 3.3 in BANK BANKR4 is incompatible.

Device Utilization Summary :
+------------------------------------------------------------------------------+
| Logic Utilization           | Used     | Available     | Utilization(%)     
+------------------------------------------------------------------------------+
| Use of ADC                  | 0        | 1             | 0                  
| Use of ANALOG               | 0        | 1             | 0                  
| Use of APM                  | 0        | 240           | 0                  
| Use of BKCL                 | 5        | 6             | 84                 
| Use of CCS                  | 1        | 1             | 100                
| Use of CLMA                 | 2363     | 11675         | 21                 
|   FF                        | 7654     | 93400         | 9                  
|   LUT                       | 6127     | 46700         | 14                 
|   LUT-FF pairs              | 3450     | 46700         | 8                  
| Use of CLMS                 | 1025     | 4975          | 21                 
|   FF                        | 2916     | 39800         | 8                  
|   LUT                       | 2577     | 19900         | 13                 
|   LUT-FF pairs              | 1170     | 19900         | 6                  
|   Distributed RAM           | 613      | 19900         | 4                  
| Use of DDRPHY_CPD           | 1        | 12            | 9                  
| Use of DDRPHY_IOCLK_DIV     | 2        | 6             | 34                 
| Use of DDR_PHY              | 5        | 24            | 21                 
| Use of DRM                  | 38       | 155           | 25                 
| Use of GPLL                 | 3        | 6             | 50                 
| Use of GSEB                 | 0        | 218           | 0                  
| Use of HARD0                | 1328     | 10550         | 13                 
| Use of HCKB                 | 35       | 96            | 37                 
|  HCKB dataused              | 8        | 96            | 9                  
| Use of HCKMUX_TEST          | 0        | 8             | 0                  
| Use of HSSTLP               | 0.5      | 1             | 50                 
| Use of IO                   | 81       | 285           | 29                 
|   IOBD                      | 40       | 137           | 30                 
|   IOBS                      | 41       | 148           | 28                 
| Use of IOCKB                | 0        | 24            | 0                  
| Use of IOCKMUX_TEST         | 0        | 6             | 0                  
| Use of IOLHR                | 81       | 300           | 27                 
| Use of KEYRAM               | 0        | 1             | 0                  
| Use of MFG_TEST             | 0        | 1             | 0                  
| Use of MRCKB                | 1        | 12            | 9                  
| Use of MRCKMUX_TEST         | 0        | 6             | 0                  
| Use of MRPOSTMUX_TEST       | 0        | 6             | 0                  
| Use of PCIE                 | 1        | 1             | 100                
| Use of PCKMUX_TEST          | 0        | 12            | 0                  
| Use of PLLMRMUX_TEST        | 0        | 6             | 0                  
| Use of PLLREFMUX_TEST       | 0        | 6             | 0                  
| Use of PPLL                 | 2        | 6             | 34                 
| Use of PREGMUXC_TEST        | 0        | 4             | 0                  
| Use of PREGMUXLR_TEST       | 0        | 6             | 0                  
| Use of RCKB                 | 5        | 24            | 21                 
|  RCKB dataused              | 0        | 24            | 0                  
| Use of RCKMUX_TEST          | 0        | 6             | 0                  
| Use of SCANCHAIN            | 0        | 1             | 0                  
| Use of SCKMUX_TEST          | 0        | 12            | 0                  
| Use of SFB                  | 0        | 2225          | 0                  
| Use of SPAD                 | 2        | 4             | 50                 
| Use of TSERDES              | 10       | 48            | 21                 
| Use of USCM                 | 11       | 32            | 35                 
|  USCM dataused              | 1        | 32            | 4                  
| Use of USCMMUX_TEST         | 0        | 32            | 0                  
+------------------------------------------------------------------------------+

Finished routing.
Design 'image_pcie_capture' has been placed and routed successfully.
Saving design to DB.
Finished placement and routing.
Action pnr: Real time elapsed is 0h:4m:34s
Action pnr: CPU time elapsed is 0h:3m:58s
Action pnr: Process CPU time elapsed is 0h:5m:7s
Current time: Wed Apr 29 17:18:04 2026
Action pnr: Peak memory pool usage is 1,747 MB
