#Build: Fabric Configuration 2022.2-SP6.4, Build 146967, Jan 31 01:39 2024
#Install: F:\PDS_2022.2-SP6.4\bin
#Application name: cdt_cfg.exe
#OS: Windows 10 10.0.19045
#Hostname: DESKTOP-P0E5I2S
Generated by Fabric Configuration (version 2022.2-SP6.4 build 146967) at Tue Jul  7 19:59:42 2026
M_PROCESS_FINISH_STARTED

Connecting to server[127.0.0.1 : 65420].
Connect to server[127.0.0.1 : 65420] successfully.
COMMAND[check version information] execute successfully, takes 0.0 secs.
The cable List : 
Cable index 0:USB Cable II/fffffffffffffffe 

COMMAND[get_cable_paras] execute successfully, takes 0.7 secs.
PANGO USB CABLE II cable driver: D2XX DLL
PG2L100H
This device configure situation (done bit): 1
COMMAND[Open config cable] execute successfully, takes 4.1 secs.
COMMAND[Scan Outer SPI Flash] execute successfully, takes 2.2 secs.
The start address of operating flash is 0x0.
COMMAND[Erase Outer Flash] execute finish, takes 18.0 secs.
The start address of operating flash is 0x0.
COMMAND[Program Outer Flash] execute finish, takes 45.8 secs.
The start address of operating flash is 0x0.
COMMAND[Verify Outer Flash] execute successfully, takes 3.3 secs.
