[Debug] [2025-8-13 23:51:13] /*************************** 2025-08-13 23:51:13  Start ***************************/
[Debug] [2025-8-13 23:51:13] Path: C:/pango/PDS_2022.2-SP6.4/bin
[Debug] [2025-8-13 23:51:13] #Generated by Fabric Debugger (version 2022.2-SP6.4 build 146967) at Wed Aug 13 23:51:13 2025


[Info] [2025-8-13 23:51:13] MsgOut: Fabric Debugger Started.
[Debug] [2025-8-13 23:51:13] Main window show.
[Debug] [2025-8-13 23:51:15] Operation: Scan.
[Debug] [2025-8-13 23:51:15] Client Local host name:LAPTOP-EA3TT0M1
[Debug] [2025-8-13 23:51:15] Client Local Address:192.168.1.11
[Debug] [2025-8-13 23:51:15] Client Local Address:192.168.1.18
[Debug] [2025-8-13 23:51:15] Server Address:127.0.0.1, Port:65420
[Info] [2025-8-13 23:51:15] MsgOut: Connecting to server[127.0.0.1 : 65420].
[Info] [2025-8-13 23:51:15] Connect OK, Server: 127.0.0.1  Port: 65420
[Info] [2025-8-13 23:51:15] MsgOut: Connect to server[127.0.0.1 : 65420] successfully.
[Debug] [2025-8-13 23:51:15] Finish.
[Debug] [2025-8-13 23:51:15] Log::Print : check version information
[Debug] [2025-8-13 23:51:15] Send RPC: 1.
[Debug] [2025-8-13 23:51:15] Send cmd [check version information:40004] OK
[Debug] [2025-8-13 23:51:15] Log::Print : get_cable_paras
[Debug] [2025-8-13 23:51:15] Send RPC: 2.
[Debug] [2025-8-13 23:51:15] Send cmd [get_cable_paras:40010] OK
[Debug] [2025-8-13 23:51:15] Log::Print : open_cable
[Debug] [2025-8-13 23:51:15] Send RPC: 3.
[Debug] [2025-8-13 23:51:15] Send cmd [open_cable:10001] OK
[Info] [2025-8-13 23:51:15] MsgOut: COMMAND[check version information] execute successfully, takes 0.0 secs.
[Debug] [2025-8-13 23:51:15] COMMAND[check version information] execute successfully, takes 0.0 secs.
[Info] [2025-8-13 23:51:16] MsgOut: The Cable List : 
Cable index 0:USB Cable II/fffffffffffffffe 

[Info] [2025-8-13 23:51:16] MsgOut: COMMAND[get_cable_paras] execute successfully, takes 1.2 secs.
[Debug] [2025-8-13 23:51:16] COMMAND[get_cable_paras] execute successfully, takes 1.2 secs.
[Info] [2025-8-13 23:51:17] MsgOut: PANGO USB CABLE II cable driver: D2XX DLL
[Info] [2025-8-13 23:51:18] MsgOut: COMMAND[open_cable] execute successfully, takes 3.4 secs.
[Debug] [2025-8-13 23:51:18] COMMAND[open_cable] execute successfully, takes 3.4 secs.
[Debug] [2025-8-13 23:51:29] Operation: Try to close window.
[Debug] [2025-8-13 23:51:29] /*************************** 2025-08-13 23:51:29  End ***************************/
